layer at (0,0) size 800x600
  RenderView at (0,0) size 800x600
layer at (0,0) size 800x214
  RenderBlock {HTML} at (0,0) size 800x214
    RenderBody {BODY} at (8,16) size 784x190
      RenderBlock {P} at (0,0) size 784x20
        RenderText {#text} at (0,0) size 432x19
          text run at (0,0) width 379: "All the following should look the same (and all should look like "
          text run at (379,0) width 53: "the first)."
      RenderTable {TABLE} at (0,36) size 338x154
        RenderTableSection {TBODY} at (0,0) size 338x154
          RenderTableRow {TR} at (0,2) size 338x150
            RenderTableCell {TD} at (2,2) size 40x150 [bgcolor=#FF0000] [border: (3px solid #000000)] [r=0 c=0 rs=1 cs=1]
              RenderBlock {DIV} at (3,3) size 34x144 [color=#FFFF00] [bgcolor=#FFA500]
                RenderBlock {DIV} at (0,0) size 34x48 [bgcolor=#00FF00]
                  RenderText {#text} at (0,-3) size 34x55
                    text run at (0,-3) width 34: "A"
                RenderBlock {DIV} at (0,96) size 34x48 [bgcolor=#00FFFF]
                  RenderText {#text} at (0,-3) size 32x55
                    text run at (0,-3) width 32: "C"
            RenderTableCell {TD} at (44,2) size 40x150 [bgcolor=#FF0000] [border: (3px solid #000000)] [r=0 c=1 rs=1 cs=1]
              RenderBlock {DIV} at (3,3) size 34x144 [color=#FFFF00] [bgcolor=#FFA500]
                RenderBlock {DIV} at (0,0) size 34x48 [bgcolor=#00FF00]
                  RenderText {#text} at (0,-3) size 34x55
                    text run at (0,-3) width 34: "A"
                RenderBlock {DIV} at (0,96) size 34x0
                RenderBlock {DIV} at (0,96) size 34x48 [bgcolor=#00FFFF]
                  RenderText {#text} at (0,-3) size 32x55
                    text run at (0,-3) width 32: "C"
            RenderTableCell {TD} at (86,2) size 40x150 [bgcolor=#FF0000] [border: (3px solid #000000)] [r=0 c=2 rs=1 cs=1]
              RenderBlock {DIV} at (3,3) size 34x144 [color=#FFFF00] [bgcolor=#FFA500]
                RenderBlock {DIV} at (0,0) size 34x48 [bgcolor=#00FF00]
                  RenderText {#text} at (0,-3) size 34x55
                    text run at (0,-3) width 34: "A"
                RenderBlock {DIV} at (0,96) size 34x0
                RenderBlock {DIV} at (0,96) size 34x48 [bgcolor=#00FFFF]
                  RenderText {#text} at (0,-3) size 32x55
                    text run at (0,-3) width 32: "C"
            RenderTableCell {TD} at (128,2) size 40x150 [bgcolor=#FF0000] [border: (3px solid #000000)] [r=0 c=3 rs=1 cs=1]
              RenderBlock {DIV} at (3,3) size 34x144 [color=#FFFF00] [bgcolor=#FFA500]
                RenderBlock {DIV} at (0,0) size 34x48 [bgcolor=#00FF00]
                  RenderText {#text} at (0,-3) size 34x55
                    text run at (0,-3) width 34: "A"
                RenderBlock {DIV} at (0,96) size 34x0
                RenderBlock {DIV} at (0,96) size 34x48 [bgcolor=#00FFFF]
                  RenderText {#text} at (0,-3) size 32x55
                    text run at (0,-3) width 32: "C"
            RenderTableCell {TD} at (170,2) size 40x150 [bgcolor=#FF0000] [border: (3px solid #000000)] [r=0 c=4 rs=1 cs=1]
              RenderBlock {DIV} at (3,3) size 34x144 [color=#FFFF00] [bgcolor=#FFA500]
                RenderBlock {DIV} at (0,0) size 34x48 [bgcolor=#00FF00]
                  RenderText {#text} at (0,-3) size 34x55
                    text run at (0,-3) width 34: "A"
                RenderBlock {DIV} at (0,96) size 34x0
                RenderBlock {DIV} at (0,96) size 34x48 [bgcolor=#00FFFF]
                  RenderText {#text} at (0,-3) size 32x55
                    text run at (0,-3) width 32: "C"
            RenderTableCell {TD} at (212,2) size 40x150 [bgcolor=#FF0000] [border: (3px solid #000000)] [r=0 c=5 rs=1 cs=1]
              RenderBlock {DIV} at (3,3) size 34x144 [color=#FFFF00] [bgcolor=#FFA500]
                RenderBlock {DIV} at (0,0) size 34x48 [bgcolor=#00FF00]
                  RenderText {#text} at (0,-3) size 34x55
                    text run at (0,-3) width 34: "A"
                RenderBlock {DIV} at (0,96) size 34x0
                RenderBlock {DIV} at (0,96) size 34x48 [bgcolor=#00FFFF]
                  RenderText {#text} at (0,-3) size 32x55
                    text run at (0,-3) width 32: "C"
            RenderTableCell {TD} at (254,2) size 40x150 [bgcolor=#FF0000] [border: (3px solid #000000)] [r=0 c=6 rs=1 cs=1]
              RenderBlock {DIV} at (3,3) size 34x144 [color=#FFFF00] [bgcolor=#FFA500]
                RenderBlock {DIV} at (0,0) size 34x48 [bgcolor=#00FF00]
                  RenderText {#text} at (0,-3) size 34x55
                    text run at (0,-3) width 34: "A"
                RenderBlock {DIV} at (0,96) size 34x0
                RenderBlock {DIV} at (0,96) size 34x48 [bgcolor=#00FFFF]
                  RenderText {#text} at (0,-3) size 32x55
                    text run at (0,-3) width 32: "C"
            RenderTableCell {TD} at (296,2) size 40x150 [bgcolor=#FF0000] [border: (3px solid #000000)] [r=0 c=7 rs=1 cs=1]
              RenderBlock {DIV} at (3,3) size 34x144 [color=#FFFF00] [bgcolor=#FFA500]
                RenderBlock {DIV} at (0,0) size 34x48 [bgcolor=#00FF00]
                  RenderText {#text} at (0,-3) size 34x55
                    text run at (0,-3) width 34: "A"
                RenderBlock {DIV} at (0,96) size 34x0
                RenderBlock {DIV} at (0,96) size 34x48 [bgcolor=#00FFFF]
                  RenderText {#text} at (0,-3) size 32x55
                    text run at (0,-3) width 32: "C"
