layer at (0,0) size 800x600
  RenderView at (0,0) size 800x600
layer at (0,0) size 800x600
  RenderBlock {HTML} at (0,0) size 800x600
    RenderBody {BODY} at (8,8) size 784x584
      RenderBlock {P} at (0,0) size 784x40
        RenderText {#text} at (0,0) size 777x39
          text run at (0,0) width 777: "This tests if the \"spellcheck\" attribute is implemented as written in its specification. If this test succeeds, you can see six forms filled"
          text run at (0,20) width 640: "with an invalid word 'zz '. Nevertheless, the 'zz ' only in the line 1.1, 1.2, and 2.2 are marked as misspelled."
      RenderBlock {DIV} at (0,56) size 784x66
        RenderInline {LABEL} at (0,0) size 24x19
          RenderText {#text} at (0,1) size 24x19
            text run at (0,1) width 24: "1.1."
        RenderTextControl {INPUT} at (24,0) size 155x22 [bgcolor=#FFFFFF] [border: (2px inset #000000)]
        RenderBR {BR} at (179,16) size 0x0
        RenderInline {LABEL} at (0,0) size 24x19
          RenderText {#text} at (0,23) size 24x19
            text run at (0,23) width 24: "1.2."
        RenderTextControl {INPUT} at (24,22) size 155x22 [bgcolor=#FFFFFF] [border: (2px inset #000000)]
        RenderBR {BR} at (179,38) size 0x0
        RenderInline {LABEL} at (0,0) size 24x19
          RenderText {#text} at (0,45) size 24x19
            text run at (0,45) width 24: "1.3."
        RenderTextControl {INPUT} at (24,44) size 155x22 [bgcolor=#FFFFFF] [border: (2px inset #000000)]
        RenderBR {BR} at (179,60) size 0x0
      RenderBlock {DIV} at (0,122) size 784x66
        RenderInline {LABEL} at (0,0) size 24x19
          RenderText {#text} at (0,1) size 24x19
            text run at (0,1) width 24: "2.1."
        RenderTextControl {INPUT} at (24,0) size 155x22 [bgcolor=#FFFFFF] [border: (2px inset #000000)]
        RenderBR {BR} at (179,16) size 0x0
        RenderInline {LABEL} at (0,0) size 24x19
          RenderText {#text} at (0,23) size 24x19
            text run at (0,23) width 24: "2.2."
        RenderTextControl {INPUT} at (24,22) size 155x22 [bgcolor=#FFFFFF] [border: (2px inset #000000)]
        RenderBR {BR} at (179,38) size 0x0
        RenderInline {LABEL} at (0,0) size 24x19
          RenderText {#text} at (0,45) size 24x19
            text run at (0,45) width 24: "2.3."
        RenderTextControl {INPUT} at (24,44) size 155x22 [bgcolor=#FFFFFF] [border: (2px inset #000000)]
        RenderBR {BR} at (179,60) size 0x0
layer at (34,67) size 151x16
  RenderBlock {DIV} at (2,3) size 151x16
    RenderText {#text} at (1,0) size 18x16
      text run at (1,0) width 18: "zz "
layer at (34,89) size 151x16
  RenderBlock {DIV} at (2,3) size 151x16
    RenderText {#text} at (1,0) size 18x16
      text run at (1,0) width 18: "zz "
layer at (34,111) size 151x16
  RenderBlock {DIV} at (2,3) size 151x16
    RenderText {#text} at (1,0) size 18x16
      text run at (1,0) width 18: "zz "
layer at (34,133) size 151x16
  RenderBlock {DIV} at (2,3) size 151x16
    RenderText {#text} at (1,0) size 18x16
      text run at (1,0) width 18: "zz "
layer at (34,155) size 151x16
  RenderBlock {DIV} at (2,3) size 151x16
    RenderText {#text} at (1,0) size 18x16
      text run at (1,0) width 18: "zz "
layer at (34,177) size 151x16
  RenderBlock {DIV} at (2,3) size 151x16
    RenderText {#text} at (1,0) size 18x16
      text run at (1,0) width 18: "zz "
caret: position 3 of child 0 {#text} of child 0 {DIV} of child 10 {INPUT} of child 5 {DIV} of child 1 {BODY} of child 0 {HTML} of document
