layer at (0,0) size 800x600
  RenderView at (0,0) size 800x600
layer at (0,0) size 800x600
  RenderBlock {HTML} at (0,0) size 800x600
    RenderBody {BODY} at (8,8) size 784x584
      RenderMenuList {SELECT} at (0,2) size 56x18 [bgcolor=#FFFFFF]
        RenderBlock (anonymous) at (0,0) size 56x19
          RenderText at (8,2) size 25x14
            text run at (8,2) width 25: "Hello"
      RenderText {#text} at (56,0) size 4x19
        text run at (56,0) width 4: " "
      RenderMenuList {SELECT} at (60,2) size 71x18 [bgcolor=#FFFFFF]
        RenderBlock (anonymous) at (0,0) size 71x19
          RenderText at (8,2) size 40x14
            text run at (8,2) width 40: "Goodbye"
      RenderText {#text} at (0,0) size 0x0
