layer at (0,0) size 800x600
  RenderView at (0,0) size 800x600
layer at (0,0) size 800x600
  RenderBlock {HTML} at (0,0) size 800x600
    RenderBody {BODY} at (8,8) size 784x584
      RenderBlock {P} at (0,0) size 784x40
        RenderText {#text} at (0,0) size 761x39
          text run at (0,0) width 139: "This is a test for 8250. "
          text run at (139,0) width 539: "The khtmlBeforeTextInserted event handler wasn't being told about interchange newlines. "
          text run at (678,0) width 83: "You shouldn't"
          text run at (0,20) width 168: "see anything in the text field."
      RenderBlock (anonymous) at (0,56) size 784x20
        RenderTextControl {INPUT} at (0,0) size 110x20 [bgcolor=#FFFFFF] [border: (2px inset #000000)]
        RenderText {#text} at (0,0) size 0x0
layer at (10,67) size 106x14
  RenderBlock {DIV} at (2,3) size 106x14
caret: position 0 of child 0 {DIV} of child 2 {INPUT} of child 0 {BODY} of child 0 {HTML} of document
