layer at (0,0) size 800x600
  RenderView at (0,0) size 800x600
layer at (0,0) size 800x258
  RenderBlock {HTML} at (0,0) size 800x258
    RenderBody {BODY} at (8,16) size 784x234
      RenderBlock {P} at (0,0) size 784x40
        RenderText {#text} at (0,0) size 300x19
          text run at (0,0) width 279: "This is a test of generated content in <button> "
          text run at (279,0) width 21: "for "
        RenderInline {I} at (0,0) size 752x39
          RenderInline {A} at (0,0) size 350x19 [color=#0000EE]
            RenderText {#text} at (300,0) size 350x19
              text run at (300,0) width 350: "http://bugzilla.opendarwin.org/show_bug.cgi?id=9561"
          RenderText {#text} at (650,0) size 752x39
            text run at (650,0) width 4: " "
            text run at (654,0) width 98: "REGRESSION:"
            text run at (0,20) width 439: "Content property on :before of button causes hang on click or hover"
        RenderText {#text} at (439,20) size 4x19
          text run at (439,20) width 4: "."
      RenderBlock {HR} at (0,56) size 784x2 [border: (1px inset #000000)]
      RenderBlock (anonymous) at (0,66) size 784x168
        RenderButton {BUTTON} at (0,1) size 51x20 [color=#0000FF] [bgcolor=#C0C0C0] [border: (2px outset #C0C0C0)]
          RenderBlock (anonymous) at (8,2) size 35x16
            RenderInline (generated) at (0,0) size 29x14
              RenderText at (3,1) size 29x14
                text run at (3,1) width 29: "before"
        RenderText {#text} at (51,0) size 4x19
          text run at (51,0) width 4: " "
        RenderButton {BUTTON} at (55,1) size 81x20 [color=#0000FF] [bgcolor=#C0C0C0] [border: (2px outset #C0C0C0)]
          RenderBlock (anonymous) at (8,2) size 65x16
            RenderInline (generated) at (0,0) size 29x14
              RenderText at (3,1) size 29x14
                text run at (3,1) width 29: "before"
            RenderText {#text} at (32,1) size 30x14
              text run at (32,1) width 30: "button"
        RenderText {#text} at (136,0) size 4x19
          text run at (136,0) width 4: " "
        RenderBR {BR} at (0,0) size 0x0
        RenderButton {BUTTON} at (0,22) size 44x20 [color=#0000FF] [bgcolor=#C0C0C0] [border: (2px outset #C0C0C0)]
          RenderBlock (anonymous) at (8,2) size 28x16
            RenderInline (generated) at (0,0) size 22x14
              RenderText at (3,1) size 22x14
                text run at (3,1) width 22: "after"
        RenderText {#text} at (44,21) size 4x19
          text run at (44,21) width 4: " "
        RenderButton {BUTTON} at (48,22) size 74x20 [color=#0000FF] [bgcolor=#C0C0C0] [border: (2px outset #C0C0C0)]
          RenderBlock (anonymous) at (8,2) size 58x16
            RenderText {#text} at (3,1) size 30x14
              text run at (3,1) width 30: "button"
            RenderInline (generated) at (0,0) size 22x14
              RenderText at (33,1) size 22x14
                text run at (33,1) width 22: "after"
        RenderText {#text} at (122,21) size 4x19
          text run at (122,21) width 4: " "
        RenderBR {BR} at (0,0) size 0x0
        RenderButton {BUTTON} at (0,51) size 22x6 [bgcolor=#C0C0C0] [border: (2px outset #C0C0C0)]
          RenderBlock (anonymous) at (8,2) size 6x2
        RenderText {#text} at (22,42) size 4x19
          text run at (22,42) width 4: " "
        RenderButton {BUTTON} at (26,43) size 52x20 [bgcolor=#C0C0C0] [border: (2px outset #C0C0C0)]
          RenderBlock (anonymous) at (8,2) size 36x16
            RenderText {#text} at (3,1) size 30x14
              text run at (3,1) width 30: "button"
        RenderText {#text} at (78,42) size 4x19
          text run at (78,42) width 4: " "
        RenderBR {BR} at (0,0) size 0x0
        RenderButton {BUTTON} at (0,72) size 22x6 [bgcolor=#C0C0C0] [border: (2px outset #C0C0C0)]
          RenderBlock (anonymous) at (8,2) size 6x2
        RenderText {#text} at (22,63) size 4x19
          text run at (22,63) width 4: " "
        RenderButton {BUTTON} at (26,64) size 52x20 [bgcolor=#C0C0C0] [border: (2px outset #C0C0C0)]
          RenderBlock (anonymous) at (8,2) size 36x16
            RenderText {#text} at (3,1) size 30x14
              text run at (3,1) width 30: "button"
        RenderText {#text} at (78,63) size 4x19
          text run at (78,63) width 4: " "
        RenderBR {BR} at (0,0) size 0x0
        RenderButton {BUTTON} at (0,85) size 51x20 [bgcolor=#C0C0C0] [border: (2px outset #C0C0C0)]
          RenderBlock (anonymous) at (8,2) size 35x16
            RenderInline (generated) at (0,0) size 29x14
              RenderText at (3,1) size 29x14
                text run at (3,1) width 29: "before"
        RenderText {#text} at (51,84) size 4x19
          text run at (51,84) width 4: " "
        RenderButton {BUTTON} at (55,85) size 81x20 [bgcolor=#C0C0C0] [border: (2px outset #C0C0C0)]
          RenderBlock (anonymous) at (8,2) size 65x16
            RenderInline (generated) at (0,0) size 29x14
              RenderText at (3,1) size 29x14
                text run at (3,1) width 29: "before"
            RenderText {#text} at (32,1) size 30x14
              text run at (32,1) width 30: "button"
        RenderText {#text} at (136,84) size 4x19
          text run at (136,84) width 4: " "
        RenderBR {BR} at (0,0) size 0x0
        RenderButton {BUTTON} at (0,106) size 44x20 [bgcolor=#C0C0C0] [border: (2px outset #C0C0C0)]
          RenderBlock (anonymous) at (8,2) size 28x16
            RenderInline (generated) at (0,0) size 22x14
              RenderText at (3,1) size 22x14
                text run at (3,1) width 22: "after"
        RenderText {#text} at (44,105) size 4x19
          text run at (44,105) width 4: " "
        RenderButton {BUTTON} at (48,106) size 74x20 [bgcolor=#C0C0C0] [border: (2px outset #C0C0C0)]
          RenderBlock (anonymous) at (8,2) size 58x16
            RenderText {#text} at (3,1) size 30x14
              text run at (3,1) width 30: "button"
            RenderInline (generated) at (0,0) size 22x14
              RenderText at (33,1) size 22x14
                text run at (33,1) width 22: "after"
        RenderText {#text} at (122,105) size 4x19
          text run at (122,105) width 4: " "
        RenderBR {BR} at (0,0) size 0x0
        RenderButton {BUTTON} at (0,127) size 51x20 [bgcolor=#C0C0C0] [border: (2px outset #C0C0C0)]
          RenderBlock (anonymous) at (8,2) size 35x16
            RenderInline (generated) at (0,0) size 29x14
              RenderText at (3,1) size 29x14
                text run at (3,1) width 29: "before"
        RenderText {#text} at (51,126) size 4x19
          text run at (51,126) width 4: " "
        RenderButton {BUTTON} at (55,127) size 81x20 [bgcolor=#C0C0C0] [border: (2px outset #C0C0C0)]
          RenderBlock (anonymous) at (8,2) size 65x16
            RenderInline (generated) at (0,0) size 29x14
              RenderText at (3,1) size 29x14
                text run at (3,1) width 29: "before"
            RenderText {#text} at (32,1) size 30x14
              text run at (32,1) width 30: "button"
        RenderText {#text} at (136,126) size 4x19
          text run at (136,126) width 4: " "
        RenderBR {BR} at (0,0) size 0x0
        RenderButton {BUTTON} at (0,148) size 44x20 [bgcolor=#C0C0C0] [border: (2px outset #C0C0C0)]
          RenderBlock (anonymous) at (8,2) size 28x16
            RenderInline (generated) at (0,0) size 22x14
              RenderText at (3,1) size 22x14
                text run at (3,1) width 22: "after"
        RenderText {#text} at (44,147) size 4x19
          text run at (44,147) width 4: " "
        RenderButton {BUTTON} at (48,148) size 74x20 [bgcolor=#C0C0C0] [border: (2px outset #C0C0C0)]
          RenderBlock (anonymous) at (8,2) size 58x16
            RenderText {#text} at (3,1) size 30x14
              text run at (3,1) width 30: "button"
            RenderInline (generated) at (0,0) size 22x14
              RenderText at (33,1) size 22x14
                text run at (33,1) width 22: "after"
        RenderText {#text} at (122,147) size 4x19
          text run at (122,147) width 4: " "
        RenderBR {BR} at (0,0) size 0x0
