layer at (0,0) size 800x600
  RenderView at (0,0) size 800x600
layer at (0,0) size 800x600
  RenderBlock {HTML} at (0,0) size 800x600
    RenderBody {BODY} at (8,8) size 784x584
layer at (8,8) size 140x20
  RenderButton {BUTTON} at (8,8) size 140x20 [bgcolor=#C0C0C0] [border: (2px outset #C0C0C0)]
    RenderBlock (anonymous) at (8,2) size 124x16
      RenderText {#text} at (3,1) size 118x14
        text run at (3,1) width 118: "This button is positioned."
layer at (8,8) size 158x20
  RenderButton {INPUT} at (8,8) size 158x20 [bgcolor=#C0C0C0] [border: (2px outset #C0C0C0)]
    RenderBlock (anonymous) at (8,2) size 142x16
      RenderText at (3,1) size 136x14
        text run at (3,1) width 136: "This button is also positioned"
