layer at (0,0) size 800x600
  RenderView at (0,0) size 800x600
layer at (0,0) size 800x600
  RenderBlock {HTML} at (0,0) size 800x600
    RenderBody {BODY} at (8,8) size 784x584
      RenderButton {BUTTON} at (0,8) size 45x11 [bgcolor=#C0C0C0] [border: (2px outset #C0C0C0)]
        RenderBlock (anonymous) at (8,2) size 29x7
          RenderText {#text} at (3,1) size 23x5
            text run at (3,1) width 23: "Test Button"
      RenderText {#text} at (45,0) size 4x19
        text run at (45,0) width 4: " "
      RenderButton {BUTTON} at (49,7) size 52x12 [bgcolor=#C0C0C0] [border: (2px outset #C0C0C0)]
        RenderBlock (anonymous) at (8,2) size 36x8
          RenderText {#text} at (3,1) size 30x6
            text run at (3,1) width 30: "Test Button"
      RenderText {#text} at (101,0) size 4x19
        text run at (101,0) width 4: " "
      RenderButton {BUTTON} at (105,6) size 57x14 [bgcolor=#C0C0C0] [border: (2px outset #C0C0C0)]
        RenderBlock (anonymous) at (8,2) size 41x10
          RenderText {#text} at (3,1) size 35x8
            text run at (3,1) width 35: "Test Button"
      RenderText {#text} at (162,0) size 4x19
        text run at (162,0) width 4: " "
      RenderButton {BUTTON} at (166,4) size 59x16 [bgcolor=#C0C0C0] [border: (2px outset #C0C0C0)]
        RenderBlock (anonymous) at (8,2) size 43x12
          RenderText {#text} at (3,1) size 37x10
            text run at (3,1) width 37: "Test Button"
      RenderText {#text} at (225,0) size 4x19
        text run at (225,0) width 4: " "
      RenderButton {BUTTON} at (229,2) size 67x18 [bgcolor=#C0C0C0] [border: (2px outset #C0C0C0)]
        RenderBlock (anonymous) at (8,2) size 51x14
          RenderText {#text} at (3,1) size 45x12
            text run at (3,1) width 45: "Test Button"
      RenderText {#text} at (296,0) size 4x19
        text run at (296,0) width 4: " "
      RenderButton {BUTTON} at (300,2) size 71x18 [bgcolor=#C0C0C0] [border: (2px outset #C0C0C0)]
        RenderBlock (anonymous) at (8,2) size 55x14
          RenderText {#text} at (3,1) size 49x12
            text run at (3,1) width 49: "Test Button"
      RenderText {#text} at (371,0) size 4x19
        text run at (371,0) width 4: " "
      RenderButton {BUTTON} at (375,1) size 78x20 [bgcolor=#C0C0C0] [border: (2px outset #C0C0C0)]
        RenderBlock (anonymous) at (8,2) size 62x16
          RenderText {#text} at (3,1) size 56x14
            text run at (3,1) width 56: "Test Button"
      RenderText {#text} at (453,0) size 4x19
        text run at (453,0) width 4: " "
      RenderButton {INPUT} at (457,1) size 78x20 [bgcolor=#C0C0C0] [border: (2px outset #C0C0C0)]
        RenderBlock (anonymous) at (8,2) size 62x16
          RenderText at (3,1) size 56x14
            text run at (3,1) width 56: "Test Button"
      RenderText {#text} at (535,0) size 4x19
        text run at (535,0) width 4: " "
      RenderButton {BUTTON} at (539,0) size 81x22 [bgcolor=#C0C0C0] [border: (2px outset #C0C0C0)]
        RenderBlock (anonymous) at (8,2) size 65x18
          RenderText {#text} at (3,1) size 59x15
            text run at (3,1) width 59: "Test Button"
      RenderText {#text} at (620,0) size 4x19
        text run at (620,0) width 4: " "
      RenderButton {BUTTON} at (624,0) size 86x22 [bgcolor=#C0C0C0] [border: (2px outset #C0C0C0)]
        RenderBlock (anonymous) at (8,2) size 70x18
          RenderText {#text} at (3,1) size 64x15
            text run at (3,1) width 64: "Test Button"
      RenderText {#text} at (710,0) size 4x19
        text run at (710,0) width 4: " "
      RenderButton {BUTTON} at (0,26) size 88x23 [bgcolor=#C0C0C0] [border: (2px outset #C0C0C0)]
        RenderBlock (anonymous) at (8,2) size 72x19
          RenderText {#text} at (3,1) size 66x16
            text run at (3,1) width 66: "Test Button"
      RenderText {#text} at (88,27) size 4x19
        text run at (88,27) width 4: " "
      RenderButton {BUTTON} at (92,26) size 91x24 [bgcolor=#C0C0C0] [border: (2px outset #C0C0C0)]
        RenderBlock (anonymous) at (8,2) size 75x20
          RenderText {#text} at (3,1) size 69x17
            text run at (3,1) width 69: "Test Button"
      RenderText {#text} at (183,27) size 4x19
        text run at (183,27) width 4: " "
      RenderButton {BUTTON} at (187,24) size 92x26 [bgcolor=#C0C0C0] [border: (2px outset #C0C0C0)]
        RenderBlock (anonymous) at (8,2) size 76x22
          RenderText {#text} at (3,1) size 70x19
            text run at (3,1) width 70: "Test Button"
      RenderText {#text} at (279,27) size 4x19
        text run at (279,27) width 4: " "
      RenderButton {BUTTON} at (283,24) size 101x26 [bgcolor=#C0C0C0] [border: (2px outset #C0C0C0)]
        RenderBlock (anonymous) at (8,2) size 85x22
          RenderText {#text} at (3,1) size 79x19
            text run at (3,1) width 79: "Test Button"
      RenderText {#text} at (384,27) size 4x19
        text run at (384,27) width 4: " "
      RenderButton {BUTTON} at (388,23) size 108x27 [bgcolor=#C0C0C0] [border: (2px outset #C0C0C0)]
        RenderBlock (anonymous) at (8,2) size 92x23
          RenderText {#text} at (3,1) size 86x20
            text run at (3,1) width 86: "Test Button"
      RenderText {#text} at (496,27) size 4x19
        text run at (496,27) width 4: " "
      RenderButton {BUTTON} at (500,23) size 110x28 [bgcolor=#C0C0C0] [border: (2px outset #C0C0C0)]
        RenderBlock (anonymous) at (8,2) size 94x24
          RenderText {#text} at (3,1) size 88x21
            text run at (3,1) width 88: "Test Button"
      RenderText {#text} at (610,27) size 4x19
        text run at (610,27) width 4: " "
      RenderButton {BUTTON} at (614,22) size 112x29 [bgcolor=#C0C0C0] [border: (2px outset #C0C0C0)]
        RenderBlock (anonymous) at (8,2) size 96x25
          RenderText {#text} at (3,1) size 90x22
            text run at (3,1) width 90: "Test Button"
      RenderText {#text} at (726,27) size 4x19
        text run at (726,27) width 4: " "
      RenderButton {BUTTON} at (0,51) size 120x30 [bgcolor=#C0C0C0] [border: (2px outset #C0C0C0)]
        RenderBlock (anonymous) at (8,2) size 104x26
          RenderText {#text} at (3,1) size 98x23
            text run at (3,1) width 98: "Test Button"
      RenderText {#text} at (0,0) size 0x0
