layer at (0,0) size 800x600
  RenderView at (0,0) size 800x600
layer at (0,0) size 800x600
  RenderBlock {HTML} at (0,0) size 800x600
    RenderBody {BODY} at (8,8) size 784x584
      RenderMenuList {SELECT} at (0,0) size 56x18 [color=#808080] [bgcolor=#FFFFFF]
        RenderBlock (anonymous) at (0,0) size 56x19
          RenderText at (8,2) size 25x14
            text run at (8,2) width 25: "PASS"
      RenderBR {BR} at (56,13) size 0x0
      RenderMenuList {SELECT} at (0,18) size 56x18 [color=#808080] [bgcolor=#FFFFFF]
        RenderBlock (anonymous) at (0,0) size 56x19
          RenderText at (8,2) size 25x14
            text run at (8,2) width 25: "PASS"
      RenderBR {BR} at (56,31) size 0x0
      RenderMenuList {SELECT} at (0,36) size 56x18 [bgcolor=#FFFFFF]
        RenderBlock (anonymous) at (0,0) size 56x19
          RenderText at (8,2) size 25x14
            text run at (8,2) width 25: "PASS"
      RenderBR {BR} at (56,49) size 0x0
      RenderMenuList {SELECT} at (0,54) size 56x18 [bgcolor=#FFFFFF]
        RenderBlock (anonymous) at (0,0) size 56x19
          RenderText at (8,2) size 25x14
            text run at (8,2) width 25: "PASS"
      RenderBR {BR} at (56,67) size 0x0
      RenderListBox {SELECT} at (0,72) size 42x61 [color=#808080] [bgcolor=#FFFFFF] [border: (1px inset #808080)]
      RenderBR {BR} at (42,126) size 0x0
      RenderListBox {SELECT} at (0,133) size 42x61 [color=#808080] [bgcolor=#FFFFFF] [border: (1px inset #808080)]
      RenderBR {BR} at (42,187) size 0x0
      RenderListBox {SELECT} at (0,194) size 42x61 [bgcolor=#FFFFFF] [border: (1px inset #808080)]
      RenderBR {BR} at (42,248) size 0x0
      RenderListBox {SELECT} at (0,255) size 42x61 [bgcolor=#FFFFFF] [border: (1px inset #808080)]
      RenderBR {BR} at (42,309) size 0x0
      RenderText {#text} at (0,316) size 472x19
        text run at (0,316) width 472: "PASS: sel1 correctly set to selectedIndex 1 by sel1.options[1].selected = true."
      RenderBR {BR} at (472,331) size 0x0
      RenderText {#text} at (0,336) size 425x19
        text run at (0,336) width 425: "PASS: sel2 correctly set to selectedIndex 1 by sel2.selectedIndex = 1."
      RenderBR {BR} at (425,351) size 0x0
      RenderText {#text} at (0,356) size 472x19
        text run at (0,356) width 472: "PASS: sel3 correctly set to selectedIndex 1 by sel3.options[1].selected = true."
      RenderBR {BR} at (472,371) size 0x0
      RenderText {#text} at (0,376) size 425x19
        text run at (0,376) width 425: "PASS: sel4 correctly set to selectedIndex 1 by sel4.selectedIndex = 1."
      RenderBR {BR} at (425,391) size 0x0
      RenderText {#text} at (0,396) size 472x19
        text run at (0,396) width 472: "PASS: sel5 correctly set to selectedIndex 1 by sel5.options[1].selected = true."
      RenderBR {BR} at (472,411) size 0x0
      RenderText {#text} at (0,416) size 425x19
        text run at (0,416) width 425: "PASS: sel6 correctly set to selectedIndex 1 by sel6.selectedIndex = 1."
      RenderBR {BR} at (425,431) size 0x0
      RenderText {#text} at (0,436) size 472x19
        text run at (0,436) width 472: "PASS: sel7 correctly set to selectedIndex 1 by sel7.options[1].selected = true."
      RenderBR {BR} at (472,451) size 0x0
      RenderText {#text} at (0,456) size 425x19
        text run at (0,456) width 425: "PASS: sel8 correctly set to selectedIndex 1 by sel8.selectedIndex = 1."
      RenderBR {BR} at (425,471) size 0x0
