layer at (0,0) size 948x585
  RenderView at (0,0) size 800x585
layer at (0,0) size 948x585
  RenderBlock {HTML} at (0,0) size 800x585
    RenderBody {BODY} at (8,8) size 784x569
      RenderTable {TABLE} at (0,0) size 940x116
        RenderTableSection {TBODY} at (0,0) size 940x116
          RenderTableRow {TR} at (0,2) size 940x22
            RenderTableCell {TH} at (2,12) size 80x2 [r=0 c=0 rs=1 cs=1]
            RenderTableCell {TH} at (84,12) size 212x2 [r=0 c=1 rs=1 cs=1]
            RenderTableCell {TH} at (298,2) size 212x22 [r=0 c=2 rs=1 cs=1]
              RenderText {#text} at (61,1) size 90x19
                text run at (61,1) width 90: "text-align:left"
            RenderTableCell {TH} at (512,2) size 212x22 [r=0 c=3 rs=1 cs=1]
              RenderText {#text} at (51,1) size 110x19
                text run at (51,1) width 110: "text-align:center"
            RenderTableCell {TH} at (726,2) size 212x22 [r=0 c=4 rs=1 cs=1]
              RenderText {#text} at (56,1) size 99x19
                text run at (56,1) width 99: "text-align:right"
          RenderTableRow {TR} at (0,26) size 940x28
            RenderTableCell {TH} at (2,39) size 80x2 [r=1 c=0 rs=1 cs=1]
            RenderTableCell {TD} at (84,26) size 212x28 [border: (1px solid #000000)] [r=1 c=1 rs=1 cs=1]
              RenderFileUploadControl {INPUT} at (4,4) size 204x20
                RenderButton {INPUT} at (0,0) size 76x20 [bgcolor=#C0C0C0] [border: (2px outset #C0C0C0)]
                  RenderBlock (anonymous) at (8,2) size 60x16
                    RenderText at (3,1) size 54x14
                      text run at (3,1) width 54: "Choose File"
            RenderTableCell {TD} at (298,26) size 212x28 [border: (1px solid #000000)] [r=1 c=2 rs=1 cs=1]
              RenderFileUploadControl {INPUT} at (4,4) size 204x20
                RenderButton {INPUT} at (0,0) size 76x20 [bgcolor=#C0C0C0] [border: (2px outset #C0C0C0)]
                  RenderBlock (anonymous) at (8,2) size 60x16
                    RenderText at (3,1) size 54x14
                      text run at (3,1) width 54: "Choose File"
            RenderTableCell {TD} at (512,26) size 212x28 [border: (1px solid #000000)] [r=1 c=3 rs=1 cs=1]
              RenderFileUploadControl {INPUT} at (4,4) size 204x20
                RenderButton {INPUT} at (0,0) size 76x20 [bgcolor=#C0C0C0] [border: (2px outset #C0C0C0)]
                  RenderBlock (anonymous) at (8,2) size 60x16
                    RenderText at (3,1) size 54x14
                      text run at (3,1) width 54: "Choose File"
            RenderTableCell {TD} at (726,26) size 212x28 [border: (1px solid #000000)] [r=1 c=4 rs=1 cs=1]
              RenderFileUploadControl {INPUT} at (4,4) size 204x20
                RenderButton {INPUT} at (0,0) size 76x20 [bgcolor=#C0C0C0] [border: (2px outset #C0C0C0)]
                  RenderBlock (anonymous) at (8,2) size 60x16
                    RenderText at (3,1) size 54x14
                      text run at (3,1) width 54: "Choose File"
          RenderTableRow {TR} at (0,56) size 940x28
            RenderTableCell {TH} at (2,59) size 80x22 [r=2 c=0 rs=1 cs=1]
              RenderText {#text} at (1,1) size 78x19
                text run at (1,1) width 78: "direction:ltr"
            RenderTableCell {TD} at (84,56) size 212x28 [border: (1px solid #000000)] [r=2 c=1 rs=1 cs=1]
              RenderFileUploadControl {INPUT} at (4,4) size 204x20
                RenderButton {INPUT} at (0,0) size 76x20 [bgcolor=#C0C0C0] [border: (2px outset #C0C0C0)]
                  RenderBlock (anonymous) at (8,2) size 60x16
                    RenderText at (3,1) size 54x14
                      text run at (3,1) width 54: "Choose File"
            RenderTableCell {TD} at (298,56) size 212x28 [border: (1px solid #000000)] [r=2 c=2 rs=1 cs=1]
              RenderFileUploadControl {INPUT} at (4,4) size 204x20
                RenderButton {INPUT} at (0,0) size 76x20 [bgcolor=#C0C0C0] [border: (2px outset #C0C0C0)]
                  RenderBlock (anonymous) at (8,2) size 60x16
                    RenderText at (3,1) size 54x14
                      text run at (3,1) width 54: "Choose File"
            RenderTableCell {TD} at (512,56) size 212x28 [border: (1px solid #000000)] [r=2 c=3 rs=1 cs=1]
              RenderFileUploadControl {INPUT} at (4,4) size 204x20
                RenderButton {INPUT} at (0,0) size 76x20 [bgcolor=#C0C0C0] [border: (2px outset #C0C0C0)]
                  RenderBlock (anonymous) at (8,2) size 60x16
                    RenderText at (3,1) size 54x14
                      text run at (3,1) width 54: "Choose File"
            RenderTableCell {TD} at (726,56) size 212x28 [border: (1px solid #000000)] [r=2 c=4 rs=1 cs=1]
              RenderFileUploadControl {INPUT} at (4,4) size 204x20
                RenderButton {INPUT} at (0,0) size 76x20 [bgcolor=#C0C0C0] [border: (2px outset #C0C0C0)]
                  RenderBlock (anonymous) at (8,2) size 60x16
                    RenderText at (3,1) size 54x14
                      text run at (3,1) width 54: "Choose File"
          RenderTableRow {TR} at (0,86) size 940x28
            RenderTableCell {TH} at (2,89) size 80x22 [r=3 c=0 rs=1 cs=1]
              RenderText {#text} at (1,1) size 78x19
                text run at (1,1) width 78: "direction:rtl"
            RenderTableCell {TD} at (84,86) size 212x28 [border: (1px solid #000000)] [r=3 c=1 rs=1 cs=1]
              RenderFileUploadControl {INPUT} at (4,4) size 204x20
                RenderButton {INPUT} at (128,0) size 76x20 [bgcolor=#C0C0C0] [border: (2px outset #C0C0C0)]
                  RenderBlock (anonymous) at (8,2) size 60x16
                    RenderText at (3,1) size 54x14
                      text run at (3,1) width 54: "Choose File"
            RenderTableCell {TD} at (298,86) size 212x28 [border: (1px solid #000000)] [r=3 c=2 rs=1 cs=1]
              RenderFileUploadControl {INPUT} at (4,4) size 204x20
                RenderButton {INPUT} at (128,0) size 76x20 [bgcolor=#C0C0C0] [border: (2px outset #C0C0C0)]
                  RenderBlock (anonymous) at (8,2) size 60x16
                    RenderText at (3,1) size 54x14
                      text run at (3,1) width 54: "Choose File"
            RenderTableCell {TD} at (512,86) size 212x28 [border: (1px solid #000000)] [r=3 c=3 rs=1 cs=1]
              RenderFileUploadControl {INPUT} at (4,4) size 204x20
                RenderButton {INPUT} at (128,0) size 76x20 [bgcolor=#C0C0C0] [border: (2px outset #C0C0C0)]
                  RenderBlock (anonymous) at (8,2) size 60x16
                    RenderText at (3,1) size 54x14
                      text run at (3,1) width 54: "Choose File"
            RenderTableCell {TD} at (726,86) size 212x28 [border: (1px solid #000000)] [r=3 c=4 rs=1 cs=1]
              RenderFileUploadControl {INPUT} at (4,4) size 204x20
                RenderButton {INPUT} at (128,0) size 76x20 [bgcolor=#C0C0C0] [border: (2px outset #C0C0C0)]
                  RenderBlock (anonymous) at (8,2) size 60x16
                    RenderText at (3,1) size 54x14
                      text run at (3,1) width 54: "Choose File"
