layer at (0,0) size 785x630
  RenderView at (0,0) size 785x600
layer at (0,0) size 785x630
  RenderBlock {HTML} at (0,0) size 785x630
    RenderBody {BODY} at (8,8) size 769x614
      RenderBlock {H1} at (0,0) size 769x37
        RenderText {#text} at (0,0) size 420x36
          text run at (0,0) width 420: "Form Element Geometry Tests"
      RenderBlock {P} at (0,58) size 769x20
        RenderText {#text} at (0,0) size 514x19
          text run at (0,0) width 514: "These tests help us tune the widget classes in KWQ to have all the right fudge factors."
      RenderBlock {H2} at (0,97) size 769x27
        RenderText {#text} at (0,0) size 165x26
          text run at (0,0) width 165: "Bounding Boxes"
      RenderTable {TABLE} at (0,143) size 166x30
        RenderTableSection {TBODY} at (0,0) size 166x30
          RenderTableRow {TR} at (0,2) size 166x26
            RenderTableCell {TD} at (2,2) size 58x26 [r=0 c=0 rs=1 cs=1]
              RenderBlock {DIV} at (1,1) size 56x24 [border: (2px solid #0000FF)]
                RenderInline {FONT} at (0,0) size 52x20
                  RenderButton {INPUT} at (2,2) size 52x20 [bgcolor=#C0C0C0] [border: (2px outset #C0C0C0)]
                    RenderBlock (anonymous) at (8,2) size 36x16
                      RenderText at (3,1) size 30x14
                        text run at (3,1) width 30: "button"
            RenderTableCell {TD} at (62,3) size 62x24 [r=0 c=1 rs=1 cs=1]
              RenderBlock {DIV} at (1,1) size 60x22 [border: (2px solid #0000FF)]
                RenderInline {FONT} at (0,0) size 56x18
                  RenderMenuList {SELECT} at (2,2) size 56x18 [bgcolor=#FFFFFF]
                    RenderBlock (anonymous) at (0,0) size 56x19
                      RenderText at (8,2) size 25x14
                        text run at (8,2) width 25: "menu"
              RenderBlock (anonymous) at (1,23) size 60x0
                RenderInline {FONT} at (0,0) size 0x0
            RenderTableCell {TD} at (126,5) size 18x19 [r=0 c=2 rs=1 cs=1]
              RenderBlock {DIV} at (1,1) size 16x17 [border: (2px solid #0000FF)]
                RenderInline {FONT} at (0,0) size 12x13
                  RenderBlock {INPUT} at (2,2) size 12x13
              RenderBlock (anonymous) at (1,18) size 16x0
                RenderInline {FONT} at (0,0) size 0x0
            RenderTableCell {TD} at (146,6) size 18x18 [r=0 c=3 rs=1 cs=1]
              RenderBlock {DIV} at (1,1) size 16x16 [border: (2px solid #0000FF)]
                RenderInline {FONT} at (0,0) size 12x12
                  RenderBlock {INPUT} at (2,2) size 12x12
              RenderBlock (anonymous) at (1,17) size 16x0
                RenderInline {FONT} at (0,0) size 0x0
      RenderTable {TABLE} at (0,173) size 166x30
        RenderTableSection {TBODY} at (0,0) size 166x30
          RenderTableRow {TR} at (0,2) size 166x26
            RenderTableCell {TD} at (2,2) size 58x26 [r=0 c=0 rs=1 cs=1]
              RenderBlock {DIV} at (1,1) size 56x24 [border: (2px solid #0000FF)]
                RenderButton {INPUT} at (2,2) size 52x20 [bgcolor=#C0C0C0] [border: (2px outset #C0C0C0)]
                  RenderBlock (anonymous) at (8,2) size 36x16
                    RenderText at (3,1) size 30x14
                      text run at (3,1) width 30: "button"
            RenderTableCell {TD} at (62,3) size 62x24 [r=0 c=1 rs=1 cs=1]
              RenderBlock {DIV} at (1,1) size 60x22 [border: (2px solid #0000FF)]
                RenderMenuList {SELECT} at (2,2) size 56x18 [bgcolor=#FFFFFF]
                  RenderBlock (anonymous) at (0,0) size 56x19
                    RenderText at (8,2) size 25x14
                      text run at (8,2) width 25: "menu"
            RenderTableCell {TD} at (126,5) size 18x19 [r=0 c=2 rs=1 cs=1]
              RenderBlock {DIV} at (1,1) size 16x17 [border: (2px solid #0000FF)]
                RenderBlock {INPUT} at (2,2) size 12x13
            RenderTableCell {TD} at (146,6) size 18x18 [r=0 c=3 rs=1 cs=1]
              RenderBlock {DIV} at (1,1) size 16x16 [border: (2px solid #0000FF)]
                RenderBlock {INPUT} at (2,2) size 12x12
      RenderTable {TABLE} at (0,203) size 166x30
        RenderTableSection {TBODY} at (0,0) size 166x30
          RenderTableRow {TR} at (0,2) size 166x26
            RenderTableCell {TD} at (2,2) size 58x26 [r=0 c=0 rs=1 cs=1]
              RenderBlock {DIV} at (1,1) size 56x24 [border: (2px solid #0000FF)]
                RenderInline {FONT} at (0,0) size 52x12
                  RenderButton {INPUT} at (2,2) size 52x20 [bgcolor=#C0C0C0] [border: (2px outset #C0C0C0)]
                    RenderBlock (anonymous) at (8,2) size 36x16
                      RenderText at (3,1) size 30x14
                        text run at (3,1) width 30: "button"
            RenderTableCell {TD} at (62,3) size 62x24 [r=0 c=1 rs=1 cs=1]
              RenderBlock {DIV} at (1,1) size 60x22 [border: (2px solid #0000FF)]
                RenderInline {FONT} at (0,0) size 56x12
                  RenderMenuList {SELECT} at (2,2) size 56x18 [bgcolor=#FFFFFF]
                    RenderBlock (anonymous) at (0,0) size 56x19
                      RenderText at (8,2) size 25x14
                        text run at (8,2) width 25: "menu"
            RenderTableCell {TD} at (126,5) size 18x19 [r=0 c=2 rs=1 cs=1]
              RenderBlock {DIV} at (1,1) size 16x17 [border: (2px solid #0000FF)]
                RenderInline {FONT} at (0,0) size 12x10
                  RenderBlock {INPUT} at (2,2) size 12x13
            RenderTableCell {TD} at (146,6) size 18x18 [r=0 c=3 rs=1 cs=1]
              RenderBlock {DIV} at (1,1) size 16x16 [border: (2px solid #0000FF)]
                RenderInline {FONT} at (0,0) size 12x10
                  RenderBlock {INPUT} at (2,2) size 12x12
      RenderTable {TABLE} at (0,233) size 498x71
        RenderTableSection {TBODY} at (0,0) size 498x71
          RenderTableRow {TR} at (0,2) size 498x67
            RenderTableCell {TD} at (2,2) size 76x26 [r=0 c=0 rs=1 cs=1]
              RenderBlock {DIV} at (1,1) size 74x24 [border: (2px solid #0000FF)]
                RenderTextControl {INPUT} at (2,2) size 70x20 [bgcolor=#FFFFFF] [border: (2px inset #000000)]
            RenderTableCell {TD} at (80,2) size 37x67 [r=0 c=1 rs=1 cs=1]
              RenderBlock {DIV} at (1,1) size 35x65 [border: (2px solid #0000FF)]
                RenderListBox {SELECT} at (2,2) size 31x61 [bgcolor=#FFFFFF] [border: (1px inset #808080)]
            RenderTableCell {TD} at (119,2) size 210x26 [r=0 c=2 rs=1 cs=1]
              RenderBlock {DIV} at (1,1) size 208x24 [border: (2px solid #0000FF)]
                RenderFileUploadControl {INPUT} at (2,2) size 204x20
                  RenderButton {INPUT} at (0,0) size 76x20 [bgcolor=#C0C0C0] [border: (2px outset #C0C0C0)]
                    RenderBlock (anonymous) at (8,2) size 60x16
                      RenderText at (3,1) size 54x14
                        text run at (3,1) width 54: "Choose File"
            RenderTableCell {TD} at (331,2) size 165x40 [r=0 c=3 rs=1 cs=1]
              RenderBlock {DIV} at (1,1) size 163x38 [border: (2px solid #0000FF)]
      RenderBlock {H2} at (0,323) size 769x27
        RenderText {#text} at (0,0) size 199x26
          text run at (0,0) width 199: "Baseline Alignment"
      RenderBlock {DIV} at (0,369) size 769x28
        RenderInline {FONT} at (0,0) size 208x27
          RenderText {#text} at (0,0) size 43x27
            text run at (0,0) width 43: "text "
          RenderButton {INPUT} at (43,7) size 52x20 [bgcolor=#C0C0C0] [border: (2px outset #C0C0C0)]
            RenderBlock (anonymous) at (8,2) size 36x16
              RenderText at (3,1) size 30x14
                text run at (3,1) width 30: "button"
          RenderText {#text} at (95,0) size 6x27
            text run at (95,0) width 6: " "
          RenderMenuList {SELECT} at (101,8) size 56x18 [bgcolor=#FFFFFF]
            RenderBlock (anonymous) at (0,0) size 56x19
              RenderText at (8,2) size 25x14
                text run at (8,2) width 25: "menu"
          RenderText {#text} at (157,0) size 6x27
            text run at (157,0) width 6: " "
          RenderBlock {INPUT} at (168,8) size 12x13
          RenderText {#text} at (183,0) size 6x27
            text run at (183,0) width 6: " "
          RenderBlock {INPUT} at (193,9) size 12x12
          RenderText {#text} at (0,0) size 0x0
      RenderBlock {DIV} at (0,397) size 769x22
        RenderText {#text} at (0,1) size 26x19
          text run at (0,1) width 26: "text "
        RenderButton {INPUT} at (26,2) size 52x20 [bgcolor=#C0C0C0] [border: (2px outset #C0C0C0)]
          RenderBlock (anonymous) at (8,2) size 36x16
            RenderText at (3,1) size 30x14
              text run at (3,1) width 30: "button"
        RenderText {#text} at (78,1) size 4x19
          text run at (78,1) width 4: " "
        RenderMenuList {SELECT} at (82,3) size 56x18 [bgcolor=#FFFFFF]
          RenderBlock (anonymous) at (0,0) size 56x19
            RenderText at (8,2) size 25x14
              text run at (8,2) width 25: "menu"
        RenderText {#text} at (138,1) size 4x19
          text run at (138,1) width 4: " "
        RenderBlock {INPUT} at (147,3) size 12x13
        RenderText {#text} at (162,1) size 4x19
          text run at (162,1) width 4: " "
        RenderBlock {INPUT} at (170,4) size 12x12
        RenderText {#text} at (0,0) size 0x0
      RenderBlock {DIV} at (0,419) size 769x22
        RenderInline {FONT} at (0,0) size 174x12
          RenderText {#text} at (0,6) size 18x12
            text run at (0,6) width 18: "text "
          RenderButton {INPUT} at (18,2) size 52x20 [bgcolor=#C0C0C0] [border: (2px outset #C0C0C0)]
            RenderBlock (anonymous) at (8,2) size 36x16
              RenderText at (3,1) size 30x14
                text run at (3,1) width 30: "button"
          RenderText {#text} at (70,6) size 3x12
            text run at (70,6) width 3: " "
          RenderMenuList {SELECT} at (73,3) size 56x18 [bgcolor=#FFFFFF]
            RenderBlock (anonymous) at (0,0) size 56x19
              RenderText at (8,2) size 25x14
                text run at (8,2) width 25: "menu"
          RenderText {#text} at (129,6) size 3x12
            text run at (129,6) width 3: " "
          RenderBlock {INPUT} at (137,3) size 12x13
          RenderText {#text} at (152,6) size 3x12
            text run at (152,6) width 3: " "
          RenderBlock {INPUT} at (159,4) size 12x12
          RenderText {#text} at (0,0) size 0x0
      RenderBlock {DIV} at (0,441) size 769x42
        RenderText {#text} at (0,19) size 26x19
          text run at (0,19) width 26: "text "
        RenderTextControl {INPUT} at (26,20) size 70x20 [bgcolor=#FFFFFF] [border: (2px inset #000000)]
        RenderText {#text} at (96,19) size 4x19
          text run at (96,19) width 4: " "
        RenderFileUploadControl {INPUT} at (102,20) size 204x20
          RenderButton {INPUT} at (0,0) size 76x20 [bgcolor=#C0C0C0] [border: (2px outset #C0C0C0)]
            RenderBlock (anonymous) at (8,2) size 60x16
              RenderText at (3,1) size 54x14
                text run at (3,1) width 54: "Choose File"
        RenderText {#text} at (308,19) size 4x19
          text run at (308,19) width 4: " "
        RenderText {#text} at (0,0) size 0x0
      RenderBlock {H2} at (0,502) size 769x27
        RenderText {#text} at (0,0) size 195x26
          text run at (0,0) width 195: "Pop-up Menu Sizes"
      RenderBlock {DIV} at (0,548) size 769x28
        RenderInline {FONT} at (0,0) size 163x27
          RenderText {#text} at (0,0) size 0x0
          RenderMenuList {SELECT} at (0,8) size 36x18 [bgcolor=#FFFFFF]
            RenderBlock (anonymous) at (0,0) size 36x19
              RenderBR at (8,2) size 0x14 [bgcolor=#FFFFFF]
          RenderText {#text} at (36,0) size 6x27
            text run at (36,0) width 6: " "
          RenderMenuList {SELECT} at (42,8) size 36x18 [bgcolor=#FFFFFF]
            RenderBlock (anonymous) at (0,0) size 36x19
              RenderText at (8,2) size 2x14
                text run at (8,2) width 2: "|"
          RenderText {#text} at (78,0) size 6x27
            text run at (78,0) width 6: " "
          RenderMenuList {SELECT} at (84,8) size 79x18 [bgcolor=#FFFFFF]
            RenderBlock (anonymous) at (0,0) size 79x19
              RenderText at (8,2) size 48x14
                text run at (8,2) width 48: "xxxxxxxx"
          RenderText {#text} at (0,0) size 0x0
      RenderBlock {DIV} at (0,576) size 769x20
        RenderMenuList {SELECT} at (0,2) size 36x18 [bgcolor=#FFFFFF]
          RenderBlock (anonymous) at (0,0) size 36x19
            RenderBR at (8,2) size 0x14 [bgcolor=#FFFFFF]
        RenderText {#text} at (36,0) size 4x19
          text run at (36,0) width 4: " "
        RenderMenuList {SELECT} at (40,2) size 36x18 [bgcolor=#FFFFFF]
          RenderBlock (anonymous) at (0,0) size 36x19
            RenderText at (8,2) size 2x14
              text run at (8,2) width 2: "|"
        RenderText {#text} at (76,0) size 4x19
          text run at (76,0) width 4: " "
        RenderMenuList {SELECT} at (80,2) size 79x18 [bgcolor=#FFFFFF]
          RenderBlock (anonymous) at (0,0) size 79x19
            RenderText at (8,2) size 48x14
              text run at (8,2) width 48: "xxxxxxxx"
        RenderText {#text} at (0,0) size 0x0
      RenderBlock {DIV} at (0,596) size 769x18
        RenderInline {FONT} at (0,0) size 157x12
          RenderText {#text} at (0,0) size 0x0
          RenderMenuList {SELECT} at (0,0) size 36x18 [bgcolor=#FFFFFF]
            RenderBlock (anonymous) at (0,0) size 36x19
              RenderBR at (8,2) size 0x14 [bgcolor=#FFFFFF]
          RenderText {#text} at (36,3) size 3x12
            text run at (36,3) width 3: " "
          RenderMenuList {SELECT} at (39,0) size 36x18 [bgcolor=#FFFFFF]
            RenderBlock (anonymous) at (0,0) size 36x19
              RenderText at (8,2) size 2x14
                text run at (8,2) width 2: "|"
          RenderText {#text} at (75,3) size 3x12
            text run at (75,3) width 3: " "
          RenderMenuList {SELECT} at (78,0) size 79x18 [bgcolor=#FFFFFF]
            RenderBlock (anonymous) at (0,0) size 79x19
              RenderText at (8,2) size 48x14
                text run at (8,2) width 48: "xxxxxxxx"
          RenderText {#text} at (0,0) size 0x0
layer at (15,249) size 66x14
  RenderBlock {DIV} at (2,3) size 66x14
    RenderText {#text} at (1,0) size 42x14
      text run at (1,0) width 42: "text field"
layer at (342,247) size 159x32 clip at (343,248) size 157x30
  RenderTextControl {TEXTAREA} at (2,3) size 159x32 [bgcolor=#FFFFFF] [border: (1px solid #000000)]
    RenderBlock {DIV} at (3,3) size 138x14
      RenderText {#text} at (0,0) size 56x14
        text run at (0,0) width 56: "textarea"
layer at (36,472) size 66x14
  RenderBlock {DIV} at (2,3) size 66x14
    RenderText {#text} at (1,0) size 42x14
      text run at (1,0) width 42: "text field"
layer at (320,450) size 159x32 clip at (321,451) size 157x30
  RenderTextControl {TEXTAREA} at (312,1) size 159x32 [bgcolor=#FFFFFF] [border: (1px solid #000000)]
    RenderBlock {DIV} at (3,3) size 138x14
      RenderText {#text} at (0,0) size 56x14
        text run at (0,0) width 56: "textarea"
