layer at (0,0) size 800x600
  RenderView at (0,0) size 800x600
layer at (0,0) size 800x600
  RenderBlock {HTML} at (0,0) size 800x600
    RenderBody {BODY} at (8,8) size 784x584
      RenderText {#text} at (0,0) size 640x19
        text run at (0,0) width 640: "In the selection list below, the text 'The label for this element is \"1\"' should appear, and not the character '1'"
      RenderBR {BR} at (640,15) size 0x0
      RenderMenuList {SELECT} at (0,20) size 176x18 [bgcolor=#FFFFFF]
        RenderBlock (anonymous) at (0,0) size 176x19
          RenderText at (8,2) size 145x14
            text run at (8,2) width 145: "the label for this element is \"1\""
      RenderText {#text} at (0,0) size 0x0
