layer at (0,0) size 785x706
  RenderView at (0,0) size 785x600
layer at (0,0) size 785x706
  RenderBlock {HTML} at (0,0) size 785x706
    RenderBody {BODY} at (8,8) size 769x690
      RenderBlock (anonymous) at (0,0) size 769x20
        RenderText {#text} at (0,0) size 232x19
          text run at (0,0) width 232: "This tests minMaxWidth for text fields."
      RenderBlock {P} at (0,36) size 769x20
        RenderText {#text} at (0,0) size 69x19
          text run at (0,0) width 69: "Test case 1"
      RenderTable {TABLE} at (0,72) size 118x38 [border: (3px solid #0000FF)]
        RenderTableSection {TBODY} at (3,3) size 112x32
          RenderTableRow {TR} at (0,2) size 112x28
            RenderTableCell {TD} at (2,2) size 108x28 [border: (3px solid #FF0000)] [r=0 c=0 rs=1 cs=1]
              RenderTextControl {INPUT} at (4,4) size 100x20 [bgcolor=#FFFFFF] [border: (2px inset #000000)]
      RenderBlock {P} at (0,126) size 769x20
        RenderText {#text} at (0,0) size 69x19
          text run at (0,0) width 69: "Test case 2"
      RenderTable {TABLE} at (0,162) size 165x68 [border: (3px solid #0000FF)]
        RenderTableSection {TBODY} at (3,3) size 159x62
          RenderTableRow {TR} at (0,2) size 159x28
            RenderTableCell {TD} at (2,5) size 45x22 [r=0 c=0 rs=1 cs=1]
              RenderText {#text} at (1,1) size 22x19
                text run at (1,1) width 22: "first"
            RenderTableCell {TD} at (49,2) size 108x28 [border: (3px solid #FF0000)] [r=0 c=1 rs=1 cs=1]
              RenderTextControl {INPUT} at (4,4) size 100x20 [bgcolor=#FFFFFF] [border: (2px inset #000000)]
          RenderTableRow {TR} at (0,32) size 159x28
            RenderTableCell {TD} at (2,35) size 45x22 [r=1 c=0 rs=1 cs=1]
              RenderText {#text} at (1,1) size 43x19
                text run at (1,1) width 43: "second"
            RenderTableCell {TD} at (49,32) size 108x28 [border: (3px solid #FF0000)] [r=1 c=1 rs=1 cs=1]
              RenderTextControl {INPUT} at (4,4) size 100x20 [bgcolor=#FFFFFF] [border: (2px inset #000000)]
      RenderBlock {P} at (0,246) size 769x20
        RenderText {#text} at (0,0) size 69x19
          text run at (0,0) width 69: "Test case 3"
      RenderTable {TABLE} at (0,282) size 51x78 [border: (3px solid #0000FF)]
        RenderTableSection {TBODY} at (3,3) size 45x72
          RenderTableRow {TR} at (0,2) size 45x68
            RenderTableCell {TD} at (2,2) size 41x68 [border: (3px solid #FF0000)] [r=0 c=0 rs=1 cs=1]
              RenderText {#text} at (4,4) size 33x39
                text run at (4,4) width 33: "width"
                text run at (4,24) width 31: "30px"
              RenderTextControl {INPUT} at (4,44) size 30x20 [bgcolor=#FFFFFF] [border: (2px inset #000000)]
      RenderBlock {P} at (0,376) size 769x20
        RenderText {#text} at (0,0) size 69x19
          text run at (0,0) width 69: "Test case 4"
      RenderTable {TABLE} at (0,412) size 218x68 [border: (3px solid #0000FF)]
        RenderTableSection {TBODY} at (3,3) size 212x62
          RenderTableRow {TR} at (0,2) size 212x28
            RenderTableCell {TD} at (2,2) size 208x28 [border: (3px solid #FF0000)] [r=0 c=0 rs=1 cs=1]
              RenderTextControl {INPUT} at (4,4) size 200x20 [bgcolor=#FFFFFF] [border: (2px inset #000000)]
          RenderTableRow {TR} at (0,32) size 212x28
            RenderTableCell {TD} at (2,32) size 208x28 [border: (3px solid #FF0000)] [r=1 c=0 rs=1 cs=1]
              RenderBlock {DIV} at (4,4) size 200x20
                RenderText {#text} at (0,0) size 39x19
                  text run at (0,0) width 39: "200px"
      RenderBlock {P} at (0,496) size 769x20
        RenderText {#text} at (0,0) size 69x19
          text run at (0,0) width 69: "Test case 5"
      RenderTable {TABLE} at (0,532) size 88x38 [border: (3px solid #0000FF)]
        RenderTableSection {TBODY} at (3,3) size 82x32
          RenderTableRow {TR} at (0,2) size 82x28
            RenderTableCell {TD} at (2,2) size 78x28 [border: (3px solid #FF0000)] [r=0 c=0 rs=1 cs=1]
              RenderTextControl {INPUT} at (4,4) size 70x20 [bgcolor=#FFFFFF] [border: (2px inset #000000)]
      RenderBlock {P} at (0,586) size 769x20
        RenderText {#text} at (0,0) size 69x19
          text run at (0,0) width 69: "Test case 6"
      RenderTable {TABLE} at (0,622) size 128x68 [border: (3px solid #0000FF)]
        RenderTableSection {TBODY} at (3,3) size 122x62
          RenderTableRow {TR} at (0,2) size 122x28
            RenderTableCell {TD} at (2,2) size 118x28 [border: (3px solid #FF0000)] [r=0 c=0 rs=1 cs=1]
              RenderTextControl {INPUT} at (4,4) size 110x20 [bgcolor=#FFFFFF] [border: (2px inset #000000)]
          RenderTableRow {TR} at (0,32) size 122x28
            RenderTableCell {TD} at (2,32) size 118x28 [border: (3px solid #FF0000)] [r=1 c=0 rs=1 cs=1]
              RenderBlock {DIV} at (4,4) size 70x20
                RenderText {#text} at (0,0) size 31x19
                  text run at (0,0) width 31: "70px"
layer at (19,92) size 96x14
  RenderBlock {DIV} at (2,3) size 96x14
layer at (66,182) size 96x14
  RenderBlock {DIV} at (2,3) size 96x14
layer at (66,212) size 96x14
  RenderBlock {DIV} at (2,3) size 96x14
layer at (19,342) size 26x14
  RenderBlock {DIV} at (2,3) size 26x14
layer at (19,432) size 196x14
  RenderBlock {DIV} at (2,3) size 196x14
    RenderText {#text} at (1,0) size 55x14
      text run at (1,0) width 55: "width 100%"
layer at (19,552) size 66x14
  RenderBlock {DIV} at (2,3) size 66x14
    RenderText {#text} at (1,0) size 47x14
      text run at (1,0) width 47: "max 70px"
layer at (19,642) size 106x14
  RenderBlock {DIV} at (2,3) size 106x14
    RenderText {#text} at (1,0) size 80x14
      text run at (1,0) width 80: "min-width 100px"
