layer at (0,0) size 800x600
  RenderView at (0,0) size 800x600
layer at (0,0) size 800x600
  RenderBlock {HTML} at (0,0) size 800x600
    RenderBody {BODY} at (8,8) size 784x584
      RenderText {#text} at (0,0) size 560x19
        text run at (0,0) width 560: "This test passes if it doesn't crash and if the Submit button does not honor the first-letter style."
      RenderBR {BR} at (560,15) size 0x0
      RenderButton {INPUT} at (0,20) size 53x20 [border: (2px outset #C0C0C0)]
        RenderBlock (anonymous) at (8,2) size 37x16
          RenderText at (3,1) size 31x14
            text run at (3,1) width 31: "Submit"
      RenderText {#text} at (0,0) size 0x0
      RenderText {#text} at (0,0) size 0x0
      RenderText {#text} at (0,0) size 0x0
