layer at (0,0) size 800x600
  RenderView at (0,0) size 800x600
layer at (0,0) size 800x600
  RenderBlock {HTML} at (0,0) size 800x600
    RenderBody {BODY} at (8,8) size 784x576
      RenderBlock {P} at (0,0) size 784x40
        RenderText {#text} at (0,0) size 740x39
          text run at (0,0) width 740: "Results that match WinIE are two columns on the right that say \"after\" every time, except for the last row which should have"
          text run at (0,20) width 145: "nothing in either column."
      RenderBlock {P} at (0,56) size 784x20
        RenderText {#text} at (0,0) size 677x19
          text run at (0,0) width 677: "Results that match Gecko are like WinIE, but with \"before\" for the attribute in the first two rows and the last row."
      RenderBlock {HR} at (0,92) size 784x2 [border: (1px inset #000000)]
      RenderBlock {FORM} at (0,102) size 784x368
        RenderTable {TABLE} at (0,0) size 704x368
          RenderTableSection {THEAD} at (0,0) size 704x26
            RenderTableRow {TR} at (0,2) size 704x22
              RenderTableCell {TH} at (2,2) size 366x22 [r=0 c=0 rs=1 cs=1]
                RenderText {#text} at (1,1) size 59x19
                  text run at (1,1) width 59: "test case"
              RenderTableCell {TH} at (370,2) size 210x22 [r=0 c=1 rs=1 cs=1]
                RenderText {#text} at (1,1) size 88x19
                  text run at (1,1) width 88: "form element"
              RenderTableCell {TH} at (582,2) size 59x22 [r=0 c=2 rs=1 cs=1]
                RenderText {#text} at (1,1) size 57x19
                  text run at (1,1) width 57: "property"
              RenderTableCell {TH} at (643,2) size 59x22 [r=0 c=3 rs=1 cs=1]
                RenderText {#text} at (1,1) size 57x19
                  text run at (1,1) width 57: "attribute"
          RenderTableSection {TBODY} at (0,26) size 704x342
            RenderTableRow {TR} at (0,2) size 704x22
              RenderTableCell {TD} at (2,2) size 366x22 [r=0 c=0 rs=1 cs=1]
                RenderText {#text} at (1,1) size 196x19
                  text run at (1,1) width 196: "text with value property changed"
              RenderTableCell {TD} at (370,2) size 210x22 [r=0 c=1 rs=1 cs=1]
                RenderTextControl {INPUT} at (1,1) size 110x20 [bgcolor=#FFFFFF] [border: (2px inset #000000)]
              RenderTableCell {TD} at (582,2) size 59x22 [r=0 c=2 rs=1 cs=1]
                RenderText {#text} at (1,1) size 27x19
                  text run at (1,1) width 27: "after"
              RenderTableCell {TD} at (643,2) size 59x22 [r=0 c=3 rs=1 cs=1]
                RenderText {#text} at (1,1) size 39x19
                  text run at (1,1) width 39: "before"
            RenderTableRow {TR} at (0,26) size 704x22
              RenderTableCell {TD} at (2,26) size 366x22 [r=1 c=0 rs=1 cs=1]
                RenderText {#text} at (1,1) size 233x19
                  text run at (1,1) width 233: "password with value property changed"
              RenderTableCell {TD} at (370,26) size 210x22 [r=1 c=1 rs=1 cs=1]
                RenderTextControl {INPUT} at (1,1) size 110x20 [bgcolor=#FFFFFF] [border: (2px inset #000000)]
              RenderTableCell {TD} at (582,26) size 59x22 [r=1 c=2 rs=1 cs=1]
                RenderText {#text} at (1,1) size 27x19
                  text run at (1,1) width 27: "after"
              RenderTableCell {TD} at (643,26) size 59x22 [r=1 c=3 rs=1 cs=1]
                RenderText {#text} at (1,1) size 39x19
                  text run at (1,1) width 39: "before"
            RenderTableRow {TR} at (0,50) size 704x22
              RenderTableCell {TD} at (2,50) size 366x22 [r=2 c=0 rs=1 cs=1]
                RenderText {#text} at (1,1) size 237x19
                  text run at (1,1) width 237: "check box with value property changed"
              RenderTableCell {TD} at (370,51) size 210x20 [r=2 c=1 rs=1 cs=1]
                RenderBlock {INPUT} at (5,4) size 12x12
              RenderTableCell {TD} at (582,50) size 59x22 [r=2 c=2 rs=1 cs=1]
                RenderText {#text} at (1,1) size 27x19
                  text run at (1,1) width 27: "after"
              RenderTableCell {TD} at (643,50) size 59x22 [r=2 c=3 rs=1 cs=1]
                RenderText {#text} at (1,1) size 27x19
                  text run at (1,1) width 27: "after"
            RenderTableRow {TR} at (0,74) size 704x22
              RenderTableCell {TD} at (2,74) size 366x22 [r=3 c=0 rs=1 cs=1]
                RenderText {#text} at (1,1) size 214x19
                  text run at (1,1) width 214: "hidden with value property changed"
              RenderTableCell {TD} at (370,84) size 210x2 [r=3 c=1 rs=1 cs=1]
              RenderTableCell {TD} at (582,74) size 59x22 [r=3 c=2 rs=1 cs=1]
                RenderText {#text} at (1,1) size 27x19
                  text run at (1,1) width 27: "after"
              RenderTableCell {TD} at (643,74) size 59x22 [r=3 c=3 rs=1 cs=1]
                RenderText {#text} at (1,1) size 27x19
                  text run at (1,1) width 27: "after"
            RenderTableRow {TR} at (0,98) size 704x22
              RenderTableCell {TD} at (2,98) size 366x22 [r=4 c=0 rs=1 cs=1]
                RenderText {#text} at (1,1) size 212x19
                  text run at (1,1) width 212: "button with value property changed"
              RenderTableCell {TD} at (370,98) size 210x22 [r=4 c=1 rs=1 cs=1]
                RenderButton {INPUT} at (1,1) size 44x20 [bgcolor=#C0C0C0] [border: (2px outset #C0C0C0)]
                  RenderBlock (anonymous) at (8,2) size 28x16
                    RenderText at (3,1) size 22x14
                      text run at (3,1) width 22: "after"
              RenderTableCell {TD} at (582,98) size 59x22 [r=4 c=2 rs=1 cs=1]
                RenderText {#text} at (1,1) size 27x19
                  text run at (1,1) width 27: "after"
              RenderTableCell {TD} at (643,98) size 59x22 [r=4 c=3 rs=1 cs=1]
                RenderText {#text} at (1,1) size 27x19
                  text run at (1,1) width 27: "after"
            RenderTableRow {TR} at (0,122) size 704x22
              RenderTableCell {TD} at (2,122) size 366x22 [r=5 c=0 rs=1 cs=1]
                RenderText {#text} at (1,1) size 209x19
                  text run at (1,1) width 209: "image with value property changed"
              RenderTableCell {TD} at (370,125) size 210x16 [r=5 c=1 rs=1 cs=1]
                RenderImage {INPUT} at (1,1) size 29x14
              RenderTableCell {TD} at (582,122) size 59x22 [r=5 c=2 rs=1 cs=1]
                RenderText {#text} at (1,1) size 27x19
                  text run at (1,1) width 27: "after"
              RenderTableCell {TD} at (643,122) size 59x22 [r=5 c=3 rs=1 cs=1]
                RenderText {#text} at (1,1) size 27x19
                  text run at (1,1) width 27: "after"
            RenderTableRow {TR} at (0,146) size 704x22
              RenderTableCell {TD} at (2,146) size 366x22 [r=6 c=0 rs=1 cs=1]
                RenderText {#text} at (1,1) size 205x19
                  text run at (1,1) width 205: "radio with value property changed"
              RenderTableCell {TD} at (370,148) size 210x18 [r=6 c=1 rs=1 cs=1]
                RenderBlock {INPUT} at (6,4) size 12x13
              RenderTableCell {TD} at (582,146) size 59x22 [r=6 c=2 rs=1 cs=1]
                RenderText {#text} at (1,1) size 27x19
                  text run at (1,1) width 27: "after"
              RenderTableCell {TD} at (643,146) size 59x22 [r=6 c=3 rs=1 cs=1]
                RenderText {#text} at (1,1) size 27x19
                  text run at (1,1) width 27: "after"
            RenderTableRow {TR} at (0,170) size 704x22
              RenderTableCell {TD} at (2,170) size 366x22 [r=7 c=0 rs=1 cs=1]
                RenderText {#text} at (1,1) size 193x19
                  text run at (1,1) width 193: "text with value attribute changed"
              RenderTableCell {TD} at (370,170) size 210x22 [r=7 c=1 rs=1 cs=1]
                RenderTextControl {INPUT} at (1,1) size 110x20 [bgcolor=#FFFFFF] [border: (2px inset #000000)]
              RenderTableCell {TD} at (582,170) size 59x22 [r=7 c=2 rs=1 cs=1]
                RenderText {#text} at (1,1) size 27x19
                  text run at (1,1) width 27: "after"
              RenderTableCell {TD} at (643,170) size 59x22 [r=7 c=3 rs=1 cs=1]
                RenderText {#text} at (1,1) size 27x19
                  text run at (1,1) width 27: "after"
            RenderTableRow {TR} at (0,194) size 704x22
              RenderTableCell {TD} at (2,194) size 366x22 [r=8 c=0 rs=1 cs=1]
                RenderText {#text} at (1,1) size 234x19
                  text run at (1,1) width 234: "check box with value attribute changed"
              RenderTableCell {TD} at (370,195) size 210x20 [r=8 c=1 rs=1 cs=1]
                RenderBlock {INPUT} at (5,4) size 12x12
              RenderTableCell {TD} at (582,194) size 59x22 [r=8 c=2 rs=1 cs=1]
                RenderText {#text} at (1,1) size 27x19
                  text run at (1,1) width 27: "after"
              RenderTableCell {TD} at (643,194) size 59x22 [r=8 c=3 rs=1 cs=1]
                RenderText {#text} at (1,1) size 27x19
                  text run at (1,1) width 27: "after"
            RenderTableRow {TR} at (0,218) size 704x22
              RenderTableCell {TD} at (2,218) size 366x22 [r=9 c=0 rs=1 cs=1]
                RenderText {#text} at (1,1) size 364x19
                  text run at (1,1) width 364: "text with value property changed, then turned into check box"
              RenderTableCell {TD} at (370,219) size 210x20 [r=9 c=1 rs=1 cs=1]
                RenderBlock {INPUT} at (5,4) size 12x12
              RenderTableCell {TD} at (582,218) size 59x22 [r=9 c=2 rs=1 cs=1]
                RenderText {#text} at (1,1) size 27x19
                  text run at (1,1) width 27: "after"
              RenderTableCell {TD} at (643,218) size 59x22 [r=9 c=3 rs=1 cs=1]
                RenderText {#text} at (1,1) size 27x19
                  text run at (1,1) width 27: "after"
            RenderTableRow {TR} at (0,242) size 704x22
              RenderTableCell {TD} at (2,242) size 366x22 [r=10 c=0 rs=1 cs=1]
                RenderText {#text} at (1,1) size 364x19
                  text run at (1,1) width 364: "check box with value property changed, then turned into text"
              RenderTableCell {TD} at (370,242) size 210x22 [r=10 c=1 rs=1 cs=1]
                RenderTextControl {INPUT} at (1,1) size 110x20 [bgcolor=#FFFFFF] [border: (2px inset #000000)]
              RenderTableCell {TD} at (582,242) size 59x22 [r=10 c=2 rs=1 cs=1]
                RenderText {#text} at (1,1) size 27x19
                  text run at (1,1) width 27: "after"
              RenderTableCell {TD} at (643,242) size 59x22 [r=10 c=3 rs=1 cs=1]
                RenderText {#text} at (1,1) size 27x19
                  text run at (1,1) width 27: "after"
            RenderTableRow {TR} at (0,266) size 704x22
              RenderTableCell {TD} at (2,266) size 366x22 [r=11 c=0 rs=1 cs=1]
                RenderText {#text} at (1,1) size 361x19
                  text run at (1,1) width 361: "text with value attribute changed, then turned into check box"
              RenderTableCell {TD} at (370,267) size 210x20 [r=11 c=1 rs=1 cs=1]
                RenderBlock {INPUT} at (5,4) size 12x12
              RenderTableCell {TD} at (582,266) size 59x22 [r=11 c=2 rs=1 cs=1]
                RenderText {#text} at (1,1) size 27x19
                  text run at (1,1) width 27: "after"
              RenderTableCell {TD} at (643,266) size 59x22 [r=11 c=3 rs=1 cs=1]
                RenderText {#text} at (1,1) size 27x19
                  text run at (1,1) width 27: "after"
            RenderTableRow {TR} at (0,290) size 704x22
              RenderTableCell {TD} at (2,290) size 366x22 [r=12 c=0 rs=1 cs=1]
                RenderText {#text} at (1,1) size 361x19
                  text run at (1,1) width 361: "check box with value attribute changed, then turned into text"
              RenderTableCell {TD} at (370,290) size 210x22 [r=12 c=1 rs=1 cs=1]
                RenderTextControl {INPUT} at (1,1) size 110x20 [bgcolor=#FFFFFF] [border: (2px inset #000000)]
              RenderTableCell {TD} at (582,290) size 59x22 [r=12 c=2 rs=1 cs=1]
                RenderText {#text} at (1,1) size 27x19
                  text run at (1,1) width 27: "after"
              RenderTableCell {TD} at (643,290) size 59x22 [r=12 c=3 rs=1 cs=1]
                RenderText {#text} at (1,1) size 27x19
                  text run at (1,1) width 27: "after"
            RenderTableRow {TR} at (0,314) size 704x26
              RenderTableCell {TD} at (2,316) size 366x22 [r=13 c=0 rs=1 cs=1]
                RenderText {#text} at (1,1) size 191x19
                  text run at (1,1) width 191: "file with value property changed"
              RenderTableCell {TD} at (370,314) size 210x26 [r=13 c=1 rs=1 cs=1]
                RenderFileUploadControl {INPUT} at (3,3) size 204x20
                  RenderButton {INPUT} at (0,0) size 76x20 [bgcolor=#C0C0C0] [border: (2px outset #C0C0C0)]
                    RenderBlock (anonymous) at (8,2) size 60x16
                      RenderText at (3,1) size 54x14
                        text run at (3,1) width 54: "Choose File"
              RenderTableCell {TD} at (582,326) size 59x2 [r=13 c=2 rs=1 cs=1]
              RenderTableCell {TD} at (643,316) size 59x22 [r=13 c=3 rs=1 cs=1]
                RenderText {#text} at (1,1) size 39x19
                  text run at (1,1) width 39: "before"
layer at (381,142) size 106x14
  RenderBlock {DIV} at (2,3) size 106x14
    RenderText {#text} at (1,0) size 29x14
      text run at (1,0) width 29: "before"
layer at (381,166) size 106x14
  RenderBlock {DIV} at (2,3) size 106x14
    RenderText {#text} at (1,0) size 24x14
      text run at (1,0) width 24: "\x{2022}\x{2022}\x{2022}\x{2022}\x{2022}\x{2022}"
layer at (381,310) size 106x14
  RenderBlock {DIV} at (2,3) size 106x14
    RenderText {#text} at (1,0) size 22x14
      text run at (1,0) width 22: "after"
layer at (381,382) size 106x14
  RenderBlock {DIV} at (2,3) size 106x14
    RenderText {#text} at (1,0) size 22x14
      text run at (1,0) width 22: "after"
layer at (381,430) size 106x14
  RenderBlock {DIV} at (2,3) size 106x14
    RenderText {#text} at (1,0) size 22x14
      text run at (1,0) width 22: "after"
