layer at (0,0) size 800x600
  RenderView at (0,0) size 800x600
layer at (0,0) size 800x548
  RenderBlock {HTML} at (0,0) size 800x548
    RenderBody {BODY} at (8,16) size 784x524
      RenderBlock {P} at (0,0) size 784x20
        RenderText {#text} at (0,0) size 396x19
          text run at (0,0) width 309: "The top table was resized while the field\x{2019}s contents "
          text run at (309,0) width 87: "were selected."
      RenderTable {TABLE} at (0,36) size 154x244
        RenderTableSection {TBODY} at (0,0) size 154x244
          RenderTableRow {TR} at (0,2) size 154x240
            RenderTableCell {TD} at (2,92) size 150x60 [bgcolor=#90EE90] [r=0 c=0 rs=1 cs=1]
              RenderTextControl {INPUT} at (20,20) size 110x20 [bgcolor=#FFFFFF] [border: (2px inset #000000)]
              RenderText {#text} at (0,0) size 0x0
      RenderTable {TABLE} at (0,280) size 154x244
        RenderTableSection {TBODY} at (0,0) size 154x244
          RenderTableRow {TR} at (0,2) size 154x240
            RenderTableCell {TD} at (2,92) size 150x60 [bgcolor=#90EE90] [r=0 c=0 rs=1 cs=1]
              RenderTextControl {INPUT} at (20,20) size 110x20 [bgcolor=#FFFFFF] [border: (2px inset #000000)]
              RenderText {#text} at (0,0) size 0x0
layer at (32,167) size 106x14
  RenderBlock {DIV} at (2,3) size 106x14
    RenderText {#text} at (1,0) size 33x14
      text run at (1,0) width 33: "foo bar"
layer at (32,411) size 106x14
  RenderBlock {DIV} at (2,3) size 106x14
    RenderText {#text} at (1,0) size 33x14
      text run at (1,0) width 33: "foo bar"
selection start: position 0 of child 0 {#text} of child 0 {DIV} of child 1 {INPUT} of child 1 {TD} of child 0 {TR} of child 1 {TBODY} of child 3 {TABLE} of child 1 {BODY} of child 0 {HTML} of document
selection end:   position 7 of child 0 {#text} of child 0 {DIV} of child 1 {INPUT} of child 1 {TD} of child 0 {TR} of child 1 {TBODY} of child 3 {TABLE} of child 1 {BODY} of child 0 {HTML} of document
