layer at (0,0) size 928x1045
  RenderView at (0,0) size 785x585
layer at (0,0) size 928x1045
  RenderBlock {HTML} at (0,0) size 785x1045
    RenderBody {BODY} at (8,8) size 769x1024
      RenderBlock (anonymous) at (0,0) size 769x135
        RenderListBox {SELECT} at (0,0) size 91x135 [bgcolor=#FFFFFF] [border: (10px solid #000000)]
        RenderText {#text} at (91,113) size 4x19
          text run at (91,113) width 4: " "
        RenderListBox {SELECT} at (95,0) size 69x135 [bgcolor=#FFFFFF] [border: (10px solid #000000)]
        RenderText {#text} at (0,0) size 0x0
        RenderText {#text} at (0,0) size 0x0
        RenderText {#text} at (0,0) size 0x0
      RenderBlock {DIV} at (0,135) size 769x889
        RenderBlock (anonymous) at (0,0) size 769x60
          RenderText {#text} at (0,0) size 46x19
            text run at (0,0) width 46: "Results:"
          RenderBR {BR} at (46,15) size 0x0
          RenderText {#text} at (0,20) size 85x19
            text run at (0,20) width 85: "Test 1 Passed"
          RenderBR {BR} at (85,35) size 0x0
          RenderText {#text} at (0,40) size 79x19
            text run at (0,40) width 79: "Test 2 Failed"
          RenderBR {BR} at (79,55) size 0x0
        RenderBlock {PRE} at (0,73) size 769x32
          RenderText {#text} at (0,0) size 920x16
            text run at (0,0) width 920: "     Expected: false,true,false,false,false,false,false,false,false,false,false,false,false,false,false,false,false"
          RenderBR {BR} at (0,0) size 0x0
          RenderText {#text} at (0,16) size 904x16
            text run at (0,16) width 904: "     Actual: true,false,false,false,false,false,false,false,false,false,false,false,false,false,false,false,false"
        RenderBlock (anonymous) at (0,118) size 769x40
          RenderBR {BR} at (0,0) size 0x19
          RenderText {#text} at (0,20) size 79x19
            text run at (0,20) width 79: "Test 3 Failed"
          RenderBR {BR} at (79,35) size 0x0
        RenderBlock {PRE} at (0,171) size 769x32
          RenderText {#text} at (0,0) size 920x16
            text run at (0,0) width 920: "     Expected: false,false,false,false,false,false,true,false,false,false,false,false,false,false,false,false,false"
          RenderBR {BR} at (0,0) size 0x0
          RenderText {#text} at (0,16) size 904x16
            text run at (0,16) width 904: "     Actual: false,false,false,false,false,true,false,false,false,false,false,false,false,false,false,false,false"
        RenderBlock (anonymous) at (0,216) size 769x40
          RenderBR {BR} at (0,0) size 0x19
          RenderText {#text} at (0,20) size 79x19
            text run at (0,20) width 79: "Test 4 Failed"
          RenderBR {BR} at (79,35) size 0x0
        RenderBlock {PRE} at (0,269) size 769x32
          RenderText {#text} at (0,0) size 920x16
            text run at (0,0) width 920: "     Expected: false,false,false,false,false,false,false,true,false,false,false,false,false,false,false,false,false"
          RenderBR {BR} at (0,0) size 0x0
          RenderText {#text} at (0,16) size 904x16
            text run at (0,16) width 904: "     Actual: false,false,false,false,false,false,true,false,false,false,false,false,false,false,false,false,false"
        RenderBlock (anonymous) at (0,314) size 769x40
          RenderBR {BR} at (0,0) size 0x19
          RenderText {#text} at (0,20) size 79x19
            text run at (0,20) width 79: "Test 5 Failed"
          RenderBR {BR} at (79,35) size 0x0
        RenderBlock {PRE} at (0,367) size 769x32
          RenderText {#text} at (0,0) size 920x16
            text run at (0,0) width 920: "     Expected: false,false,false,false,false,false,false,true,false,false,false,false,false,false,false,false,false"
          RenderBR {BR} at (0,0) size 0x0
          RenderText {#text} at (0,16) size 904x16
            text run at (0,16) width 904: "     Actual: false,false,false,false,false,false,true,false,false,false,false,false,false,false,false,false,false"
        RenderBlock (anonymous) at (0,412) size 769x40
          RenderBR {BR} at (0,0) size 0x19
          RenderText {#text} at (0,20) size 79x19
            text run at (0,20) width 79: "Test 6 Failed"
          RenderBR {BR} at (79,35) size 0x0
        RenderBlock {PRE} at (0,465) size 769x32
          RenderText {#text} at (0,0) size 920x16
            text run at (0,0) width 920: "     Expected: false,true,false,false,false,false,false,false,false,false,false,false,false,false,false,false,false"
          RenderBR {BR} at (0,0) size 0x0
          RenderText {#text} at (0,16) size 904x16
            text run at (0,16) width 904: "     Actual: true,false,false,false,false,false,false,false,false,false,false,false,false,false,false,false,false"
        RenderBlock (anonymous) at (0,510) size 769x40
          RenderBR {BR} at (0,0) size 0x19
          RenderText {#text} at (0,20) size 79x19
            text run at (0,20) width 79: "Test 7 Failed"
          RenderBR {BR} at (79,35) size 0x0
        RenderBlock {PRE} at (0,563) size 769x32
          RenderText {#text} at (0,0) size 920x16
            text run at (0,0) width 920: "     Expected: false,false,false,false,false,false,false,false,false,false,false,false,false,false,false,false,true"
          RenderBR {BR} at (0,0) size 0x0
          RenderText {#text} at (0,16) size 904x16
            text run at (0,16) width 904: "     Actual: false,false,false,false,false,false,true,false,false,false,false,false,false,false,false,false,false"
        RenderBlock (anonymous) at (0,608) size 769x40
          RenderBR {BR} at (0,0) size 0x19
          RenderText {#text} at (0,20) size 79x19
            text run at (0,20) width 79: "Test 8 Failed"
          RenderBR {BR} at (79,35) size 0x0
        RenderBlock {PRE} at (0,661) size 769x32
          RenderText {#text} at (0,0) size 248x16
            text run at (0,0) width 248: "     Expected: false,true,false"
          RenderBR {BR} at (248,12) size 0x0
          RenderText {#text} at (0,16) size 232x16
            text run at (0,16) width 232: "     Actual: true,false,false"
        RenderBlock (anonymous) at (0,706) size 769x40
          RenderBR {BR} at (0,0) size 0x19
          RenderText {#text} at (0,20) size 79x19
            text run at (0,20) width 79: "Test 9 Failed"
          RenderBR {BR} at (79,35) size 0x0
        RenderBlock {PRE} at (0,759) size 769x32
          RenderText {#text} at (0,0) size 248x16
            text run at (0,0) width 248: "     Expected: false,true,false"
          RenderBR {BR} at (248,12) size 0x0
          RenderText {#text} at (0,16) size 232x16
            text run at (0,16) width 232: "     Actual: false,false,true"
        RenderBlock (anonymous) at (0,804) size 769x40
          RenderBR {BR} at (0,0) size 0x19
          RenderText {#text} at (0,20) size 87x19
            text run at (0,20) width 87: "Test 10 Failed"
          RenderBR {BR} at (87,35) size 0x0
        RenderBlock {PRE} at (0,857) size 769x32
          RenderText {#text} at (0,0) size 248x16
            text run at (0,0) width 248: "     Expected: false,false,true"
          RenderBR {BR} at (248,12) size 0x0
          RenderText {#text} at (0,16) size 232x16
            text run at (0,16) width 232: "     Actual: false,true,false"
