layer at (0,0) size 800x600
  RenderView at (0,0) size 800x600
layer at (0,0) size 800x600
  RenderBlock {HTML} at (0,0) size 800x600
    RenderBody {BODY} at (8,8) size 784x584
      RenderText {#text} at (0,0) size 69x19
        text run at (0,0) width 69: "Test result: "
      RenderMenuList {SELECT} at (69,2) size 56x18 [bgcolor=#FFFFFF]
        RenderBlock (anonymous) at (0,0) size 56x19
          RenderText at (8,2) size 25x14
            text run at (8,2) width 25: "PASS"
      RenderText {#text} at (0,0) size 0x0
      RenderText {#text} at (0,0) size 0x0
