layer at (0,0) size 800x600
  RenderView at (0,0) size 800x600
layer at (0,0) size 800x600
  RenderBlock {HTML} at (0,0) size 800x600
    RenderBody {BODY} at (8,8) size 784x584
      RenderBlock {P} at (0,0) size 784x20
        RenderText {#text} at (0,0) size 383x19
          text run at (0,0) width 383: "All of these selects should have the same amount of whitespace."
      RenderBlock (anonymous) at (0,36) size 784x262
        RenderText {#text} at (0,39) size 67x19
          text run at (0,39) width 67: "Five Tabs: "
        RenderListBox {SELECT} at (67,0) size 62x61 [bgcolor=#FFFFFF] [border: (1px inset #808080)]
        RenderBR {BR} at (129,54) size 0x0
        RenderBR {BR} at (0,61) size 0x19
        RenderText {#text} at (0,120) size 81x19
          text run at (0,120) width 81: "Five Spaces: "
        RenderListBox {SELECT} at (81,81) size 62x61 [bgcolor=#FFFFFF] [border: (1px inset #808080)]
        RenderBR {BR} at (143,135) size 0x0
        RenderBR {BR} at (0,142) size 0x19
        RenderText {#text} at (0,162) size 280x19
          text run at (0,162) width 280: "Five Spaces (with leading/trailing whitespace): "
        RenderMenuList {SELECT} at (280,164) size 84x18 [bgcolor=#FFFFFF]
          RenderBlock (anonymous) at (0,0) size 84x19
            RenderText at (8,2) size 53x14
              text run at (8,2) width 53: "Five Spaces"
        RenderBR {BR} at (364,177) size 0x0
        RenderBR {BR} at (0,182) size 0x19
        RenderText {#text} at (0,202) size 266x19
          text run at (0,202) width 266: "Five Tabs (with leading/trailing whitespace): "
        RenderMenuList {SELECT} at (266,204) size 76x18 [bgcolor=#FFFFFF]
          RenderBlock (anonymous) at (0,0) size 76x19
            RenderText at (8,2) size 45x14
              text run at (8,2) width 45: "Five Tabs"
        RenderBR {BR} at (342,217) size 0x0
        RenderBR {BR} at (0,222) size 0x19
        RenderText {#text} at (0,242) size 121x19
          text run at (0,242) width 121: "Mixed Whitespace: "
        RenderMenuList {SELECT} at (121,244) size 76x18 [bgcolor=#FFFFFF]
          RenderBlock (anonymous) at (0,0) size 76x19
            RenderText at (8,2) size 45x14
              text run at (8,2) width 45: "Five Tabs"
        RenderText {#text} at (0,0) size 0x0
        RenderText {#text} at (0,0) size 0x0
        RenderText {#text} at (0,0) size 0x0
