layer at (0,0) size 800x600
  RenderView at (0,0) size 800x600
layer at (0,0) size 800x600
  RenderBlock {HTML} at (0,0) size 800x600
    RenderBody {BODY} at (8,8) size 784x584
      RenderText {#text} at (0,0) size 472x19
        text run at (0,0) width 472: "This tests that the display:none style will work on a search field's cancel button."
      RenderBR {BR} at (472,15) size 0x0
      RenderTextControl {INPUT} at (0,20) size 110x20 [bgcolor=#FFFFFF] [border: (2px inset #000000)]
        RenderBlock {DIV} at (2,3) size 106x14
          RenderBlock {DIV} at (0,0) size 8x11
          RenderBlock {DIV} at (93,0) size 13x11
      RenderText {#text} at (0,0) size 0x0
      RenderText {#text} at (0,0) size 0x0
      RenderText {#text} at (0,0) size 0x0
layer at (18,31) size 85x14
  RenderBlock {DIV} at (8,0) size 85x14
    RenderText {#text} at (1,0) size 17x14
      text run at (1,0) width 17: "test"
