layer at (0,0) size 800x600
  RenderView at (0,0) size 800x600
layer at (0,0) size 800x600
  RenderBlock {HTML} at (0,0) size 800x600
    RenderBody {BODY} at (8,8) size 784x584
      RenderBlock {P} at (0,0) size 784x20
        RenderText {#text} at (0,0) size 367x19
          text run at (0,0) width 367: "Only the second search field should have a cancel button (\x{D7})."
      RenderBlock (anonymous) at (0,36) size 784x21
        RenderTextControl {INPUT} at (0,1) size 110x20 [bgcolor=#FFFFFF] [border: (2px inset #000000)]
          RenderBlock {DIV} at (2,3) size 106x14
            RenderBlock {DIV} at (0,0) size 8x11
            RenderBlock {DIV} at (93,0) size 13x11
        RenderText {#text} at (110,0) size 4x19
          text run at (110,0) width 4: " "
        RenderTextControl {INPUT} at (114,1) size 110x20 [bgcolor=#FFFFFF] [border: (2px inset #000000)]
          RenderBlock {DIV} at (2,3) size 106x14
            RenderBlock {DIV} at (0,0) size 8x11
            RenderBlock {DIV} at (93,0) size 13x11
        RenderText {#text} at (0,0) size 0x0
layer at (18,48) size 85x14
  RenderBlock {DIV} at (8,0) size 85x14
layer at (132,48) size 85x14
  RenderBlock {DIV} at (8,0) size 85x14
    RenderText {#text} at (1,0) size 37x14
      text run at (1,0) width 37: "this one"
