layer at (0,0) size 800x600
  RenderView at (0,0) size 800x600
layer at (0,0) size 800x600
  RenderBlock {HTML} at (0,0) size 800x600
    RenderBody {BODY} at (8,8) size 784x584
      RenderBlock {P} at (0,0) size 784x20
        RenderText {#text} at (0,0) size 540x19
          text run at (0,0) width 540: "The following select elements should all be rendered on the left, with their text left justified."
      RenderBlock (anonymous) at (0,36) size 784x98
        RenderMenuList {SELECT} at (0,2) size 300x18 [bgcolor=#FFFFFF]
          RenderBlock (anonymous) at (0,0) size 300x19
            RenderText at (8,2) size 137x14
              text run at (8,2) width 137: "This is should be left justified."
        RenderText {#text} at (300,0) size 4x19
          text run at (300,0) width 4: " "
        RenderBR {BR} at (0,0) size 0x0
        RenderMenuList {SELECT} at (0,22) size 300x18 [bgcolor=#FFFFFF]
          RenderBlock (anonymous) at (0,0) size 300x19
            RenderText at (8,2) size 137x14
              text run at (8,2) width 137: "This is should be left justified."
        RenderText {#text} at (300,20) size 4x19
          text run at (300,20) width 4: " "
        RenderBR {BR} at (0,0) size 0x0
        RenderMenuList {SELECT} at (0,42) size 300x18 [bgcolor=#FFFFFF]
          RenderBlock (anonymous) at (0,0) size 300x19
            RenderText at (8,2) size 137x14
              text run at (8,2) width 137: "This is should be left justified."
        RenderText {#text} at (300,40) size 4x19
          text run at (300,40) width 4: " "
        RenderBR {BR} at (0,0) size 0x0
        RenderMenuList {SELECT} at (0,62) size 300x18 [bgcolor=#FFFFFF]
          RenderBlock (anonymous) at (0,0) size 300x19
            RenderText at (8,2) size 137x14
              text run at (8,2) width 137: "This is should be left justified."
        RenderText {#text} at (300,60) size 4x19
          text run at (300,60) width 4: " "
        RenderBR {BR} at (0,0) size 0x0
        RenderMenuList {SELECT} at (0,80) size 300x18 [bgcolor=#FFFFFF]
          RenderBlock (anonymous) at (0,0) size 300x19
            RenderText at (8,2) size 137x14
              text run at (8,2) width 137: "This is should be left justified."
        RenderText {#text} at (0,0) size 0x0
        RenderText {#text} at (0,0) size 0x0
      RenderBlock {DIV} at (0,134) size 784x18
        RenderMenuList {SELECT} at (0,0) size 300x18 [bgcolor=#FFFFFF]
          RenderBlock (anonymous) at (0,0) size 300x19
            RenderText at (8,2) size 137x14
              text run at (8,2) width 137: "This is should be left justified."
