layer at (0,0) size 800x600
  RenderView at (0,0) size 800x600
layer at (0,0) size 800x600
  RenderBlock {HTML} at (0,0) size 800x600
    RenderBody {BODY} at (8,8) size 784x584
      RenderBlock {P} at (0,0) size 784x16
        RenderText {#text} at (0,0) size 619x16
          text run at (0,0) width 619 LTR override: "This tests that native pop-ups are rendered in logical order even in visually-ordered Hebrew pages."
      RenderBlock {HR} at (0,32) size 784x2 [border: (1px inset #000000)]
      RenderBlock {P} at (0,50) size 784x16
        RenderText {#text} at (0,0) size 387x16
          text run at (0,0) width 350 LTR override: "Text on the pop-up and in the list should look like this: "
          text run at (350,0) width 37 LTR override: "\x{5E8}\x{5D5}\x{5EA}\x{5E4}\x{5DB}"
      RenderBlock (anonymous) at (0,82) size 784x18
        RenderMenuList {SELECT} at (0,0) size 55x18 [bgcolor=#FFFFFF]
          RenderBlock (anonymous) at (0,0) size 55x19
            RenderText at (8,2) size 24x14
              text run at (8,2) width 24 RTL: "\x{5DB}\x{5E4}\x{5EA}\x{5D5}\x{5E8}"
        RenderText {#text} at (0,0) size 0x0
        RenderText {#text} at (0,0) size 0x0
        RenderText {#text} at (0,0) size 0x0
