layer at (0,0) size 800x600
  RenderView at (0,0) size 800x600
layer at (0,0) size 800x600
  RenderBlock {HTML} at (0,0) size 800x600
    RenderBody {BODY} at (8,8) size 784x584
      RenderMenuList {SELECT} at (0,0) size 64x18 [bgcolor=#FFFFFF]
        RenderBlock (anonymous) at (0,0) size 64x19
          RenderText at (8,2) size 19x14
            text run at (8,2) width 19: "One"
      RenderBR {BR} at (64,13) size 0x0
      RenderMenuList {SELECT} at (0,18) size 64x18 [bgcolor=#FFFFFF]
        RenderBlock (anonymous) at (0,0) size 64x19
          RenderText at (8,2) size 19x14
            text run at (8,2) width 19: "One"
      RenderText {#text} at (0,0) size 0x0
