layer at (0,0) size 800x600
  RenderView at (0,0) size 800x600
layer at (0,0) size 800x600
  RenderBlock {HTML} at (0,0) size 800x600
    RenderBody {BODY} at (8,8) size 784x584
      RenderText {#text} at (0,0) size 420x19
        text run at (0,0) width 420: "This tests that you can tab out of a text field if an iframe comes after it."
      RenderBR {BR} at (420,15) size 0x0
      RenderTextControl {INPUT} at (0,158) size 110x20 [bgcolor=#FFFFFF] [border: (2px inset #000000)]
      RenderText {#text} at (110,157) size 4x19
        text run at (110,157) width 4: " "
      RenderPartObject {IFRAME} at (114,20) size 302x152 [border: (1px solid #000000)]
        layer at (0,0) size 300x150
          RenderView at (0,0) size 300x150
        layer at (0,0) size 300x150
          RenderBlock {HTML} at (0,0) size 300x150
            RenderBody {BODY} at (8,8) size 284x134
      RenderText {#text} at (416,157) size 4x19
        text run at (416,157) width 4: " "
      RenderTextControl {INPUT} at (420,158) size 110x20 [bgcolor=#FFFFFF] [border: (2px inset #000000)]
      RenderText {#text} at (0,0) size 0x0
      RenderText {#text} at (0,0) size 0x0
      RenderText {#text} at (0,0) size 0x0
layer at (10,169) size 106x14
  RenderBlock {DIV} at (2,3) size 106x14
layer at (430,169) size 106x14 scrollWidth 107
  RenderBlock {DIV} at (2,3) size 106x14
    RenderText {#text} at (1,0) size 105x14
      text run at (1,0) width 105: "This should have focus"
selection start: position 0 of child 0 {#text} of child 0 {DIV} of child 7 {INPUT} of child 1 {BODY} of child 0 {HTML} of document
selection end:   position 22 of child 0 {#text} of child 0 {DIV} of child 7 {INPUT} of child 1 {BODY} of child 0 {HTML} of document
