layer at (0,0) size 785x810
  RenderView at (0,0) size 785x600
layer at (0,0) size 785x810
  RenderBlock {HTML} at (0,0) size 785x810
    RenderBody {BODY} at (8,8) size 769x781
layer at (8,8) size 512x781
  RenderBlock (relative positioned) {DIV} at (0,0) size 512x781
    RenderBlock {H2} at (0,0) size 512x29
      RenderText {#text} at (0,-3) size 80x36
        text run at (0,-3) width 80: "Bug 1"
    RenderBlock {P} at (0,55) size 512x203
      RenderText {#text} at (0,3) size 503x139
        text run at (0,3) width 503: "Safari public beta does not support CSS absolute positioning"
        text run at (0,32) width 489: "correctly (if at all). Immediately following the text position"
        text run at (0,61) width 450: "marked by the dagger, there is a <span> element that is"
        text run at (0,90) width 487: "positioned to the right of the <div> block that contains this"
        text run at (0,119) width 92: "paragraph\x{2020}"
      RenderText {#text} at (92,119) size 506x81
        text run at (92,119) width 382: ". In IE 5.x, Mozilla 1.2, and Chimera 0.6+, the"
        text run at (0,148) width 506: "contents of the <span> element appears in the margin directly"
        text run at (0,177) width 209: "to the right of the dagger."
    RenderBlock {P} at (0,279) size 512x87
      RenderText {#text} at (0,3) size 504x81
        text run at (0,3) width 469: "I should note that Chimera 0.6 rendered this test with the"
        text run at (0,32) width 504: "marginal note shifted down by one line; this has been fixed in"
        text run at (0,61) width 153: "subsequent builds."
    RenderBlock {H2} at (0,392) size 512x29
      RenderText {#text} at (0,-3) size 80x36
        text run at (0,-3) width 80: "Bug 2"
    RenderBlock {P} at (0,447) size 512x58
      RenderText {#text} at (0,7) size 489x44
        text run at (0,7) width 489: "Fonts also render substantially smaller than other browsers, which is not a good thing when"
        text run at (0,36) width 409: "you consider that most sites specify fonts that are too small in the first place."
    RenderBlock {P} at (0,526) size 512x58
      RenderText {#text} at (0,3) size 487x52
        text run at (0,3) width 487: "At the very least, the preferences panel needs a default text-"
        text run at (0,32) width 477: "zoom setting to enable compatibility with other browsers."
    RenderBlock {H2} at (0,610) size 512x29
      RenderText {#text} at (0,-3) size 80x36
        text run at (0,-3) width 80: "Bug 3"
    RenderBlock {P} at (0,665) size 512x116
      RenderText {#text} at (0,3) size 64x23
        text run at (0,3) width 64: "Worse, "
      RenderInline {I} at (0,0) size 484x52
        RenderText {#text} at (64,3) size 484x52
          text run at (64,3) width 420: "the \"make text bigger\" button does not scale line-"
          text run at (0,32) width 254: "height when it scales font-size"
      RenderText {#text} at (254,32) size 506x81
        text run at (254,32) width 212: " (hit it a few times on this"
        text run at (0,61) width 506: "page). This is a crippling flaw for people who need to enlarge"
        text run at (0,90) width 245: "the fonts to read comfortably."
layer at (546,179) size 200x49
  RenderBlock (positioned) {SPAN} at (538,171) size 200x48
    RenderText {#text} at (0,-1) size 196x50
      text run at (0,-1) width 191: "\x{2190} this should be to the right of"
      text run at (0,15) width 196: "the paragraph, lining up with the"
      text run at (0,31) width 42: "dagger"
