layer at (0,0) size 800x600
  RenderView at (0,0) size 800x600
layer at (0,0) size 800x600
  RenderBlock {HTML} at (0,0) size 800x600
layer at (8,8) size 612x150
  RenderBody {BODY} at (8,8) size 612x150 [border: (1px solid #000000)]
    RenderBlock {H1} at (6,6) size 600x37
      RenderText {#text} at (0,0) size 450x36
        text run at (0,0) width 450: "Word selection on right click test"
    RenderBlock (anonymous) at (6,64) size 600x80
      RenderText {#text} at (0,0) size 570x39
        text run at (0,0) width 570: "This tests to make sure that right clicking non-editable content only creates a word selection for"
        text run at (0,20) width 126: "clicks over text. The "
      RenderInline {SPAN} at (0,0) size 43x19
        RenderText {#text} at (126,20) size 43x19
          text run at (126,20) width 43: "second"
      RenderText {#text} at (169,20) size 587x59
        text run at (169,20) width 353: " word in this sentence should be selected when run through"
        text run at (0,40) width 524: "DumpRenderTree. To run manually, right click on text, and a word should be selected. "
        text run at (524,40) width 63: "Right click"
        text run at (0,60) width 572: "on the empty space outside and to the right of the black border, no selection should be created."
      RenderText {#text} at (0,0) size 0x0
      RenderText {#text} at (0,0) size 0x0
      RenderText {#text} at (0,0) size 0x0
