layer at (0,0) size 800x600
  RenderView at (0,0) size 800x600
layer at (0,0) size 800x600
  RenderBlock {HTML} at (0,0) size 800x600
    RenderBody {BODY} at (8,8) size 784x584
      RenderTextControl {INPUT} at (0,0) size 110x20 [bgcolor=#FFFFFF] [border: (2px inset #000000)]
      RenderText {#text} at (0,0) size 0x0
      RenderText {#text} at (0,0) size 0x0
layer at (10,11) size 106x14
  RenderBlock {DIV} at (2,3) size 106x14
    RenderText {#text} at (1,0) size 28x14
      text run at (1,0) width 28: " world"
    RenderText {#text} at (29,0) size 23x14
      text run at (29,0) width 23: "hello"
selection start: position 0 of child 1 {#text} of child 0 {DIV} of child 1 {INPUT} of child 1 {BODY} of child 0 {HTML} of document
selection end:   position 5 of child 1 {#text} of child 0 {DIV} of child 1 {INPUT} of child 1 {BODY} of child 0 {HTML} of document
