layer at (0,0) size 800x600
  RenderView at (0,0) size 800x600
layer at (0,0) size 800x600
  RenderBlock {HTML} at (0,0) size 800x600
    RenderBody {BODY} at (8,8) size 784x584
      RenderMenuList {SELECT} at (0,0) size 61x20 [color=#808080] [bgcolor=#FFFFFF] [border: (1px solid #808080)]
        RenderBlock (anonymous) at (1,1) size 59x18
          RenderText at (4,1) size 36x16
            text run at (4,1) width 36: "PASS"
      RenderBR {BR} at (61,15) size 0x0
      RenderMenuList {SELECT} at (0,20) size 61x20 [color=#808080] [bgcolor=#FFFFFF] [border: (1px solid #808080)]
        RenderBlock (anonymous) at (1,1) size 59x18
          RenderText at (4,1) size 36x16
            text run at (4,1) width 36: "PASS"
      RenderBR {BR} at (61,35) size 0x0
      RenderMenuList {SELECT} at (0,40) size 61x20 [bgcolor=#FFFFFF] [border: (1px solid #000000)]
        RenderBlock (anonymous) at (1,1) size 59x18
          RenderText at (4,1) size 36x16
            text run at (4,1) width 36: "PASS"
      RenderBR {BR} at (61,55) size 0x0
      RenderMenuList {SELECT} at (0,60) size 61x20 [bgcolor=#FFFFFF] [border: (1px solid #000000)]
        RenderBlock (anonymous) at (1,1) size 59x18
          RenderText at (4,1) size 36x16
            text run at (4,1) width 36: "PASS"
      RenderBR {BR} at (61,75) size 0x0
      RenderListBox {SELECT} at (0,80) size 57x69 [color=#808080] [bgcolor=#FFFFFF] [border: (1px inset #808080)]
      RenderBR {BR} at (57,142) size 0x0
      RenderListBox {SELECT} at (0,149) size 57x69 [color=#808080] [bgcolor=#FFFFFF] [border: (1px inset #808080)]
      RenderBR {BR} at (57,211) size 0x0
      RenderListBox {SELECT} at (0,218) size 57x69 [bgcolor=#FFFFFF] [border: (1px inset #808080)]
      RenderBR {BR} at (57,280) size 0x0
      RenderListBox {SELECT} at (0,287) size 57x69 [bgcolor=#FFFFFF] [border: (1px inset #808080)]
      RenderBR {BR} at (57,349) size 0x0
      RenderText {#text} at (0,356) size 472x19
        text run at (0,356) width 472: "PASS: sel1 correctly set to selectedIndex 1 by sel1.options[1].selected = true."
      RenderBR {BR} at (472,371) size 0x0
      RenderText {#text} at (0,376) size 425x19
        text run at (0,376) width 425: "PASS: sel2 correctly set to selectedIndex 1 by sel2.selectedIndex = 1."
      RenderBR {BR} at (425,391) size 0x0
      RenderText {#text} at (0,396) size 472x19
        text run at (0,396) width 472: "PASS: sel3 correctly set to selectedIndex 1 by sel3.options[1].selected = true."
      RenderBR {BR} at (472,411) size 0x0
      RenderText {#text} at (0,416) size 425x19
        text run at (0,416) width 425: "PASS: sel4 correctly set to selectedIndex 1 by sel4.selectedIndex = 1."
      RenderBR {BR} at (425,431) size 0x0
      RenderText {#text} at (0,436) size 472x19
        text run at (0,436) width 472: "PASS: sel5 correctly set to selectedIndex 1 by sel5.options[1].selected = true."
      RenderBR {BR} at (472,451) size 0x0
      RenderText {#text} at (0,456) size 425x19
        text run at (0,456) width 425: "PASS: sel6 correctly set to selectedIndex 1 by sel6.selectedIndex = 1."
      RenderBR {BR} at (425,471) size 0x0
      RenderText {#text} at (0,476) size 472x19
        text run at (0,476) width 472: "PASS: sel7 correctly set to selectedIndex 1 by sel7.options[1].selected = true."
      RenderBR {BR} at (472,491) size 0x0
      RenderText {#text} at (0,496) size 425x19
        text run at (0,496) width 425: "PASS: sel8 correctly set to selectedIndex 1 by sel8.selectedIndex = 1."
      RenderBR {BR} at (425,511) size 0x0
