layer at (0,0) size 800x600
  RenderView at (0,0) size 800x600
layer at (0,0) size 800x600
  RenderBlock {HTML} at (0,0) size 800x600
    RenderBody {BODY} at (8,8) size 784x584
      RenderBlock {P} at (0,0) size 784x20
        RenderText {#text} at (0,0) size 383x19
          text run at (0,0) width 383: "All of these selects should have the same amount of whitespace."
      RenderBlock (anonymous) at (0,36) size 784x278
        RenderText {#text} at (0,47) size 67x19
          text run at (0,47) width 67: "Five Tabs: "
        RenderListBox {SELECT} at (67,0) size 76x69 [bgcolor=#FFFFFF] [border: (1px inset #808080)]
        RenderBR {BR} at (143,62) size 0x0
        RenderBR {BR} at (0,69) size 0x19
        RenderText {#text} at (0,136) size 81x19
          text run at (0,136) width 81: "Five Spaces: "
        RenderListBox {SELECT} at (81,89) size 76x69 [bgcolor=#FFFFFF] [border: (1px inset #808080)]
        RenderBR {BR} at (157,151) size 0x0
        RenderBR {BR} at (0,158) size 0x19
        RenderText {#text} at (0,178) size 280x19
          text run at (0,178) width 280: "Five Spaces (with leading/trailing whitespace): "
        RenderMenuList {SELECT} at (280,178) size 96x20 [bgcolor=#FFFFFF] [border: (1px solid #000000)]
          RenderBlock (anonymous) at (1,1) size 94x18
            RenderText at (4,1) size 71x16
              text run at (4,1) width 71: "Five Spaces"
        RenderBR {BR} at (376,193) size 0x0
        RenderBR {BR} at (0,198) size 0x19
        RenderText {#text} at (0,218) size 266x19
          text run at (0,218) width 266: "Five Tabs (with leading/trailing whitespace): "
        RenderMenuList {SELECT} at (266,218) size 80x20 [bgcolor=#FFFFFF] [border: (1px solid #000000)]
          RenderBlock (anonymous) at (1,1) size 78x18
            RenderText at (4,1) size 55x16
              text run at (4,1) width 55: "Five Tabs"
        RenderBR {BR} at (346,233) size 0x0
        RenderBR {BR} at (0,238) size 0x19
        RenderText {#text} at (0,258) size 121x19
          text run at (0,258) width 121: "Mixed Whitespace: "
        RenderMenuList {SELECT} at (121,258) size 80x20 [bgcolor=#FFFFFF] [border: (1px solid #000000)]
          RenderBlock (anonymous) at (1,1) size 78x18
            RenderText at (4,1) size 55x16
              text run at (4,1) width 55: "Five Tabs"
        RenderText {#text} at (0,0) size 0x0
        RenderText {#text} at (0,0) size 0x0
        RenderText {#text} at (0,0) size 0x0
