layer at (0,0) size 800x600
  RenderView at (0,0) size 800x600
layer at (0,0) size 800x89
  RenderBlock {HTML} at (0,0) size 800x89
    RenderBody {BODY} at (8,16) size 784x57
      RenderBlock {DIV} at (0,0) size 784x57
        RenderBlock {P} at (0,0) size 784x20 [color=#00FF00]
          RenderInline {A} at (0,0) size 260x19 [color=#000000]
            RenderText {#text} at (0,0) size 260x19
              text run at (0,0) width 260: "This text should turn green while it is active."
          RenderText {#text} at (0,0) size 0x0
        RenderBlock {P} at (0,36) size 784x21 [color=#00FF00]
          RenderButton {BUTTON} at (0,1) size 228x20 [color=#000000] [bgcolor=#C0C0C0] [border: (2px outset #C0C0C0)]
            RenderBlock (anonymous) at (8,2) size 212x16
              RenderText {#text} at (3,1) size 206x14
                text run at (3,1) width 206: "This text should turn green while it is active."
          RenderText {#text} at (0,0) size 0x0
