layer at (0,0) size 800x600
  RenderView at (0,0) size 800x600
layer at (0,0) size 800x600
  RenderBlock {HTML} at (0,0) size 800x600
    RenderBody {BODY} at (8,8) size 784x584
      RenderBlock {INPUT} at (4,3) size 12x12
      RenderText {#text} at (19,0) size 209x19
        text run at (19,0) width 209: "This checkbox should be checked."
