layer at (0,0) size 800x600
  RenderView at (0,0) size 800x600
layer at (0,0) size 800x600
  RenderBlock {HTML} at (0,0) size 800x600
    RenderBody {BODY} at (8,8) size 784x584
      RenderText {#text} at (0,0) size 0x0
      RenderText {#text} at (0,0) size 0x0
      RenderText {#text} at (0,0) size 0x0
layer at (8,9) size 159x32 clip at (9,10) size 142x30 scrollHeight 72
  RenderTextControl {TEXTAREA} at (0,1) size 159x32 [bgcolor=#FFFFFF] [border: (1px solid #000000)]
    RenderBlock {DIV} at (3,3) size 138x70
      RenderText {#text} at (0,0) size 138x56
        text run at (0,0) width 133: "<!-- </textarea> --"
        text run at (0,14) width 7: ">"
        text run at (7,14) width 0: " "
        text run at (0,28) width 138: "This should be part "
        text run at (0,42) width 105: "of the textarea"
        text run at (105,42) width 0: " "
      RenderBR {BR} at (0,56) size 0x14
