layer at (0,0) size 800x600
  RenderView at (0,0) size 800x600
layer at (0,0) size 800x428
  RenderBlock {HTML} at (0,0) size 800x428
    RenderBody {BODY} at (8,16) size 784x396
      RenderBlock {P} at (0,0) size 784x40
        RenderText {#text} at (0,0) size 164x19
          text run at (0,0) width 164: "This is a regression test for "
        RenderInline {I} at (0,0) size 732x39
          RenderInline {A} at (0,0) size 350x19 [color=#0000EE]
            RenderText {#text} at (164,0) size 350x19
              text run at (164,0) width 350: "http://bugzilla.opendarwin.org/show_bug.cgi?id=9122"
          RenderText {#text} at (514,0) size 732x39
            text run at (514,0) width 4: " "
            text run at (518,0) width 214: "REGRESSION: Incorrect vertical"
            text run at (0,20) width 314: "position for text fields in a \"display: table\" block"
        RenderText {#text} at (314,20) size 4x19
          text run at (314,20) width 4: "."
      RenderBlock {P} at (0,56) size 784x40
        RenderText {#text} at (0,0) size 761x39
          text run at (0,0) width 761: "Type something in the text field. Resize the window. The text field should not jump down. Delete what you typed and resize the"
          text run at (0,20) width 241: "window. The text field should not move."
      RenderBlock {FORM} at (0,112) size 784x284
        RenderTable {DL} at (0,0) size 180x22
          RenderTableSection (anonymous) at (0,0) size 180x22
            RenderTableRow {DIV} at (0,0) size 180x22
              RenderTableCell {DT} at (0,1) size 25x20 [r=0 c=0 rs=1 cs=1]
                RenderText {#text} at (0,0) size 25x19
                  text run at (0,0) width 25: "Foo"
              RenderTableCell {DD} at (25,0) size 155x22 [r=0 c=1 rs=1 cs=1]
                RenderTextControl {INPUT} at (0,0) size 155x22 [bgcolor=#FFFFFF] [border: (2px inset #000000)]
        RenderBlock {HR} at (0,38) size 784x2 [border: (1px inset #000000)]
        RenderBlock {P} at (0,56) size 784x40
          RenderText {#text} at (0,0) size 770x39
            text run at (0,0) width 770: "And here's more. There should not be a difference in distance between the labels, nor any difference in distance between the text"
            text run at (0,20) width 35: "fields."
        RenderTable {DL} at (0,112) size 223x172
          RenderTableSection (anonymous) at (0,0) size 223x172
            RenderTableRow {DIV} at (0,0) size 223x22
              RenderTableCell {DT} at (0,1) size 25x20 [r=0 c=0 rs=1 cs=1]
                RenderText {#text} at (0,0) size 25x19
                  text run at (0,0) width 25: "Foo"
              RenderTableCell {DD} at (25,0) size 198x22 [r=0 c=1 rs=1 cs=1]
                RenderTextControl {INPUT} at (0,0) size 155x22 [bgcolor=#FFFFFF] [border: (2px inset #000000)]
            RenderTableRow {DIV} at (0,22) size 223x22
              RenderTableCell {DT} at (0,23) size 25x20 [r=1 c=0 rs=1 cs=1]
                RenderText {#text} at (0,0) size 25x19
                  text run at (0,0) width 25: "Foo"
              RenderTableCell {DD} at (25,22) size 198x22 [r=1 c=1 rs=1 cs=1]
                RenderTextControl {INPUT} at (0,0) size 155x22 [bgcolor=#FFFFFF] [border: (2px inset #000000)]
            RenderTableRow {DIV} at (0,44) size 223x22
              RenderTableCell {DT} at (0,45) size 25x20 [r=2 c=0 rs=1 cs=1]
                RenderText {#text} at (0,0) size 25x19
                  text run at (0,0) width 25: "Foo"
              RenderTableCell {DD} at (25,44) size 198x22 [r=2 c=1 rs=1 cs=1]
                RenderTextControl {INPUT} at (0,0) size 155x22 [bgcolor=#FFFFFF] [border: (2px inset #000000)]
            RenderTableRow {DIV} at (0,66) size 223x22
              RenderTableCell {DT} at (0,67) size 25x20 [r=3 c=0 rs=1 cs=1]
                RenderText {#text} at (0,0) size 25x19
                  text run at (0,0) width 25: "Foo"
              RenderTableCell {DD} at (25,66) size 198x22 [r=3 c=1 rs=1 cs=1]
                RenderTextControl {INPUT} at (0,0) size 155x22 [bgcolor=#FFFFFF] [border: (2px inset #000000)]
            RenderTableRow {DIV} at (0,88) size 223x22
              RenderTableCell {DT} at (0,89) size 25x20 [r=4 c=0 rs=1 cs=1]
                RenderText {#text} at (0,0) size 25x19
                  text run at (0,0) width 25: "Foo"
              RenderTableCell {DD} at (25,88) size 198x22 [r=4 c=1 rs=1 cs=1]
                RenderTextControl {INPUT} at (0,0) size 155x22 [bgcolor=#FFFFFF] [border: (2px inset #000000)]
            RenderTableRow {DIV} at (0,110) size 223x22
              RenderTableCell {DT} at (0,111) size 25x20 [r=5 c=0 rs=1 cs=1]
                RenderText {#text} at (0,0) size 25x19
                  text run at (0,0) width 25: "Foo"
              RenderTableCell {DD} at (25,110) size 198x22 [r=5 c=1 rs=1 cs=1]
                RenderTextControl {INPUT} at (0,0) size 155x22 [bgcolor=#FFFFFF] [border: (2px inset #000000)]
            RenderTableRow {DIV} at (0,132) size 223x40
              RenderTableCell {DT} at (0,152) size 25x20 [r=6 c=0 rs=1 cs=1]
                RenderText {#text} at (0,0) size 25x19
                  text run at (0,0) width 25: "Foo"
              RenderTableCell {DD} at (25,132) size 198x40 [r=6 c=1 rs=1 cs=1]
                RenderBlock {DIV} at (0,0) size 198x40
                  RenderBR {BR} at (0,0) size 0x19
                  RenderText {#text} at (0,20) size 198x19
                    text run at (0,20) width 198: "Bar (should be aligned with Foo)"
layer at (35,131) size 151x16
  RenderBlock {DIV} at (2,3) size 151x16
layer at (35,243) size 151x16
  RenderBlock {DIV} at (2,3) size 151x16
layer at (35,265) size 151x16
  RenderBlock {DIV} at (2,3) size 151x16
layer at (35,287) size 151x16
  RenderBlock {DIV} at (2,3) size 151x16
    RenderText {#text} at (1,0) size 20x16
      text run at (1,0) width 20: "Bar"
layer at (35,309) size 151x16
  RenderBlock {DIV} at (2,3) size 151x16
    RenderText {#text} at (1,0) size 20x16
      text run at (1,0) width 20: "Bar"
layer at (35,331) size 151x16
  RenderBlock {DIV} at (2,3) size 151x16
layer at (35,353) size 151x16
  RenderBlock {DIV} at (2,3) size 151x16
