layer at (0,0) size 800x600
  RenderView at (0,0) size 800x600
layer at (0,0) size 800x600
  RenderBlock {HTML} at (0,0) size 800x600
    RenderBody {BODY} at (8,8) size 784x576
      RenderBlock {H1} at (0,0) size 784x37
        RenderText {#text} at (0,0) size 265x36
          text run at (0,0) width 265: "CSS2 System Fonts"
      RenderBlock {P} at (0,58) size 784x20
        RenderText {#text} at (0,0) size 365x19
          text run at (0,0) width 365: "The following should appear with the fonts specified, per the "
        RenderInline {A} at (0,0) size 75x19 [color=#0000EE]
          RenderText {#text} at (365,0) size 75x19
            text run at (365,0) width 75: "CSS2 specs"
        RenderText {#text} at (440,0) size 332x19
          text run at (440,0) width 332: ". If they appear in a monospace font, the test has failed."
      RenderBlock {UL} at (0,94) size 784x90
        RenderListItem {LI} at (40,0) size 744x16
          RenderListMarker at (-16,0) size 6x15: bullet
          RenderText {#text} at (0,0) size 279x15
            text run at (0,0) width 279: "Caption (on Mac will be Lucida Grande 13.0 Regular)"
        RenderListItem {LI} at (40,16) size 744x16
          RenderListMarker at (-16,0) size 6x15: bullet
          RenderText {#text} at (0,0) size 526x15
            text run at (0,0) width 526: "Icon (on Mac will be Lucida Grande 13.0 Regular for now, not sure how to get this info from Finder)"
        RenderListItem {LI} at (40,32) size 744x16
          RenderListMarker at (-16,0) size 6x15: bullet
          RenderText {#text} at (0,0) size 269x15
            text run at (0,0) width 269: "Menu (on Mac will be Lucida Grande 13.0 Regular)"
        RenderListItem {LI} at (40,48) size 744x16
          RenderListMarker at (-16,0) size 6x15: bullet
          RenderText {#text} at (0,0) size 310x15
            text run at (0,0) width 310: "Message-Box (on Mac will be Lucida Grande 13.0 Regular)"
        RenderListItem {LI} at (40,64) size 744x14
          RenderListMarker at (-15,0) size 6x14: bullet
          RenderText {#text} at (0,0) size 273x14
            text run at (0,0) width 273: "Small-Caption (on Mac will be Lucida Grande 11.0 Regular)"
        RenderListItem {LI} at (40,78) size 744x12
          RenderListMarker at (-14,0) size 5x12: bullet
          RenderText {#text} at (0,0) size 228x12
            text run at (0,0) width 228: "Status-Bar (on Mac will be Lucida Grande 10.0 Regular)"
      RenderBlock {P} at (0,200) size 784x20
        RenderInline {A} at (0,0) size 173x19 [color=#0000EE]
          RenderText {#text} at (0,0) size 173x19
            text run at (0,0) width 173: "\x{AB} Return to Safari Bugs page"
