layer at (0,0) size 800x600
  RenderView at (0,0) size 800x600
layer at (0,0) size 800x600
  RenderBlock {HTML} at (0,0) size 800x600
    RenderBody {BODY} at (8,8) size 784x584
      RenderText {#text} at (0,0) size 778x39
        text run at (0,0) width 778: "Each square canvas should contain a colored gradient bordered by a narrow white margin and a black line. The column on the left"
        text run at (0,20) width 386: "contains linear gradients, the column on the right radial gradients."
      RenderBR {BR} at (386,35) size 0x0
      RenderHTMLCanvas {CANVAS} at (0,40) size 102x102 [border: (1px solid #000000)]
      RenderHTMLCanvas {CANVAS} at (102,40) size 102x102 [border: (1px solid #000000)]
      RenderText {#text} at (204,127) size 93x19
        text run at (204,127) width 93: " Green to white"
      RenderBR {BR} at (297,142) size 0x0
      RenderHTMLCanvas {CANVAS} at (0,147) size 102x102 [border: (1px solid #000000)]
      RenderHTMLCanvas {CANVAS} at (102,147) size 102x102 [border: (1px solid #000000)]
      RenderText {#text} at (204,234) size 133x19
        text run at (204,234) width 133: " Green to white to red"
      RenderBR {BR} at (337,249) size 0x0
      RenderHTMLCanvas {CANVAS} at (0,254) size 102x102 [border: (1px solid #000000)]
      RenderHTMLCanvas {CANVAS} at (102,254) size 102x102 [border: (1px solid #000000)]
      RenderText {#text} at (204,341) size 451x19
        text run at (204,341) width 451: " Blue to white in the top (inner) half, red to yellow in the bottom (outer) half"
      RenderBR {BR} at (655,356) size 0x0
      RenderHTMLCanvas {CANVAS} at (0,361) size 102x102 [border: (1px solid #000000)]
      RenderHTMLCanvas {CANVAS} at (102,361) size 102x102 [border: (1px solid #000000)]
      RenderText {#text} at (204,448) size 287x19
        text run at (204,448) width 287: " Blue to white, red to yellow (same as previous)"
      RenderBR {BR} at (491,463) size 0x0
      RenderHTMLCanvas {CANVAS} at (0,468) size 102x102 [border: (1px solid #000000)]
      RenderHTMLCanvas {CANVAS} at (102,468) size 102x102 [border: (1px solid #000000)]
      RenderText {#text} at (204,555) size 287x19
        text run at (204,555) width 287: " Blue to white, red to yellow (same as previous)"
      RenderBR {BR} at (491,570) size 0x0
