layer at (0,0) size 800x600
  RenderView at (0,0) size 800x600
layer at (0,0) size 800x600
  RenderBlock {HTML} at (0,0) size 800x600
    RenderBody {BODY} at (8,8) size 784x576
      RenderBlock {FORM} at (0,0) size 784x40
        RenderText {#text} at (159,19) size 4x19
          text run at (159,19) width 4: " "
        RenderText {#text} at (322,19) size 4x19
          text run at (322,19) width 4: " "
        RenderButton {INPUT} at (326,20) size 47x20 [bgcolor=#C0C0C0] [border: (2px outset #C0C0C0)]
          RenderBlock (anonymous) at (8,2) size 31x16
            RenderText at (3,1) size 25x14
              text run at (3,1) width 25: "Reset"
        RenderText {#text} at (0,0) size 0x0
      RenderBlock {P} at (0,56) size 784x80
        RenderText {#text} at (0,0) size 345x19
          text run at (0,0) width 345: "This test verifies that textarea controls are properly reset. "
        RenderBR {BR} at (345,15) size 0x0
        RenderText {#text} at (0,20) size 451x19
          text run at (0,20) width 451: "You should see two element IDs below, and the word \"SUCCESS\" twice: "
        RenderBR {BR} at (451,35) size 0x0
        RenderText {#text} at (0,40) size 165x19
          text run at (0,40) width 165: "noDefaultText: SUCCESS "
        RenderBR {BR} at (165,55) size 0x0
        RenderText {#text} at (0,60) size 166x19
          text run at (0,60) width 166: "hasDefaultText: SUCCESS"
        RenderText {#text} at (0,0) size 0x0
        RenderText {#text} at (0,0) size 0x0
layer at (8,9) size 159x32 clip at (9,10) size 157x30
  RenderTextControl {TEXTAREA} at (0,1) size 159x32 [bgcolor=#FFFFFF] [border: (1px solid #000000)]
    RenderBlock {DIV} at (3,3) size 138x14
layer at (171,9) size 159x32 clip at (172,10) size 157x30
  RenderTextControl {TEXTAREA} at (163,1) size 159x32 [bgcolor=#FFFFFF] [border: (1px solid #000000)]
    RenderBlock {DIV} at (3,3) size 138x14
      RenderText {#text} at (0,0) size 84x14
        text run at (0,0) width 84: "Default Text"
