layer at (0,0) size 800x600
  RenderView at (0,0) size 800x600
layer at (0,0) size 800x124
  RenderBlock {HTML} at (0,0) size 800x124
    RenderBody {BODY} at (8,8) size 784x96
      RenderBlock (anonymous) at (0,0) size 784x20
        RenderInline {DIV} at (0,0) size 240x18 [color=#FFFFFF] [bgcolor=#FF0000]
          RenderText {#text} at (16,0) size 240x18
            text run at (16,0) width 240: "Ahem_font_required_for_this_test."
        RenderText {#text} at (0,0) size 0x0
      RenderBlock {P} at (0,36) size 784x20
        RenderText {#text} at (0,0) size 275x19
          text run at (0,0) width 275: "There should be a green block below, no red."
      RenderBlock {DIV} at (20,76) size 80x20 [color=#008000] [bgcolor=#FF0000]
        RenderText {#text} at (0,-1) size 77x22
          text run at (0,-1) width 41: "xxxx "
          text run at (41,-1) width 36: "xxxx"
