layer at (0,0) size 800x600
  RenderView at (0,0) size 800x600
layer at (0,0) size 800x162
  RenderBlock {HTML} at (0,0) size 800x80
    RenderBody {BODY} at (8,8) size 784x56
      RenderBlock (anonymous) at (0,0) size 784x20
        RenderInline {DIV} at (0,0) size 240x18 [color=#FFFFFF] [bgcolor=#FF0000]
          RenderText {#text} at (0,0) size 240x18
            text run at (0,0) width 240: "Ahem_font_required_for_this_test."
        RenderText {#text} at (0,0) size 0x0
      RenderBlock {P} at (0,36) size 784x20
        RenderText {#text} at (0,0) size 271x19
          text run at (0,0) width 271: "The following two blocks should be identical."
      RenderBlock (floating) {DIV} at (16,88) size 30x16 [color=#00FF00] [bgcolor=#008000]
        RenderText {#text} at (0,-1) size 5x19
          text run at (0,-1) width 5: "["
        RenderInline {SPAN} at (0,0) size 4x19
          RenderText {#text} at (5,-1) size 4x19
            text run at (5,-1) width 4: " "
        RenderInline {SPAN} at (0,0) size 4x19
          RenderText {#text} at (9,-1) size 4x19
            text run at (9,-1) width 4: " "
        RenderInline {SPAN} at (0,0) size 4x19
          RenderText {#text} at (13,-1) size 4x19
            text run at (13,-1) width 4: " "
        RenderInline {SPAN} at (0,0) size 4x19
          RenderText {#text} at (17,-1) size 4x19
            text run at (17,-1) width 4: " "
        RenderInline {SPAN} at (0,0) size 4x19
          RenderText {#text} at (21,-1) size 4x19
            text run at (21,-1) width 4: " "
        RenderText {#text} at (25,-1) size 5x19
          text run at (25,-1) width 5: "]"
      RenderBlock (floating) {DIV} at (16,136) size 30x16 [color=#00FF00] [bgcolor=#008000]
        RenderText {#text} at (0,-1) size 30x19
          text run at (0,-1) width 30: "[     ]"
