layer at (0,0) size 800x600
  RenderView at (0,0) size 800x600
layer at (0,0) size 800x32
  RenderBlock {HTML} at (0,0) size 800x32
    RenderBody {BODY} at (8,8) size 784x16
      RenderBlock {DIV} at (0,0) size 304x16 [color=#00FF00] [bgcolor=#008000]
        RenderInline {SPAN} at (0,0) size 32x19
          RenderText {#text} at (0,-1) size 32x19
            text run at (0,-1) width 32: "1234"
        RenderText {#text} at (32,-1) size 202x19
          text run at (32,-1) width 202: "567890123456789 xxxx xxxx xx"
