layer at (0,0) size 800x600
  RenderView at (0,0) size 800x600
layer at (0,0) size 800x600
  RenderBlock {HTML} at (0,0) size 800x600
    RenderBody {BODY} at (8,8) size 784x584
      RenderBlock {P} at (0,0) size 784x40
        RenderText {#text} at (0,0) size 781x39
          text run at (0,0) width 516: "This tests for a crash when attempting to break a blockquote at the end of its content. "
          text run at (516,0) width 265: "The caret should be in the first of two empty"
          text run at (0,20) width 305: "paragraphs between two pieces of quoted content."
      RenderBlock {DIV} at (0,56) size 784x100
        RenderBlock {BLOCKQUOTE} at (0,0) size 784x30 [color=#0000FF] [border: (2px solid #0000FF)]
          RenderTable {TABLE} at (7,0) size 30x30 [color=#000000] [border: (1px outset #808080)]
            RenderTableSection {TBODY} at (1,1) size 28x28
              RenderTableRow {TR} at (0,2) size 28x24
                RenderTableCell {TD} at (2,2) size 24x24 [border: (1px inset #808080)] [r=0 c=0 rs=1 cs=1]
                  RenderText {#text} at (2,2) size 20x19
                    text run at (2,2) width 20: "foo"
        RenderBlock (anonymous) at (0,30) size 784x40
          RenderBR {BR} at (0,0) size 0x19
          RenderBR {BR} at (0,20) size 0x19
        RenderBlock {BLOCKQUOTE} at (0,70) size 784x30 [color=#0000FF] [border: (2px solid #0000FF)]
          RenderTable {TABLE} at (7,0) size 30x30 [color=#000000] [border: (1px outset #808080)]
            RenderTableSection {TBODY} at (1,1) size 28x28
              RenderTableRow {TR} at (0,2) size 28x24
                RenderTableCell {TD} at (2,2) size 24x24 [border: (1px inset #808080)] [r=0 c=0 rs=1 cs=1]
                  RenderText {#text} at (2,2) size 20x19
                    text run at (2,2) width 20: "bar"
caret: position 0 of child 2 {BR} of child 2 {DIV} of child 1 {BODY} of child 0 {HTML} of document
