layer at (0,0) size 800x600
  RenderView at (0,0) size 800x600
layer at (0,0) size 800x600
  RenderBlock {HTML} at (0,0) size 800x600
    RenderBody {BODY} at (8,8) size 784x584
      RenderTextControl {INPUT} at (0,0) size 110x20 [bgcolor=#FFFFFF] [border: (2px inset #000000)]
      RenderBR {BR} at (110,14) size 0x0
      RenderTextControl {INPUT} at (0,21) size 110x20 [bgcolor=#FFFFFF] [border: (2px inset #000000)]
      RenderText {#text} at (110,20) size 4x19
        text run at (110,20) width 4: " "
      RenderText {#text} at (114,20) size 431x19
        text run at (114,20) width 431: "tabbing between forms in design mode (nothing happens at the moment)"
      RenderBR {BR} at (545,35) size 0x0
layer at (10,11) size 106x14
  RenderBlock {DIV} at (2,3) size 106x14
    RenderInline {SPAN} at (0,0) size 24x14
      RenderText {#text} at (1,0) size 24x14
        text run at (1,0) width 24: "\x{9}"
layer at (10,32) size 106x14
  RenderBlock {DIV} at (2,3) size 106x14
caret: position 1 of child 0 {#text} of child 0 {SPAN} of child 0 {DIV} of child 1 {INPUT} of child 0 {BODY} of child 0 {HTML} of document
