layer at (0,0) size 800x600
  RenderView at (0,0) size 800x600
layer at (0,0) size 800x418
  RenderBlock {HTML} at (0,0) size 800x418
    RenderBody {BODY} at (8,8) size 784x402
      RenderBlock (anonymous) at (0,0) size 784x20
        RenderInline {DIV} at (0,0) size 240x18 [color=#FFFFFF] [bgcolor=#FF0000]
          RenderText {#text} at (0,0) size 240x18
            text run at (0,0) width 240: "Ahem_font_required_for_this_test."
        RenderText {#text} at (0,0) size 0x0
      RenderBlock {P} at (0,36) size 784x20
        RenderText {#text} at (0,0) size 471x19
          text run at (0,0) width 471: "The following two columns should be pixel perfect identical with no red visible."
      RenderTable {TABLE} at (0,72) size 92x256 [bgcolor=#FF0000] [border: (3px solid #000000)]
        RenderTableSection {TBODY} at (3,3) size 86x250
          RenderTableRow {TR} at (0,0) size 86x250
            RenderTableCell {TD} at (0,0) size 36x250 [bgcolor=#FFA500] [r=0 c=0 rs=1 cs=1]
              RenderBlock {DIV} at (0,50) size 36x50 [color=#FFFF00] [bgcolor=#FF0000]
                RenderText {#text} at (0,-3) size 36x57
                  text run at (0,-3) width 36: "X"
              RenderBlock {DIV} at (0,150) size 36x50 [color=#00FF00] [bgcolor=#FF0000]
                RenderText {#text} at (0,-3) size 36x57
                  text run at (0,-3) width 36: "X"
            RenderTableCell {TD} at (36,0) size 50x250 [r=0 c=1 rs=1 cs=1]
              RenderBlock {DIV} at (0,0) size 50x50 [border: (50px solid #FFA500) none]
              RenderBlock {DIV} at (0,50) size 50x50 [border: (50px solid #FFFF00) none]
              RenderBlock {DIV} at (0,100) size 50x50 [border: (50px solid #FFA500) none]
              RenderBlock {DIV} at (0,150) size 50x50 [border: (50px solid #00FF00) none]
              RenderBlock {DIV} at (0,200) size 50x50 [border: (50px solid #FFA500) none]
      RenderBlock {P} at (0,344) size 784x20
        RenderText {#text} at (0,0) size 531x19
          text run at (0,0) width 531: "Control: This test is meaningless if you see any red below. (You should only see orange.)"
      RenderBlock {DIV} at (0,380) size 166x22 [bgcolor=#FF0000] [border: (3px solid #000000)]
        RenderBlock {DIV} at (3,3) size 160x16 [border: (16px solid #FFA500) none]
