layer at (0,0) size 800x600
  RenderView at (0,0) size 800x600
layer at (0,0) size 800x600
  RenderBlock {HTML} at (0,0) size 800x600
    RenderBody {BODY} at (8,8) size 784x584
      RenderBlock {P} at (0,0) size 784x40
        RenderText {#text} at (0,0) size 770x39
          text run at (0,0) width 398: "This tests for a crash when pasting into a link that is display:block. "
          text run at (398,0) width 372: "'bar' is pasted between 'foo' and 'baz', and must be part of the"
          text run at (0,20) width 347: "link in order to acheive the expected paragraph structure. "
          text run at (347,20) width 329: "It should be part of the link but of the default font style."
      RenderBlock {DIV} at (0,56) size 784x20
        RenderBlock {A} at (0,0) size 784x20 [color=#0000EE]
          RenderText {#text} at (0,0) size 20x19
            text run at (0,0) width 20: "foo"
          RenderInline {SPAN} at (0,0) size 41x19 [color=#000000]
            RenderText {#text} at (20,0) size 20x19
              text run at (20,0) width 20: "bar"
            RenderInline {A} at (0,0) size 21x19 [color=#0000EE]
              RenderText {#text} at (40,0) size 21x19
                text run at (40,0) width 21: "baz"
        RenderBlock (anonymous) at (0,20) size 784x0
caret: position 3 of child 0 {#text} of child 1 {SPAN} of child 0 {A} of child 2 {DIV} of child 0 {BODY} of child 0 {HTML} of document
