layer at (0,0) size 800x600
  RenderView at (0,0) size 800x600
layer at (0,0) size 800x600
  RenderBlock {HTML} at (0,0) size 800x600
    RenderBody {BODY} at (8,8) size 784x576
      RenderBlock {P} at (0,0) size 784x20
        RenderText {#text} at (0,0) size 715x19
          text run at (0,0) width 715: "The following is a test for DOM manipulation within <ruby>: Removing the last <rt>, leaving the base without ruby text."
      RenderBlock {P} at (0,36) size 784x20
        RenderText {#text} at (0,0) size 409x19
          text run at (0,0) width 409: "Both lines should look identical (the first line is the one manipulated)."
      RenderBlock (anonymous) at (0,72) size 784x40
        RenderBR {BR} at (0,0) size 0x19
        RenderBR {BR} at (0,20) size 0x19
      RenderBlock {P} at (0,128) size 784x32
        RenderText {#text} at (0,12) size 64x19
          text run at (0,12) width 64: "\x{6E96}\x{592A}\x{90CE}\x{306F}"
        RenderRuby (inline) {RUBY} at (0,0) size 82x19
          RenderRubyRun (anonymous) at (64,0) size 50x32
            RenderRubyText {RT} at (0,0) size 50x12
              RenderText {#text} at (0,0) size 50x12
                text run at (0,0) width 50: "\x{3053}\x{3046}\x{304E}\x{3087}\x{3046}"
            RenderRubyBase (anonymous) at (0,12) size 50x20
              RenderText {#text} at (9,0) size 32x19
                text run at (9,0) width 32: "\x{5DE5}\x{696D}"
          RenderRubyRun (anonymous) at (114,12) size 32x20
            RenderRubyBase (anonymous) at (0,0) size 32x20
              RenderText {#text} at (0,0) size 32x19
                text run at (0,0) width 32: "\x{5927}\x{5B66}"
        RenderText {#text} at (146,12) size 144x19
          text run at (146,12) width 144: "\x{304B}\x{3089}\x{5352}\x{696D}\x{3057}\x{307E}\x{3057}\x{305F}\x{3002}"
      RenderBlock {P} at (0,176) size 784x32
        RenderText {#text} at (0,12) size 64x19
          text run at (0,12) width 64: "\x{6E96}\x{592A}\x{90CE}\x{306F}"
        RenderRuby (inline) {RUBY} at (0,0) size 82x19
          RenderRubyRun (anonymous) at (64,0) size 50x32
            RenderRubyText {RT} at (0,0) size 50x12
              RenderText {#text} at (0,0) size 50x12
                text run at (0,0) width 50: "\x{3053}\x{3046}\x{304E}\x{3087}\x{3046}"
            RenderRubyBase (anonymous) at (0,12) size 50x20
              RenderText {#text} at (9,0) size 32x19
                text run at (9,0) width 32: "\x{5DE5}\x{696D}"
          RenderRubyRun (anonymous) at (114,12) size 32x20
            RenderRubyBase (anonymous) at (0,0) size 32x20
              RenderText {#text} at (0,0) size 32x19
                text run at (0,0) width 32: "\x{5927}\x{5B66}"
        RenderText {#text} at (146,12) size 144x19
          text run at (146,12) width 144: "\x{304B}\x{3089}\x{5352}\x{696D}\x{3057}\x{307E}\x{3057}\x{305F}\x{3002}"
