layer at (0,0) size 800x600
  RenderView at (0,0) size 800x600
layer at (0,0) size 800x600
  RenderBlock {HTML} at (0,0) size 800x600
    RenderBody {BODY} at (8,8) size 784x584
      RenderBlock (anonymous) at (0,0) size 784x80
        RenderText {#text} at (0,0) size 770x59
          text run at (0,0) width 750: "This is a test for multiple ruby runs and line breaks. There is a div with a blue border and 10px padding. This contains a single"
          text run at (0,20) width 437: "<ruby> markup in the text contained in the block, broken across 2 lines. "
          text run at (437,20) width 333: "Part of it should be on the first line, the rest on the other"
          text run at (0,40) width 28: "line. "
        RenderBR {BR} at (28,55) size 0x0
        RenderBR {BR} at (0,60) size 0x19
      RenderBlock {DIV} at (0,80) size 284x88 [border: (2px solid #0000FF)]
        RenderText {#text} at (12,24) size 224x19
          text run at (12,24) width 224: "\x{FF23}\x{FF33}\x{FF33}\x{FF13}\x{FF0F}\x{FF28}\x{FF34}\x{FF2D}\x{FF2C}\x{FF15}\x{306E}\x{30EB}\x{30D3}\x{306F}"
        RenderRuby (inline) {RUBY} at (0,0) size 260x51
          RenderRubyRun (anonymous) at (236,12) size 16x32
            RenderRubyText {RT} at (0,0) size 16x12
              RenderText {#text} at (3,0) size 10x12
                text run at (3,0) width 10: "\x{306B}"
            RenderRubyBase (anonymous) at (0,12) size 16x20
              RenderText {#text} at (0,0) size 16x19
                text run at (0,0) width 16: "\x{65E5}"
          RenderRubyRun (anonymous) at (252,12) size 20x32
            RenderRubyText {RT} at (0,0) size 20x12
              RenderText {#text} at (0,0) size 20x12
                text run at (0,0) width 20: "\x{307B}\x{3093}"
            RenderRubyBase (anonymous) at (0,12) size 20x20
              RenderText {#text} at (2,0) size 16x19
                text run at (2,0) width 16: "\x{672C}"
          RenderRubyRun (anonymous) at (12,44) size 16x32
            RenderRubyText {RT} at (0,0) size 16x12
              RenderText {#text} at (3,0) size 10x12
                text run at (3,0) width 10: "\x{3054}"
            RenderRubyBase (anonymous) at (0,12) size 16x20
              RenderText {#text} at (0,0) size 16x19
                text run at (0,0) width 16: "\x{8A9E}"
        RenderText {#text} at (28,56) size 176x19
          text run at (28,56) width 176: "\x{306B}\x{3088}\x{304F}\x{4F7F}\x{308F}\x{308C}\x{3066}\x{3044}\x{307E}\x{3059}\x{3002}"
