layer at (0,0) size 800x600
  RenderView at (0,0) size 800x600
layer at (0,0) size 800x600
  RenderBlock {HTML} at (0,0) size 800x600
    RenderBody {BODY} at (8,8) size 784x584
      RenderBlock {P} at (0,0) size 784x14
        RenderText {#text} at (0,0) size 283x14
          text run at (0,0) width 218: "Text inside input field should not be truncated. "
          text run at (218,0) width 65: "Bug 1008046."
      RenderBlock (anonymous) at (0,25) size 784x22
        RenderTextControl {INPUT} at (0,0) size 300x22 [bgcolor=#FFFFFF] [border: (2px inset #000000)]
        RenderText {#text} at (0,0) size 0x0
        RenderText {#text} at (0,0) size 0x0
        RenderText {#text} at (0,0) size 0x0
layer at (10,36) size 296x16
  RenderBlock {DIV} at (2,3) size 296x16
    RenderText {#text} at (1,0) size 49x15
      text run at (1,0) width 49: "something"
