layer at (0,0) size 800x600
  RenderView at (0,0) size 800x600
layer at (0,0) size 800x600
  RenderBlock {HTML} at (0,0) size 800x600
    RenderBody {BODY} at (8,8) size 784x584
      RenderBlock {P} at (0,0) size 784x20
        RenderText {#text} at (0,0) size 512x19
          text run at (0,0) width 512: "This test checks if correct min width is applied to \"input type=text\". See Bug#718717"
      RenderBlock (anonymous) at (0,36) size 784x20
        RenderTextControl {INPUT} at (0,0) size 34x20 [bgcolor=#FFFFFF] [border: (2px inset #000000)]
        RenderText {#text} at (0,0) size 0x0
        RenderText {#text} at (0,0) size 0x0
layer at (10,47) size 30x14
  RenderBlock {DIV} at (2,3) size 30x14
    RenderText {#text} at (1,0) size 12x14
      text run at (1,0) width 12: "19"
