layer at (0,0) size 800x600
  RenderView at (0,0) size 800x600
layer at (0,0) size 800x600
  RenderBlock {HTML} at (0,0) size 800x600
    RenderBody {BODY} at (8,8) size 784x584
      RenderBlock {CENTER} at (0,0) size 784x56
        RenderBlock {FORM} at (0,0) size 784x20
          RenderTable {TABLE} at (97,0) size 590x20
            RenderTableSection {TBODY} at (0,0) size 590x20
              RenderTableRow {TR} at (0,0) size 590x20
                RenderTableCell {TD} at (0,0) size 150x20 [r=0 c=0 rs=2 cs=1]
                  RenderText {#text} at (0,0) size 4x19
                    text run at (0,0) width 4: " "
                RenderTableCell {TD} at (150,0) size 190x20 [r=0 c=1 rs=1 cs=1]
                  RenderTextControl {INPUT} at (0,0) size 190x20 [bgcolor=#FFFFFF] [border: (2px inset #000000)]
                  RenderText {#text} at (0,0) size 0x0
                RenderTableCell {TD} at (340,0) size 90x20 [r=0 c=2 rs=1 cs=1]
                  RenderButton {INPUT} at (0,0) size 90x20 [bgcolor=#C0C0C0] [border: (2px outset #C0C0C0)]
                    RenderBlock (anonymous) at (8,2) size 74x16
                      RenderText at (3,1) size 68x14
                        text run at (3,1) width 68: "Search Froogle"
                  RenderText {#text} at (0,0) size 0x0
                RenderTableCell {TD} at (430,1) size 160x18 [r=0 c=3 rs=2 cs=1]
                  RenderInline {LABEL} at (0,0) size 118x12
                    RenderText {#text} at (0,0) size 0x0
                    RenderBlock {INPUT} at (14,3) size 12x12
                    RenderText {#text} at (29,5) size 99x12
                      text run at (29,5) width 99: " Remember this location"
                  RenderText {#text} at (0,0) size 0x0
        RenderBlock (anonymous) at (0,36) size 784x20
          RenderBR {BR} at (392,0) size 0x19
layer at (257,11) size 186x14
  RenderBlock {DIV} at (2,3) size 186x14
caret: position 1 of child 0 {#text} of child 1 {TD} of child 0 {TR} of child 1 {TBODY} of child 1 {TABLE} of child 1 {FORM} of child 1 {CENTER} of child 1 {BODY} of child 0 {HTML} of document
