layer at (0,0) size 800x600
  RenderView at (0,0) size 800x600
layer at (0,0) size 800x600
  RenderBlock {HTML} at (0,0) size 800x600
    RenderBody {BODY} at (8,8) size 784x584
      RenderText {#text} at (0,0) size 574x19
        text run at (0,0) width 574: "This tests that setting remove a child frame in onload event handler does not crash the renderer. "
      RenderBR {BR} at (574,15) size 0x0
      RenderPartObject {IFRAME} at (0,20) size 304x154 [border: (2px inset #000000)]
        layer at (0,0) size 300x150
          RenderView at (0,0) size 300x150
        layer at (0,0) size 300x150
          RenderBlock {HTML} at (0,0) size 300x150
            RenderBody {BODY} at (8,8) size 284x134
      RenderText {#text} at (304,159) size 4x19
        text run at (304,159) width 4: " "
      RenderText {#text} at (0,0) size 0x0
      RenderText {#text} at (0,0) size 0x0
      RenderPartObject {IFRAME} at (308,20) size 304x154 [border: (2px inset #000000)]
        layer at (0,0) size 300x150
          RenderView at (0,0) size 300x150
        layer at (0,0) size 300x8
          RenderBlock {HTML} at (0,0) size 300x8
            RenderBody {BODY} at (8,8) size 284x0
