layer at (0,0) size 800x600
  RenderView at (0,0) size 800x600
layer at (0,0) size 800x192
  RenderBlock {HTML} at (0,0) size 800x192
    RenderBody {BODY} at (8,8) size 784x176
      RenderBlock (anonymous) at (0,0) size 784x20
        RenderInline {DIV} at (0,0) size 240x18 [color=#FFFFFF] [bgcolor=#FF0000]
          RenderText {#text} at (0,0) size 240x18
            text run at (0,0) width 240: "Ahem_font_required_for_this_test."
        RenderText {#text} at (0,0) size 0x0
      RenderBlock {P} at (0,36) size 784x20
        RenderText {#text} at (0,0) size 421x19
          text run at (0,0) width 421: "There should be no red below, only a green square bordered in green."
      RenderTable {TABLE} at (0,72) size 74x104
        RenderTableSection {TBODY} at (0,0) size 74x104
          RenderTableRow {TR} at (0,2) size 74x100
            RenderTableCell {TD} at (2,2) size 70x100 [color=#800000] [bgcolor=#FF0000] [r=0 c=0 rs=1 cs=1]
              RenderBlock {DIV} at (0,0) size 70x20 [color=#008000]
                RenderText {#text} at (0,-1) size 70x22
                  text run at (0,-1) width 70: "XXXXX"
              RenderBlock {DIV} at (0,20) size 70x20 [color=#008000]
                RenderInline {SPAN} at (0,0) size 43x22 [bgcolor=#00FF00]
                  RenderText {#text} at (0,-1) size 43x22
                    text run at (0,-1) width 43: "X   X"
              RenderBlock {DIV} at (0,40) size 70x20 [color=#008000]
                RenderInline {SPAN} at (0,0) size 43x22 [bgcolor=#00FF00]
                  RenderText {#text} at (0,-1) size 43x22
                    text run at (0,-1) width 43: "X\x{200B} \x{200B} \x{200B} \x{200B}X"
              RenderBlock {DIV} at (0,60) size 70x20 [color=#008000]
                RenderInline {SPAN} at (0,0) size 43x22 [bgcolor=#00FF00]
                  RenderText {#text} at (0,-1) size 43x22
                    text run at (0,-1) width 43: "X \x{200B} \x{200B} X"
              RenderBlock {DIV} at (0,80) size 70x20 [color=#008000]
                RenderText {#text} at (0,-1) size 70x22
                  text run at (0,-1) width 70: "XXXXX"
