layer at (0,0) size 800x600
  RenderView at (0,0) size 800x600
layer at (0,0) size 800x154
  RenderBlock {HTML} at (0,0) size 800x154
    RenderBody {BODY} at (8,8) size 784x138
      RenderBlock (anonymous) at (0,0) size 784x20
        RenderInline {DIV} at (0,0) size 240x18 [color=#FFFFFF] [bgcolor=#FF0000]
          RenderText {#text} at (0,0) size 240x18
            text run at (0,0) width 240: "Ahem_font_required_for_this_test."
        RenderText {#text} at (0,0) size 0x0
      RenderTable {TABLE} at (0,20) size 138x118
        RenderTableSection {TBODY} at (0,0) size 138x118
          RenderTableRow {TR} at (0,2) size 138x114
            RenderTableCell {TD} at (2,2) size 134x114 [r=0 c=0 rs=1 cs=1]
              RenderBlock {DIV} at (1,1) size 132x112 [color=#00FF00] [bgcolor=#008000]
                RenderText {#text} at (0,-1) size 132x115
                  text run at (0,-1) width 84: "                     "
                  text run at (84,-1) width 0: " "
                  text run at (0,15) width 132: " xxxx xxxx xxxx xxxx "
                  text run at (132,15) width 0: " "
                  text run at (0,31) width 102: " x  x x  x x    x    "
                  text run at (102,31) width 0: " "
                  text run at (0,47) width 128: " xxxx xxxx xxxx xxxx"
                  text run at (128,47) width 0: " "
                  text run at (0,63) width 99: " x    x  x    x    x "
                  text run at (99,63) width 0: " "
                  text run at (0,79) width 117: " x    x  x xxxx xxxx "
                  text run at (117,79) width 0: " "
                  text run at (0,95) width 84: "                     "
