layer at (0,0) size 785x1106
  RenderView at (0,0) size 785x600
layer at (0,0) size 785x1106
  RenderBlock {HTML} at (0,0) size 785x8
    RenderBody {BODY} at (8,8) size 769x0
      RenderBlock (floating) {DIV} at (0,0) size 352x832 [border: (1px solid #FF0000)]
        RenderBlock (anonymous) at (1,1) size 350x14
          RenderText {#text} at (0,-1) size 177x16
            text run at (0,-1) width 177: "Plain textarea with little content"
        RenderBlock {DIV} at (1,15) size 352x40 [border: (1px solid #FF0000)]
          RenderText {#text} at (1,24) size 13x16
            text run at (1,24) width 13: "A "
          RenderText {#text} at (175,24) size 12x16
            text run at (175,24) width 12: " B"
        RenderBlock (anonymous) at (1,55) size 350x14
          RenderText {#text} at (0,-1) size 75x16
            text run at (0,-1) width 75: "Plain textarea"
        RenderBlock {DIV} at (1,69) size 352x40 [border: (1px solid #FF0000)]
          RenderText {#text} at (1,24) size 13x16
            text run at (1,24) width 13: "A "
          RenderText {#text} at (175,24) size 12x16
            text run at (175,24) width 12: " B"
        RenderBlock (anonymous) at (1,109) size 350x14
          RenderText {#text} at (0,-1) size 96x16
            text run at (0,-1) width 96: "Disabled textarea"
        RenderBlock {DIV} at (1,123) size 352x40 [border: (1px solid #FF0000)]
          RenderText {#text} at (1,24) size 13x16
            text run at (1,24) width 13: "A "
          RenderText {#text} at (175,24) size 12x16
            text run at (175,24) width 12: " B"
        RenderBlock (anonymous) at (1,163) size 350x14
          RenderText {#text} at (0,-1) size 119x16
            text run at (0,-1) width 119: "style=\"padding:10px\""
        RenderBlock {DIV} at (1,177) size 352x56 [border: (1px solid #FF0000)]
          RenderText {#text} at (1,40) size 13x16
            text run at (1,40) width 13: "A "
          RenderText {#text} at (191,40) size 12x16
            text run at (191,40) width 12: " B"
        RenderBlock (anonymous) at (1,233) size 350x14
          RenderText {#text} at (0,-1) size 112x16
            text run at (0,-1) width 112: "style=\"padding:0px\""
        RenderBlock {DIV} at (1,247) size 352x36 [border: (1px solid #FF0000)]
          RenderText {#text} at (1,20) size 13x16
            text run at (1,20) width 13: "A "
          RenderText {#text} at (171,20) size 12x16
            text run at (171,20) width 12: " B"
        RenderBlock (anonymous) at (1,283) size 350x14
          RenderText {#text} at (0,-1) size 114x16
            text run at (0,-1) width 114: "style=\"margin:10px\""
        RenderBlock {DIV} at (1,297) size 352x58 [border: (1px solid #FF0000)]
          RenderText {#text} at (1,42) size 13x16
            text run at (1,42) width 13: "A "
          RenderText {#text} at (195,42) size 12x16
            text run at (195,42) width 12: " B"
        RenderBlock (anonymous) at (1,355) size 350x14
          RenderText {#text} at (0,-1) size 107x16
            text run at (0,-1) width 107: "style=\"margin:0px\""
        RenderBlock {DIV} at (1,369) size 352x38 [border: (1px solid #FF0000)]
          RenderText {#text} at (1,22) size 13x16
            text run at (1,22) width 13: "A "
          RenderText {#text} at (175,22) size 12x16
            text run at (175,22) width 12: " B"
        RenderBlock (anonymous) at (1,407) size 350x14
          RenderText {#text} at (0,-1) size 38x16
            text run at (0,-1) width 38: "cols=3"
        RenderBlock {DIV} at (1,421) size 352x40 [border: (1px solid #FF0000)]
          RenderText {#text} at (1,24) size 13x16
            text run at (1,24) width 13: "A "
          RenderText {#text} at (56,24) size 12x16
            text run at (56,24) width 12: " B"
        RenderBlock (anonymous) at (1,461) size 350x14
          RenderText {#text} at (0,-1) size 44x16
            text run at (0,-1) width 44: "rows=3"
        RenderBlock {DIV} at (1,475) size 352x54 [border: (1px solid #FF0000)]
          RenderText {#text} at (1,38) size 13x16
            text run at (1,38) width 13: "A "
          RenderText {#text} at (175,38) size 12x16
            text run at (175,38) width 12: " B"
        RenderBlock (anonymous) at (1,529) size 350x14
          RenderText {#text} at (0,-1) size 45x16
            text run at (0,-1) width 45: "cols=10"
        RenderBlock {DIV} at (1,543) size 352x40 [border: (1px solid #FF0000)]
          RenderText {#text} at (1,24) size 13x16
            text run at (1,24) width 13: "A "
          RenderText {#text} at (105,24) size 12x16
            text run at (105,24) width 12: " B"
        RenderBlock (anonymous) at (1,583) size 350x14
          RenderText {#text} at (0,-1) size 51x16
            text run at (0,-1) width 51: "rows=10"
        RenderBlock {DIV} at (1,597) size 352x152 [border: (1px solid #FF0000)]
          RenderText {#text} at (1,136) size 13x16
            text run at (1,136) width 13: "A "
          RenderText {#text} at (175,136) size 12x16
            text run at (175,136) width 12: " B"
        RenderBlock (anonymous) at (1,749) size 350x14
          RenderText {#text} at (0,-1) size 86x16
            text run at (0,-1) width 86: "cols=5 rows=4"
        RenderBlock {DIV} at (1,763) size 352x68 [border: (1px solid #FF0000)]
          RenderText {#text} at (1,52) size 13x16
            text run at (1,52) width 13: "A "
          RenderText {#text} at (70,52) size 12x16
            text run at (70,52) width 12: " B"
      RenderBlock (floating) {DIV} at (352,0) size 352x1098 [border: (1px solid #FF0000)]
        RenderBlock (anonymous) at (1,1) size 350x14
          RenderText {#text} at (0,-1) size 107x16
            text run at (0,-1) width 107: "style=\"width:60px\""
        RenderBlock {DIV} at (1,15) size 352x40 [border: (1px solid #FF0000)]
          RenderText {#text} at (1,24) size 13x16
            text run at (1,24) width 13: "A "
          RenderText {#text} at (80,24) size 12x16
            text run at (80,24) width 12: " B"
        RenderBlock (anonymous) at (1,55) size 350x14
          RenderText {#text} at (0,-1) size 186x16
            text run at (0,-1) width 186: "style=\"width:60px;padding:20px\""
        RenderBlock {DIV} at (1,69) size 352x76 [border: (1px solid #FF0000)]
          RenderText {#text} at (1,60) size 13x16
            text run at (1,60) width 13: "A "
          RenderText {#text} at (116,60) size 12x16
            text run at (116,60) width 12: " B"
        RenderBlock (anonymous) at (1,145) size 350x14
          RenderText {#text} at (0,-1) size 165x16
            text run at (0,-1) width 165: "style=\"width:60px;padding:0\""
        RenderBlock {DIV} at (1,159) size 352x36 [border: (1px solid #FF0000)]
          RenderText {#text} at (1,20) size 13x16
            text run at (1,20) width 13: "A "
          RenderText {#text} at (76,20) size 12x16
            text run at (76,20) width 12: " B"
        RenderBlock (anonymous) at (1,195) size 350x14
          RenderText {#text} at (0,-1) size 109x16
            text run at (0,-1) width 109: "style=\"height:60px\""
        RenderBlock {DIV} at (1,209) size 352x72 [border: (1px solid #FF0000)]
          RenderText {#text} at (1,56) size 13x16
            text run at (1,56) width 13: "A "
          RenderText {#text} at (175,56) size 12x16
            text run at (175,56) width 12: " B"
        RenderBlock (anonymous) at (1,281) size 350x14
          RenderText {#text} at (0,-1) size 176x16
            text run at (0,-1) width 176: "style=\"width:60px;height:60px\""
        RenderBlock {DIV} at (1,295) size 352x72 [border: (1px solid #FF0000)]
          RenderText {#text} at (1,56) size 13x16
            text run at (1,56) width 13: "A "
          RenderText {#text} at (80,56) size 12x16
            text run at (80,56) width 12: " B"
        RenderBlock (anonymous) at (1,367) size 350x14
          RenderText {#text} at (0,-1) size 135x16
            text run at (0,-1) width 135: "style=\"overflow:hidden\""
        RenderBlock {DIV} at (1,381) size 352x40 [border: (1px solid #FF0000)]
          RenderText {#text} at (1,24) size 13x16
            text run at (1,24) width 13: "A "
          RenderText {#text} at (160,24) size 12x16
            text run at (160,24) width 12: " B"
        RenderBlock (anonymous) at (1,421) size 350x14
          RenderText {#text} at (0,-1) size 129x16
            text run at (0,-1) width 129: "style=\"overflow:scroll\""
        RenderBlock {DIV} at (1,435) size 352x55 [border: (1px solid #FF0000)]
          RenderText {#text} at (1,39) size 13x16
            text run at (1,39) width 13: "A "
          RenderText {#text} at (175,39) size 12x16
            text run at (175,39) width 12: " B"
        RenderBlock (anonymous) at (1,490) size 350x14
          RenderText {#text} at (0,-1) size 271x16
            text run at (0,-1) width 271: "style=\"overflow:hidden;width:60px;height:60px\""
        RenderBlock {DIV} at (1,504) size 352x72 [border: (1px solid #FF0000)]
          RenderText {#text} at (1,56) size 13x16
            text run at (1,56) width 13: "A "
          RenderText {#text} at (80,56) size 12x16
            text run at (80,56) width 12: " B"
        RenderBlock (anonymous) at (1,576) size 350x14
          RenderText {#text} at (0,-1) size 265x16
            text run at (0,-1) width 265: "style=\"overflow:scroll;width:60px;height:60px\""
        RenderBlock {DIV} at (1,590) size 352x72 [border: (1px solid #FF0000)]
          RenderText {#text} at (1,56) size 13x16
            text run at (1,56) width 13: "A "
          RenderText {#text} at (80,56) size 12x16
            text run at (80,56) width 12: " B"
        RenderBlock (anonymous) at (1,662) size 350x14
          RenderText {#text} at (0,-1) size 218x16
            text run at (0,-1) width 218: "cols=5 style=\"width:60px;height:60px\""
        RenderBlock {DIV} at (1,676) size 352x72 [border: (1px solid #FF0000)]
          RenderText {#text} at (1,56) size 13x16
            text run at (1,56) width 13: "A "
          RenderText {#text} at (80,56) size 12x16
            text run at (80,56) width 12: " B"
        RenderBlock (anonymous) at (1,748) size 350x14
          RenderText {#text} at (0,-1) size 224x16
            text run at (0,-1) width 224: "rows=4 style=\"width:60px;height:60px\""
        RenderBlock {DIV} at (1,762) size 352x72 [border: (1px solid #FF0000)]
          RenderText {#text} at (1,56) size 13x16
            text run at (1,56) width 13: "A "
          RenderText {#text} at (80,56) size 12x16
            text run at (80,56) width 12: " B"
        RenderBlock (anonymous) at (1,834) size 350x14
          RenderText {#text} at (0,-1) size 266x16
            text run at (0,-1) width 266: "cols=5 rows=4 style=\"width:60px;height:60px\""
        RenderBlock {DIV} at (1,848) size 352x72 [border: (1px solid #FF0000)]
          RenderText {#text} at (1,56) size 13x16
            text run at (1,56) width 13: "A "
          RenderText {#text} at (80,56) size 12x16
            text run at (80,56) width 12: " B"
        RenderBlock (anonymous) at (1,920) size 350x14
          RenderText {#text} at (0,-1) size 64x16
            text run at (0,-1) width 64: "wrap=\"off\""
        RenderBlock {DIV} at (1,934) size 352x55 [border: (1px solid #FF0000)]
          RenderText {#text} at (1,39) size 13x16
            text run at (1,39) width 13: "A "
          RenderText {#text} at (175,39) size 12x16
            text run at (175,39) width 4: " "
            text run at (179,39) width 8: "B"
        RenderBlock (anonymous) at (1,989) size 350x14
          RenderText {#text} at (0,-1) size 72x16
            text run at (0,-1) width 72: "wrap=\"hard\""
        RenderBlock {DIV} at (1,1003) size 352x40 [border: (1px solid #FF0000)]
          RenderText {#text} at (1,24) size 13x16
            text run at (1,24) width 13: "A "
          RenderText {#text} at (175,24) size 12x16
            text run at (175,24) width 4: " "
            text run at (179,24) width 8: "B"
        RenderBlock (anonymous) at (1,1043) size 350x14
          RenderText {#text} at (0,-1) size 69x16
            text run at (0,-1) width 69: "wrap=\"soft\""
        RenderBlock {DIV} at (1,1057) size 352x40 [border: (1px solid #FF0000)]
          RenderText {#text} at (1,24) size 13x16
            text run at (1,24) width 13: "A "
          RenderText {#text} at (175,24) size 12x16
            text run at (175,24) width 4: " "
            text run at (179,24) width 8: "B"
layer at (23,25) size 161x34 clip at (24,26) size 159x32
  RenderTextControl {TEXTAREA} at (14,2) size 161x34 [bgcolor=#FFFFFF] [border: (1px solid #000000)]
    RenderBlock {DIV} at (3,3) size 140x14
      RenderText {#text} at (0,0) size 119x14
        text run at (0,0) width 119: "Lorem ipsum dolor"
layer at (23,79) size 161x34 clip at (24,80) size 144x32 scrollHeight 72
  RenderTextControl {TEXTAREA} at (14,2) size 161x34 [bgcolor=#FFFFFF] [border: (1px solid #000000)]
    RenderBlock {DIV} at (3,3) size 140x70
      RenderText {#text} at (0,0) size 140x70
        text run at (0,0) width 126: "Lorem ipsum dolor "
        text run at (0,14) width 140: "ABCDEFGHIJKLMNOPQRST"
        text run at (0,28) width 49: "UVWXYZ "
        text run at (0,42) width 140: "abcdefghijklmnopqrst"
        text run at (0,56) width 21: "uv "
layer at (23,133) size 161x34 clip at (24,134) size 144x32 scrollHeight 72
  RenderTextControl {TEXTAREA} at (14,2) size 161x34 [bgcolor=#EBEBE4] [border: (1px solid #000000)]
    RenderBlock {DIV} at (3,3) size 140x70 [color=#545454]
      RenderText {#text} at (0,0) size 140x70
        text run at (0,0) width 126: "Lorem ipsum dolor "
        text run at (0,14) width 140: "ABCDEFGHIJKLMNOPQRST"
        text run at (0,28) width 49: "UVWXYZ "
        text run at (0,42) width 140: "abcdefghijklmnopqrst"
        text run at (0,56) width 21: "uv "
layer at (23,187) size 177x50 clip at (24,188) size 160x48 scrollHeight 80
  RenderTextControl {TEXTAREA} at (14,2) size 177x50 [bgcolor=#FFFFFF] [border: (1px solid #000000)]
    RenderBlock {DIV} at (11,11) size 140x70
      RenderText {#text} at (0,0) size 140x70
        text run at (0,0) width 126: "Lorem ipsum dolor "
        text run at (0,14) width 140: "ABCDEFGHIJKLMNOPQRST"
        text run at (0,28) width 49: "UVWXYZ "
        text run at (0,42) width 140: "abcdefghijklmnopqrst"
        text run at (0,56) width 21: "uv "
layer at (23,257) size 157x30 clip at (24,258) size 140x28 scrollHeight 70
  RenderTextControl {TEXTAREA} at (14,2) size 157x30 [bgcolor=#FFFFFF] [border: (1px solid #000000)]
    RenderBlock {DIV} at (1,1) size 140x70
      RenderText {#text} at (0,0) size 140x70
        text run at (0,0) width 126: "Lorem ipsum dolor "
        text run at (0,14) width 140: "ABCDEFGHIJKLMNOPQRST"
        text run at (0,28) width 49: "UVWXYZ "
        text run at (0,42) width 140: "abcdefghijklmnopqrst"
        text run at (0,56) width 21: "uv "
layer at (33,316) size 161x34 clip at (34,317) size 144x32 scrollHeight 72
  RenderTextControl {TEXTAREA} at (24,11) size 161x34 [bgcolor=#FFFFFF] [border: (1px solid #000000)]
    RenderBlock {DIV} at (3,3) size 140x70
      RenderText {#text} at (0,0) size 140x70
        text run at (0,0) width 126: "Lorem ipsum dolor "
        text run at (0,14) width 140: "ABCDEFGHIJKLMNOPQRST"
        text run at (0,28) width 49: "UVWXYZ "
        text run at (0,42) width 140: "abcdefghijklmnopqrst"
        text run at (0,56) width 21: "uv "
layer at (23,378) size 161x34 clip at (24,379) size 144x32 scrollHeight 72
  RenderTextControl {TEXTAREA} at (14,1) size 161x34 [bgcolor=#FFFFFF] [border: (1px solid #000000)]
    RenderBlock {DIV} at (3,3) size 140x70
      RenderText {#text} at (0,0) size 140x70
        text run at (0,0) width 126: "Lorem ipsum dolor "
        text run at (0,14) width 140: "ABCDEFGHIJKLMNOPQRST"
        text run at (0,28) width 49: "UVWXYZ "
        text run at (0,42) width 140: "abcdefghijklmnopqrst"
        text run at (0,56) width 21: "uv "
layer at (23,431) size 42x34 clip at (24,432) size 25x32 scrollHeight 324
  RenderTextControl {TEXTAREA} at (14,2) size 42x34 [bgcolor=#FFFFFF] [border: (1px solid #000000)]
    RenderBlock {DIV} at (3,3) size 21x322
      RenderText {#text} at (0,0) size 21x322
        text run at (0,0) width 21: "Lor"
        text run at (0,14) width 21: "em "
        text run at (0,28) width 21: "ips"
        text run at (0,42) width 21: "um "
        text run at (0,56) width 21: "dol"
        text run at (0,70) width 21: "or "
        text run at (0,84) width 21: "ABC"
        text run at (0,98) width 21: "DEF"
        text run at (0,112) width 21: "GHI"
        text run at (0,126) width 21: "JKL"
        text run at (0,140) width 21: "MNO"
        text run at (0,154) width 21: "PQR"
        text run at (0,168) width 21: "STU"
        text run at (0,182) width 21: "VWX"
        text run at (0,196) width 21: "YZ "
        text run at (0,210) width 21: "abc"
        text run at (0,224) width 21: "def"
        text run at (0,238) width 21: "ghi"
        text run at (0,252) width 21: "jkl"
        text run at (0,266) width 21: "mno"
        text run at (0,280) width 21: "pqr"
        text run at (0,294) width 21: "stu"
        text run at (0,308) width 14: "v "
layer at (23,485) size 161x48 clip at (24,486) size 144x46 scrollHeight 72
  RenderTextControl {TEXTAREA} at (14,2) size 161x48 [bgcolor=#FFFFFF] [border: (1px solid #000000)]
    RenderBlock {DIV} at (3,3) size 140x70
      RenderText {#text} at (0,0) size 140x70
        text run at (0,0) width 126: "Lorem ipsum dolor "
        text run at (0,14) width 140: "ABCDEFGHIJKLMNOPQRST"
        text run at (0,28) width 49: "UVWXYZ "
        text run at (0,42) width 140: "abcdefghijklmnopqrst"
        text run at (0,56) width 21: "uv "
layer at (23,553) size 91x34 clip at (24,554) size 74x32 scrollHeight 128
  RenderTextControl {TEXTAREA} at (14,2) size 91x34 [bgcolor=#FFFFFF] [border: (1px solid #000000)]
    RenderBlock {DIV} at (3,3) size 70x126
      RenderText {#text} at (0,0) size 70x126
        text run at (0,0) width 42: "Lorem "
        text run at (0,14) width 42: "ipsum "
        text run at (0,28) width 42: "dolor "
        text run at (0,42) width 70: "ABCDEFGHIJ"
        text run at (0,56) width 70: "KLMNOPQRST"
        text run at (0,70) width 49: "UVWXYZ "
        text run at (0,84) width 70: "abcdefghij"
        text run at (0,98) width 70: "klmnopqrst"
        text run at (0,112) width 21: "uv "
layer at (23,607) size 161x146 clip at (24,608) size 159x144
  RenderTextControl {TEXTAREA} at (14,2) size 161x146 [bgcolor=#FFFFFF] [border: (1px solid #000000)]
    RenderBlock {DIV} at (3,3) size 140x70
      RenderText {#text} at (0,0) size 140x70
        text run at (0,0) width 126: "Lorem ipsum dolor "
        text run at (0,14) width 140: "ABCDEFGHIJKLMNOPQRST"
        text run at (0,28) width 49: "UVWXYZ "
        text run at (0,42) width 140: "abcdefghijklmnopqrst"
        text run at (0,56) width 21: "uv "
layer at (23,773) size 56x62 clip at (24,774) size 39x60 scrollHeight 198
  RenderTextControl {TEXTAREA} at (14,2) size 56x62 [bgcolor=#FFFFFF] [border: (1px solid #000000)]
    RenderBlock {DIV} at (3,3) size 35x196
      RenderText {#text} at (0,0) size 35x196
        text run at (0,0) width 35: "Lorem "
        text run at (0,14) width 35: "ipsum "
        text run at (0,28) width 35: "dolor "
        text run at (0,42) width 35: "ABCDE"
        text run at (0,56) width 35: "FGHIJ"
        text run at (0,70) width 35: "KLMNO"
        text run at (0,84) width 35: "PQRST"
        text run at (0,98) width 35: "UVWXY"
        text run at (0,112) width 14: "Z "
        text run at (0,126) width 35: "abcde"
        text run at (0,140) width 35: "fghij"
        text run at (0,154) width 35: "klmno"
        text run at (0,168) width 35: "pqrst"
        text run at (0,182) width 21: "uv "
layer at (375,25) size 66x34 clip at (376,26) size 49x32 scrollHeight 170
  RenderTextControl {TEXTAREA} at (14,2) size 66x34 [bgcolor=#FFFFFF] [border: (1px solid #000000)]
    RenderBlock {DIV} at (3,3) size 45x168
      RenderText {#text} at (0,0) size 42x168
        text run at (0,0) width 42: "Lorem "
        text run at (0,14) width 42: "ipsum "
        text run at (0,28) width 42: "dolor "
        text run at (0,42) width 42: "ABCDEF"
        text run at (0,56) width 42: "GHIJKL"
        text run at (0,70) width 42: "MNOPQR"
        text run at (0,84) width 42: "STUVWX"
        text run at (0,98) width 21: "YZ "
        text run at (0,112) width 42: "abcdef"
        text run at (0,126) width 42: "ghijkl"
        text run at (0,140) width 42: "mnopqr"
        text run at (0,154) width 35: "stuv "
layer at (375,79) size 102x70 clip at (376,80) size 85x68 scrollHeight 188
  RenderTextControl {TEXTAREA} at (14,2) size 102x70 [bgcolor=#FFFFFF] [border: (1px solid #000000)]
    RenderBlock {DIV} at (21,21) size 45x168
      RenderText {#text} at (0,0) size 42x168
        text run at (0,0) width 42: "Lorem "
        text run at (0,14) width 42: "ipsum "
        text run at (0,28) width 42: "dolor "
        text run at (0,42) width 42: "ABCDEF"
        text run at (0,56) width 42: "GHIJKL"
        text run at (0,70) width 42: "MNOPQR"
        text run at (0,84) width 42: "STUVWX"
        text run at (0,98) width 21: "YZ "
        text run at (0,112) width 42: "abcdef"
        text run at (0,126) width 42: "ghijkl"
        text run at (0,140) width 42: "mnopqr"
        text run at (0,154) width 35: "stuv "
layer at (375,169) size 62x30 clip at (376,170) size 45x28 scrollHeight 168
  RenderTextControl {TEXTAREA} at (14,2) size 62x30 [bgcolor=#FFFFFF] [border: (1px solid #000000)]
    RenderBlock {DIV} at (1,1) size 45x168
      RenderText {#text} at (0,0) size 42x168
        text run at (0,0) width 42: "Lorem "
        text run at (0,14) width 42: "ipsum "
        text run at (0,28) width 42: "dolor "
        text run at (0,42) width 42: "ABCDEF"
        text run at (0,56) width 42: "GHIJKL"
        text run at (0,70) width 42: "MNOPQR"
        text run at (0,84) width 42: "STUVWX"
        text run at (0,98) width 21: "YZ "
        text run at (0,112) width 42: "abcdef"
        text run at (0,126) width 42: "ghijkl"
        text run at (0,140) width 42: "mnopqr"
        text run at (0,154) width 35: "stuv "
layer at (375,219) size 161x66 clip at (376,220) size 144x64 scrollHeight 72
  RenderTextControl {TEXTAREA} at (14,2) size 161x66 [bgcolor=#FFFFFF] [border: (1px solid #000000)]
    RenderBlock {DIV} at (3,3) size 140x70
      RenderText {#text} at (0,0) size 140x70
        text run at (0,0) width 126: "Lorem ipsum dolor "
        text run at (0,14) width 140: "ABCDEFGHIJKLMNOPQRST"
        text run at (0,28) width 49: "UVWXYZ "
        text run at (0,42) width 140: "abcdefghijklmnopqrst"
        text run at (0,56) width 21: "uv "
layer at (375,305) size 66x66 clip at (376,306) size 49x64 scrollHeight 170
  RenderTextControl {TEXTAREA} at (14,2) size 66x66 [bgcolor=#FFFFFF] [border: (1px solid #000000)]
    RenderBlock {DIV} at (3,3) size 45x168
      RenderText {#text} at (0,0) size 42x168
        text run at (0,0) width 42: "Lorem "
        text run at (0,14) width 42: "ipsum "
        text run at (0,28) width 42: "dolor "
        text run at (0,42) width 42: "ABCDEF"
        text run at (0,56) width 42: "GHIJKL"
        text run at (0,70) width 42: "MNOPQR"
        text run at (0,84) width 42: "STUVWX"
        text run at (0,98) width 21: "YZ "
        text run at (0,112) width 42: "abcdef"
        text run at (0,126) width 42: "ghijkl"
        text run at (0,140) width 42: "mnopqr"
        text run at (0,154) width 35: "stuv "
layer at (375,391) size 146x34 clip at (376,392) size 144x32 scrollHeight 72
  RenderTextControl {TEXTAREA} at (14,2) size 146x34 [bgcolor=#FFFFFF] [border: (1px solid #000000)]
    RenderBlock {DIV} at (3,3) size 140x70
      RenderText {#text} at (0,0) size 140x70
        text run at (0,0) width 126: "Lorem ipsum dolor "
        text run at (0,14) width 140: "ABCDEFGHIJKLMNOPQRST"
        text run at (0,28) width 49: "UVWXYZ "
        text run at (0,42) width 140: "abcdefghijklmnopqrst"
        text run at (0,56) width 21: "uv "
layer at (375,445) size 161x49 clip at (376,446) size 144x32 scrollHeight 72
  RenderTextControl {TEXTAREA} at (14,2) size 161x49 [bgcolor=#FFFFFF] [border: (1px solid #000000)]
    RenderBlock {DIV} at (3,3) size 140x70
      RenderText {#text} at (0,0) size 140x70
        text run at (0,0) width 126: "Lorem ipsum dolor "
        text run at (0,14) width 140: "ABCDEFGHIJKLMNOPQRST"
        text run at (0,28) width 49: "UVWXYZ "
        text run at (0,42) width 140: "abcdefghijklmnopqrst"
        text run at (0,56) width 21: "uv "
layer at (375,514) size 66x66 clip at (376,515) size 64x64 scrollHeight 142
  RenderTextControl {TEXTAREA} at (14,2) size 66x66 [bgcolor=#FFFFFF] [border: (1px solid #000000)]
    RenderBlock {DIV} at (3,3) size 60x140
      RenderText {#text} at (0,0) size 56x140
        text run at (0,0) width 42: "Lorem "
        text run at (0,14) width 42: "ipsum "
        text run at (0,28) width 42: "dolor "
        text run at (0,42) width 56: "ABCDEFGH"
        text run at (0,56) width 56: "IJKLMNOP"
        text run at (0,70) width 56: "QRSTUVWX"
        text run at (0,84) width 21: "YZ "
        text run at (0,98) width 56: "abcdefgh"
        text run at (0,112) width 56: "ijklmnop"
        text run at (0,126) width 49: "qrstuv "
layer at (375,600) size 66x66 clip at (376,601) size 49x49 scrollHeight 170
  RenderTextControl {TEXTAREA} at (14,2) size 66x66 [bgcolor=#FFFFFF] [border: (1px solid #000000)]
    RenderBlock {DIV} at (3,3) size 45x168
      RenderText {#text} at (0,0) size 42x168
        text run at (0,0) width 42: "Lorem "
        text run at (0,14) width 42: "ipsum "
        text run at (0,28) width 42: "dolor "
        text run at (0,42) width 42: "ABCDEF"
        text run at (0,56) width 42: "GHIJKL"
        text run at (0,70) width 42: "MNOPQR"
        text run at (0,84) width 42: "STUVWX"
        text run at (0,98) width 21: "YZ "
        text run at (0,112) width 42: "abcdef"
        text run at (0,126) width 42: "ghijkl"
        text run at (0,140) width 42: "mnopqr"
        text run at (0,154) width 35: "stuv "
layer at (375,686) size 66x66 clip at (376,687) size 49x64 scrollHeight 170
  RenderTextControl {TEXTAREA} at (14,2) size 66x66 [bgcolor=#FFFFFF] [border: (1px solid #000000)]
    RenderBlock {DIV} at (3,3) size 45x168
      RenderText {#text} at (0,0) size 42x168
        text run at (0,0) width 42: "Lorem "
        text run at (0,14) width 42: "ipsum "
        text run at (0,28) width 42: "dolor "
        text run at (0,42) width 42: "ABCDEF"
        text run at (0,56) width 42: "GHIJKL"
        text run at (0,70) width 42: "MNOPQR"
        text run at (0,84) width 42: "STUVWX"
        text run at (0,98) width 21: "YZ "
        text run at (0,112) width 42: "abcdef"
        text run at (0,126) width 42: "ghijkl"
        text run at (0,140) width 42: "mnopqr"
        text run at (0,154) width 35: "stuv "
layer at (375,772) size 66x66 clip at (376,773) size 49x64 scrollHeight 170
  RenderTextControl {TEXTAREA} at (14,2) size 66x66 [bgcolor=#FFFFFF] [border: (1px solid #000000)]
    RenderBlock {DIV} at (3,3) size 45x168
      RenderText {#text} at (0,0) size 42x168
        text run at (0,0) width 42: "Lorem "
        text run at (0,14) width 42: "ipsum "
        text run at (0,28) width 42: "dolor "
        text run at (0,42) width 42: "ABCDEF"
        text run at (0,56) width 42: "GHIJKL"
        text run at (0,70) width 42: "MNOPQR"
        text run at (0,84) width 42: "STUVWX"
        text run at (0,98) width 21: "YZ "
        text run at (0,112) width 42: "abcdef"
        text run at (0,126) width 42: "ghijkl"
        text run at (0,140) width 42: "mnopqr"
        text run at (0,154) width 35: "stuv "
layer at (375,858) size 66x66 clip at (376,859) size 49x64 scrollHeight 170
  RenderTextControl {TEXTAREA} at (14,2) size 66x66 [bgcolor=#FFFFFF] [border: (1px solid #000000)]
    RenderBlock {DIV} at (3,3) size 45x168
      RenderText {#text} at (0,0) size 42x168
        text run at (0,0) width 42: "Lorem "
        text run at (0,14) width 42: "ipsum "
        text run at (0,28) width 42: "dolor "
        text run at (0,42) width 42: "ABCDEF"
        text run at (0,56) width 42: "GHIJKL"
        text run at (0,70) width 42: "MNOPQR"
        text run at (0,84) width 42: "STUVWX"
        text run at (0,98) width 21: "YZ "
        text run at (0,112) width 42: "abcdef"
        text run at (0,126) width 42: "ghijkl"
        text run at (0,140) width 42: "mnopqr"
        text run at (0,154) width 35: "stuv "
layer at (375,944) size 161x49 clip at (376,945) size 144x32 scrollWidth 254 scrollHeight 226
  RenderTextControl {TEXTAREA} at (14,2) size 161x49 [bgcolor=#FFFFFF] [border: (1px solid #000000)]
    RenderBlock {DIV} at (3,3) size 140x224
      RenderText {#text} at (0,0) size 252x210
        text run at (0,0) width 7: " "
        text run at (7,0) width 0: " "
        text run at (0,14) width 252: "This is a text area with wrap=\"soft\""
        text run at (252,14) width 0: " "
        text run at (0,28) width 252: "This is a text area with wrap=\"soft\""
        text run at (252,28) width 0: " "
        text run at (0,42) width 252: "This is a text area with wrap=\"soft\""
        text run at (252,42) width 0: " "
        text run at (0,56) width 252: "This is a text area with wrap=\"soft\""
        text run at (252,56) width 0: " "
        text run at (0,70) width 252: "This is a text area with wrap=\"soft\""
        text run at (252,70) width 0: " "
        text run at (0,84) width 252: "This is a text area with wrap=\"soft\""
        text run at (252,84) width 0: " "
        text run at (0,98) width 252: "This is a text area with wrap=\"soft\""
        text run at (252,98) width 0: " "
        text run at (0,112) width 252: "This is a text area with wrap=\"soft\""
        text run at (252,112) width 0: " "
        text run at (0,126) width 252: "This is a text area with wrap=\"soft\""
        text run at (252,126) width 0: " "
        text run at (0,140) width 252: "This is a text area with wrap=\"soft\""
        text run at (252,140) width 0: " "
        text run at (0,154) width 252: "This is a text area with wrap=\"soft\""
        text run at (252,154) width 0: " "
        text run at (0,168) width 252: "This is a text area with wrap=\"soft\""
        text run at (252,168) width 0: " "
        text run at (0,182) width 252: "This is a text area with wrap=\"soft\""
        text run at (252,182) width 0: " "
        text run at (0,196) width 252: "This is a text area with wrap=\"soft\""
        text run at (252,196) width 0: " "
      RenderBR {BR} at (0,210) size 0x14
layer at (375,1013) size 161x34 clip at (376,1014) size 144x32 scrollHeight 422
  RenderTextControl {TEXTAREA} at (14,2) size 161x34 [bgcolor=#FFFFFF] [border: (1px solid #000000)]
    RenderBlock {DIV} at (3,3) size 140x420
      RenderText {#text} at (0,0) size 140x406
        text run at (0,0) width 7: " "
        text run at (7,0) width 0: " "
        text run at (0,14) width 140: "This is a text area "
        text run at (0,28) width 112: "with wrap=\"soft\""
        text run at (112,28) width 0: " "
        text run at (0,42) width 140: "This is a text area "
        text run at (0,56) width 112: "with wrap=\"soft\""
        text run at (112,56) width 0: " "
        text run at (0,70) width 140: "This is a text area "
        text run at (0,84) width 112: "with wrap=\"soft\""
        text run at (112,84) width 0: " "
        text run at (0,98) width 140: "This is a text area "
        text run at (0,112) width 112: "with wrap=\"soft\""
        text run at (112,112) width 0: " "
        text run at (0,126) width 140: "This is a text area "
        text run at (0,140) width 112: "with wrap=\"soft\""
        text run at (112,140) width 0: " "
        text run at (0,154) width 140: "This is a text area "
        text run at (0,168) width 112: "with wrap=\"soft\""
        text run at (112,168) width 0: " "
        text run at (0,182) width 140: "This is a text area "
        text run at (0,196) width 112: "with wrap=\"soft\""
        text run at (112,196) width 0: " "
        text run at (0,210) width 140: "This is a text area "
        text run at (0,224) width 112: "with wrap=\"soft\""
        text run at (112,224) width 0: " "
        text run at (0,238) width 140: "This is a text area "
        text run at (0,252) width 112: "with wrap=\"soft\""
        text run at (112,252) width 0: " "
        text run at (0,266) width 140: "This is a text area "
        text run at (0,280) width 112: "with wrap=\"soft\""
        text run at (112,280) width 0: " "
        text run at (0,294) width 140: "This is a text area "
        text run at (0,308) width 112: "with wrap=\"soft\""
        text run at (112,308) width 0: " "
        text run at (0,322) width 140: "This is a text area "
        text run at (0,336) width 112: "with wrap=\"soft\""
        text run at (112,336) width 0: " "
        text run at (0,350) width 140: "This is a text area "
        text run at (0,364) width 112: "with wrap=\"soft\""
        text run at (112,364) width 0: " "
        text run at (0,378) width 140: "This is a text area "
        text run at (0,392) width 112: "with wrap=\"soft\""
        text run at (112,392) width 0: " "
      RenderBR {BR} at (0,406) size 0x14
layer at (375,1067) size 161x34 clip at (376,1068) size 144x32 scrollHeight 422
  RenderTextControl {TEXTAREA} at (14,2) size 161x34 [bgcolor=#FFFFFF] [border: (1px solid #000000)]
    RenderBlock {DIV} at (3,3) size 140x420
      RenderText {#text} at (0,0) size 140x406
        text run at (0,0) width 7: " "
        text run at (7,0) width 0: " "
        text run at (0,14) width 140: "This is a text area "
        text run at (0,28) width 112: "with wrap=\"soft\""
        text run at (112,28) width 0: " "
        text run at (0,42) width 140: "This is a text area "
        text run at (0,56) width 112: "with wrap=\"soft\""
        text run at (112,56) width 0: " "
        text run at (0,70) width 140: "This is a text area "
        text run at (0,84) width 112: "with wrap=\"soft\""
        text run at (112,84) width 0: " "
        text run at (0,98) width 140: "This is a text area "
        text run at (0,112) width 112: "with wrap=\"soft\""
        text run at (112,112) width 0: " "
        text run at (0,126) width 140: "This is a text area "
        text run at (0,140) width 112: "with wrap=\"soft\""
        text run at (112,140) width 0: " "
        text run at (0,154) width 140: "This is a text area "
        text run at (0,168) width 112: "with wrap=\"soft\""
        text run at (112,168) width 0: " "
        text run at (0,182) width 140: "This is a text area "
        text run at (0,196) width 112: "with wrap=\"soft\""
        text run at (112,196) width 0: " "
        text run at (0,210) width 140: "This is a text area "
        text run at (0,224) width 112: "with wrap=\"soft\""
        text run at (112,224) width 0: " "
        text run at (0,238) width 140: "This is a text area "
        text run at (0,252) width 112: "with wrap=\"soft\""
        text run at (112,252) width 0: " "
        text run at (0,266) width 140: "This is a text area "
        text run at (0,280) width 112: "with wrap=\"soft\""
        text run at (112,280) width 0: " "
        text run at (0,294) width 140: "This is a text area "
        text run at (0,308) width 112: "with wrap=\"soft\""
        text run at (112,308) width 0: " "
        text run at (0,322) width 140: "This is a text area "
        text run at (0,336) width 112: "with wrap=\"soft\""
        text run at (112,336) width 0: " "
        text run at (0,350) width 140: "This is a text area "
        text run at (0,364) width 112: "with wrap=\"soft\""
        text run at (112,364) width 0: " "
        text run at (0,378) width 140: "This is a text area "
        text run at (0,392) width 112: "with wrap=\"soft\""
        text run at (112,392) width 0: " "
      RenderBR {BR} at (0,406) size 0x14
