layer at (0,0) size 785x1052
  RenderView at (0,0) size 785x600
layer at (0,0) size 785x1052
  RenderBlock {HTML} at (0,0) size 785x600
    RenderBody {BODY} at (8,8) size 769x584
      RenderBlock (floating) {DIV} at (0,0) size 352x812 [border: (1px solid #FF0000)]
        RenderBlock (anonymous) at (1,1) size 350x14
          RenderText {#text} at (0,-1) size 177x16
            text run at (0,-1) width 177: "Plain textarea with little content"
        RenderBlock {DIV} at (1,15) size 352x38 [border: (1px solid #FF0000)]
          RenderText {#text} at (1,22) size 13x16
            text run at (1,22) width 13: "A "
          RenderText {#text} at (173,22) size 12x16
            text run at (173,22) width 12: " B"
        RenderBlock (anonymous) at (1,53) size 350x14
          RenderText {#text} at (0,-1) size 75x16
            text run at (0,-1) width 75: "Plain textarea"
        RenderBlock {DIV} at (1,67) size 352x38 [border: (1px solid #FF0000)]
          RenderText {#text} at (1,22) size 13x16
            text run at (1,22) width 13: "A "
          RenderText {#text} at (173,22) size 12x16
            text run at (173,22) width 12: " B"
        RenderBlock (anonymous) at (1,105) size 350x14
          RenderText {#text} at (0,-1) size 96x16
            text run at (0,-1) width 96: "Disabled textarea"
        RenderBlock {DIV} at (1,119) size 352x38 [border: (1px solid #FF0000)]
          RenderText {#text} at (1,22) size 13x16
            text run at (1,22) width 13: "A "
          RenderText {#text} at (173,22) size 12x16
            text run at (173,22) width 12: " B"
        RenderBlock (anonymous) at (1,157) size 350x14
          RenderText {#text} at (0,-1) size 119x16
            text run at (0,-1) width 119: "style=\"padding:10px\""
        RenderBlock {DIV} at (1,171) size 352x56 [border: (1px solid #FF0000)]
          RenderText {#text} at (1,40) size 13x16
            text run at (1,40) width 13: "A "
          RenderText {#text} at (191,40) size 12x16
            text run at (191,40) width 12: " B"
        RenderBlock (anonymous) at (1,227) size 350x14
          RenderText {#text} at (0,-1) size 112x16
            text run at (0,-1) width 112: "style=\"padding:0px\""
        RenderBlock {DIV} at (1,241) size 352x36 [border: (1px solid #FF0000)]
          RenderText {#text} at (1,20) size 13x16
            text run at (1,20) width 13: "A "
          RenderText {#text} at (171,20) size 12x16
            text run at (171,20) width 12: " B"
        RenderBlock (anonymous) at (1,277) size 350x14
          RenderText {#text} at (0,-1) size 114x16
            text run at (0,-1) width 114: "style=\"margin:10px\""
        RenderBlock {DIV} at (1,291) size 352x56 [border: (1px solid #FF0000)]
          RenderText {#text} at (1,40) size 13x16
            text run at (1,40) width 13: "A "
          RenderText {#text} at (193,40) size 12x16
            text run at (193,40) width 12: " B"
        RenderBlock (anonymous) at (1,347) size 350x14
          RenderText {#text} at (0,-1) size 107x16
            text run at (0,-1) width 107: "style=\"margin:0px\""
        RenderBlock {DIV} at (1,361) size 352x36 [border: (1px solid #FF0000)]
          RenderText {#text} at (1,20) size 13x16
            text run at (1,20) width 13: "A "
          RenderText {#text} at (173,20) size 12x16
            text run at (173,20) width 12: " B"
        RenderBlock (anonymous) at (1,397) size 350x14
          RenderText {#text} at (0,-1) size 38x16
            text run at (0,-1) width 38: "cols=3"
        RenderBlock {DIV} at (1,411) size 352x38 [border: (1px solid #FF0000)]
          RenderText {#text} at (1,22) size 13x16
            text run at (1,22) width 13: "A "
          RenderText {#text} at (54,22) size 12x16
            text run at (54,22) width 12: " B"
        RenderBlock (anonymous) at (1,449) size 350x14
          RenderText {#text} at (0,-1) size 44x16
            text run at (0,-1) width 44: "rows=3"
        RenderBlock {DIV} at (1,463) size 352x52 [border: (1px solid #FF0000)]
          RenderText {#text} at (1,36) size 13x16
            text run at (1,36) width 13: "A "
          RenderText {#text} at (173,36) size 12x16
            text run at (173,36) width 12: " B"
        RenderBlock (anonymous) at (1,515) size 350x14
          RenderText {#text} at (0,-1) size 45x16
            text run at (0,-1) width 45: "cols=10"
        RenderBlock {DIV} at (1,529) size 352x38 [border: (1px solid #FF0000)]
          RenderText {#text} at (1,22) size 13x16
            text run at (1,22) width 13: "A "
          RenderText {#text} at (103,22) size 12x16
            text run at (103,22) width 12: " B"
        RenderBlock (anonymous) at (1,567) size 350x14
          RenderText {#text} at (0,-1) size 51x16
            text run at (0,-1) width 51: "rows=10"
        RenderBlock {DIV} at (1,581) size 352x150 [border: (1px solid #FF0000)]
          RenderText {#text} at (1,134) size 13x16
            text run at (1,134) width 13: "A "
          RenderText {#text} at (173,134) size 12x16
            text run at (173,134) width 12: " B"
        RenderBlock (anonymous) at (1,731) size 350x14
          RenderText {#text} at (0,-1) size 86x16
            text run at (0,-1) width 86: "cols=5 rows=4"
        RenderBlock {DIV} at (1,745) size 352x66 [border: (1px solid #FF0000)]
          RenderText {#text} at (1,50) size 13x16
            text run at (1,50) width 13: "A "
          RenderText {#text} at (68,50) size 12x16
            text run at (68,50) width 12: " B"
      RenderBlock (floating) {DIV} at (352,0) size 352x1044 [border: (1px solid #FF0000)]
        RenderBlock (anonymous) at (1,1) size 350x14
          RenderText {#text} at (0,-1) size 107x16
            text run at (0,-1) width 107: "style=\"width:60px\""
        RenderBlock {DIV} at (1,15) size 352x38 [border: (1px solid #FF0000)]
          RenderText {#text} at (1,22) size 13x16
            text run at (1,22) width 13: "A "
          RenderText {#text} at (74,22) size 12x16
            text run at (74,22) width 12: " B"
        RenderBlock (anonymous) at (1,53) size 350x14
          RenderText {#text} at (0,-1) size 186x16
            text run at (0,-1) width 186: "style=\"width:60px;padding:20px\""
        RenderBlock {DIV} at (1,67) size 352x76 [border: (1px solid #FF0000)]
          RenderText {#text} at (1,60) size 13x16
            text run at (1,60) width 13: "A "
          RenderText {#text} at (74,60) size 12x16
            text run at (74,60) width 12: " B"
        RenderBlock (anonymous) at (1,143) size 350x14
          RenderText {#text} at (0,-1) size 165x16
            text run at (0,-1) width 165: "style=\"width:60px;padding:0\""
        RenderBlock {DIV} at (1,157) size 352x36 [border: (1px solid #FF0000)]
          RenderText {#text} at (1,20) size 13x16
            text run at (1,20) width 13: "A "
          RenderText {#text} at (74,20) size 12x16
            text run at (74,20) width 12: " B"
        RenderBlock (anonymous) at (1,193) size 350x14
          RenderText {#text} at (0,-1) size 109x16
            text run at (0,-1) width 109: "style=\"height:60px\""
        RenderBlock {DIV} at (1,207) size 352x66 [border: (1px solid #FF0000)]
          RenderText {#text} at (1,50) size 13x16
            text run at (1,50) width 13: "A "
          RenderText {#text} at (173,50) size 12x16
            text run at (173,50) width 12: " B"
        RenderBlock (anonymous) at (1,273) size 350x14
          RenderText {#text} at (0,-1) size 176x16
            text run at (0,-1) width 176: "style=\"width:60px;height:60px\""
        RenderBlock {DIV} at (1,287) size 352x66 [border: (1px solid #FF0000)]
          RenderText {#text} at (1,50) size 13x16
            text run at (1,50) width 13: "A "
          RenderText {#text} at (74,50) size 12x16
            text run at (74,50) width 12: " B"
        RenderBlock (anonymous) at (1,353) size 350x14
          RenderText {#text} at (0,-1) size 135x16
            text run at (0,-1) width 135: "style=\"overflow:hidden\""
        RenderBlock {DIV} at (1,367) size 352x38 [border: (1px solid #FF0000)]
          RenderText {#text} at (1,22) size 13x16
            text run at (1,22) width 13: "A "
          RenderText {#text} at (158,22) size 12x16
            text run at (158,22) width 12: " B"
        RenderBlock (anonymous) at (1,405) size 350x14
          RenderText {#text} at (0,-1) size 129x16
            text run at (0,-1) width 129: "style=\"overflow:scroll\""
        RenderBlock {DIV} at (1,419) size 352x53 [border: (1px solid #FF0000)]
          RenderText {#text} at (1,37) size 13x16
            text run at (1,37) width 13: "A "
          RenderText {#text} at (173,37) size 12x16
            text run at (173,37) width 12: " B"
        RenderBlock (anonymous) at (1,472) size 350x14
          RenderText {#text} at (0,-1) size 271x16
            text run at (0,-1) width 271: "style=\"overflow:hidden;width:60px;height:60px\""
        RenderBlock {DIV} at (1,486) size 352x66 [border: (1px solid #FF0000)]
          RenderText {#text} at (1,50) size 13x16
            text run at (1,50) width 13: "A "
          RenderText {#text} at (74,50) size 12x16
            text run at (74,50) width 12: " B"
        RenderBlock (anonymous) at (1,552) size 350x14
          RenderText {#text} at (0,-1) size 265x16
            text run at (0,-1) width 265: "style=\"overflow:scroll;width:60px;height:60px\""
        RenderBlock {DIV} at (1,566) size 352x66 [border: (1px solid #FF0000)]
          RenderText {#text} at (1,50) size 13x16
            text run at (1,50) width 13: "A "
          RenderText {#text} at (74,50) size 12x16
            text run at (74,50) width 12: " B"
        RenderBlock (anonymous) at (1,632) size 350x14
          RenderText {#text} at (0,-1) size 218x16
            text run at (0,-1) width 218: "cols=5 style=\"width:60px;height:60px\""
        RenderBlock {DIV} at (1,646) size 352x66 [border: (1px solid #FF0000)]
          RenderText {#text} at (1,50) size 13x16
            text run at (1,50) width 13: "A "
          RenderText {#text} at (74,50) size 12x16
            text run at (74,50) width 12: " B"
        RenderBlock (anonymous) at (1,712) size 350x14
          RenderText {#text} at (0,-1) size 224x16
            text run at (0,-1) width 224: "rows=4 style=\"width:60px;height:60px\""
        RenderBlock {DIV} at (1,726) size 352x66 [border: (1px solid #FF0000)]
          RenderText {#text} at (1,50) size 13x16
            text run at (1,50) width 13: "A "
          RenderText {#text} at (74,50) size 12x16
            text run at (74,50) width 12: " B"
        RenderBlock (anonymous) at (1,792) size 350x14
          RenderText {#text} at (0,-1) size 266x16
            text run at (0,-1) width 266: "cols=5 rows=4 style=\"width:60px;height:60px\""
        RenderBlock {DIV} at (1,806) size 352x66 [border: (1px solid #FF0000)]
          RenderText {#text} at (1,50) size 13x16
            text run at (1,50) width 13: "A "
          RenderText {#text} at (74,50) size 12x16
            text run at (74,50) width 12: " B"
        RenderBlock (anonymous) at (1,872) size 350x14
          RenderText {#text} at (0,-1) size 64x16
            text run at (0,-1) width 64: "wrap=\"off\""
        RenderBlock {DIV} at (1,886) size 352x53 [border: (1px solid #FF0000)]
          RenderText {#text} at (1,37) size 13x16
            text run at (1,37) width 13: "A "
          RenderText {#text} at (173,37) size 12x16
            text run at (173,37) width 4: " "
            text run at (177,37) width 8: "B"
        RenderBlock (anonymous) at (1,939) size 350x14
          RenderText {#text} at (0,-1) size 72x16
            text run at (0,-1) width 72: "wrap=\"hard\""
        RenderBlock {DIV} at (1,953) size 352x38 [border: (1px solid #FF0000)]
          RenderText {#text} at (1,22) size 13x16
            text run at (1,22) width 13: "A "
          RenderText {#text} at (173,22) size 12x16
            text run at (173,22) width 4: " "
            text run at (177,22) width 8: "B"
        RenderBlock (anonymous) at (1,991) size 350x14
          RenderText {#text} at (0,-1) size 69x16
            text run at (0,-1) width 69: "wrap=\"soft\""
        RenderBlock {DIV} at (1,1005) size 352x38 [border: (1px solid #FF0000)]
          RenderText {#text} at (1,22) size 13x16
            text run at (1,22) width 13: "A "
          RenderText {#text} at (173,22) size 12x16
            text run at (173,22) width 4: " "
            text run at (177,22) width 8: "B"
layer at (23,25) size 159x32 clip at (24,26) size 157x30
  RenderTextControl {TEXTAREA} at (14,2) size 159x32 [bgcolor=#FFFFFF] [border: (1px solid #000000)]
    RenderBlock {DIV} at (3,3) size 138x14
      RenderText {#text} at (0,0) size 119x14
        text run at (0,0) width 119: "Lorem ipsum dolor"
layer at (23,77) size 159x32 clip at (24,78) size 142x30 scrollHeight 72
  RenderTextControl {TEXTAREA} at (14,2) size 159x32 [bgcolor=#FFFFFF] [border: (1px solid #000000)]
    RenderBlock {DIV} at (3,3) size 138x70
      RenderText {#text} at (0,0) size 133x70
        text run at (0,0) width 126: "Lorem ipsum dolor "
        text run at (0,14) width 133: "ABCDEFGHIJKLMNOPQRS"
        text run at (0,28) width 56: "TUVWXYZ "
        text run at (0,42) width 133: "abcdefghijklmnopqrs"
        text run at (0,56) width 28: "tuv "
layer at (23,129) size 159x32 clip at (24,130) size 142x30 scrollHeight 72
  RenderTextControl {TEXTAREA} at (14,2) size 159x32 [bgcolor=#EBEBE4] [border: (1px solid #000000)]
    RenderBlock {DIV} at (3,3) size 138x70 [color=#545454]
      RenderText {#text} at (0,0) size 133x70
        text run at (0,0) width 126: "Lorem ipsum dolor "
        text run at (0,14) width 133: "ABCDEFGHIJKLMNOPQRS"
        text run at (0,28) width 56: "TUVWXYZ "
        text run at (0,42) width 133: "abcdefghijklmnopqrs"
        text run at (0,56) width 28: "tuv "
layer at (23,181) size 177x50 clip at (24,182) size 160x48 scrollHeight 80
  RenderTextControl {TEXTAREA} at (14,2) size 177x50 [bgcolor=#FFFFFF] [border: (1px solid #000000)]
    RenderBlock {DIV} at (11,11) size 138x70
      RenderText {#text} at (0,0) size 133x70
        text run at (0,0) width 126: "Lorem ipsum dolor "
        text run at (0,14) width 133: "ABCDEFGHIJKLMNOPQRS"
        text run at (0,28) width 56: "TUVWXYZ "
        text run at (0,42) width 133: "abcdefghijklmnopqrs"
        text run at (0,56) width 28: "tuv "
layer at (23,251) size 157x30 clip at (24,252) size 140x28 scrollHeight 70
  RenderTextControl {TEXTAREA} at (14,2) size 157x30 [bgcolor=#FFFFFF] [border: (1px solid #000000)]
    RenderBlock {DIV} at (1,1) size 138x70
      RenderText {#text} at (0,0) size 133x70
        text run at (0,0) width 126: "Lorem ipsum dolor "
        text run at (0,14) width 133: "ABCDEFGHIJKLMNOPQRS"
        text run at (0,28) width 56: "TUVWXYZ "
        text run at (0,42) width 133: "abcdefghijklmnopqrs"
        text run at (0,56) width 28: "tuv "
layer at (33,310) size 159x32 clip at (34,311) size 142x30 scrollHeight 72
  RenderTextControl {TEXTAREA} at (24,11) size 159x32 [bgcolor=#FFFFFF] [border: (1px solid #000000)]
    RenderBlock {DIV} at (3,3) size 138x70
      RenderText {#text} at (0,0) size 133x70
        text run at (0,0) width 126: "Lorem ipsum dolor "
        text run at (0,14) width 133: "ABCDEFGHIJKLMNOPQRS"
        text run at (0,28) width 56: "TUVWXYZ "
        text run at (0,42) width 133: "abcdefghijklmnopqrs"
        text run at (0,56) width 28: "tuv "
layer at (23,370) size 159x32 clip at (24,371) size 142x30 scrollHeight 72
  RenderTextControl {TEXTAREA} at (14,1) size 159x32 [bgcolor=#FFFFFF] [border: (1px solid #000000)]
    RenderBlock {DIV} at (3,3) size 138x70
      RenderText {#text} at (0,0) size 133x70
        text run at (0,0) width 126: "Lorem ipsum dolor "
        text run at (0,14) width 133: "ABCDEFGHIJKLMNOPQRS"
        text run at (0,28) width 56: "TUVWXYZ "
        text run at (0,42) width 133: "abcdefghijklmnopqrs"
        text run at (0,56) width 28: "tuv "
layer at (23,421) size 40x32 clip at (24,422) size 23x30 scrollHeight 464
  RenderTextControl {TEXTAREA} at (14,2) size 40x32 [bgcolor=#FFFFFF] [border: (1px solid #000000)]
    RenderBlock {DIV} at (3,3) size 19x462
      RenderText {#text} at (0,0) size 19x462
        text run at (0,0) width 14: "Lo"
        text run at (0,14) width 14: "re"
        text run at (0,28) width 14: "m "
        text run at (0,42) width 14: "ip"
        text run at (0,56) width 14: "su"
        text run at (0,70) width 14: "m "
        text run at (0,84) width 14: "do"
        text run at (0,98) width 14: "lo"
        text run at (0,112) width 14: "r "
        text run at (0,126) width 14: "AB"
        text run at (0,140) width 14: "CD"
        text run at (0,154) width 14: "EF"
        text run at (0,168) width 14: "GH"
        text run at (0,182) width 14: "IJ"
        text run at (0,196) width 14: "KL"
        text run at (0,210) width 14: "MN"
        text run at (0,224) width 14: "OP"
        text run at (0,238) width 14: "QR"
        text run at (0,252) width 14: "ST"
        text run at (0,266) width 14: "UV"
        text run at (0,280) width 14: "WX"
        text run at (0,294) width 19: "YZ "
        text run at (0,308) width 14: "ab"
        text run at (0,322) width 14: "cd"
        text run at (0,336) width 14: "ef"
        text run at (0,350) width 14: "gh"
        text run at (0,364) width 14: "ij"
        text run at (0,378) width 14: "kl"
        text run at (0,392) width 14: "mn"
        text run at (0,406) width 14: "op"
        text run at (0,420) width 14: "qr"
        text run at (0,434) width 14: "st"
        text run at (0,448) width 14: "uv"
layer at (23,473) size 159x46 clip at (24,474) size 142x44 scrollHeight 72
  RenderTextControl {TEXTAREA} at (14,2) size 159x46 [bgcolor=#FFFFFF] [border: (1px solid #000000)]
    RenderBlock {DIV} at (3,3) size 138x70
      RenderText {#text} at (0,0) size 133x70
        text run at (0,0) width 126: "Lorem ipsum dolor "
        text run at (0,14) width 133: "ABCDEFGHIJKLMNOPQRS"
        text run at (0,28) width 56: "TUVWXYZ "
        text run at (0,42) width 133: "abcdefghijklmnopqrs"
        text run at (0,56) width 28: "tuv "
layer at (23,539) size 89x32 clip at (24,540) size 72x30 scrollHeight 128
  RenderTextControl {TEXTAREA} at (14,2) size 89x32 [bgcolor=#FFFFFF] [border: (1px solid #000000)]
    RenderBlock {DIV} at (3,3) size 68x126
      RenderText {#text} at (0,0) size 63x126
        text run at (0,0) width 42: "Lorem "
        text run at (0,14) width 42: "ipsum "
        text run at (0,28) width 42: "dolor "
        text run at (0,42) width 63: "ABCDEFGHI"
        text run at (0,56) width 63: "JKLMNOPQR"
        text run at (0,70) width 63: "STUVWXYZ "
        text run at (0,84) width 63: "abcdefghi"
        text run at (0,98) width 63: "jklmnopqr"
        text run at (0,112) width 35: "stuv "
layer at (23,591) size 159x144 clip at (24,592) size 157x142
  RenderTextControl {TEXTAREA} at (14,2) size 159x144 [bgcolor=#FFFFFF] [border: (1px solid #000000)]
    RenderBlock {DIV} at (3,3) size 138x70
      RenderText {#text} at (0,0) size 133x70
        text run at (0,0) width 126: "Lorem ipsum dolor "
        text run at (0,14) width 133: "ABCDEFGHIJKLMNOPQRS"
        text run at (0,28) width 56: "TUVWXYZ "
        text run at (0,42) width 133: "abcdefghijklmnopqrs"
        text run at (0,56) width 28: "tuv "
layer at (23,755) size 54x60 clip at (24,756) size 37x58 scrollHeight 268
  RenderTextControl {TEXTAREA} at (14,2) size 54x60 [bgcolor=#FFFFFF] [border: (1px solid #000000)]
    RenderBlock {DIV} at (3,3) size 33x266
      RenderText {#text} at (0,0) size 28x266
        text run at (0,0) width 28: "Lore"
        text run at (0,14) width 14: "m "
        text run at (0,28) width 28: "ipsu"
        text run at (0,42) width 14: "m "
        text run at (0,56) width 28: "dolo"
        text run at (0,70) width 14: "r "
        text run at (0,84) width 28: "ABCD"
        text run at (0,98) width 28: "EFGH"
        text run at (0,112) width 28: "IJKL"
        text run at (0,126) width 28: "MNOP"
        text run at (0,140) width 28: "QRST"
        text run at (0,154) width 28: "UVWX"
        text run at (0,168) width 21: "YZ "
        text run at (0,182) width 28: "abcd"
        text run at (0,196) width 28: "efgh"
        text run at (0,210) width 28: "ijkl"
        text run at (0,224) width 28: "mnop"
        text run at (0,238) width 28: "qrst"
        text run at (0,252) width 21: "uv "
layer at (375,25) size 60x32 clip at (376,26) size 43x30 scrollHeight 198
  RenderTextControl {TEXTAREA} at (14,2) size 60x32 [bgcolor=#FFFFFF] [border: (1px solid #000000)]
    RenderBlock {DIV} at (3,3) size 39x196
      RenderText {#text} at (0,0) size 39x196
        text run at (0,0) width 39: "Lorem "
        text run at (0,14) width 39: "ipsum "
        text run at (0,28) width 39: "dolor "
        text run at (0,42) width 35: "ABCDE"
        text run at (0,56) width 35: "FGHIJ"
        text run at (0,70) width 35: "KLMNO"
        text run at (0,84) width 35: "PQRST"
        text run at (0,98) width 35: "UVWXY"
        text run at (0,112) width 14: "Z "
        text run at (0,126) width 35: "abcde"
        text run at (0,140) width 35: "fghij"
        text run at (0,154) width 35: "klmno"
        text run at (0,168) width 35: "pqrst"
        text run at (0,182) width 21: "uv "
layer at (375,77) size 60x70 clip at (376,78) size 43x68 scrollHeight 902
  RenderTextControl {TEXTAREA} at (14,2) size 60x70 [bgcolor=#FFFFFF] [border: (1px solid #000000)]
    RenderBlock {DIV} at (21,21) size 1x882
      RenderText {#text} at (0,0) size 1x882
        text run at (0,0) width 1: "L"
        text run at (0,14) width 1: "o"
        text run at (0,28) width 1: "r"
        text run at (0,42) width 1: "e"
        text run at (0,56) width 1: "m"
        text run at (0,70) width 1: "i"
        text run at (0,84) width 1: "p"
        text run at (0,98) width 1: "s"
        text run at (0,112) width 1: "u"
        text run at (0,126) width 1: "m"
        text run at (0,140) width 1: "d"
        text run at (0,154) width 1: "o"
        text run at (0,168) width 1: "l"
        text run at (0,182) width 1: "o"
        text run at (0,196) width 1: "r"
        text run at (0,210) width 1: "A"
        text run at (0,224) width 1: "B"
        text run at (0,238) width 1: "C"
        text run at (0,252) width 1: "D"
        text run at (0,266) width 1: "E"
        text run at (0,280) width 1: "F"
        text run at (0,294) width 1: "G"
        text run at (0,308) width 1: "H"
        text run at (0,322) width 1: "I"
        text run at (0,336) width 1: "J"
        text run at (0,350) width 1: "K"
        text run at (0,364) width 1: "L"
        text run at (0,378) width 1: "M"
        text run at (0,392) width 1: "N"
        text run at (0,406) width 1: "O"
        text run at (0,420) width 1: "P"
        text run at (0,434) width 1: "Q"
        text run at (0,448) width 1: "R"
        text run at (0,462) width 1: "S"
        text run at (0,476) width 1: "T"
        text run at (0,490) width 1: "U"
        text run at (0,504) width 1: "V"
        text run at (0,518) width 1: "W"
        text run at (0,532) width 1: "X"
        text run at (0,546) width 1: "Y"
        text run at (0,560) width 1: "Z"
        text run at (0,574) width 1: "a"
        text run at (0,588) width 1: "b"
        text run at (0,602) width 1: "c"
        text run at (0,616) width 1: "d"
        text run at (0,630) width 1: "e"
        text run at (0,644) width 1: "f"
        text run at (0,658) width 1: "g"
        text run at (0,672) width 1: "h"
        text run at (0,686) width 1: "i"
        text run at (0,700) width 1: "j"
        text run at (0,714) width 1: "k"
        text run at (0,728) width 1: "l"
        text run at (0,742) width 1: "m"
        text run at (0,756) width 1: "n"
        text run at (0,770) width 1: "o"
        text run at (0,784) width 1: "p"
        text run at (0,798) width 1: "q"
        text run at (0,812) width 1: "r"
        text run at (0,826) width 1: "s"
        text run at (0,840) width 1: "t"
        text run at (0,854) width 1: "u"
        text run at (0,868) width 1: "v"
layer at (375,167) size 60x30 clip at (376,168) size 43x28 scrollHeight 196
  RenderTextControl {TEXTAREA} at (14,2) size 60x30 [bgcolor=#FFFFFF] [border: (1px solid #000000)]
    RenderBlock {DIV} at (1,1) size 41x196
      RenderText {#text} at (0,0) size 41x196
        text run at (0,0) width 41: "Lorem "
        text run at (0,14) width 41: "ipsum "
        text run at (0,28) width 41: "dolor "
        text run at (0,42) width 35: "ABCDE"
        text run at (0,56) width 35: "FGHIJ"
        text run at (0,70) width 35: "KLMNO"
        text run at (0,84) width 35: "PQRST"
        text run at (0,98) width 35: "UVWXY"
        text run at (0,112) width 14: "Z "
        text run at (0,126) width 35: "abcde"
        text run at (0,140) width 35: "fghij"
        text run at (0,154) width 35: "klmno"
        text run at (0,168) width 35: "pqrst"
        text run at (0,182) width 21: "uv "
layer at (375,217) size 159x60 clip at (376,218) size 142x58 scrollHeight 72
  RenderTextControl {TEXTAREA} at (14,2) size 159x60 [bgcolor=#FFFFFF] [border: (1px solid #000000)]
    RenderBlock {DIV} at (3,3) size 138x70
      RenderText {#text} at (0,0) size 133x70
        text run at (0,0) width 126: "Lorem ipsum dolor "
        text run at (0,14) width 133: "ABCDEFGHIJKLMNOPQRS"
        text run at (0,28) width 56: "TUVWXYZ "
        text run at (0,42) width 133: "abcdefghijklmnopqrs"
        text run at (0,56) width 28: "tuv "
layer at (375,297) size 60x60 clip at (376,298) size 43x58 scrollHeight 198
  RenderTextControl {TEXTAREA} at (14,2) size 60x60 [bgcolor=#FFFFFF] [border: (1px solid #000000)]
    RenderBlock {DIV} at (3,3) size 39x196
      RenderText {#text} at (0,0) size 39x196
        text run at (0,0) width 39: "Lorem "
        text run at (0,14) width 39: "ipsum "
        text run at (0,28) width 39: "dolor "
        text run at (0,42) width 35: "ABCDE"
        text run at (0,56) width 35: "FGHIJ"
        text run at (0,70) width 35: "KLMNO"
        text run at (0,84) width 35: "PQRST"
        text run at (0,98) width 35: "UVWXY"
        text run at (0,112) width 14: "Z "
        text run at (0,126) width 35: "abcde"
        text run at (0,140) width 35: "fghij"
        text run at (0,154) width 35: "klmno"
        text run at (0,168) width 35: "pqrst"
        text run at (0,182) width 21: "uv "
layer at (375,377) size 144x32 clip at (376,378) size 142x30 scrollHeight 72
  RenderTextControl {TEXTAREA} at (14,2) size 144x32 [bgcolor=#FFFFFF] [border: (1px solid #000000)]
    RenderBlock {DIV} at (3,3) size 138x70
      RenderText {#text} at (0,0) size 133x70
        text run at (0,0) width 126: "Lorem ipsum dolor "
        text run at (0,14) width 133: "ABCDEFGHIJKLMNOPQRS"
        text run at (0,28) width 56: "TUVWXYZ "
        text run at (0,42) width 133: "abcdefghijklmnopqrs"
        text run at (0,56) width 28: "tuv "
layer at (375,429) size 159x47 clip at (376,430) size 142x30 scrollHeight 72
  RenderTextControl {TEXTAREA} at (14,2) size 159x47 [bgcolor=#FFFFFF] [border: (1px solid #000000)]
    RenderBlock {DIV} at (3,3) size 138x70
      RenderText {#text} at (0,0) size 133x70
        text run at (0,0) width 126: "Lorem ipsum dolor "
        text run at (0,14) width 133: "ABCDEFGHIJKLMNOPQRS"
        text run at (0,28) width 56: "TUVWXYZ "
        text run at (0,42) width 133: "abcdefghijklmnopqrs"
        text run at (0,56) width 28: "tuv "
layer at (375,496) size 60x60 clip at (376,497) size 58x58 scrollHeight 156
  RenderTextControl {TEXTAREA} at (14,2) size 60x60 [bgcolor=#FFFFFF] [border: (1px solid #000000)]
    RenderBlock {DIV} at (3,3) size 54x154
      RenderText {#text} at (0,0) size 49x154
        text run at (0,0) width 42: "Lorem "
        text run at (0,14) width 42: "ipsum "
        text run at (0,28) width 42: "dolor "
        text run at (0,42) width 49: "ABCDEFG"
        text run at (0,56) width 49: "HIJKLMN"
        text run at (0,70) width 49: "OPQRSTU"
        text run at (0,84) width 42: "VWXYZ "
        text run at (0,98) width 49: "abcdefg"
        text run at (0,112) width 49: "hijklmn"
        text run at (0,126) width 49: "opqrstu"
        text run at (0,140) width 14: "v "
layer at (375,576) size 60x60 clip at (376,577) size 43x43 scrollHeight 198
  RenderTextControl {TEXTAREA} at (14,2) size 60x60 [bgcolor=#FFFFFF] [border: (1px solid #000000)]
    RenderBlock {DIV} at (3,3) size 39x196
      RenderText {#text} at (0,0) size 39x196
        text run at (0,0) width 39: "Lorem "
        text run at (0,14) width 39: "ipsum "
        text run at (0,28) width 39: "dolor "
        text run at (0,42) width 35: "ABCDE"
        text run at (0,56) width 35: "FGHIJ"
        text run at (0,70) width 35: "KLMNO"
        text run at (0,84) width 35: "PQRST"
        text run at (0,98) width 35: "UVWXY"
        text run at (0,112) width 14: "Z "
        text run at (0,126) width 35: "abcde"
        text run at (0,140) width 35: "fghij"
        text run at (0,154) width 35: "klmno"
        text run at (0,168) width 35: "pqrst"
        text run at (0,182) width 21: "uv "
layer at (375,656) size 60x60 clip at (376,657) size 43x58 scrollHeight 198
  RenderTextControl {TEXTAREA} at (14,2) size 60x60 [bgcolor=#FFFFFF] [border: (1px solid #000000)]
    RenderBlock {DIV} at (3,3) size 39x196
      RenderText {#text} at (0,0) size 39x196
        text run at (0,0) width 39: "Lorem "
        text run at (0,14) width 39: "ipsum "
        text run at (0,28) width 39: "dolor "
        text run at (0,42) width 35: "ABCDE"
        text run at (0,56) width 35: "FGHIJ"
        text run at (0,70) width 35: "KLMNO"
        text run at (0,84) width 35: "PQRST"
        text run at (0,98) width 35: "UVWXY"
        text run at (0,112) width 14: "Z "
        text run at (0,126) width 35: "abcde"
        text run at (0,140) width 35: "fghij"
        text run at (0,154) width 35: "klmno"
        text run at (0,168) width 35: "pqrst"
        text run at (0,182) width 21: "uv "
layer at (375,736) size 60x60 clip at (376,737) size 43x58 scrollHeight 198
  RenderTextControl {TEXTAREA} at (14,2) size 60x60 [bgcolor=#FFFFFF] [border: (1px solid #000000)]
    RenderBlock {DIV} at (3,3) size 39x196
      RenderText {#text} at (0,0) size 39x196
        text run at (0,0) width 39: "Lorem "
        text run at (0,14) width 39: "ipsum "
        text run at (0,28) width 39: "dolor "
        text run at (0,42) width 35: "ABCDE"
        text run at (0,56) width 35: "FGHIJ"
        text run at (0,70) width 35: "KLMNO"
        text run at (0,84) width 35: "PQRST"
        text run at (0,98) width 35: "UVWXY"
        text run at (0,112) width 14: "Z "
        text run at (0,126) width 35: "abcde"
        text run at (0,140) width 35: "fghij"
        text run at (0,154) width 35: "klmno"
        text run at (0,168) width 35: "pqrst"
        text run at (0,182) width 21: "uv "
layer at (375,816) size 60x60 clip at (376,817) size 43x58 scrollHeight 198
  RenderTextControl {TEXTAREA} at (14,2) size 60x60 [bgcolor=#FFFFFF] [border: (1px solid #000000)]
    RenderBlock {DIV} at (3,3) size 39x196
      RenderText {#text} at (0,0) size 39x196
        text run at (0,0) width 39: "Lorem "
        text run at (0,14) width 39: "ipsum "
        text run at (0,28) width 39: "dolor "
        text run at (0,42) width 35: "ABCDE"
        text run at (0,56) width 35: "FGHIJ"
        text run at (0,70) width 35: "KLMNO"
        text run at (0,84) width 35: "PQRST"
        text run at (0,98) width 35: "UVWXY"
        text run at (0,112) width 14: "Z "
        text run at (0,126) width 35: "abcde"
        text run at (0,140) width 35: "fghij"
        text run at (0,154) width 35: "klmno"
        text run at (0,168) width 35: "pqrst"
        text run at (0,182) width 21: "uv "
layer at (375,896) size 159x47 clip at (376,897) size 142x30 scrollWidth 254 scrollHeight 226
  RenderTextControl {TEXTAREA} at (14,2) size 159x47 [bgcolor=#FFFFFF] [border: (1px solid #000000)]
    RenderBlock {DIV} at (3,3) size 138x224
      RenderText {#text} at (0,0) size 252x210
        text run at (0,0) width 7: " "
        text run at (7,0) width 0: " "
        text run at (0,14) width 252: "This is a text area with wrap=\"soft\""
        text run at (252,14) width 0: " "
        text run at (0,28) width 252: "This is a text area with wrap=\"soft\""
        text run at (252,28) width 0: " "
        text run at (0,42) width 252: "This is a text area with wrap=\"soft\""
        text run at (252,42) width 0: " "
        text run at (0,56) width 252: "This is a text area with wrap=\"soft\""
        text run at (252,56) width 0: " "
        text run at (0,70) width 252: "This is a text area with wrap=\"soft\""
        text run at (252,70) width 0: " "
        text run at (0,84) width 252: "This is a text area with wrap=\"soft\""
        text run at (252,84) width 0: " "
        text run at (0,98) width 252: "This is a text area with wrap=\"soft\""
        text run at (252,98) width 0: " "
        text run at (0,112) width 252: "This is a text area with wrap=\"soft\""
        text run at (252,112) width 0: " "
        text run at (0,126) width 252: "This is a text area with wrap=\"soft\""
        text run at (252,126) width 0: " "
        text run at (0,140) width 252: "This is a text area with wrap=\"soft\""
        text run at (252,140) width 0: " "
        text run at (0,154) width 252: "This is a text area with wrap=\"soft\""
        text run at (252,154) width 0: " "
        text run at (0,168) width 252: "This is a text area with wrap=\"soft\""
        text run at (252,168) width 0: " "
        text run at (0,182) width 252: "This is a text area with wrap=\"soft\""
        text run at (252,182) width 0: " "
        text run at (0,196) width 252: "This is a text area with wrap=\"soft\""
        text run at (252,196) width 0: " "
      RenderBR {BR} at (0,210) size 0x14
layer at (375,963) size 159x32 clip at (376,964) size 142x30 scrollHeight 422
  RenderTextControl {TEXTAREA} at (14,2) size 159x32 [bgcolor=#FFFFFF] [border: (1px solid #000000)]
    RenderBlock {DIV} at (3,3) size 138x420
      RenderText {#text} at (0,0) size 138x406
        text run at (0,0) width 7: " "
        text run at (7,0) width 0: " "
        text run at (0,14) width 133: "This is a text area"
        text run at (133,14) width 5: " "
        text run at (0,28) width 112: "with wrap=\"soft\""
        text run at (112,28) width 0: " "
        text run at (0,42) width 133: "This is a text area"
        text run at (133,42) width 5: " "
        text run at (0,56) width 112: "with wrap=\"soft\""
        text run at (112,56) width 0: " "
        text run at (0,70) width 133: "This is a text area"
        text run at (133,70) width 5: " "
        text run at (0,84) width 112: "with wrap=\"soft\""
        text run at (112,84) width 0: " "
        text run at (0,98) width 133: "This is a text area"
        text run at (133,98) width 5: " "
        text run at (0,112) width 112: "with wrap=\"soft\""
        text run at (112,112) width 0: " "
        text run at (0,126) width 133: "This is a text area"
        text run at (133,126) width 5: " "
        text run at (0,140) width 112: "with wrap=\"soft\""
        text run at (112,140) width 0: " "
        text run at (0,154) width 133: "This is a text area"
        text run at (133,154) width 5: " "
        text run at (0,168) width 112: "with wrap=\"soft\""
        text run at (112,168) width 0: " "
        text run at (0,182) width 133: "This is a text area"
        text run at (133,182) width 5: " "
        text run at (0,196) width 112: "with wrap=\"soft\""
        text run at (112,196) width 0: " "
        text run at (0,210) width 133: "This is a text area"
        text run at (133,210) width 5: " "
        text run at (0,224) width 112: "with wrap=\"soft\""
        text run at (112,224) width 0: " "
        text run at (0,238) width 133: "This is a text area"
        text run at (133,238) width 5: " "
        text run at (0,252) width 112: "with wrap=\"soft\""
        text run at (112,252) width 0: " "
        text run at (0,266) width 133: "This is a text area"
        text run at (133,266) width 5: " "
        text run at (0,280) width 112: "with wrap=\"soft\""
        text run at (112,280) width 0: " "
        text run at (0,294) width 133: "This is a text area"
        text run at (133,294) width 5: " "
        text run at (0,308) width 112: "with wrap=\"soft\""
        text run at (112,308) width 0: " "
        text run at (0,322) width 133: "This is a text area"
        text run at (133,322) width 5: " "
        text run at (0,336) width 112: "with wrap=\"soft\""
        text run at (112,336) width 0: " "
        text run at (0,350) width 133: "This is a text area"
        text run at (133,350) width 5: " "
        text run at (0,364) width 112: "with wrap=\"soft\""
        text run at (112,364) width 0: " "
        text run at (0,378) width 133: "This is a text area"
        text run at (133,378) width 5: " "
        text run at (0,392) width 112: "with wrap=\"soft\""
        text run at (112,392) width 0: " "
      RenderBR {BR} at (0,406) size 0x14
layer at (375,1015) size 159x32 clip at (376,1016) size 142x30 scrollHeight 422
  RenderTextControl {TEXTAREA} at (14,2) size 159x32 [bgcolor=#FFFFFF] [border: (1px solid #000000)]
    RenderBlock {DIV} at (3,3) size 138x420
      RenderText {#text} at (0,0) size 138x406
        text run at (0,0) width 7: " "
        text run at (7,0) width 0: " "
        text run at (0,14) width 133: "This is a text area"
        text run at (133,14) width 5: " "
        text run at (0,28) width 112: "with wrap=\"soft\""
        text run at (112,28) width 0: " "
        text run at (0,42) width 133: "This is a text area"
        text run at (133,42) width 5: " "
        text run at (0,56) width 112: "with wrap=\"soft\""
        text run at (112,56) width 0: " "
        text run at (0,70) width 133: "This is a text area"
        text run at (133,70) width 5: " "
        text run at (0,84) width 112: "with wrap=\"soft\""
        text run at (112,84) width 0: " "
        text run at (0,98) width 133: "This is a text area"
        text run at (133,98) width 5: " "
        text run at (0,112) width 112: "with wrap=\"soft\""
        text run at (112,112) width 0: " "
        text run at (0,126) width 133: "This is a text area"
        text run at (133,126) width 5: " "
        text run at (0,140) width 112: "with wrap=\"soft\""
        text run at (112,140) width 0: " "
        text run at (0,154) width 133: "This is a text area"
        text run at (133,154) width 5: " "
        text run at (0,168) width 112: "with wrap=\"soft\""
        text run at (112,168) width 0: " "
        text run at (0,182) width 133: "This is a text area"
        text run at (133,182) width 5: " "
        text run at (0,196) width 112: "with wrap=\"soft\""
        text run at (112,196) width 0: " "
        text run at (0,210) width 133: "This is a text area"
        text run at (133,210) width 5: " "
        text run at (0,224) width 112: "with wrap=\"soft\""
        text run at (112,224) width 0: " "
        text run at (0,238) width 133: "This is a text area"
        text run at (133,238) width 5: " "
        text run at (0,252) width 112: "with wrap=\"soft\""
        text run at (112,252) width 0: " "
        text run at (0,266) width 133: "This is a text area"
        text run at (133,266) width 5: " "
        text run at (0,280) width 112: "with wrap=\"soft\""
        text run at (112,280) width 0: " "
        text run at (0,294) width 133: "This is a text area"
        text run at (133,294) width 5: " "
        text run at (0,308) width 112: "with wrap=\"soft\""
        text run at (112,308) width 0: " "
        text run at (0,322) width 133: "This is a text area"
        text run at (133,322) width 5: " "
        text run at (0,336) width 112: "with wrap=\"soft\""
        text run at (112,336) width 0: " "
        text run at (0,350) width 133: "This is a text area"
        text run at (133,350) width 5: " "
        text run at (0,364) width 112: "with wrap=\"soft\""
        text run at (112,364) width 0: " "
        text run at (0,378) width 133: "This is a text area"
        text run at (133,378) width 5: " "
        text run at (0,392) width 112: "with wrap=\"soft\""
        text run at (112,392) width 0: " "
      RenderBR {BR} at (0,406) size 0x14
