layer at (0,0) size 785x1713
  RenderView at (0,0) size 785x600
layer at (0,0) size 785x1713
  RenderBlock {HTML} at (0,0) size 785x1713
    RenderBody {BODY} at (8,20) size 769x1673 [bgcolor=#A6A972]
      RenderBlock {DIV} at (83,0) size 602x1673 [bgcolor=#FDFDE9] [border: (1px solid #000000)]
        RenderBlock {DIV} at (1,31) size 600x70
        RenderBlock {DIV} at (1,114) size 600x1487
          RenderBlock {P} at (20,0) size 560x80 [color=#333333]
            RenderText {#text} at (0,1) size 524x38
              text run at (0,1) width 524: "We are trying to understand how UVic students perform Shakespeare related research for"
              text run at (0,21) width 266: "classes as well as for their own interest. The "
            RenderInline {A} at (0,0) size 176x18
              RenderText {#text} at (266,21) size 176x18
                text run at (266,21) width 176: "Internet Shakespeare Editions"
            RenderText {#text} at (442,21) size 537x58
              text run at (442,21) width 59: " are being"
              text run at (0,41) width 276: "developed for students as well as Shakespeare "
              text run at (276,41) width 261: "scholars world wide to better understand the"
              text run at (0,61) width 244: "man, his plays and our interpretations of "
              text run at (244,61) width 35: "them."
          RenderBlock {P} at (20,93) size 560x20 [color=#333333]
            RenderText {#text} at (0,1) size 459x18
              text run at (0,1) width 459: "Please take the time to carefully review and complete the following questions."
          RenderBlock {FORM} at (20,138) size 560x1316
            RenderBlock {H2} at (0,0) size 560x17 [color=#333333]
              RenderText {#text} at (0,0) size 203x17
                text run at (0,0) width 203: "PERSONAL INFORMATION"
            RenderBlock (floating) {SPAN} at (0,27) size 325x20 [color=#333333]
              RenderText {#text} at (0,1) size 68x18
                text run at (0,1) width 68: "Your Name*"
            RenderTextControl {INPUT} at (325,27) size 184x19 [bgcolor=#FFFFFF] [border: (2px inset #000000)]
            RenderBlock (floating) {SPAN} at (0,47) size 325x20 [color=#333333]
              RenderText {#text} at (0,1) size 121x18
                text run at (0,1) width 121: "Your e-mail address*"
            RenderTextControl {INPUT} at (325,46) size 184x19 [bgcolor=#FFFFFF] [border: (2px inset #000000)]
            RenderBlock (floating) {SPAN} at (0,67) size 325x20 [color=#333333]
              RenderText {#text} at (0,1) size 128x18
                text run at (0,1) width 128: "Your degree program*"
            RenderMenuList {SELECT} at (325,65) size 180x18 [bgcolor=#FFFFFF]
              RenderBlock (anonymous) at (0,0) size 180x19
                RenderText at (8,2) size 78x14
                  text run at (8,2) width 78: "Program options"
            RenderBlock (floating) {SPAN} at (0,87) size 325x20 [color=#333333]
              RenderText {#text} at (0,1) size 111x18
                text run at (0,1) width 111: "Your year of study*"
            RenderMenuList {SELECT} at (325,83) size 180x18 [bgcolor=#FFFFFF]
              RenderBlock (anonymous) at (0,0) size 180x19
                RenderText at (8,2) size 117x14
                  text run at (8,2) width 117: "Years you've been here"
            RenderBlock (floating) {SPAN} at (0,107) size 325x20 [color=#333333]
              RenderText {#text} at (0,1) size 156x18
                text run at (0,1) width 156: "Shakespeare classes taken"
            RenderMenuList {SELECT} at (325,101) size 180x18 [bgcolor=#FFFFFF]
              RenderBlock (anonymous) at (0,0) size 180x19
                RenderText at (8,2) size 66x14
                  text run at (8,2) width 66: "Number taken"
            RenderBlock {P} at (0,132) size 560x20 [color=#333333]
              RenderText {#text} at (0,1) size 156x18
                text run at (0,1) width 156: "* indicates a required field"
            RenderBlock {H2} at (0,177) size 560x17 [color=#333333]
              RenderText {#text} at (0,0) size 296x17
                text run at (0,0) width 296: "SHAKESPEARE RESEARCH QUESTIONS"
            RenderBlock (floating) {SPAN} at (0,204) size 325x20 [color=#333333]
              RenderText {#text} at (0,1) size 324x18
                text run at (0,1) width 324: "What percentage of your research time is spent online?"
            RenderMenuList {SELECT} at (325,204) size 180x18 [bgcolor=#FFFFFF]
              RenderBlock (anonymous) at (0,0) size 180x19
                RenderText at (8,2) size 96x14
                  text run at (8,2) width 96: "Percentages of time"
            RenderBlock (floating) {SPAN} at (0,224) size 325x20 [color=#333333]
              RenderText {#text} at (0,1) size 302x38
                text run at (0,1) width 302: "What is holding you back from doing more research"
                text run at (0,21) width 40: "online?"
            RenderMenuList {SELECT} at (325,222) size 180x18 [bgcolor=#FFFFFF]
              RenderBlock (anonymous) at (0,0) size 180x19
                RenderText at (8,2) size 43x14
                  text run at (8,2) width 43: "Reasons"
            RenderBlock (floating) {SPAN} at (0,244) size 325x20 [color=#333333]
              RenderText {#text} at (0,1) size 222x18
                text run at (0,1) width 222: "Your research is primarily focused on:"
            RenderBlock {SPAN} at (325,240) size 180x21 [color=#333333]
              RenderBlock {INPUT} at (5,3) size 12x13 [color=#000000]
              RenderText {#text} at (20,2) size 33x18
                text run at (20,2) width 33: "Texts"
            RenderBlock {SPAN} at (325,261) size 180x21 [color=#333333]
              RenderBlock {INPUT} at (5,3) size 12x13 [color=#000000]
              RenderText {#text} at (20,2) size 133x18
                text run at (20,2) width 133: "Performance materials"
            RenderBlock {SPAN} at (325,282) size 180x21 [color=#333333]
              RenderBlock {INPUT} at (5,3) size 12x13 [color=#000000]
              RenderText {#text} at (20,2) size 21x18
                text run at (20,2) width 21: "n/a"
            RenderBlock {H2} at (0,328) size 560x17 [color=#333333]
              RenderText {#text} at (0,0) size 378x17
                text run at (0,0) width 378: "INTERNET SHAKESPEARE EDITIONS QUESTIONS"
            RenderBlock (floating) {SPAN} at (0,355) size 325x20 [color=#333333]
              RenderText {#text} at (0,1) size 307x18
                text run at (0,1) width 307: "Have you used UVic's Internet Shakespeare Editions?"
            RenderBlock {SPAN} at (325,355) size 180x21 [color=#333333]
              RenderText {#text} at (0,2) size 20x18
                text run at (0,2) width 20: "Yes"
              RenderBlock {INPUT} at (25,3) size 12x13 [color=#000000]
              RenderText {#text} at (40,2) size 19x18
                text run at (40,2) width 4: " "
                text run at (44,2) width 15: "No"
              RenderBlock {INPUT} at (64,3) size 12x13 [color=#000000]
              RenderText {#text} at (0,0) size 0x0
            RenderBlock {P} at (0,389) size 560x20 [color=#333333]
              RenderText {#text} at (0,1) size 382x18
                text run at (0,1) width 382: "-- If you answered no to this question, skip to the next section --"
            RenderBlock (floating) {SPAN} at (0,422) size 325x20 [color=#333333]
              RenderText {#text} at (0,1) size 277x18
                text run at (0,1) width 277: "Which area of the ISE did you find most useful?"
            RenderMenuList {SELECT} at (325,422) size 180x18 [bgcolor=#FFFFFF]
              RenderBlock (anonymous) at (0,0) size 180x19
                RenderText at (8,2) size 91x14
                  text run at (8,2) width 91: "Sections of the ISE"
            RenderBlock (floating) {SPAN} at (0,442) size 325x20 [color=#333333]
              RenderText {#text} at (0,1) size 253x18
                text run at (0,1) width 253: "How did you find the navigation of the ISE?"
            RenderMenuList {SELECT} at (325,440) size 180x18 [bgcolor=#FFFFFF]
              RenderBlock (anonymous) at (0,0) size 180x19
                RenderText at (8,2) size 83x14
                  text run at (8,2) width 83: "Level of difficulty"
            RenderBlock (floating) {SPAN} at (0,462) size 325x20 [color=#333333]
              RenderText {#text} at (0,1) size 209x18
                text run at (0,1) width 209: "Please describe your use of the ISE."
            RenderBlock {H2} at (0,614) size 560x17 [color=#333333]
              RenderText {#text} at (0,0) size 293x17
                text run at (0,0) width 293: "TOOLS IN DEVELOPMENT QUESTIONS"
            RenderBlock {P} at (0,644) size 560x60 [color=#333333]
              RenderText {#text} at (0,1) size 555x58
                text run at (0,1) width 453: "We are in the process of both making new material available and developing "
                text run at (453,1) width 102: "new tools to view"
                text run at (0,21) width 356: "and extrapolate information from Shakespeare's works. The "
                text run at (356,21) width 159: "following images are visual"
                text run at (0,41) width 346: "representations of some of the ideas being thrown around."
            RenderBlock {P} at (0,717) size 560x20 [color=#333333]
              RenderText {#text} at (0,1) size 334x18
                text run at (0,1) width 334: "Please review them carefully and provide feedback below"
            RenderBlock (floating) {SPAN} at (0,750) size 325x20 [color=#333333]
              RenderText {#text} at (0,1) size 146x18
                text run at (0,1) width 146: "Your comments on Fig. 1"
            RenderBlock (floating) {SPAN} at (0,881) size 325x20 [color=#333333]
              RenderText {#text} at (0,1) size 146x18
                text run at (0,1) width 146: "Your comments on Fig. 2"
            RenderBlock (floating) {SPAN} at (0,1012) size 325x20 [color=#333333]
              RenderText {#text} at (0,1) size 146x18
                text run at (0,1) width 146: "Your comments on Fig. 3"
            RenderBlock {H2} at (0,1163) size 560x17 [color=#333333]
              RenderText {#text} at (0,0) size 141x17
                text run at (0,0) width 141: "OTHER FEEDBACK"
            RenderBlock (floating) {SPAN} at (0,1190) size 325x20 [color=#333333]
              RenderText {#text} at (0,1) size 221x18
                text run at (0,1) width 221: "Please enter any other thoughts here."
          RenderBlock {P} at (20,1467) size 560x20 [color=#333333]
            RenderText {#text} at (0,1) size 232x18
              text run at (0,1) width 232: "Thank you for your time filling this out."
        RenderBlock {DIV} at (1,1621) size 600x51 [border: (1px dashed #A6A972) none]
          RenderBlock {SPAN} at (0,16) size 600x20 [color=#333333]
            RenderText {#text} at (245,1) size 109x18
              text run at (245,1) width 109: "\x{A9}2003 Kevin Davis"
layer at (439,302) size 180x13
  RenderBlock {DIV} at (2,3) size 180x13
layer at (439,321) size 180x13
  RenderBlock {DIV} at (2,3) size 180x13
layer at (112,755) size 506x106 clip at (113,756) size 504x104
  RenderTextControl {TEXTAREA} at (0,483) size 506x106 [bgcolor=#FFFFFF] [border: (1px solid #000000)]
    RenderBlock {DIV} at (3,3) size 485x14
layer at (112,1042) size 506x106 clip at (113,1043) size 504x104
  RenderTextControl {TEXTAREA} at (0,770) size 506x106 [bgcolor=#FFFFFF] [border: (1px solid #000000)]
    RenderBlock {DIV} at (3,3) size 485x14
layer at (112,1173) size 506x106 clip at (113,1174) size 504x104
  RenderTextControl {TEXTAREA} at (0,901) size 506x106 [bgcolor=#FFFFFF] [border: (1px solid #000000)]
    RenderBlock {DIV} at (3,3) size 485x14
layer at (112,1304) size 506x106 clip at (113,1305) size 504x104
  RenderTextControl {TEXTAREA} at (0,1032) size 506x106 [bgcolor=#FFFFFF] [border: (1px solid #000000)]
    RenderBlock {DIV} at (3,3) size 485x14
layer at (112,1482) size 506x106 clip at (113,1483) size 504x104
  RenderTextControl {TEXTAREA} at (0,1210) size 506x106 [bgcolor=#FFFFFF] [border: (1px solid #000000)]
    RenderBlock {DIV} at (3,3) size 485x14
