layer at (0,0) size 800x600
  RenderView at (0,0) size 800x600
layer at (0,0) size 800x195
  RenderBlock {HTML} at (0,0) size 800x195
    RenderBody {BODY} at (8,15) size 784x165
      RenderBlock {P} at (0,0) size 784x75
        RenderText {#text} at (0,29) size 85x17
          text run at (0,29) width 85: "This tests bug "
        RenderInline {A} at (0,0) size 567x17 [color=#0000EE]
          RenderText {#text} at (85,29) size 567x17
            text run at (85,29) width 567: "Bug 13174: line-height in font shorthand does not override a previously stated line-height property"
        RenderText {#text} at (652,29) size 4x17
          text run at (652,29) width 4: "."
      RenderBlock {P} at (0,90) size 784x75
        RenderText {#text} at (0,29) size 114x17
          text run at (0,29) width 114: "This text should be "
        RenderInline {CODE} at (0,0) size 189x17
          RenderText {#text} at (114,29) size 189x17
            text run at (114,29) width 189: "font:15px/5em Georgia"
        RenderText {#text} at (303,29) size 4x17
          text run at (303,29) width 4: "."
