layer at (0,0) size 800x600
  RenderView at (0,0) size 800x600
layer at (0,0) size 800x52
  RenderBlock {HTML} at (0,0) size 800x52
    RenderBody {BODY} at (8,16) size 784x20
      RenderBlock {P} at (0,0) size 784x20
        RenderText {#text} at (0,0) size 53x19
          text run at (0,0) width 53: "This is a "
        RenderInline {I} at (0,0) size 58x19
          RenderText {#text} at (53,0) size 58x19
            text run at (53,0) width 58: "test page"
        RenderText {#text} at (111,0) size 4x19
          text run at (111,0) width 4: "."
