layer at (0,0) size 800x600
  RenderView at (0,0) size 800x600
layer at (0,0) size 800x40
  RenderBlock {HTML} at (0,0) size 800x40
    RenderBody {BODY} at (0,0) size 800x40 [bgcolor=#CCFFCC]
      RenderBlock {DIV} at (0,0) size 800x40
        RenderBlock {DIV} at (0,0) size 800x40
          RenderBlock {DIV} at (0,0) size 800x20
            RenderText {#text} at (0,0) size 33x19
              text run at (0,0) width 33: "test 1"
          RenderBlock {DIV} at (0,20) size 800x20
            RenderText {#text} at (0,0) size 33x19
              text run at (0,0) width 33: "test 2"
