layer at (0,0) size 800x600
  RenderView at (0,0) size 800x600
layer at (0,0) size 800x600
  RenderBlock {HTML} at (0,0) size 800x600
    RenderBody {BODY} at (8,8) size 784x576
      RenderBlock {P} at (0,0) size 784x40
        RenderText {#text} at (0,0) size 743x39
          text run at (0,0) width 743: "This tests for a bug in InsertParagraph where it would split and clone a <form> element in the same way it would a <p> or a"
          text run at (0,20) width 44: "<div>. "
          text run at (44,20) width 508: "You should see two paragraphs below both inside the form (blue bordered) element."
      RenderBlock {DIV} at (0,56) size 784x46
        RenderBlock {FORM} at (0,0) size 784x46 [border: (1px solid #0000FF)]
          RenderTextControl {INPUT} at (1,1) size 155x22 [bgcolor=#FFFFFF] [border: (2px inset #000000)]
          RenderText {#text} at (156,2) size 7x19
            text run at (156,2) width 7: "x"
          RenderBR {BR} at (163,17) size 0x0
          RenderText {#text} at (1,24) size 7x19
            text run at (1,24) width 7: "x"
          RenderTextControl {INPUT} at (8,23) size 155x22 [bgcolor=#FFFFFF] [border: (2px inset #000000)]
layer at (11,68) size 151x16
  RenderBlock {DIV} at (2,3) size 151x16
layer at (18,90) size 151x16
  RenderBlock {DIV} at (2,3) size 151x16
caret: position 0 of child 3 {#text} of child 0 {FORM} of child 2 {DIV} of child 1 {BODY} of child 0 {HTML} of document
