layer at (0,0) size 800x600
  RenderView at (0,0) size 800x600
layer at (0,0) size 800x600
  RenderBlock {HTML} at (0,0) size 800x600
    RenderBody {BODY} at (8,8) size 784x584
      RenderButton {INPUT} at (0,0) size 53x20 [bgcolor=#C0C0C0] [border: (2px outset #C0C0C0)]
        RenderBlock (anonymous) at (8,2) size 37x16
          RenderText at (3,1) size 31x14
            text run at (3,1) width 31: "Submit"
      RenderBR {BR} at (53,14) size 0x0
      RenderButton {INPUT} at (0,20) size 47x20 [bgcolor=#C0C0C0] [border: (2px outset #C0C0C0)]
        RenderBlock (anonymous) at (8,2) size 31x16
          RenderText at (3,1) size 25x14
            text run at (3,1) width 25: "Reset"
      RenderBR {BR} at (47,34) size 0x0
