layer at (0,0) size 800x600
  RenderView at (0,0) size 800x600
layer at (0,0) size 800x266
  RenderBlock {HTML} at (0,0) size 800x266
    RenderBody {BODY} at (8,16) size 784x242
      RenderBlock {P} at (0,0) size 784x40
        RenderText {#text} at (0,0) size 300x19
          text run at (0,0) width 279: "This is a test of generated content in <button> "
          text run at (279,0) width 21: "for "
        RenderInline {I} at (0,0) size 752x39
          RenderInline {A} at (0,0) size 350x19 [color=#0000EE]
            RenderText {#text} at (300,0) size 350x19
              text run at (300,0) width 350: "http://bugzilla.opendarwin.org/show_bug.cgi?id=9561"
          RenderText {#text} at (650,0) size 752x39
            text run at (650,0) width 4: " "
            text run at (654,0) width 98: "REGRESSION:"
            text run at (0,20) width 439: "Content property on :before of button causes hang on click or hover"
        RenderText {#text} at (439,20) size 4x19
          text run at (439,20) width 4: "."
      RenderBlock {HR} at (0,56) size 784x2 [border: (1px inset #000000)]
      RenderBlock (anonymous) at (0,66) size 784x176
        RenderButton {BUTTON} at (0,0) size 57x22 [color=#0000FF] [bgcolor=#C0C0C0] [border: (2px outset #C0C0C0)]
          RenderBlock (anonymous) at (8,2) size 41x18
            RenderInline (generated) at (0,0) size 35x16
              RenderText at (3,1) size 35x16
                text run at (3,1) width 35: "before"
        RenderText {#text} at (57,1) size 4x19
          text run at (57,1) width 4: " "
        RenderButton {BUTTON} at (61,0) size 93x22 [color=#0000FF] [bgcolor=#C0C0C0] [border: (2px outset #C0C0C0)]
          RenderBlock (anonymous) at (8,2) size 77x18
            RenderInline (generated) at (0,0) size 35x16
              RenderText at (3,1) size 35x16
                text run at (3,1) width 35: "before"
            RenderText {#text} at (38,1) size 36x16
              text run at (38,1) width 36: "button"
        RenderText {#text} at (154,1) size 4x19
          text run at (154,1) width 4: " "
        RenderBR {BR} at (0,0) size 0x0
        RenderButton {BUTTON} at (0,22) size 47x22 [color=#0000FF] [bgcolor=#C0C0C0] [border: (2px outset #C0C0C0)]
          RenderBlock (anonymous) at (8,2) size 31x18
            RenderInline (generated) at (0,0) size 25x16
              RenderText at (3,1) size 25x16
                text run at (3,1) width 25: "after"
        RenderText {#text} at (47,23) size 4x19
          text run at (47,23) width 4: " "
        RenderButton {BUTTON} at (51,22) size 83x22 [color=#0000FF] [bgcolor=#C0C0C0] [border: (2px outset #C0C0C0)]
          RenderBlock (anonymous) at (8,2) size 67x18
            RenderText {#text} at (3,1) size 36x16
              text run at (3,1) width 36: "button"
            RenderInline (generated) at (0,0) size 25x16
              RenderText at (39,1) size 25x16
                text run at (39,1) width 25: "after"
        RenderText {#text} at (134,23) size 4x19
          text run at (134,23) width 4: " "
        RenderBR {BR} at (0,0) size 0x0
        RenderButton {BUTTON} at (0,54) size 22x6 [bgcolor=#C0C0C0] [border: (2px outset #C0C0C0)]
          RenderBlock (anonymous) at (8,2) size 6x2
        RenderText {#text} at (22,45) size 4x19
          text run at (22,45) width 4: " "
        RenderButton {BUTTON} at (26,44) size 58x22 [bgcolor=#C0C0C0] [border: (2px outset #C0C0C0)]
          RenderBlock (anonymous) at (8,2) size 42x18
            RenderText {#text} at (3,1) size 36x16
              text run at (3,1) width 36: "button"
        RenderText {#text} at (84,45) size 4x19
          text run at (84,45) width 4: " "
        RenderBR {BR} at (0,0) size 0x0
        RenderButton {BUTTON} at (0,76) size 22x6 [bgcolor=#C0C0C0] [border: (2px outset #C0C0C0)]
          RenderBlock (anonymous) at (8,2) size 6x2
        RenderText {#text} at (22,67) size 4x19
          text run at (22,67) width 4: " "
        RenderButton {BUTTON} at (26,66) size 58x22 [bgcolor=#C0C0C0] [border: (2px outset #C0C0C0)]
          RenderBlock (anonymous) at (8,2) size 42x18
            RenderText {#text} at (3,1) size 36x16
              text run at (3,1) width 36: "button"
        RenderText {#text} at (84,67) size 4x19
          text run at (84,67) width 4: " "
        RenderBR {BR} at (0,0) size 0x0
        RenderButton {BUTTON} at (0,88) size 57x22 [bgcolor=#C0C0C0] [border: (2px outset #C0C0C0)]
          RenderBlock (anonymous) at (8,2) size 41x18
            RenderInline (generated) at (0,0) size 35x16
              RenderText at (3,1) size 35x16
                text run at (3,1) width 35: "before"
        RenderText {#text} at (57,89) size 4x19
          text run at (57,89) width 4: " "
        RenderButton {BUTTON} at (61,88) size 93x22 [bgcolor=#C0C0C0] [border: (2px outset #C0C0C0)]
          RenderBlock (anonymous) at (8,2) size 77x18
            RenderInline (generated) at (0,0) size 35x16
              RenderText at (3,1) size 35x16
                text run at (3,1) width 35: "before"
            RenderText {#text} at (38,1) size 36x16
              text run at (38,1) width 36: "button"
        RenderText {#text} at (154,89) size 4x19
          text run at (154,89) width 4: " "
        RenderBR {BR} at (0,0) size 0x0
        RenderButton {BUTTON} at (0,110) size 47x22 [bgcolor=#C0C0C0] [border: (2px outset #C0C0C0)]
          RenderBlock (anonymous) at (8,2) size 31x18
            RenderInline (generated) at (0,0) size 25x16
              RenderText at (3,1) size 25x16
                text run at (3,1) width 25: "after"
        RenderText {#text} at (47,111) size 4x19
          text run at (47,111) width 4: " "
        RenderButton {BUTTON} at (51,110) size 83x22 [bgcolor=#C0C0C0] [border: (2px outset #C0C0C0)]
          RenderBlock (anonymous) at (8,2) size 67x18
            RenderText {#text} at (3,1) size 36x16
              text run at (3,1) width 36: "button"
            RenderInline (generated) at (0,0) size 25x16
              RenderText at (39,1) size 25x16
                text run at (39,1) width 25: "after"
        RenderText {#text} at (134,111) size 4x19
          text run at (134,111) width 4: " "
        RenderBR {BR} at (0,0) size 0x0
        RenderButton {BUTTON} at (0,132) size 57x22 [bgcolor=#C0C0C0] [border: (2px outset #C0C0C0)]
          RenderBlock (anonymous) at (8,2) size 41x18
            RenderInline (generated) at (0,0) size 35x16
              RenderText at (3,1) size 35x16
                text run at (3,1) width 35: "before"
        RenderText {#text} at (57,133) size 4x19
          text run at (57,133) width 4: " "
        RenderButton {BUTTON} at (61,132) size 93x22 [bgcolor=#C0C0C0] [border: (2px outset #C0C0C0)]
          RenderBlock (anonymous) at (8,2) size 77x18
            RenderInline (generated) at (0,0) size 35x16
              RenderText at (3,1) size 35x16
                text run at (3,1) width 35: "before"
            RenderText {#text} at (38,1) size 36x16
              text run at (38,1) width 36: "button"
        RenderText {#text} at (154,133) size 4x19
          text run at (154,133) width 4: " "
        RenderBR {BR} at (0,0) size 0x0
        RenderButton {BUTTON} at (0,154) size 47x22 [bgcolor=#C0C0C0] [border: (2px outset #C0C0C0)]
          RenderBlock (anonymous) at (8,2) size 31x18
            RenderInline (generated) at (0,0) size 25x16
              RenderText at (3,1) size 25x16
                text run at (3,1) width 25: "after"
        RenderText {#text} at (47,155) size 4x19
          text run at (47,155) width 4: " "
        RenderButton {BUTTON} at (51,154) size 83x22 [bgcolor=#C0C0C0] [border: (2px outset #C0C0C0)]
          RenderBlock (anonymous) at (8,2) size 67x18
            RenderText {#text} at (3,1) size 36x16
              text run at (3,1) width 36: "button"
            RenderInline (generated) at (0,0) size 25x16
              RenderText at (39,1) size 25x16
                text run at (39,1) width 25: "after"
        RenderText {#text} at (134,155) size 4x19
          text run at (134,155) width 4: " "
        RenderBR {BR} at (0,0) size 0x0
