layer at (0,0) size 800x600
  RenderView at (0,0) size 800x600
layer at (0,0) size 800x600
  RenderBlock {HTML} at (0,0) size 800x600
    RenderBody {BODY} at (8,8) size 784x584
      RenderBlock {FORM} at (0,0) size 784x20
        RenderTextControl {INPUT} at (0,0) size 110x20 [bgcolor=#FFFFFF] [border: (2px inset #000000)]
        RenderText {#text} at (0,0) size 0x0
      RenderBlock (anonymous) at (0,36) size 784x20
        RenderText {#text} at (0,0) size 116x19
          text run at (0,0) width 116: "multipart/form-data"
layer at (10,11) size 106x14
  RenderBlock {DIV} at (2,3) size 106x14
