layer at (0,0) size 785x1374
  RenderView at (0,0) size 785x600
layer at (0,0) size 785x1374
  RenderBlock {HTML} at (0,0) size 785x1374
    RenderBody {BODY} at (8,8) size 769x1351
      RenderBlock {P} at (0,0) size 769x20
        RenderText {#text} at (0,0) size 101x19
          text run at (0,0) width 101: "Legend align test"
      RenderFieldSet {FIELDSET} at (2,36) size 765x57 [border: (2px groove #C0C0C0)]
        RenderLegend {LEGEND} at (14,0) size 96x20
          RenderText {#text} at (2,0) size 92x19
            text run at (2,0) width 92: "My Legend left"
        RenderBlock (anonymous) at (14,25) size 737x20
          RenderTextControl {INPUT} at (0,0) size 110x20 [bgcolor=#FFFFFF] [border: (2px inset #000000)]
          RenderText {#text} at (0,0) size 0x0
      RenderFieldSet {FIELDSET} at (2,93) size 765x57 [border: (2px groove #C0C0C0)]
        RenderLegend {LEGEND} at (325,0) size 115x20
          RenderText {#text} at (2,0) size 111x19
            text run at (2,0) width 111: "My Legend center"
        RenderBlock (anonymous) at (14,25) size 737x20
          RenderTextControl {INPUT} at (0,0) size 110x20 [bgcolor=#FFFFFF] [border: (2px inset #000000)]
          RenderText {#text} at (0,0) size 0x0
      RenderFieldSet {FIELDSET} at (2,150) size 765x57 [border: (2px groove #C0C0C0)]
        RenderLegend {LEGEND} at (647,0) size 104x20
          RenderText {#text} at (2,0) size 100x19
            text run at (2,0) width 100: "My Legend right"
        RenderBlock (anonymous) at (14,25) size 737x20
          RenderTextControl {INPUT} at (0,0) size 110x20 [bgcolor=#FFFFFF] [border: (2px inset #000000)]
          RenderText {#text} at (0,0) size 0x0
      RenderFieldSet {FIELDSET} at (2,207) size 765x57 [border: (2px groove #C0C0C0)]
        RenderLegend {LEGEND} at (14,0) size 118x20
          RenderText {#text} at (2,0) size 114x19
            text run at (2,0) width 114: "My Legend default"
        RenderBlock (anonymous) at (14,25) size 737x20
          RenderTextControl {INPUT} at (0,0) size 110x20 [bgcolor=#FFFFFF] [border: (2px inset #000000)]
          RenderText {#text} at (0,0) size 0x0
      RenderBlock {HR} at (0,272) size 769x2 [border: (1px inset #000000)]
      RenderBlock {P} at (0,290) size 769x20
        RenderText {#text} at (0,0) size 137x19
          text run at (0,0) width 137: "Legend align test, RTL"
      RenderBlock (anonymous) at (0,326) size 769x0
        RenderInline {SPAN} at (0,0) size 0x0
          RenderText {#text} at (0,0) size 0x0
      RenderBlock (anonymous) at (0,326) size 769x228
        RenderFieldSet {FIELDSET} at (2,0) size 765x57 [border: (2px groove #C0C0C0)]
          RenderLegend {LEGEND} at (14,0) size 96x20
            RenderText {#text} at (2,0) size 92x19
              text run at (2,0) width 92: "My Legend left"
          RenderBlock (anonymous) at (14,25) size 737x20
            RenderTextControl {INPUT} at (627,0) size 110x20 [bgcolor=#FFFFFF] [border: (2px inset #000000)]
            RenderText {#text} at (0,0) size 0x0
        RenderFieldSet {FIELDSET} at (2,57) size 765x57 [border: (2px groove #C0C0C0)]
          RenderLegend {LEGEND} at (325,0) size 115x20
            RenderText {#text} at (2,0) size 111x19
              text run at (2,0) width 111: "My Legend center"
          RenderBlock (anonymous) at (14,25) size 737x20
            RenderTextControl {INPUT} at (627,0) size 110x20 [bgcolor=#FFFFFF] [border: (2px inset #000000)]
            RenderText {#text} at (0,0) size 0x0
        RenderFieldSet {FIELDSET} at (2,114) size 765x57 [border: (2px groove #C0C0C0)]
          RenderLegend {LEGEND} at (647,0) size 104x20
            RenderText {#text} at (2,0) size 100x19
              text run at (2,0) width 100: "My Legend right"
          RenderBlock (anonymous) at (14,25) size 737x20
            RenderTextControl {INPUT} at (627,0) size 110x20 [bgcolor=#FFFFFF] [border: (2px inset #000000)]
            RenderText {#text} at (0,0) size 0x0
        RenderFieldSet {FIELDSET} at (2,171) size 765x57 [border: (2px groove #C0C0C0)]
          RenderLegend {LEGEND} at (633,0) size 118x20
            RenderText {#text} at (2,0) size 114x19
              text run at (2,0) width 114: "My Legend default"
          RenderBlock (anonymous) at (14,25) size 737x20
            RenderTextControl {INPUT} at (627,0) size 110x20 [bgcolor=#FFFFFF] [border: (2px inset #000000)]
            RenderText {#text} at (0,0) size 0x0
      RenderBlock (anonymous) at (0,554) size 769x0
        RenderInline {SPAN} at (0,0) size 0x0
        RenderText {#text} at (0,0) size 0x0
      RenderBlock {HR} at (0,562) size 769x2 [border: (1px inset #000000)]
      RenderBlock {P} at (0,580) size 769x20
        RenderText {#text} at (0,0) size 252x19
          text run at (0,0) width 252: "Legend align test with margin and padding"
      RenderFieldSet {FIELDSET} at (15,616) size 739x72 [border: (2px groove #C0C0C0)]
        RenderLegend {LEGEND} at (17,0) size 96x20
          RenderText {#text} at (2,0) size 92x19
            text run at (2,0) width 92: "My Legend left"
        RenderBlock (anonymous) at (17,35) size 705x20
          RenderTextControl {INPUT} at (0,0) size 110x20 [bgcolor=#FFFFFF] [border: (2px inset #000000)]
          RenderText {#text} at (0,0) size 0x0
      RenderFieldSet {FIELDSET} at (15,703) size 739x72 [border: (2px groove #C0C0C0)]
        RenderLegend {LEGEND} at (312,0) size 115x20
          RenderText {#text} at (2,0) size 111x19
            text run at (2,0) width 111: "My Legend center"
        RenderBlock (anonymous) at (17,35) size 705x20
          RenderTextControl {INPUT} at (0,0) size 110x20 [bgcolor=#FFFFFF] [border: (2px inset #000000)]
          RenderText {#text} at (0,0) size 0x0
      RenderFieldSet {FIELDSET} at (15,790) size 739x72 [border: (2px groove #C0C0C0)]
        RenderLegend {LEGEND} at (618,0) size 104x20
          RenderText {#text} at (2,0) size 100x19
            text run at (2,0) width 100: "My Legend right"
        RenderBlock (anonymous) at (17,35) size 705x20
          RenderTextControl {INPUT} at (0,0) size 110x20 [bgcolor=#FFFFFF] [border: (2px inset #000000)]
          RenderText {#text} at (0,0) size 0x0
      RenderFieldSet {FIELDSET} at (15,877) size 739x72 [border: (2px groove #C0C0C0)]
        RenderLegend {LEGEND} at (17,0) size 118x20
          RenderText {#text} at (2,0) size 114x19
            text run at (2,0) width 114: "My Legend default"
        RenderBlock (anonymous) at (17,35) size 705x20
          RenderTextControl {INPUT} at (0,0) size 110x20 [bgcolor=#FFFFFF] [border: (2px inset #000000)]
          RenderText {#text} at (0,0) size 0x0
      RenderBlock {HR} at (0,964) size 769x2 [border: (1px inset #000000)]
      RenderBlock {P} at (0,982) size 769x20
        RenderText {#text} at (0,0) size 288x19
          text run at (0,0) width 288: "Legend align test with margin and padding, RTL"
      RenderBlock (anonymous) at (0,1018) size 769x0
        RenderInline {SPAN} at (0,0) size 0x0
          RenderText {#text} at (0,0) size 0x0
      RenderBlock (anonymous) at (0,1018) size 769x333
        RenderFieldSet {FIELDSET} at (15,0) size 739x72 [border: (2px groove #C0C0C0)]
          RenderLegend {LEGEND} at (17,0) size 96x20
            RenderText {#text} at (2,0) size 92x19
              text run at (2,0) width 92: "My Legend left"
          RenderBlock (anonymous) at (17,35) size 705x20
            RenderTextControl {INPUT} at (595,0) size 110x20 [bgcolor=#FFFFFF] [border: (2px inset #000000)]
            RenderText {#text} at (0,0) size 0x0
        RenderFieldSet {FIELDSET} at (15,87) size 739x72 [border: (2px groove #C0C0C0)]
          RenderLegend {LEGEND} at (312,0) size 115x20
            RenderText {#text} at (2,0) size 111x19
              text run at (2,0) width 111: "My Legend center"
          RenderBlock (anonymous) at (17,35) size 705x20
            RenderTextControl {INPUT} at (595,0) size 110x20 [bgcolor=#FFFFFF] [border: (2px inset #000000)]
            RenderText {#text} at (0,0) size 0x0
        RenderFieldSet {FIELDSET} at (15,174) size 739x72 [border: (2px groove #C0C0C0)]
          RenderLegend {LEGEND} at (618,0) size 104x20
            RenderText {#text} at (2,0) size 100x19
              text run at (2,0) width 100: "My Legend right"
          RenderBlock (anonymous) at (17,35) size 705x20
            RenderTextControl {INPUT} at (595,0) size 110x20 [bgcolor=#FFFFFF] [border: (2px inset #000000)]
            RenderText {#text} at (0,0) size 0x0
        RenderFieldSet {FIELDSET} at (15,261) size 739x72 [border: (2px groove #C0C0C0)]
          RenderLegend {LEGEND} at (604,0) size 118x20
            RenderText {#text} at (2,0) size 114x19
              text run at (2,0) width 114: "My Legend default"
          RenderBlock (anonymous) at (17,35) size 705x20
            RenderTextControl {INPUT} at (595,0) size 110x20 [bgcolor=#FFFFFF] [border: (2px inset #000000)]
            RenderText {#text} at (0,0) size 0x0
      RenderBlock (anonymous) at (0,1366) size 769x0
        RenderInline {SPAN} at (0,0) size 0x0
        RenderText {#text} at (0,0) size 0x0
        RenderText {#text} at (0,0) size 0x0
        RenderText {#text} at (0,0) size 0x0
layer at (26,72) size 106x14
  RenderBlock {DIV} at (2,3) size 106x14
layer at (26,129) size 106x14
  RenderBlock {DIV} at (2,3) size 106x14
layer at (26,186) size 106x14
  RenderBlock {DIV} at (2,3) size 106x14
layer at (26,243) size 106x14
  RenderBlock {DIV} at (2,3) size 106x14
layer at (653,362) size 106x14
  RenderBlock {DIV} at (2,3) size 106x14
layer at (653,419) size 106x14
  RenderBlock {DIV} at (2,3) size 106x14
layer at (653,476) size 106x14
  RenderBlock {DIV} at (2,3) size 106x14
layer at (653,533) size 106x14
  RenderBlock {DIV} at (2,3) size 106x14
layer at (42,662) size 106x14
  RenderBlock {DIV} at (2,3) size 106x14
layer at (42,749) size 106x14
  RenderBlock {DIV} at (2,3) size 106x14
layer at (42,836) size 106x14
  RenderBlock {DIV} at (2,3) size 106x14
layer at (42,923) size 106x14
  RenderBlock {DIV} at (2,3) size 106x14
layer at (637,1064) size 106x14
  RenderBlock {DIV} at (2,3) size 106x14
layer at (637,1151) size 106x14
  RenderBlock {DIV} at (2,3) size 106x14
layer at (637,1238) size 106x14
  RenderBlock {DIV} at (2,3) size 106x14
layer at (637,1325) size 106x14
  RenderBlock {DIV} at (2,3) size 106x14
