layer at (0,0) size 800x600
  RenderView at (0,0) size 800x600
layer at (0,0) size 800x600
  RenderBlock {HTML} at (0,0) size 800x600
    RenderBody {BODY} at (8,8) size 784x576
      RenderBlock {FORM} at (0,0) size 784x66
        RenderBlock (anonymous) at (0,0) size 784x64
          RenderBlock {INPUT} at (4,3) size 12x12
          RenderInline {B} at (0,0) size 73x19
            RenderText {#text} at (19,0) size 73x19
              text run at (19,0) width 73: "Attach File"
          RenderBR {BR} at (92,15) size 0x0
          RenderBR {BR} at (0,20) size 0x19
          RenderText {#text} at (0,41) size 82x19
            text run at (0,41) width 82: "  Select File:  "
          RenderFileUploadControl {INPUT} at (84,42) size 204x20
            RenderButton {INPUT} at (0,0) size 76x20 [color=#808080] [bgcolor=#C0C0C0] [border: (2px outset #C0C0C0)]
              RenderBlock (anonymous) at (8,2) size 60x16
                RenderText at (3,1) size 54x14
                  text run at (3,1) width 54: "Choose File"
          RenderBR {BR} at (290,56) size 0x0
        RenderTable {TABLE} at (0,64) size 4x2
          RenderTableSection {TBODY} at (0,0) size 4x2
