layer at (0,0) size 785x650
  RenderView at (0,0) size 785x600
layer at (0,0) size 785x650
  RenderBlock {HTML} at (0,0) size 785x650
    RenderBody {BODY} at (8,8) size 769x634
      RenderBlock {H1} at (0,0) size 769x37
        RenderText {#text} at (0,0) size 420x36
          text run at (0,0) width 420: "Form Element Geometry Tests"
      RenderBlock {P} at (0,58) size 769x20
        RenderText {#text} at (0,0) size 514x19
          text run at (0,0) width 514: "These tests help us tune the widget classes in KWQ to have all the right fudge factors."
      RenderBlock {H2} at (0,97) size 769x27
        RenderText {#text} at (0,0) size 165x26
          text run at (0,0) width 165: "Bounding Boxes"
      RenderTable {TABLE} at (0,143) size 175x32
        RenderTableSection {TBODY} at (0,0) size 175x32
          RenderTableRow {TR} at (0,2) size 175x28
            RenderTableCell {TD} at (2,2) size 64x28 [r=0 c=0 rs=1 cs=1]
              RenderBlock {DIV} at (1,1) size 62x26 [border: (2px solid #0000FF)]
                RenderInline {FONT} at (0,0) size 58x22
                  RenderButton {INPUT} at (2,2) size 58x22 [bgcolor=#C0C0C0] [border: (2px outset #C0C0C0)]
                    RenderBlock (anonymous) at (8,2) size 42x18
                      RenderText at (3,1) size 36x16
                        text run at (3,1) width 36: "button"
            RenderTableCell {TD} at (68,3) size 63x26 [r=0 c=1 rs=1 cs=1]
              RenderBlock {DIV} at (1,1) size 61x24 [border: (2px solid #0000FF)]
                RenderInline {FONT} at (0,0) size 57x20
                  RenderMenuList {SELECT} at (2,2) size 57x20 [bgcolor=#FFFFFF] [border: (1px solid #000000)]
                    RenderBlock (anonymous) at (1,1) size 55x18
                      RenderText at (4,1) size 32x16
                        text run at (4,1) width 32: "menu"
              RenderBlock (anonymous) at (1,25) size 61x0
                RenderInline {FONT} at (0,0) size 0x0
            RenderTableCell {TD} at (133,6) size 19x19 [r=0 c=2 rs=1 cs=1]
              RenderBlock {DIV} at (1,1) size 17x17 [border: (2px solid #0000FF)]
                RenderInline {FONT} at (0,0) size 13x13
                  RenderBlock {INPUT} at (2,2) size 13x13
              RenderBlock (anonymous) at (1,18) size 17x0
                RenderInline {FONT} at (0,0) size 0x0
            RenderTableCell {TD} at (154,6) size 19x19 [r=0 c=3 rs=1 cs=1]
              RenderBlock {DIV} at (1,1) size 17x17 [border: (2px solid #0000FF)]
                RenderInline {FONT} at (0,0) size 13x13
                  RenderBlock {INPUT} at (2,2) size 13x13
              RenderBlock (anonymous) at (1,18) size 17x0
                RenderInline {FONT} at (0,0) size 0x0
      RenderTable {TABLE} at (0,175) size 175x32
        RenderTableSection {TBODY} at (0,0) size 175x32
          RenderTableRow {TR} at (0,2) size 175x28
            RenderTableCell {TD} at (2,2) size 64x28 [r=0 c=0 rs=1 cs=1]
              RenderBlock {DIV} at (1,1) size 62x26 [border: (2px solid #0000FF)]
                RenderButton {INPUT} at (2,2) size 58x22 [bgcolor=#C0C0C0] [border: (2px outset #C0C0C0)]
                  RenderBlock (anonymous) at (8,2) size 42x18
                    RenderText at (3,1) size 36x16
                      text run at (3,1) width 36: "button"
            RenderTableCell {TD} at (68,3) size 63x26 [r=0 c=1 rs=1 cs=1]
              RenderBlock {DIV} at (1,1) size 61x24 [border: (2px solid #0000FF)]
                RenderMenuList {SELECT} at (2,2) size 57x20 [bgcolor=#FFFFFF] [border: (1px solid #000000)]
                  RenderBlock (anonymous) at (1,1) size 55x18
                    RenderText at (4,1) size 32x16
                      text run at (4,1) width 32: "menu"
            RenderTableCell {TD} at (133,6) size 19x19 [r=0 c=2 rs=1 cs=1]
              RenderBlock {DIV} at (1,1) size 17x17 [border: (2px solid #0000FF)]
                RenderBlock {INPUT} at (2,2) size 13x13
            RenderTableCell {TD} at (154,6) size 19x19 [r=0 c=3 rs=1 cs=1]
              RenderBlock {DIV} at (1,1) size 17x17 [border: (2px solid #0000FF)]
                RenderBlock {INPUT} at (2,2) size 13x13
      RenderTable {TABLE} at (0,207) size 175x32
        RenderTableSection {TBODY} at (0,0) size 175x32
          RenderTableRow {TR} at (0,2) size 175x28
            RenderTableCell {TD} at (2,2) size 64x28 [r=0 c=0 rs=1 cs=1]
              RenderBlock {DIV} at (1,1) size 62x26 [border: (2px solid #0000FF)]
                RenderInline {FONT} at (0,0) size 58x12
                  RenderButton {INPUT} at (2,2) size 58x22 [bgcolor=#C0C0C0] [border: (2px outset #C0C0C0)]
                    RenderBlock (anonymous) at (8,2) size 42x18
                      RenderText at (3,1) size 36x16
                        text run at (3,1) width 36: "button"
            RenderTableCell {TD} at (68,3) size 63x26 [r=0 c=1 rs=1 cs=1]
              RenderBlock {DIV} at (1,1) size 61x24 [border: (2px solid #0000FF)]
                RenderInline {FONT} at (0,0) size 57x12
                  RenderMenuList {SELECT} at (2,2) size 57x20 [bgcolor=#FFFFFF] [border: (1px solid #000000)]
                    RenderBlock (anonymous) at (1,1) size 55x18
                      RenderText at (4,1) size 32x16
                        text run at (4,1) width 32: "menu"
            RenderTableCell {TD} at (133,6) size 19x19 [r=0 c=2 rs=1 cs=1]
              RenderBlock {DIV} at (1,1) size 17x17 [border: (2px solid #0000FF)]
                RenderInline {FONT} at (0,0) size 13x10
                  RenderBlock {INPUT} at (2,2) size 13x13
            RenderTableCell {TD} at (154,6) size 19x19 [r=0 c=3 rs=1 cs=1]
              RenderBlock {DIV} at (1,1) size 17x17 [border: (2px solid #0000FF)]
                RenderInline {FONT} at (0,0) size 13x10
                  RenderBlock {INPUT} at (2,2) size 13x13
      RenderTable {TABLE} at (0,239) size 584x79
        RenderTableSection {TBODY} at (0,0) size 584x79
          RenderTableRow {TR} at (0,2) size 584x75
            RenderTableCell {TD} at (2,2) size 101x28 [r=0 c=0 rs=1 cs=1]
              RenderBlock {DIV} at (1,1) size 99x26 [border: (2px solid #0000FF)]
                RenderTextControl {INPUT} at (2,2) size 95x22 [bgcolor=#FFFFFF] [border: (2px inset #000000)]
            RenderTableCell {TD} at (105,2) size 44x75 [r=0 c=1 rs=1 cs=1]
              RenderBlock {DIV} at (1,1) size 42x73 [border: (2px solid #0000FF)]
                RenderListBox {SELECT} at (2,2) size 38x69 [bgcolor=#FFFFFF] [border: (1px inset #808080)]
            RenderTableCell {TD} at (151,2) size 244x28 [r=0 c=2 rs=1 cs=1]
              RenderBlock {DIV} at (1,1) size 242x26 [border: (2px solid #0000FF)]
                RenderFileUploadControl {INPUT} at (2,2) size 238x22
                  RenderButton {INPUT} at (0,0) size 91x22 [bgcolor=#C0C0C0] [border: (2px outset #C0C0C0)]
                    RenderBlock (anonymous) at (8,2) size 75x18
                      RenderText at (3,1) size 69x16
                        text run at (3,1) width 69: "Choose File"
            RenderTableCell {TD} at (397,2) size 185x44 [r=0 c=3 rs=1 cs=1]
              RenderBlock {DIV} at (1,1) size 183x42 [border: (2px solid #0000FF)]
      RenderBlock {H2} at (0,337) size 769x27
        RenderText {#text} at (0,0) size 199x26
          text run at (0,0) width 199: "Baseline Alignment"
      RenderBlock {DIV} at (0,383) size 769x28
        RenderInline {FONT} at (0,0) size 217x27
          RenderText {#text} at (0,0) size 43x27
            text run at (0,0) width 43: "text "
          RenderButton {INPUT} at (43,5) size 58x22 [bgcolor=#C0C0C0] [border: (2px outset #C0C0C0)]
            RenderBlock (anonymous) at (8,2) size 42x18
              RenderText at (3,1) size 36x16
                text run at (3,1) width 36: "button"
          RenderText {#text} at (101,0) size 6x27
            text run at (101,0) width 6: " "
          RenderMenuList {SELECT} at (107,6) size 57x20 [bgcolor=#FFFFFF] [border: (1px solid #000000)]
            RenderBlock (anonymous) at (1,1) size 55x18
              RenderText at (4,1) size 32x16
                text run at (4,1) width 32: "menu"
          RenderText {#text} at (164,0) size 6x27
            text run at (164,0) width 6: " "
          RenderBlock {INPUT} at (175,8) size 13x13
          RenderText {#text} at (191,0) size 6x27
            text run at (191,0) width 6: " "
          RenderBlock {INPUT} at (201,8) size 13x13
          RenderText {#text} at (0,0) size 0x0
      RenderBlock {DIV} at (0,411) size 769x22
        RenderText {#text} at (0,1) size 26x19
          text run at (0,1) width 26: "text "
        RenderButton {INPUT} at (26,0) size 58x22 [bgcolor=#C0C0C0] [border: (2px outset #C0C0C0)]
          RenderBlock (anonymous) at (8,2) size 42x18
            RenderText at (3,1) size 36x16
              text run at (3,1) width 36: "button"
        RenderText {#text} at (84,1) size 4x19
          text run at (84,1) width 4: " "
        RenderMenuList {SELECT} at (88,1) size 57x20 [bgcolor=#FFFFFF] [border: (1px solid #000000)]
          RenderBlock (anonymous) at (1,1) size 55x18
            RenderText at (4,1) size 32x16
              text run at (4,1) width 32: "menu"
        RenderText {#text} at (145,1) size 4x19
          text run at (145,1) width 4: " "
        RenderBlock {INPUT} at (154,3) size 13x13
        RenderText {#text} at (170,1) size 4x19
          text run at (170,1) width 4: " "
        RenderBlock {INPUT} at (178,3) size 13x13
        RenderText {#text} at (0,0) size 0x0
      RenderBlock {DIV} at (0,433) size 769x22
        RenderInline {FONT} at (0,0) size 183x12
          RenderText {#text} at (0,6) size 18x12
            text run at (0,6) width 18: "text "
          RenderButton {INPUT} at (18,0) size 58x22 [bgcolor=#C0C0C0] [border: (2px outset #C0C0C0)]
            RenderBlock (anonymous) at (8,2) size 42x18
              RenderText at (3,1) size 36x16
                text run at (3,1) width 36: "button"
          RenderText {#text} at (76,6) size 3x12
            text run at (76,6) width 3: " "
          RenderMenuList {SELECT} at (79,1) size 57x20 [bgcolor=#FFFFFF] [border: (1px solid #000000)]
            RenderBlock (anonymous) at (1,1) size 55x18
              RenderText at (4,1) size 32x16
                text run at (4,1) width 32: "menu"
          RenderText {#text} at (136,6) size 3x12
            text run at (136,6) width 3: " "
          RenderBlock {INPUT} at (144,3) size 13x13
          RenderText {#text} at (160,6) size 3x12
            text run at (160,6) width 3: " "
          RenderBlock {INPUT} at (167,3) size 13x13
          RenderText {#text} at (0,0) size 0x0
      RenderBlock {DIV} at (0,455) size 769x46
        RenderText {#text} at (0,23) size 26x19
          text run at (0,23) width 26: "text "
        RenderTextControl {INPUT} at (26,22) size 95x22 [bgcolor=#FFFFFF] [border: (2px inset #000000)]
        RenderText {#text} at (121,23) size 4x19
          text run at (121,23) width 4: " "
        RenderFileUploadControl {INPUT} at (127,22) size 238x22
          RenderButton {INPUT} at (0,0) size 91x22 [bgcolor=#C0C0C0] [border: (2px outset #C0C0C0)]
            RenderBlock (anonymous) at (8,2) size 75x18
              RenderText at (3,1) size 69x16
                text run at (3,1) width 69: "Choose File"
        RenderText {#text} at (367,23) size 4x19
          text run at (367,23) width 4: " "
        RenderText {#text} at (0,0) size 0x0
      RenderBlock {H2} at (0,520) size 769x27
        RenderText {#text} at (0,0) size 195x26
          text run at (0,0) width 195: "Pop-up Menu Sizes"
      RenderBlock {DIV} at (0,566) size 769x28
        RenderInline {FONT} at (0,0) size 146x27
          RenderText {#text} at (0,0) size 0x0
          RenderMenuList {SELECT} at (0,6) size 25x20 [bgcolor=#FFFFFF] [border: (1px solid #000000)]
            RenderBlock (anonymous) at (1,1) size 23x18
              RenderBR at (4,1) size 0x16 [bgcolor=#FFFFFF]
          RenderText {#text} at (25,0) size 6x27
            text run at (25,0) width 6: " "
          RenderMenuList {SELECT} at (31,6) size 28x20 [bgcolor=#FFFFFF] [border: (1px solid #000000)]
            RenderBlock (anonymous) at (1,1) size 26x18
              RenderText at (4,1) size 3x16
                text run at (4,1) width 3: "|"
          RenderText {#text} at (59,0) size 6x27
            text run at (59,0) width 6: " "
          RenderMenuList {SELECT} at (65,6) size 81x20 [bgcolor=#FFFFFF] [border: (1px solid #000000)]
            RenderBlock (anonymous) at (1,1) size 79x18
              RenderText at (4,1) size 56x16
                text run at (4,1) width 56: "xxxxxxxx"
          RenderText {#text} at (0,0) size 0x0
      RenderBlock {DIV} at (0,594) size 769x20
        RenderMenuList {SELECT} at (0,0) size 25x20 [bgcolor=#FFFFFF] [border: (1px solid #000000)]
          RenderBlock (anonymous) at (1,1) size 23x18
            RenderBR at (4,1) size 0x16 [bgcolor=#FFFFFF]
        RenderText {#text} at (25,0) size 4x19
          text run at (25,0) width 4: " "
        RenderMenuList {SELECT} at (29,0) size 28x20 [bgcolor=#FFFFFF] [border: (1px solid #000000)]
          RenderBlock (anonymous) at (1,1) size 26x18
            RenderText at (4,1) size 3x16
              text run at (4,1) width 3: "|"
        RenderText {#text} at (57,0) size 4x19
          text run at (57,0) width 4: " "
        RenderMenuList {SELECT} at (61,0) size 81x20 [bgcolor=#FFFFFF] [border: (1px solid #000000)]
          RenderBlock (anonymous) at (1,1) size 79x18
            RenderText at (4,1) size 56x16
              text run at (4,1) width 56: "xxxxxxxx"
        RenderText {#text} at (0,0) size 0x0
      RenderBlock {DIV} at (0,614) size 769x20
        RenderInline {FONT} at (0,0) size 140x12
          RenderText {#text} at (0,0) size 0x0
          RenderMenuList {SELECT} at (0,0) size 25x20 [bgcolor=#FFFFFF] [border: (1px solid #000000)]
            RenderBlock (anonymous) at (1,1) size 23x18
              RenderBR at (4,1) size 0x16 [bgcolor=#FFFFFF]
          RenderText {#text} at (25,5) size 3x12
            text run at (25,5) width 3: " "
          RenderMenuList {SELECT} at (28,0) size 28x20 [bgcolor=#FFFFFF] [border: (1px solid #000000)]
            RenderBlock (anonymous) at (1,1) size 26x18
              RenderText at (4,1) size 3x16
                text run at (4,1) width 3: "|"
          RenderText {#text} at (56,5) size 3x12
            text run at (56,5) width 3: " "
          RenderMenuList {SELECT} at (59,0) size 81x20 [bgcolor=#FFFFFF] [border: (1px solid #000000)]
            RenderBlock (anonymous) at (1,1) size 79x18
              RenderText at (4,1) size 56x16
                text run at (4,1) width 56: "xxxxxxxx"
          RenderText {#text} at (0,0) size 0x0
layer at (15,255) size 91x16
  RenderBlock {DIV} at (2,3) size 91x16
    RenderText {#text} at (1,0) size 49x16
      text run at (1,0) width 49: "text field"
layer at (408,253) size 179x36 clip at (409,254) size 177x34
  RenderTextControl {TEXTAREA} at (2,3) size 179x36 [bgcolor=#FFFFFF] [border: (1px solid #000000)]
    RenderBlock {DIV} at (3,3) size 158x16
      RenderText {#text} at (0,0) size 64x16
        text run at (0,0) width 64: "textarea"
layer at (36,488) size 91x16
  RenderBlock {DIV} at (2,3) size 91x16
    RenderText {#text} at (1,0) size 49x16
      text run at (1,0) width 49: "text field"
layer at (379,464) size 179x36 clip at (380,465) size 177x34
  RenderTextControl {TEXTAREA} at (371,1) size 179x36 [bgcolor=#FFFFFF] [border: (1px solid #000000)]
    RenderBlock {DIV} at (3,3) size 158x16
      RenderText {#text} at (0,0) size 64x16
        text run at (0,0) width 64: "textarea"
