layer at (0,0) size 800x600
  RenderView at (0,0) size 800x600
layer at (0,0) size 800x600
  RenderBlock {HTML} at (0,0) size 800x600
    RenderBody {BODY} at (8,8) size 784x584
      RenderText {#text} at (0,0) size 284x19
        text run at (0,0) width 284: "With the label empty, the enclosing text is used."
      RenderBR {BR} at (284,15) size 0x0
      RenderMenuList {SELECT} at (0,20) size 273x18 [bgcolor=#FFFFFF]
        RenderBlock (anonymous) at (0,0) size 273x19
          RenderText at (8,2) size 242x14
            text run at (8,2) width 242: "empty label should display empty string to match IE"
      RenderText {#text} at (0,0) size 0x0
