layer at (0,0) size 785x720
  RenderView at (0,0) size 785x600
layer at (0,0) size 785x720
  RenderBlock {HTML} at (0,0) size 785x720
    RenderBody {BODY} at (8,8) size 769x704
      RenderBlock (anonymous) at (0,0) size 769x20
        RenderText {#text} at (0,0) size 232x19
          text run at (0,0) width 232: "This tests minMaxWidth for text fields."
      RenderBlock {P} at (0,36) size 769x20
        RenderText {#text} at (0,0) size 69x19
          text run at (0,0) width 69: "Test case 1"
      RenderTable {TABLE} at (0,72) size 118x40 [border: (3px solid #0000FF)]
        RenderTableSection {TBODY} at (3,3) size 112x34
          RenderTableRow {TR} at (0,2) size 112x30
            RenderTableCell {TD} at (2,2) size 108x30 [border: (3px solid #FF0000)] [r=0 c=0 rs=1 cs=1]
              RenderTextControl {INPUT} at (4,4) size 100x22 [bgcolor=#FFFFFF] [border: (2px inset #000000)]
      RenderBlock {P} at (0,128) size 769x20
        RenderText {#text} at (0,0) size 69x19
          text run at (0,0) width 69: "Test case 2"
      RenderTable {TABLE} at (0,164) size 165x72 [border: (3px solid #0000FF)]
        RenderTableSection {TBODY} at (3,3) size 159x66
          RenderTableRow {TR} at (0,2) size 159x30
            RenderTableCell {TD} at (2,6) size 45x22 [r=0 c=0 rs=1 cs=1]
              RenderText {#text} at (1,1) size 22x19
                text run at (1,1) width 22: "first"
            RenderTableCell {TD} at (49,2) size 108x30 [border: (3px solid #FF0000)] [r=0 c=1 rs=1 cs=1]
              RenderTextControl {INPUT} at (4,4) size 100x22 [bgcolor=#FFFFFF] [border: (2px inset #000000)]
          RenderTableRow {TR} at (0,34) size 159x30
            RenderTableCell {TD} at (2,38) size 45x22 [r=1 c=0 rs=1 cs=1]
              RenderText {#text} at (1,1) size 43x19
                text run at (1,1) width 43: "second"
            RenderTableCell {TD} at (49,34) size 108x30 [border: (3px solid #FF0000)] [r=1 c=1 rs=1 cs=1]
              RenderTextControl {INPUT} at (4,4) size 100x22 [bgcolor=#FFFFFF] [border: (2px inset #000000)]
      RenderBlock {P} at (0,252) size 769x20
        RenderText {#text} at (0,0) size 69x19
          text run at (0,0) width 69: "Test case 3"
      RenderTable {TABLE} at (0,288) size 51x80 [border: (3px solid #0000FF)]
        RenderTableSection {TBODY} at (3,3) size 45x74
          RenderTableRow {TR} at (0,2) size 45x70
            RenderTableCell {TD} at (2,2) size 41x70 [border: (3px solid #FF0000)] [r=0 c=0 rs=1 cs=1]
              RenderText {#text} at (4,4) size 33x39
                text run at (4,4) width 33: "width"
                text run at (4,24) width 31: "30px"
              RenderTextControl {INPUT} at (4,44) size 30x22 [bgcolor=#FFFFFF] [border: (2px inset #000000)]
      RenderBlock {P} at (0,384) size 769x20
        RenderText {#text} at (0,0) size 69x19
          text run at (0,0) width 69: "Test case 4"
      RenderTable {TABLE} at (0,420) size 218x70 [border: (3px solid #0000FF)]
        RenderTableSection {TBODY} at (3,3) size 212x64
          RenderTableRow {TR} at (0,2) size 212x30
            RenderTableCell {TD} at (2,2) size 208x30 [border: (3px solid #FF0000)] [r=0 c=0 rs=1 cs=1]
              RenderTextControl {INPUT} at (4,4) size 200x22 [bgcolor=#FFFFFF] [border: (2px inset #000000)]
          RenderTableRow {TR} at (0,34) size 212x28
            RenderTableCell {TD} at (2,34) size 208x28 [border: (3px solid #FF0000)] [r=1 c=0 rs=1 cs=1]
              RenderBlock {DIV} at (4,4) size 200x20
                RenderText {#text} at (0,0) size 39x19
                  text run at (0,0) width 39: "200px"
      RenderBlock {P} at (0,506) size 769x20
        RenderText {#text} at (0,0) size 69x19
          text run at (0,0) width 69: "Test case 5"
      RenderTable {TABLE} at (0,542) size 88x40 [border: (3px solid #0000FF)]
        RenderTableSection {TBODY} at (3,3) size 82x34
          RenderTableRow {TR} at (0,2) size 82x30
            RenderTableCell {TD} at (2,2) size 78x30 [border: (3px solid #FF0000)] [r=0 c=0 rs=1 cs=1]
              RenderTextControl {INPUT} at (4,4) size 70x22 [bgcolor=#FFFFFF] [border: (2px inset #000000)]
      RenderBlock {P} at (0,598) size 769x20
        RenderText {#text} at (0,0) size 69x19
          text run at (0,0) width 69: "Test case 6"
      RenderTable {TABLE} at (0,634) size 173x70 [border: (3px solid #0000FF)]
        RenderTableSection {TBODY} at (3,3) size 167x64
          RenderTableRow {TR} at (0,2) size 167x30
            RenderTableCell {TD} at (2,2) size 163x30 [border: (3px solid #FF0000)] [r=0 c=0 rs=1 cs=1]
              RenderTextControl {INPUT} at (4,4) size 155x22 [bgcolor=#FFFFFF] [border: (2px inset #000000)]
          RenderTableRow {TR} at (0,34) size 167x28
            RenderTableCell {TD} at (2,34) size 163x28 [border: (3px solid #FF0000)] [r=1 c=0 rs=1 cs=1]
              RenderBlock {DIV} at (4,4) size 70x20
                RenderText {#text} at (0,0) size 31x19
                  text run at (0,0) width 31: "70px"
layer at (19,92) size 96x16
  RenderBlock {DIV} at (2,3) size 96x16
layer at (66,184) size 96x16
  RenderBlock {DIV} at (2,3) size 96x16
layer at (66,216) size 96x16
  RenderBlock {DIV} at (2,3) size 96x16
layer at (19,348) size 26x16
  RenderBlock {DIV} at (2,3) size 26x16
layer at (19,440) size 196x16
  RenderBlock {DIV} at (2,3) size 196x16
    RenderText {#text} at (1,0) size 67x16
      text run at (1,0) width 67: "width 100%"
layer at (19,562) size 66x16
  RenderBlock {DIV} at (2,3) size 66x16
    RenderText {#text} at (1,0) size 57x16
      text run at (1,0) width 57: "max 70px"
layer at (19,654) size 151x16
  RenderBlock {DIV} at (2,3) size 151x16
    RenderText {#text} at (1,0) size 94x16
      text run at (1,0) width 94: "min-width 100px"
