layer at (0,0) size 800x600
  RenderView at (0,0) size 800x600
layer at (0,0) size 800x600
  RenderBlock {HTML} at (0,0) size 800x600
    RenderBody {BODY} at (8,8) size 784x576
      RenderBlock (anonymous) at (0,0) size 784x22
        RenderTextControl {INPUT} at (0,0) size 155x22 [bgcolor=#FFFFFF] [border: (2px inset #000000)]
        RenderText {#text} at (0,0) size 0x0
      RenderBlock {P} at (0,38) size 784x20
        RenderText {#text} at (0,0) size 704x19
          text run at (0,0) width 704: "Tests drag-selecting down. If the test succeeds, the text from the center to the end of the text field should be selected."
layer at (10,11) size 151x16
  RenderBlock {DIV} at (2,3) size 151x16
    RenderText {#text} at (1,0) size 132x16
      text run at (1,0) width 132: "This is a bunch of text."
selection start: position 7 of child 0 {#text} of child 0 {DIV} of child 0 {INPUT} of child 1 {BODY} of child 0 {HTML} of document
selection end:   position 24 of child 0 {#text} of child 0 {DIV} of child 0 {INPUT} of child 1 {BODY} of child 0 {HTML} of document
