layer at (0,0) size 800x600
  RenderView at (0,0) size 800x600
layer at (0,0) size 800x600
  RenderBlock {HTML} at (0,0) size 800x600
    RenderBody {BODY} at (8,8) size 784x584
      RenderText {#text} at (0,0) size 328x19
        text run at (0,0) width 328: "This tests that the new text fields use the correct width."
      RenderBR {BR} at (328,15) size 0x0
      RenderTextControl {INPUT} at (0,20) size 110x20 [bgcolor=#FFFFFF] [border: (2px inset #000000)]
      RenderBR {BR} at (110,34) size 0x0
      RenderTextControl {INPUT} at (0,40) size 200x20 [bgcolor=#FFFFFF] [border: (2px inset #000000)]
      RenderBR {BR} at (200,54) size 0x0
      RenderTextControl {INPUT} at (0,60) size 230x20 [bgcolor=#FFFFFF] [border: (2px inset #000000)]
      RenderBR {BR} at (230,74) size 0x0
      RenderTextControl {INPUT} at (0,80) size 200x20 [bgcolor=#FFFFFF] [border: (2px inset #000000)]
      RenderBR {BR} at (200,94) size 0x0
      RenderTextControl {INPUT} at (0,100) size 70x20 [bgcolor=#FFFFFF] [border: (2px inset #000000)]
      RenderBR {BR} at (70,114) size 0x0
layer at (10,31) size 106x14
  RenderBlock {DIV} at (2,3) size 106x14
layer at (10,51) size 196x14
  RenderBlock {DIV} at (2,3) size 196x14
    RenderText {#text} at (1,0) size 88x14
      text run at (1,0) width 88: "styled width 200px"
layer at (10,71) size 226x14
  RenderBlock {DIV} at (2,3) size 226x14
    RenderText {#text} at (1,0) size 32x14
      text run at (1,0) width 32: "size 50"
layer at (10,91) size 196x14
  RenderBlock {DIV} at (2,3) size 196x14
    RenderText {#text} at (1,0) size 138x14
      text run at (1,0) width 138: "styled width 200px & size=10"
layer at (10,111) size 66x14
  RenderBlock {DIV} at (2,3) size 66x14
    RenderText {#text} at (1,0) size 32x14
      text run at (1,0) width 32: "size 10"
