layer at (0,0) size 800x600
  RenderView at (0,0) size 800x600
layer at (0,0) size 800x600
  RenderBlock {HTML} at (0,0) size 800x600
    RenderBody {BODY} at (8,8) size 784x576
      RenderBlock (anonymous) at (0,0) size 784x21
        RenderTextControl {INPUT} at (0,1) size 110x20 [bgcolor=#FFFFFF] [border: (2px inset #000000)]
        RenderText {#text} at (110,0) size 4x19
          text run at (110,0) width 4: " "
        RenderTextControl {INPUT} at (114,1) size 110x20 [bgcolor=#FFFFFF] [border: (2px inset #000000)]
        RenderText {#text} at (224,0) size 4x19
          text run at (224,0) width 4: " "
        RenderTextControl {INPUT} at (228,1) size 110x20 [bgcolor=#FFFFFF] [border: (2px inset #000000)]
        RenderText {#text} at (0,0) size 0x0
      RenderBlock {P} at (0,37) size 784x40
        RenderText {#text} at (0,0) size 741x39
          text run at (0,0) width 741: "Tests scrolling back to the beginning when a text field blurs. The first field should be scrolled to the left, the second and third"
          text run at (0,20) width 119: "scrolled to the right."
layer at (10,12) size 106x14 scrollWidth 277
  RenderBlock {DIV} at (2,3) size 106x14
    RenderText {#text} at (1,0) size 275x14
      text run at (1,0) width 275: "this text field has a lot of text in it so that it needs to scroll"
layer at (124,12) size 106x14 scrollX 170 scrollWidth 276
  RenderBlock {DIV} at (2,3) size 106x14
    RenderText {#text} at (-170,0) size 275x14
      text run at (-170,0) width 275: "this text field has a lot of text in it so that it needs to scroll"
layer at (238,12) size 106x14 scrollX 171 scrollWidth 277
  RenderBlock {DIV} at (2,3) size 106x14
    RenderText {#text} at (1,0) size 275x14
      text run at (1,0) width 275: "this text field has a lot of text in it so that it needs to scroll"
caret: position 66 of child 0 {#text} of child 0 {DIV} of child 4 {INPUT} of child 0 {BODY} of child 0 {HTML} of document
