layer at (0,0) size 800x600
  RenderView at (0,0) size 800x600
layer at (0,0) size 800x600
  RenderBlock {HTML} at (0,0) size 800x600
    RenderBody {BODY} at (8,8) size 784x584
      RenderTable {TABLE} at (0,0) size 447x278
        RenderTableSection {TBODY} at (0,0) size 447x278
          RenderTableRow {TR} at (0,2) size 447x21
            RenderTableCell {TD} at (2,2) size 43x21 [r=0 c=0 rs=1 cs=1]
              RenderTextControl {INPUT} at (1,1) size 41x19 [bgcolor=#FFFFFF] [border: (2px inset #000000)]
            RenderTableCell {TD} at (47,5) size 96x15 [color=#808080] [r=0 c=1 rs=1 cs=1]
              RenderInline (generated) at (0,0) size 56x13
                RenderText at (4,1) size 56x13
                  text run at (4,1) width 56: "expected: "
              RenderText {#text} at (60,1) size 28x13
                text run at (60,1) width 28: "1234"
            RenderTableCell {TD} at (145,5) size 300x15 [r=0 c=2 rs=1 cs=1]
              RenderText {#text} at (1,1) size 281x13
                text run at (1,1) width 281: "maxlength and value that violates it, maxlength first"
          RenderTableRow {TR} at (0,25) size 447x21
            RenderTableCell {TD} at (2,25) size 43x21 [r=1 c=0 rs=1 cs=1]
              RenderTextControl {INPUT} at (1,1) size 41x19 [bgcolor=#FFFFFF] [border: (2px inset #000000)]
            RenderTableCell {TD} at (47,28) size 96x15 [color=#808080] [r=1 c=1 rs=1 cs=1]
              RenderInline (generated) at (0,0) size 56x13
                RenderText at (4,1) size 56x13
                  text run at (4,1) width 56: "expected: "
              RenderText {#text} at (60,1) size 28x13
                text run at (60,1) width 28: "1234"
            RenderTableCell {TD} at (145,28) size 300x15 [r=1 c=2 rs=1 cs=1]
              RenderText {#text} at (1,1) size 251x13
                text run at (1,1) width 251: "maxlength and value that violates it, value first"
          RenderTableRow {TR} at (0,48) size 447x21
            RenderTableCell {TD} at (2,48) size 43x21 [r=2 c=0 rs=1 cs=1]
              RenderTextControl {INPUT} at (1,1) size 41x19 [bgcolor=#FFFFFF] [border: (2px inset #000000)]
            RenderTableCell {TD} at (47,51) size 96x15 [color=#808080] [r=2 c=1 rs=1 cs=1]
              RenderInline (generated) at (0,0) size 56x13
                RenderText at (4,1) size 56x13
                  text run at (4,1) width 56: "expected: "
              RenderText {#text} at (60,1) size 28x13
                text run at (60,1) width 28: "1234"
            RenderTableCell {TD} at (145,51) size 300x15 [r=2 c=2 rs=1 cs=1]
              RenderText {#text} at (1,1) size 226x13
                text run at (1,1) width 226: "set value attribute that violates maxlength"
          RenderTableRow {TR} at (0,71) size 447x21
            RenderTableCell {TD} at (2,71) size 43x21 [r=3 c=0 rs=1 cs=1]
              RenderTextControl {INPUT} at (1,1) size 41x19 [bgcolor=#FFFFFF] [border: (2px inset #000000)]
            RenderTableCell {TD} at (47,74) size 96x15 [color=#808080] [r=3 c=1 rs=1 cs=1]
              RenderInline (generated) at (0,0) size 56x13
                RenderText at (4,1) size 56x13
                  text run at (4,1) width 56: "expected: "
              RenderText {#text} at (60,1) size 28x13
                text run at (60,1) width 28: "1234"
            RenderTableCell {TD} at (145,74) size 300x15 [r=3 c=2 rs=1 cs=1]
              RenderText {#text} at (1,1) size 226x13
                text run at (1,1) width 226: "set value property that violates maxlength"
          RenderTableRow {TR} at (0,94) size 447x21
            RenderTableCell {TD} at (2,94) size 43x21 [r=4 c=0 rs=1 cs=1]
              RenderTextControl {INPUT} at (1,1) size 41x19 [bgcolor=#FFFFFF] [border: (2px inset #000000)]
            RenderTableCell {TD} at (47,97) size 96x15 [color=#808080] [r=4 c=1 rs=1 cs=1]
              RenderInline (generated) at (0,0) size 56x13
                RenderText at (4,1) size 56x13
                  text run at (4,1) width 56: "expected: "
              RenderText {#text} at (60,1) size 28x13
                text run at (60,1) width 28: "1234"
            RenderTableCell {TD} at (145,97) size 300x15 [r=4 c=2 rs=1 cs=1]
              RenderText {#text} at (1,1) size 296x13
                text run at (1,1) width 296: "set maxlength attribute that is smaller than initial value"
          RenderTableRow {TR} at (0,117) size 447x21
            RenderTableCell {TD} at (2,117) size 43x21 [r=5 c=0 rs=1 cs=1]
              RenderTextControl {INPUT} at (1,1) size 41x19 [bgcolor=#FFFFFF] [border: (2px inset #000000)]
            RenderTableCell {TD} at (47,120) size 96x15 [color=#808080] [r=5 c=1 rs=1 cs=1]
              RenderInline (generated) at (0,0) size 56x13
                RenderText at (4,1) size 56x13
                  text run at (4,1) width 56: "expected: "
              RenderText {#text} at (60,1) size 28x13
                text run at (60,1) width 28: "1234"
            RenderTableCell {TD} at (145,120) size 300x15 [r=5 c=2 rs=1 cs=1]
              RenderText {#text} at (1,1) size 298x13
                text run at (1,1) width 298: "set maxLength property that is smaller than initial value"
          RenderTableRow {TR} at (0,140) size 447x21
            RenderTableCell {TD} at (2,140) size 43x21 [r=6 c=0 rs=1 cs=1]
              RenderTextControl {INPUT} at (1,1) size 41x19 [bgcolor=#FFFFFF] [border: (2px inset #000000)]
            RenderTableCell {TD} at (47,143) size 96x15 [color=#808080] [r=6 c=1 rs=1 cs=1]
              RenderInline (generated) at (0,0) size 56x13
                RenderText at (4,1) size 56x13
                  text run at (4,1) width 56: "expected: "
              RenderText {#text} at (60,1) size 28x13
                text run at (60,1) width 28: "12x\x{305}\x{332}4"
            RenderTableCell {TD} at (145,143) size 300x15 [r=6 c=2 rs=1 cs=1]
              RenderText {#text} at (1,1) size 281x13
                text run at (1,1) width 281: "maxlength and value that violates it, maxlength first"
          RenderTableRow {TR} at (0,163) size 447x21
            RenderTableCell {TD} at (2,163) size 43x21 [r=7 c=0 rs=1 cs=1]
              RenderTextControl {INPUT} at (1,1) size 41x19 [bgcolor=#FFFFFF] [border: (2px inset #000000)]
            RenderTableCell {TD} at (47,166) size 96x15 [color=#808080] [r=7 c=1 rs=1 cs=1]
              RenderInline (generated) at (0,0) size 56x13
                RenderText at (4,1) size 56x13
                  text run at (4,1) width 56: "expected: "
              RenderText {#text} at (60,1) size 28x13
                text run at (60,1) width 28: "12x\x{305}\x{332}4"
            RenderTableCell {TD} at (145,166) size 300x15 [r=7 c=2 rs=1 cs=1]
              RenderText {#text} at (1,1) size 251x13
                text run at (1,1) width 251: "maxlength and value that violates it, value first"
          RenderTableRow {TR} at (0,186) size 447x21
            RenderTableCell {TD} at (2,186) size 43x21 [r=8 c=0 rs=1 cs=1]
              RenderTextControl {INPUT} at (1,1) size 41x19 [bgcolor=#FFFFFF] [border: (2px inset #000000)]
            RenderTableCell {TD} at (47,189) size 96x15 [color=#808080] [r=8 c=1 rs=1 cs=1]
              RenderInline (generated) at (0,0) size 56x13
                RenderText at (4,1) size 56x13
                  text run at (4,1) width 56: "expected: "
              RenderText {#text} at (60,1) size 28x13
                text run at (60,1) width 28: "12x\x{305}\x{332}4"
            RenderTableCell {TD} at (145,189) size 300x15 [r=8 c=2 rs=1 cs=1]
              RenderText {#text} at (1,1) size 226x13
                text run at (1,1) width 226: "set value attribute that violates maxlength"
          RenderTableRow {TR} at (0,209) size 447x21
            RenderTableCell {TD} at (2,209) size 43x21 [r=9 c=0 rs=1 cs=1]
              RenderTextControl {INPUT} at (1,1) size 41x19 [bgcolor=#FFFFFF] [border: (2px inset #000000)]
            RenderTableCell {TD} at (47,212) size 96x15 [color=#808080] [r=9 c=1 rs=1 cs=1]
              RenderInline (generated) at (0,0) size 56x13
                RenderText at (4,1) size 56x13
                  text run at (4,1) width 56: "expected: "
              RenderText {#text} at (60,1) size 28x13
                text run at (60,1) width 28: "12x\x{305}\x{332}4"
            RenderTableCell {TD} at (145,212) size 300x15 [r=9 c=2 rs=1 cs=1]
              RenderText {#text} at (1,1) size 226x13
                text run at (1,1) width 226: "set value property that violates maxlength"
          RenderTableRow {TR} at (0,232) size 447x21
            RenderTableCell {TD} at (2,232) size 43x21 [r=10 c=0 rs=1 cs=1]
              RenderTextControl {INPUT} at (1,1) size 41x19 [bgcolor=#FFFFFF] [border: (2px inset #000000)]
            RenderTableCell {TD} at (47,235) size 96x15 [color=#808080] [r=10 c=1 rs=1 cs=1]
              RenderInline (generated) at (0,0) size 56x13
                RenderText at (4,1) size 56x13
                  text run at (4,1) width 56: "expected: "
              RenderText {#text} at (60,1) size 28x13
                text run at (60,1) width 28: "12x\x{305}\x{332}4"
            RenderTableCell {TD} at (145,235) size 300x15 [r=10 c=2 rs=1 cs=1]
              RenderText {#text} at (1,1) size 296x13
                text run at (1,1) width 296: "set maxlength attribute that is smaller than initial value"
          RenderTableRow {TR} at (0,255) size 447x21
            RenderTableCell {TD} at (2,255) size 43x21 [r=11 c=0 rs=1 cs=1]
              RenderTextControl {INPUT} at (1,1) size 41x19 [bgcolor=#FFFFFF] [border: (2px inset #000000)]
            RenderTableCell {TD} at (47,258) size 96x15 [color=#808080] [r=11 c=1 rs=1 cs=1]
              RenderInline (generated) at (0,0) size 56x13
                RenderText at (4,1) size 56x13
                  text run at (4,1) width 56: "expected: "
              RenderText {#text} at (60,1) size 28x13
                text run at (60,1) width 28: "12x\x{305}\x{332}4"
            RenderTableCell {TD} at (145,258) size 300x15 [r=11 c=2 rs=1 cs=1]
              RenderText {#text} at (1,1) size 298x13
                text run at (1,1) width 298: "set maxLength property that is smaller than initial value"
layer at (13,14) size 37x13
  RenderBlock {DIV} at (2,3) size 37x13
    RenderText {#text} at (1,0) size 28x13
      text run at (1,0) width 28: "1234"
layer at (13,37) size 37x13
  RenderBlock {DIV} at (2,3) size 37x13
    RenderText {#text} at (1,0) size 28x13
      text run at (1,0) width 28: "1234"
layer at (13,60) size 37x13
  RenderBlock {DIV} at (2,3) size 37x13
    RenderText {#text} at (1,0) size 28x13
      text run at (1,0) width 28: "1234"
layer at (13,83) size 37x13
  RenderBlock {DIV} at (2,3) size 37x13
    RenderText {#text} at (1,0) size 28x13
      text run at (1,0) width 28: "1234"
layer at (13,106) size 37x13
  RenderBlock {DIV} at (2,3) size 37x13
    RenderText {#text} at (1,0) size 35x13
      text run at (1,0) width 35: "12345"
layer at (13,129) size 37x13
  RenderBlock {DIV} at (2,3) size 37x13
    RenderText {#text} at (1,0) size 35x13
      text run at (1,0) width 35: "12345"
layer at (13,152) size 37x13
  RenderBlock {DIV} at (2,3) size 37x13
    RenderText {#text} at (1,0) size 28x13
      text run at (1,0) width 28: "12x\x{305}\x{332}4"
layer at (13,175) size 37x13
  RenderBlock {DIV} at (2,3) size 37x13
    RenderText {#text} at (1,0) size 28x13
      text run at (1,0) width 28: "12x\x{305}\x{332}4"
layer at (13,198) size 37x13
  RenderBlock {DIV} at (2,3) size 37x13
    RenderText {#text} at (1,0) size 28x13
      text run at (1,0) width 28: "12x\x{305}\x{332}4"
layer at (13,221) size 37x13
  RenderBlock {DIV} at (2,3) size 37x13
    RenderText {#text} at (1,0) size 28x13
      text run at (1,0) width 28: "12x\x{305}\x{332}4"
layer at (13,244) size 37x13
  RenderBlock {DIV} at (2,3) size 37x13
    RenderText {#text} at (1,0) size 35x13
      text run at (1,0) width 35: "12x\x{305}\x{332}45"
layer at (13,267) size 37x13
  RenderBlock {DIV} at (2,3) size 37x13
    RenderText {#text} at (1,0) size 35x13
      text run at (1,0) width 35: "12x\x{305}\x{332}45"
