layer at (0,0) size 800x600
  RenderView at (0,0) size 800x600
layer at (0,0) size 800x600
  RenderBlock {HTML} at (0,0) size 800x600
    RenderBody {BODY} at (8,8) size 784x584
      RenderText {#text} at (0,0) size 436x19
        text run at (0,0) width 436: "This tests that the border of a readonly text field should appear dimmed. "
      RenderBR {BR} at (436,15) size 0x0
      RenderTextControl {INPUT} at (0,20) size 110x20 [bgcolor=#FFFFFF] [border: (2px inset #000000)]
      RenderText {#text} at (0,0) size 0x0
      RenderText {#text} at (0,0) size 0x0
layer at (10,31) size 106x14 scrollWidth 138
  RenderBlock {DIV} at (2,3) size 106x14
    RenderText {#text} at (1,0) size 137x14
      text run at (1,0) width 137: "This border should be dimmed"
