layer at (0,0) size 800x600
  RenderView at (0,0) size 800x600
layer at (0,0) size 800x600
  RenderBlock {HTML} at (0,0) size 800x600
    RenderBody {BODY} at (8,8) size 784x576
      RenderBlock (anonymous) at (0,0) size 784x20
        RenderText {#text} at (0,0) size 717x19
          text run at (0,0) width 717: "This tests the height attribute of form elements. The only element that should honour this value is the Image type of input."
      RenderBlock {FORM} at (0,20) size 784x269
        RenderText {#text} at (0,1) size 33x19
          text run at (0,1) width 33: "input "
        RenderTextControl {INPUT} at (33,0) size 155x22 [bgcolor=#FFFFFF] [border: (2px inset #000000)]
        RenderText {#text} at (188,1) size 4x19
          text run at (188,1) width 4: " "
        RenderBR {BR} at (192,16) size 0x0
        RenderText {#text} at (0,23) size 26x19
          text run at (0,23) width 26: "text "
        RenderTextControl {INPUT} at (26,22) size 155x22 [bgcolor=#FFFFFF] [border: (2px inset #000000)]
        RenderText {#text} at (181,23) size 4x19
          text run at (181,23) width 4: " "
        RenderBR {BR} at (185,38) size 0x0
        RenderText {#text} at (0,45) size 63x19
          text run at (0,45) width 63: "checkbox "
        RenderBlock {INPUT} at (67,47) size 13x13
        RenderText {#text} at (83,45) size 4x19
          text run at (83,45) width 4: " "
        RenderBR {BR} at (87,60) size 0x0
        RenderText {#text} at (0,68) size 21x19
          text run at (0,68) width 21: "file "
        RenderFileUploadControl {INPUT} at (23,67) size 238x22
          RenderButton {INPUT} at (0,0) size 91x22 [bgcolor=#C0C0C0] [border: (2px outset #C0C0C0)]
            RenderBlock (anonymous) at (8,2) size 75x18
              RenderText at (3,1) size 69x16
                text run at (3,1) width 69: "Choose File"
        RenderText {#text} at (263,68) size 4x19
          text run at (263,68) width 4: " "
        RenderBR {BR} at (267,83) size 0x0
        RenderText {#text} at (0,91) size 39x19
          text run at (0,91) width 39: "image "
        RenderImage {INPUT} at (39,105) size 10x1
        RenderText {#text} at (49,91) size 4x19
          text run at (49,91) width 4: " "
        RenderBR {BR} at (53,106) size 0x0
        RenderText {#text} at (0,112) size 35x19
          text run at (0,112) width 35: "radio "
        RenderBlock {INPUT} at (40,114) size 13x13
        RenderText {#text} at (56,112) size 4x19
          text run at (56,112) width 4: " "
        RenderBR {BR} at (60,127) size 0x0
        RenderText {#text} at (0,135) size 37x19
          text run at (0,135) width 37: "range "
        RenderSlider {INPUT} at (39,134) size 129x16 [bgcolor=#FFFFFF]
        RenderText {#text} at (170,135) size 4x19
          text run at (170,135) width 4: " "
        RenderBR {BR} at (174,150) size 0x0
        RenderText {#text} at (0,156) size 33x19
          text run at (0,156) width 33: "reset "
        RenderButton {INPUT} at (33,155) size 56x22 [bgcolor=#C0C0C0] [border: (2px outset #C0C0C0)]
          RenderBlock (anonymous) at (8,2) size 40x18
            RenderText at (3,1) size 34x16
              text run at (3,1) width 34: "Reset"
        RenderText {#text} at (89,156) size 4x19
          text run at (89,156) width 4: " "
        RenderBR {BR} at (93,171) size 0x0
        RenderText {#text} at (0,178) size 43x19
          text run at (0,178) width 43: "submit "
        RenderButton {INPUT} at (43,177) size 63x22 [bgcolor=#C0C0C0] [border: (2px outset #C0C0C0)]
          RenderBlock (anonymous) at (8,2) size 47x18
            RenderText at (3,1) size 41x16
              text run at (3,1) width 41: "Submit"
        RenderText {#text} at (106,178) size 4x19
          text run at (106,178) width 4: " "
        RenderBR {BR} at (110,193) size 0x0
        RenderText {#text} at (0,202) size 45x19
          text run at (0,202) width 45: "isindex "
        RenderTextControl {INPUT} at (47,201) size 157x22 [bgcolor=#FFFFFF] [border: (2px inset #000000)]
        RenderText {#text} at (206,202) size 4x19
          text run at (206,202) width 4: " "
        RenderBR {BR} at (210,217) size 0x0
        RenderText {#text} at (0,226) size 63x19
          text run at (0,226) width 63: "password "
        RenderTextControl {INPUT} at (63,225) size 155x22 [bgcolor=#FFFFFF] [border: (2px inset #000000)]
        RenderText {#text} at (218,226) size 4x19
          text run at (218,226) width 4: " "
        RenderBR {BR} at (222,241) size 0x0
        RenderText {#text} at (0,248) size 43x19
          text run at (0,248) width 43: "search "
        RenderTextControl {INPUT} at (43,247) size 155x22 [bgcolor=#FFFFFF] [border: (2px inset #000000)]
          RenderBlock {DIV} at (2,3) size 151x16
            RenderBlock {DIV} at (0,13) size 0x0
            RenderBlock {DIV} at (151,13) size 0x0
        RenderText {#text} at (0,0) size 0x0
layer at (43,31) size 151x16
  RenderBlock {DIV} at (2,3) size 151x16
layer at (36,53) size 151x16
  RenderBlock {DIV} at (2,3) size 151x16
layer at (58,232) size 151x16
  RenderBlock {DIV} at (3,3) size 151x16
layer at (73,256) size 151x16
  RenderBlock {DIV} at (2,3) size 151x16
layer at (53,278) size 151x16
  RenderBlock {DIV} at (0,0) size 151x16
layer at (47,170) size 129x16
  RenderBlock (relative positioned) {DIV} at (0,0) size 129x16
