layer at (0,0) size 800x600
  RenderView at (0,0) size 800x600
layer at (0,0) size 800x600
  RenderBlock {HTML} at (0,0) size 800x600
    RenderBody {BODY} at (8,8) size 784x576
      RenderBlock {P} at (0,0) size 784x40
        RenderText {#text} at (0,0) size 740x39
          text run at (0,0) width 740: "Results that match WinIE are two columns on the right that say \"after\" every time, except for the last row which should have"
          text run at (0,20) width 145: "nothing in either column."
      RenderBlock {P} at (0,56) size 784x20
        RenderText {#text} at (0,0) size 677x19
          text run at (0,0) width 677: "Results that match Gecko are like WinIE, but with \"before\" for the attribute in the first two rows and the last row."
      RenderBlock {HR} at (0,92) size 784x2 [border: (1px inset #000000)]
      RenderBlock {FORM} at (0,102) size 784x382
        RenderTable {TABLE} at (0,0) size 738x382
          RenderTableSection {THEAD} at (0,0) size 738x26
            RenderTableRow {TR} at (0,2) size 738x22
              RenderTableCell {TH} at (2,2) size 366x22 [r=0 c=0 rs=1 cs=1]
                RenderText {#text} at (1,1) size 59x19
                  text run at (1,1) width 59: "test case"
              RenderTableCell {TH} at (370,2) size 244x22 [r=0 c=1 rs=1 cs=1]
                RenderText {#text} at (1,1) size 88x19
                  text run at (1,1) width 88: "form element"
              RenderTableCell {TH} at (616,2) size 59x22 [r=0 c=2 rs=1 cs=1]
                RenderText {#text} at (1,1) size 57x19
                  text run at (1,1) width 57: "property"
              RenderTableCell {TH} at (677,2) size 59x22 [r=0 c=3 rs=1 cs=1]
                RenderText {#text} at (1,1) size 57x19
                  text run at (1,1) width 57: "attribute"
          RenderTableSection {TBODY} at (0,26) size 738x356
            RenderTableRow {TR} at (0,2) size 738x24
              RenderTableCell {TD} at (2,3) size 366x22 [r=0 c=0 rs=1 cs=1]
                RenderText {#text} at (1,1) size 196x19
                  text run at (1,1) width 196: "text with value property changed"
              RenderTableCell {TD} at (370,2) size 244x24 [r=0 c=1 rs=1 cs=1]
                RenderTextControl {INPUT} at (1,1) size 155x22 [bgcolor=#FFFFFF] [border: (2px inset #000000)]
              RenderTableCell {TD} at (616,3) size 59x22 [r=0 c=2 rs=1 cs=1]
                RenderText {#text} at (1,1) size 27x19
                  text run at (1,1) width 27: "after"
              RenderTableCell {TD} at (677,3) size 59x22 [r=0 c=3 rs=1 cs=1]
                RenderText {#text} at (1,1) size 39x19
                  text run at (1,1) width 39: "before"
            RenderTableRow {TR} at (0,28) size 738x24
              RenderTableCell {TD} at (2,29) size 366x22 [r=1 c=0 rs=1 cs=1]
                RenderText {#text} at (1,1) size 233x19
                  text run at (1,1) width 233: "password with value property changed"
              RenderTableCell {TD} at (370,28) size 244x24 [r=1 c=1 rs=1 cs=1]
                RenderTextControl {INPUT} at (1,1) size 155x22 [bgcolor=#FFFFFF] [border: (2px inset #000000)]
              RenderTableCell {TD} at (616,29) size 59x22 [r=1 c=2 rs=1 cs=1]
                RenderText {#text} at (1,1) size 27x19
                  text run at (1,1) width 27: "after"
              RenderTableCell {TD} at (677,29) size 59x22 [r=1 c=3 rs=1 cs=1]
                RenderText {#text} at (1,1) size 39x19
                  text run at (1,1) width 39: "before"
            RenderTableRow {TR} at (0,54) size 738x22
              RenderTableCell {TD} at (2,54) size 366x22 [r=2 c=0 rs=1 cs=1]
                RenderText {#text} at (1,1) size 237x19
                  text run at (1,1) width 237: "check box with value property changed"
              RenderTableCell {TD} at (370,54) size 244x21 [r=2 c=1 rs=1 cs=1]
                RenderBlock {INPUT} at (5,4) size 13x13
              RenderTableCell {TD} at (616,54) size 59x22 [r=2 c=2 rs=1 cs=1]
                RenderText {#text} at (1,1) size 27x19
                  text run at (1,1) width 27: "after"
              RenderTableCell {TD} at (677,54) size 59x22 [r=2 c=3 rs=1 cs=1]
                RenderText {#text} at (1,1) size 27x19
                  text run at (1,1) width 27: "after"
            RenderTableRow {TR} at (0,78) size 738x22
              RenderTableCell {TD} at (2,78) size 366x22 [r=3 c=0 rs=1 cs=1]
                RenderText {#text} at (1,1) size 214x19
                  text run at (1,1) width 214: "hidden with value property changed"
              RenderTableCell {TD} at (370,88) size 244x2 [r=3 c=1 rs=1 cs=1]
              RenderTableCell {TD} at (616,78) size 59x22 [r=3 c=2 rs=1 cs=1]
                RenderText {#text} at (1,1) size 27x19
                  text run at (1,1) width 27: "after"
              RenderTableCell {TD} at (677,78) size 59x22 [r=3 c=3 rs=1 cs=1]
                RenderText {#text} at (1,1) size 27x19
                  text run at (1,1) width 27: "after"
            RenderTableRow {TR} at (0,102) size 738x24
              RenderTableCell {TD} at (2,103) size 366x22 [r=4 c=0 rs=1 cs=1]
                RenderText {#text} at (1,1) size 212x19
                  text run at (1,1) width 212: "button with value property changed"
              RenderTableCell {TD} at (370,102) size 244x24 [r=4 c=1 rs=1 cs=1]
                RenderButton {INPUT} at (1,1) size 47x22 [bgcolor=#C0C0C0] [border: (2px outset #C0C0C0)]
                  RenderBlock (anonymous) at (8,2) size 31x18
                    RenderText at (3,1) size 25x16
                      text run at (3,1) width 25: "after"
              RenderTableCell {TD} at (616,103) size 59x22 [r=4 c=2 rs=1 cs=1]
                RenderText {#text} at (1,1) size 27x19
                  text run at (1,1) width 27: "after"
              RenderTableCell {TD} at (677,103) size 59x22 [r=4 c=3 rs=1 cs=1]
                RenderText {#text} at (1,1) size 27x19
                  text run at (1,1) width 27: "after"
            RenderTableRow {TR} at (0,128) size 738x22
              RenderTableCell {TD} at (2,128) size 366x22 [r=5 c=0 rs=1 cs=1]
                RenderText {#text} at (1,1) size 209x19
                  text run at (1,1) width 209: "image with value property changed"
              RenderTableCell {TD} at (370,130) size 244x18 [r=5 c=1 rs=1 cs=1]
                RenderImage {INPUT} at (1,1) size 35x16
              RenderTableCell {TD} at (616,128) size 59x22 [r=5 c=2 rs=1 cs=1]
                RenderText {#text} at (1,1) size 27x19
                  text run at (1,1) width 27: "after"
              RenderTableCell {TD} at (677,128) size 59x22 [r=5 c=3 rs=1 cs=1]
                RenderText {#text} at (1,1) size 27x19
                  text run at (1,1) width 27: "after"
            RenderTableRow {TR} at (0,152) size 738x22
              RenderTableCell {TD} at (2,152) size 366x22 [r=6 c=0 rs=1 cs=1]
                RenderText {#text} at (1,1) size 205x19
                  text run at (1,1) width 205: "radio with value property changed"
              RenderTableCell {TD} at (370,154) size 244x18 [r=6 c=1 rs=1 cs=1]
                RenderBlock {INPUT} at (6,4) size 13x13
              RenderTableCell {TD} at (616,152) size 59x22 [r=6 c=2 rs=1 cs=1]
                RenderText {#text} at (1,1) size 27x19
                  text run at (1,1) width 27: "after"
              RenderTableCell {TD} at (677,152) size 59x22 [r=6 c=3 rs=1 cs=1]
                RenderText {#text} at (1,1) size 27x19
                  text run at (1,1) width 27: "after"
            RenderTableRow {TR} at (0,176) size 738x24
              RenderTableCell {TD} at (2,177) size 366x22 [r=7 c=0 rs=1 cs=1]
                RenderText {#text} at (1,1) size 193x19
                  text run at (1,1) width 193: "text with value attribute changed"
              RenderTableCell {TD} at (370,176) size 244x24 [r=7 c=1 rs=1 cs=1]
                RenderTextControl {INPUT} at (1,1) size 155x22 [bgcolor=#FFFFFF] [border: (2px inset #000000)]
              RenderTableCell {TD} at (616,177) size 59x22 [r=7 c=2 rs=1 cs=1]
                RenderText {#text} at (1,1) size 27x19
                  text run at (1,1) width 27: "after"
              RenderTableCell {TD} at (677,177) size 59x22 [r=7 c=3 rs=1 cs=1]
                RenderText {#text} at (1,1) size 27x19
                  text run at (1,1) width 27: "after"
            RenderTableRow {TR} at (0,202) size 738x22
              RenderTableCell {TD} at (2,202) size 366x22 [r=8 c=0 rs=1 cs=1]
                RenderText {#text} at (1,1) size 234x19
                  text run at (1,1) width 234: "check box with value attribute changed"
              RenderTableCell {TD} at (370,202) size 244x21 [r=8 c=1 rs=1 cs=1]
                RenderBlock {INPUT} at (5,4) size 13x13
              RenderTableCell {TD} at (616,202) size 59x22 [r=8 c=2 rs=1 cs=1]
                RenderText {#text} at (1,1) size 27x19
                  text run at (1,1) width 27: "after"
              RenderTableCell {TD} at (677,202) size 59x22 [r=8 c=3 rs=1 cs=1]
                RenderText {#text} at (1,1) size 27x19
                  text run at (1,1) width 27: "after"
            RenderTableRow {TR} at (0,226) size 738x22
              RenderTableCell {TD} at (2,226) size 366x22 [r=9 c=0 rs=1 cs=1]
                RenderText {#text} at (1,1) size 364x19
                  text run at (1,1) width 364: "text with value property changed, then turned into check box"
              RenderTableCell {TD} at (370,226) size 244x21 [r=9 c=1 rs=1 cs=1]
                RenderBlock {INPUT} at (5,4) size 13x13
              RenderTableCell {TD} at (616,226) size 59x22 [r=9 c=2 rs=1 cs=1]
                RenderText {#text} at (1,1) size 27x19
                  text run at (1,1) width 27: "after"
              RenderTableCell {TD} at (677,226) size 59x22 [r=9 c=3 rs=1 cs=1]
                RenderText {#text} at (1,1) size 27x19
                  text run at (1,1) width 27: "after"
            RenderTableRow {TR} at (0,250) size 738x24
              RenderTableCell {TD} at (2,251) size 366x22 [r=10 c=0 rs=1 cs=1]
                RenderText {#text} at (1,1) size 364x19
                  text run at (1,1) width 364: "check box with value property changed, then turned into text"
              RenderTableCell {TD} at (370,250) size 244x24 [r=10 c=1 rs=1 cs=1]
                RenderTextControl {INPUT} at (1,1) size 155x22 [bgcolor=#FFFFFF] [border: (2px inset #000000)]
              RenderTableCell {TD} at (616,251) size 59x22 [r=10 c=2 rs=1 cs=1]
                RenderText {#text} at (1,1) size 27x19
                  text run at (1,1) width 27: "after"
              RenderTableCell {TD} at (677,251) size 59x22 [r=10 c=3 rs=1 cs=1]
                RenderText {#text} at (1,1) size 27x19
                  text run at (1,1) width 27: "after"
            RenderTableRow {TR} at (0,276) size 738x22
              RenderTableCell {TD} at (2,276) size 366x22 [r=11 c=0 rs=1 cs=1]
                RenderText {#text} at (1,1) size 361x19
                  text run at (1,1) width 361: "text with value attribute changed, then turned into check box"
              RenderTableCell {TD} at (370,276) size 244x21 [r=11 c=1 rs=1 cs=1]
                RenderBlock {INPUT} at (5,4) size 13x13
              RenderTableCell {TD} at (616,276) size 59x22 [r=11 c=2 rs=1 cs=1]
                RenderText {#text} at (1,1) size 27x19
                  text run at (1,1) width 27: "after"
              RenderTableCell {TD} at (677,276) size 59x22 [r=11 c=3 rs=1 cs=1]
                RenderText {#text} at (1,1) size 27x19
                  text run at (1,1) width 27: "after"
            RenderTableRow {TR} at (0,300) size 738x24
              RenderTableCell {TD} at (2,301) size 366x22 [r=12 c=0 rs=1 cs=1]
                RenderText {#text} at (1,1) size 361x19
                  text run at (1,1) width 361: "check box with value attribute changed, then turned into text"
              RenderTableCell {TD} at (370,300) size 244x24 [r=12 c=1 rs=1 cs=1]
                RenderTextControl {INPUT} at (1,1) size 155x22 [bgcolor=#FFFFFF] [border: (2px inset #000000)]
              RenderTableCell {TD} at (616,301) size 59x22 [r=12 c=2 rs=1 cs=1]
                RenderText {#text} at (1,1) size 27x19
                  text run at (1,1) width 27: "after"
              RenderTableCell {TD} at (677,301) size 59x22 [r=12 c=3 rs=1 cs=1]
                RenderText {#text} at (1,1) size 27x19
                  text run at (1,1) width 27: "after"
            RenderTableRow {TR} at (0,326) size 738x28
              RenderTableCell {TD} at (2,329) size 366x22 [r=13 c=0 rs=1 cs=1]
                RenderText {#text} at (1,1) size 191x19
                  text run at (1,1) width 191: "file with value property changed"
              RenderTableCell {TD} at (370,326) size 244x28 [r=13 c=1 rs=1 cs=1]
                RenderFileUploadControl {INPUT} at (3,3) size 238x22
                  RenderButton {INPUT} at (0,0) size 91x22 [bgcolor=#C0C0C0] [border: (2px outset #C0C0C0)]
                    RenderBlock (anonymous) at (8,2) size 75x18
                      RenderText at (3,1) size 69x16
                        text run at (3,1) width 69: "Choose File"
              RenderTableCell {TD} at (616,339) size 59x2 [r=13 c=2 rs=1 cs=1]
              RenderTableCell {TD} at (677,329) size 59x22 [r=13 c=3 rs=1 cs=1]
                RenderText {#text} at (1,1) size 39x19
                  text run at (1,1) width 39: "before"
layer at (381,142) size 151x16
  RenderBlock {DIV} at (2,3) size 151x16
    RenderText {#text} at (1,0) size 35x16
      text run at (1,0) width 35: "before"
layer at (381,168) size 151x16
  RenderBlock {DIV} at (2,3) size 151x16
    RenderText {#text} at (1,0) size 30x16
      text run at (1,0) width 30: "\x{2022}\x{2022}\x{2022}\x{2022}\x{2022}\x{2022}"
layer at (381,316) size 151x16
  RenderBlock {DIV} at (2,3) size 151x16
    RenderText {#text} at (1,0) size 25x16
      text run at (1,0) width 25: "after"
layer at (381,390) size 151x16
  RenderBlock {DIV} at (2,3) size 151x16
    RenderText {#text} at (1,0) size 25x16
      text run at (1,0) width 25: "after"
layer at (381,440) size 151x16
  RenderBlock {DIV} at (2,3) size 151x16
    RenderText {#text} at (1,0) size 25x16
      text run at (1,0) width 25: "after"
