layer at (0,0) size 800x600
  RenderView at (0,0) size 800x600
layer at (0,0) size 800x600
  RenderBlock {HTML} at (0,0) size 800x600
    RenderBody {BODY} at (8,8) size 784x584
      RenderText {#text} at (0,0) size 485x19
        text run at (0,0) width 485: "This tests that the text color changes appropriately when the text field is disabled."
      RenderBR {BR} at (485,15) size 0x0
      RenderTextControl {INPUT} at (0,21) size 110x20 [bgcolor=#EBEBE4] [border: (2px inset #000000)]
      RenderText {#text} at (110,20) size 4x19
        text run at (110,20) width 4: " "
      RenderTextControl {INPUT} at (114,21) size 110x20 [bgcolor=#FFFFFF] [border: (2px inset #000000)]
      RenderBR {BR} at (224,35) size 0x0
      RenderTextControl {INPUT} at (0,42) size 110x20 [color=#FF0000] [bgcolor=#EBEBE4] [border: (2px inset #FF0000)]
      RenderText {#text} at (110,41) size 4x19
        text run at (110,41) width 4: " "
      RenderTextControl {INPUT} at (114,42) size 110x20 [color=#FF0000] [bgcolor=#FFFFFF] [border: (2px inset #FF0000)]
      RenderBR {BR} at (224,56) size 0x0
      RenderTextControl {INPUT} at (0,63) size 110x20 [bgcolor=#0000FF] [border: (2px inset #000000)]
      RenderText {#text} at (110,62) size 4x19
        text run at (110,62) width 4: " "
      RenderTextControl {INPUT} at (114,63) size 110x20 [bgcolor=#0000FF] [border: (2px inset #000000)]
      RenderBR {BR} at (224,77) size 0x0
      RenderTextControl {INPUT} at (0,84) size 110x20 [color=#FF0000] [bgcolor=#0000FF] [border: (2px inset #FF0000)]
      RenderText {#text} at (110,83) size 4x19
        text run at (110,83) width 4: " "
      RenderTextControl {INPUT} at (114,84) size 110x20 [color=#FF0000] [bgcolor=#0000FF] [border: (2px inset #FF0000)]
      RenderBR {BR} at (224,98) size 0x0
      RenderTextControl {INPUT} at (0,105) size 110x20 [bgcolor=#000000] [border: (2px inset #000000)]
      RenderText {#text} at (110,104) size 4x19
        text run at (110,104) width 4: " "
      RenderTextControl {INPUT} at (114,105) size 110x20 [bgcolor=#000000] [border: (2px inset #000000)]
      RenderBR {BR} at (224,119) size 0x0
      RenderTextControl {INPUT} at (0,126) size 110x20 [color=#FFFFFF] [bgcolor=#000000] [border: (2px inset #FFFFFF)]
      RenderText {#text} at (110,125) size 4x19
        text run at (110,125) width 4: " "
      RenderTextControl {INPUT} at (114,126) size 110x20 [color=#FFFFFF] [bgcolor=#000000] [border: (2px inset #FFFFFF)]
      RenderBR {BR} at (224,140) size 0x0
      RenderTextControl {INPUT} at (0,147) size 110x20 [bgcolor=#808080] [border: (2px inset #000000)]
      RenderText {#text} at (110,146) size 4x19
        text run at (110,146) width 4: " "
      RenderTextControl {INPUT} at (114,147) size 110x20 [bgcolor=#808080] [border: (2px inset #000000)]
      RenderBR {BR} at (224,161) size 0x0
      RenderTextControl {INPUT} at (0,168) size 110x20 [color=#FFFFFF] [bgcolor=#A9A9A9] [border: (2px inset #FFFFFF)]
      RenderText {#text} at (110,167) size 4x19
        text run at (110,167) width 4: " "
      RenderTextControl {INPUT} at (114,168) size 110x20 [color=#FFFFFF] [bgcolor=#A9A9A9] [border: (2px inset #FFFFFF)]
      RenderBR {BR} at (224,182) size 0x0
      RenderTextControl {INPUT} at (0,189) size 110x20 [color=#808080] [bgcolor=#000000] [border: (2px inset #808080)]
      RenderText {#text} at (110,188) size 4x19
        text run at (110,188) width 4: " "
      RenderTextControl {INPUT} at (114,189) size 110x20 [color=#808080] [bgcolor=#000000] [border: (2px inset #808080)]
      RenderBR {BR} at (224,203) size 0x0
      RenderTextControl {INPUT} at (0,210) size 110x20 [color=#FF0000] [bgcolor=#808080] [border: (2px inset #FF0000)]
      RenderText {#text} at (110,209) size 4x19
        text run at (110,209) width 4: " "
      RenderTextControl {INPUT} at (114,210) size 110x20 [color=#FF0000] [bgcolor=#808080] [border: (2px inset #FF0000)]
      RenderBR {BR} at (224,224) size 0x0
      RenderTextControl {INPUT} at (0,231) size 110x20 [color=#808080] [bgcolor=#FF0000] [border: (2px inset #808080)]
      RenderText {#text} at (110,230) size 4x19
        text run at (110,230) width 4: " "
      RenderTextControl {INPUT} at (114,231) size 110x20 [color=#808080] [bgcolor=#FF0000] [border: (2px inset #808080)]
      RenderBR {BR} at (224,245) size 0x0
layer at (10,32) size 106x14 scrollWidth 299
  RenderBlock {DIV} at (2,3) size 106x14 [color=#545454]
    RenderText {#text} at (1,0) size 298x14
      text run at (1,0) width 298: "The text in this disabled field should displayed as dimmed or grey"
layer at (124,32) size 106x14 scrollWidth 135
  RenderBlock {DIV} at (2,3) size 106x14
    RenderText {#text} at (1,0) size 133x14
      text run at (1,0) width 133: "This text field is not disabled"
layer at (10,53) size 106x14 scrollWidth 299
  RenderBlock {DIV} at (2,3) size 106x14
    RenderText {#text} at (1,0) size 298x14
      text run at (1,0) width 298: "The text in this disabled field should displayed as dimmed or grey"
layer at (124,53) size 106x14 scrollWidth 135
  RenderBlock {DIV} at (2,3) size 106x14
    RenderText {#text} at (1,0) size 133x14
      text run at (1,0) width 133: "This text field is not disabled"
layer at (10,74) size 106x14 scrollWidth 299
  RenderBlock {DIV} at (2,3) size 106x14 [color=#545454]
    RenderText {#text} at (1,0) size 298x14
      text run at (1,0) width 298: "The text in this disabled field should displayed as dimmed or grey"
layer at (124,74) size 106x14 scrollWidth 135
  RenderBlock {DIV} at (2,3) size 106x14
    RenderText {#text} at (1,0) size 133x14
      text run at (1,0) width 133: "This text field is not disabled"
layer at (10,95) size 106x14 scrollWidth 299
  RenderBlock {DIV} at (2,3) size 106x14 [color=#AB0000]
    RenderText {#text} at (1,0) size 298x14
      text run at (1,0) width 298: "The text in this disabled field should displayed as dimmed or grey"
layer at (124,95) size 106x14 scrollWidth 135
  RenderBlock {DIV} at (2,3) size 106x14
    RenderText {#text} at (1,0) size 133x14
      text run at (1,0) width 133: "This text field is not disabled"
layer at (10,116) size 106x14 scrollWidth 299
  RenderBlock {DIV} at (2,3) size 106x14 [color=#545454]
    RenderText {#text} at (1,0) size 298x14
      text run at (1,0) width 298: "The text in this disabled field should displayed as dimmed or grey"
layer at (124,116) size 106x14 scrollWidth 135
  RenderBlock {DIV} at (2,3) size 106x14
    RenderText {#text} at (1,0) size 133x14
      text run at (1,0) width 133: "This text field is not disabled"
layer at (10,137) size 106x14 scrollWidth 299
  RenderBlock {DIV} at (2,3) size 106x14 [color=#ABABAB]
    RenderText {#text} at (1,0) size 298x14
      text run at (1,0) width 298: "The text in this disabled field should displayed as dimmed or grey"
layer at (124,137) size 106x14 scrollWidth 135
  RenderBlock {DIV} at (2,3) size 106x14
    RenderText {#text} at (1,0) size 133x14
      text run at (1,0) width 133: "This text field is not disabled"
layer at (10,158) size 106x14 scrollWidth 299
  RenderBlock {DIV} at (2,3) size 106x14 [color=#545454]
    RenderText {#text} at (1,0) size 298x14
      text run at (1,0) width 298: "The text in this disabled field should displayed as dimmed or grey"
layer at (124,158) size 106x14 scrollWidth 135
  RenderBlock {DIV} at (2,3) size 106x14
    RenderText {#text} at (1,0) size 133x14
      text run at (1,0) width 133: "This text field is not disabled"
layer at (10,179) size 106x14 scrollWidth 299
  RenderBlock {DIV} at (2,3) size 106x14 [color=#ABABAB]
    RenderText {#text} at (1,0) size 298x14
      text run at (1,0) width 298: "The text in this disabled field should displayed as dimmed or grey"
layer at (124,179) size 106x14 scrollWidth 135
  RenderBlock {DIV} at (2,3) size 106x14
    RenderText {#text} at (1,0) size 133x14
      text run at (1,0) width 133: "This text field is not disabled"
layer at (10,200) size 106x14 scrollWidth 299
  RenderBlock {DIV} at (2,3) size 106x14 [color=#2C2C2C]
    RenderText {#text} at (1,0) size 298x14
      text run at (1,0) width 298: "The text in this disabled field should displayed as dimmed or grey"
layer at (124,200) size 106x14 scrollWidth 135
  RenderBlock {DIV} at (2,3) size 106x14
    RenderText {#text} at (1,0) size 133x14
      text run at (1,0) width 133: "This text field is not disabled"
layer at (10,221) size 106x14 scrollWidth 299
  RenderBlock {DIV} at (2,3) size 106x14
    RenderText {#text} at (1,0) size 298x14
      text run at (1,0) width 298: "The text in this disabled field should displayed as dimmed or grey"
layer at (124,221) size 106x14 scrollWidth 135
  RenderBlock {DIV} at (2,3) size 106x14
    RenderText {#text} at (1,0) size 133x14
      text run at (1,0) width 133: "This text field is not disabled"
layer at (10,242) size 106x14 scrollWidth 299
  RenderBlock {DIV} at (2,3) size 106x14 [color=#2C2C2C]
    RenderText {#text} at (1,0) size 298x14
      text run at (1,0) width 298: "The text in this disabled field should displayed as dimmed or grey"
layer at (124,242) size 106x14 scrollWidth 135
  RenderBlock {DIV} at (2,3) size 106x14
    RenderText {#text} at (1,0) size 133x14
      text run at (1,0) width 133: "This text field is not disabled"
