layer at (0,0) size 800x600
  RenderView at (0,0) size 800x600
layer at (0,0) size 800x600
  RenderBlock {HTML} at (0,0) size 800x600
    RenderBody {BODY} at (8,8) size 784x576
      RenderBlock (anonymous) at (0,0) size 784x20
        RenderText {#text} at (0,0) size 722x19
          text run at (0,0) width 722: "This test uses the new text field to test focus() and blur() and to make sure that onFocus and onBlur events fire correctly."
      RenderBlock {P} at (0,36) size 784x21
        RenderTextControl {INPUT} at (0,1) size 110x20 [bgcolor=#FFFFFF] [border: (2px inset #000000)]
        RenderText {#text} at (110,0) size 4x19
          text run at (110,0) width 4: " "
        RenderTextControl {INPUT} at (114,1) size 110x20 [bgcolor=#FFFFFF] [border: (2px inset #000000)]
        RenderText {#text} at (0,0) size 0x0
      RenderBlock {DIV} at (0,73) size 784x80
        RenderBR {BR} at (0,0) size 0x19
        RenderText {#text} at (0,20) size 309x19
          text run at (0,20) width 309: "Test Passed. Text field 1's onFocus event has fired."
        RenderBR {BR} at (309,35) size 0x0
        RenderText {#text} at (0,40) size 297x19
          text run at (0,40) width 297: "Test Passed. Text field 1's onBlur event has fired."
        RenderBR {BR} at (297,55) size 0x0
        RenderText {#text} at (0,60) size 309x19
          text run at (0,60) width 309: "Test Passed. Text field 2's onFocus event has fired."
      RenderBlock {P} at (0,169) size 784x0
layer at (10,48) size 106x14
  RenderBlock {DIV} at (2,3) size 106x14
    RenderText {#text} at (1,0) size 76x14
      text run at (1,0) width 76: "My Text Field 1"
layer at (124,48) size 106x14
  RenderBlock {DIV} at (2,3) size 106x14
    RenderText {#text} at (1,0) size 76x14
      text run at (1,0) width 76: "My Text Field 2"
selection start: position 0 of child 0 {#text} of child 0 {DIV} of child 3 {INPUT} of child 1 {P} of child 0 {BODY} of child 0 {HTML} of document
selection end:   position 15 of child 0 {#text} of child 0 {DIV} of child 3 {INPUT} of child 1 {P} of child 0 {BODY} of child 0 {HTML} of document
