layer at (0,0) size 800x600
  RenderView at (0,0) size 800x600
layer at (0,0) size 800x600
  RenderBlock {HTML} at (0,0) size 800x600
    RenderBody {BODY} at (8,8) size 784x576
      RenderBlock (anonymous) at (0,0) size 784x20
        RenderText {#text} at (0,0) size 631x19
          text run at (0,0) width 631: "The textarea below should have standard line-height because textareas should ignore negative line-heights"
        RenderBR {BR} at (631,15) size 0x0
      RenderBlock {P} at (0,36) size 784x247
        RenderText {#text} at (0,0) size 79x19
          text run at (0,0) width 79: "TEXTAREA"
        RenderBR {BR} at (79,15) size 0x0
        RenderText {#text} at (400,207) size 4x19
          text run at (400,207) width 4: " "
        RenderBR {BR} at (0,0) size 0x0
        RenderBR {BR} at (0,227) size 0x19
layer at (8,65) size 400x200 clip at (9,66) size 398x198
  RenderTextControl {TEXTAREA} at (0,21) size 400x200 [bgcolor=#FFFFFF] [border: (1px dotted #C0C0C0)]
    RenderBlock {DIV} at (3,3) size 379x32
      RenderText {#text} at (0,0) size 299x32
        text run at (0,0) width 294: "Demo text here that wraps a bit and should"
        text run at (294,0) width 5: " "
        text run at (0,16) width 272: "demonstrate the goodness of line-height"
