layer at (0,0) size 800x600
  RenderView at (0,0) size 800x600
layer at (0,0) size 800x600
  RenderBlock {HTML} at (0,0) size 800x600
    RenderBody {BODY} at (8,8) size 784x584
      RenderText {#text} at (0,0) size 613x19
        text run at (0,0) width 613: "This tests that the text security mode switches correctly when the placeholder appears and disappears."
      RenderBR {BR} at (613,15) size 0x0
      RenderText {#text} at (0,21) size 339x19
        text run at (0,21) width 339: "Leave field 1 alone. It should show the placeholder text: "
      RenderTextControl {INPUT} at (339,20) size 155x22 [bgcolor=#FFFFFF] [border: (2px inset #000000)]
      RenderBR {BR} at (494,36) size 0x0
      RenderText {#text} at (0,43) size 389x19
        text run at (0,43) width 142: "Focus field 2 and type. "
        text run at (142,43) width 247: "It should show bullets for the password.: "
      RenderTextControl {INPUT} at (389,42) size 155x22 [bgcolor=#FFFFFF] [border: (2px inset #000000)]
      RenderBR {BR} at (544,58) size 0x0
      RenderText {#text} at (0,65) size 561x19
        text run at (0,65) width 142: "Focus field 3 and type. "
        text run at (142,65) width 202: "Clear the value and blur the field. "
        text run at (344,65) width 217: "It should show the placeholder text: "
      RenderTextControl {INPUT} at (561,64) size 155x22 [bgcolor=#FFFFFF] [border: (2px inset #000000)]
      RenderBR {BR} at (716,80) size 0x0
layer at (349,31) size 151x16
  RenderBlock {DIV} at (2,3) size 151x16 [color=#A9A9A9]
    RenderText {#text} at (1,0) size 66x16
      text run at (1,0) width 66: "placeholder"
layer at (399,53) size 151x16
  RenderBlock {DIV} at (2,3) size 151x16
    RenderText {#text} at (1,0) size 20x16
      text run at (1,0) width 20: "\x{2022}\x{2022}\x{2022}\x{2022}"
layer at (571,75) size 151x16
  RenderBlock {DIV} at (2,3) size 151x16 [color=#A9A9A9]
    RenderText {#text} at (1,0) size 66x16
      text run at (1,0) width 66: "placeholder"
