layer at (0,0) size 800x600
  RenderView at (0,0) size 800x600
layer at (0,0) size 800x600
  RenderBlock {HTML} at (0,0) size 800x600
    RenderBody {BODY} at (8,8) size 784x576
      RenderBlock {P} at (0,0) size 784x20
        RenderText {#text} at (0,0) size 413x19
          text run at (0,0) width 413: "If you can see the word \"Placeholder\" in the text field, then all is well."
      RenderBlock {P} at (0,36) size 784x20
        RenderTextControl {INPUT} at (0,0) size 110x20 [bgcolor=#FFFFFF] [border: (2px inset #000000)]
layer at (10,47) size 106x14
  RenderBlock {DIV} at (2,3) size 106x14 [color=#808080]
    RenderText {#text} at (1,0) size 54x14
      text run at (1,0) width 54: "Placeholder"
