layer at (0,0) size 800x600
  RenderView at (0,0) size 800x600
layer at (0,0) size 800x600
  RenderBlock {HTML} at (0,0) size 800x600
    RenderBody {BODY} at (8,8) size 784x584
      RenderBlock {P} at (0,0) size 784x20
        RenderText {#text} at (0,0) size 367x19
          text run at (0,0) width 367: "Only the second search field should have a cancel button (\x{D7})."
      RenderBlock (anonymous) at (0,36) size 784x22
        RenderTextControl {INPUT} at (0,0) size 155x22 [bgcolor=#FFFFFF] [border: (2px inset #000000)]
          RenderBlock {DIV} at (2,3) size 151x16
            RenderBlock {DIV} at (0,13) size 0x0
            RenderBlock {DIV} at (151,13) size 0x0
        RenderText {#text} at (155,1) size 4x19
          text run at (155,1) width 4: " "
        RenderTextControl {INPUT} at (159,0) size 155x22 [bgcolor=#FFFFFF] [border: (2px inset #000000)]
          RenderBlock {DIV} at (2,3) size 151x16
            RenderBlock {DIV} at (0,13) size 0x0
            RenderBlock {DIV} at (151,13) size 0x0
        RenderText {#text} at (0,0) size 0x0
layer at (10,47) size 151x16
  RenderBlock {DIV} at (0,0) size 151x16
layer at (169,47) size 151x16
  RenderBlock {DIV} at (0,0) size 151x16
    RenderText {#text} at (1,0) size 46x16
      text run at (1,0) width 46: "this one"
