layer at (0,0) size 800x600
  RenderView at (0,0) size 800x600
layer at (0,0) size 800x600
  RenderBlock {HTML} at (0,0) size 800x600
    RenderBody {BODY} at (8,8) size 784x584
      RenderText {#text} at (0,0) size 351x19
        text run at (0,0) width 351: "This tests that aqua-style search fields do not honor height."
      RenderBR {BR} at (351,15) size 0x0
      RenderTextControl {INPUT} at (0,41) size 59x6 [bgcolor=#FFFFFF] [border: (2px inset #000000)]
        RenderBlock {DIV} at (2,3) size 55x0
          RenderBlock {DIV} at (0,0) size 8x9
          RenderBlock {DIV} at (42,0) size 13x9
      RenderText {#text} at (59,32) size 4x19
        text run at (59,32) width 4: " "
      RenderTextControl {INPUT} at (63,31) size 159x40 [bgcolor=#FFFFFF] [border: (2px inset #000000)]
        RenderBlock {DIV} at (2,3) size 155x34
          RenderBlock {DIV} at (0,2) size 8x11
          RenderBlock {DIV} at (142,2) size 13x11
      RenderText {#text} at (222,32) size 4x19
        text run at (222,32) width 4: " "
      RenderTextControl {INPUT} at (226,20) size 284x200 [bgcolor=#FFFFFF] [border: (2px inset #000000)]
        RenderBlock {DIV} at (2,3) size 280x194
          RenderBlock {DIV} at (0,11) size 10x13
          RenderBlock {DIV} at (264,11) size 16x13
      RenderText {#text} at (0,0) size 0x0
      RenderText {#text} at (0,0) size 0x0
      RenderText {#text} at (0,0) size 0x0
layer at (81,42) size 134x34
  RenderBlock {DIV} at (8,0) size 134x34
    RenderText {#text} at (1,0) size 30x17
      text run at (1,0) width 30: "small"
layer at (246,31) size 254x194
  RenderBlock {DIV} at (10,0) size 254x194
    RenderText {#text} at (1,0) size 76x31
      text run at (1,0) width 76: "regular"
