layer at (0,0) size 800x600
  RenderView at (0,0) size 800x600
layer at (0,0) size 800x600
  RenderBlock {HTML} at (0,0) size 800x600
    RenderBody {BODY} at (8,8) size 784x584
      RenderBlock {P} at (0,0) size 784x20
        RenderText {#text} at (0,0) size 540x19
          text run at (0,0) width 540: "The following select elements should all be rendered on the left, with their text left justified."
      RenderBlock (anonymous) at (0,36) size 784x100
        RenderMenuList {SELECT} at (0,0) size 300x20 [bgcolor=#FFFFFF] [border: (1px solid #000000)]
          RenderBlock (anonymous) at (1,1) size 298x18
            RenderText at (4,1) size 171x16
              text run at (4,1) width 171: "This is should be left justified."
        RenderText {#text} at (300,0) size 4x19
          text run at (300,0) width 4: " "
        RenderBR {BR} at (0,0) size 0x0
        RenderMenuList {SELECT} at (0,20) size 300x20 [bgcolor=#FFFFFF] [border: (1px solid #000000)]
          RenderBlock (anonymous) at (1,1) size 298x18
            RenderText at (4,1) size 171x16
              text run at (4,1) width 171: "This is should be left justified."
        RenderText {#text} at (300,20) size 4x19
          text run at (300,20) width 4: " "
        RenderBR {BR} at (0,0) size 0x0
        RenderMenuList {SELECT} at (0,40) size 300x20 [bgcolor=#FFFFFF] [border: (1px solid #000000)]
          RenderBlock (anonymous) at (1,1) size 298x18
            RenderText at (4,1) size 171x16
              text run at (4,1) width 171: "This is should be left justified."
        RenderText {#text} at (300,40) size 4x19
          text run at (300,40) width 4: " "
        RenderBR {BR} at (0,0) size 0x0
        RenderMenuList {SELECT} at (0,60) size 300x20 [bgcolor=#FFFFFF] [border: (1px solid #000000)]
          RenderBlock (anonymous) at (1,1) size 298x18
            RenderText at (4,1) size 171x16
              text run at (4,1) width 171: "This is should be left justified."
        RenderText {#text} at (300,60) size 4x19
          text run at (300,60) width 4: " "
        RenderBR {BR} at (0,0) size 0x0
        RenderMenuList {SELECT} at (0,80) size 300x20 [bgcolor=#FFFFFF] [border: (1px solid #000000)]
          RenderBlock (anonymous) at (1,1) size 298x18
            RenderText at (4,1) size 171x16
              text run at (4,1) width 171: "This is should be left justified."
        RenderText {#text} at (0,0) size 0x0
        RenderText {#text} at (0,0) size 0x0
      RenderBlock {DIV} at (0,136) size 784x20
        RenderMenuList {SELECT} at (0,0) size 300x20 [bgcolor=#FFFFFF] [border: (1px solid #000000)]
          RenderBlock (anonymous) at (1,1) size 298x18
            RenderText at (4,1) size 171x16
              text run at (4,1) width 171: "This is should be left justified."
