layer at (0,0) size 800x600
  RenderView at (0,0) size 800x600
layer at (0,0) size 800x600
  RenderBlock {HTML} at (0,0) size 800x600
    RenderBody {BODY} at (8,8) size 784x584
      RenderText {#text} at (0,0) size 529x19
        text run at (0,0) width 239: "This tests that styled popups look right. "
        text run at (239,0) width 290: "(Aqua for now- later, we will honor the styling). "
      RenderBR {BR} at (0,0) size 0x0
      RenderMenuList {SELECT} at (2,22) size 47x20 [bgcolor=#FF0000] [border: (1px solid #000000)]
        RenderBlock (anonymous) at (1,1) size 45x18
          RenderText at (4,1) size 22x16
            text run at (4,1) width 22: "test"
