layer at (0,0) size 800x600
  RenderView at (0,0) size 800x600
layer at (0,0) size 800x600
  RenderBlock {HTML} at (0,0) size 800x600
    RenderBody {BODY} at (8,8) size 784x584
      RenderText {#text} at (0,0) size 444x19
        text run at (0,0) width 444: "This tests that empty select controls and buttons have the correct baseline."
      RenderBR {BR} at (444,15) size 0x0
      RenderMenuList {SELECT} at (0,21) size 25x20 [bgcolor=#FFFFFF] [border: (1px solid #000000)]
        RenderBlock (anonymous) at (1,1) size 23x18
          RenderBR at (4,1) size 0x16 [bgcolor=#FFFFFF]
      RenderText {#text} at (25,21) size 29x19
        text run at (25,21) width 29: " test "
      RenderMenuList {SELECT} at (54,21) size 47x20 [bgcolor=#FFFFFF] [border: (1px solid #000000)]
        RenderBlock (anonymous) at (1,1) size 45x18
          RenderText at (4,1) size 22x16
            text run at (4,1) width 22: "test"
      RenderText {#text} at (101,21) size 4x19
        text run at (101,21) width 4: " "
      RenderMenuList {SELECT} at (105,21) size 25x20 [color=#00008B] [bgcolor=#ADD8E6] [border: (1px solid #00008B)]
        RenderBlock (anonymous) at (1,1) size 23x18
          RenderBR at (4,1) size 0x16 [bgcolor=#ADD8E6]
      RenderText {#text} at (130,21) size 29x19
        text run at (130,21) width 29: " test "
      RenderMenuList {SELECT} at (159,21) size 47x20 [color=#00008B] [bgcolor=#ADD8E6] [border: (1px solid #00008B)]
        RenderBlock (anonymous) at (1,1) size 45x18
          RenderText at (4,1) size 22x16
            text run at (4,1) width 22: "test"
      RenderText {#text} at (206,21) size 4x19
        text run at (206,21) width 4: " "
      RenderButton {BUTTON} at (210,21) size 16x20 [bgcolor=#C0C0C0] [border: (2px outset #C0C0C0)]
      RenderText {#text} at (226,21) size 4x19
        text run at (226,21) width 4: " "
      RenderButton {BUTTON} at (230,20) size 44x22 [bgcolor=#C0C0C0] [border: (2px outset #C0C0C0)]
        RenderBlock (anonymous) at (8,2) size 28x18
          RenderText {#text} at (3,1) size 22x16
            text run at (3,1) width 22: "test"
      RenderText {#text} at (274,21) size 4x19
        text run at (274,21) width 4: " "
      RenderButton {BUTTON} at (278,21) size 16x20 [color=#00008B] [bgcolor=#ADD8E6] [border: (2px outset #C0C0C0)]
      RenderText {#text} at (294,21) size 4x19
        text run at (294,21) width 4: " "
      RenderButton {BUTTON} at (298,20) size 44x22 [color=#00008B] [bgcolor=#ADD8E6] [border: (2px outset #C0C0C0)]
        RenderBlock (anonymous) at (8,2) size 28x18
          RenderText {#text} at (3,1) size 22x16
            text run at (3,1) width 22: "test"
      RenderText {#text} at (0,0) size 0x0
