layer at (0,0) size 800x600
  RenderView at (0,0) size 800x600
layer at (0,0) size 800x600
  RenderBlock {HTML} at (0,0) size 800x600
    RenderBody {BODY} at (8,8) size 784x584
      RenderText {#text} at (0,0) size 86x19
        text run at (0,0) width 86: "initial selected:"
      RenderBR {BR} at (86,15) size 0x0
      RenderListBox {SELECT} at (0,20) size 118x61 [bgcolor=#FFFFFF] [border: (1px inset #808080)]
      RenderText {#text} at (118,59) size 4x19
        text run at (118,59) width 4: " "
      RenderBR {BR} at (122,74) size 0x0
      RenderText {#text} at (0,81) size 152x19
        text run at (0,81) width 152: "dynamic selected change:"
      RenderBR {BR} at (152,96) size 0x0
      RenderListBox {SELECT} at (0,101) size 118x61 [bgcolor=#FFFFFF] [border: (1px inset #808080)]
      RenderText {#text} at (118,140) size 4x19
        text run at (118,140) width 4: " "
      RenderText {#text} at (0,0) size 0x0
      RenderBR {BR} at (0,0) size 0x0
      RenderText {#text} at (0,162) size 200x19
        text run at (0,162) width 200: "dynamic insert of selected option:"
      RenderBR {BR} at (200,177) size 0x0
      RenderListBox {SELECT} at (0,182) size 118x61 [bgcolor=#FFFFFF] [border: (1px inset #808080)]
      RenderText {#text} at (118,221) size 4x19
        text run at (118,221) width 4: " "
      RenderBR {BR} at (122,236) size 0x0
      RenderText {#text} at (0,243) size 86x19
        text run at (0,243) width 86: "initial selected:"
      RenderBR {BR} at (86,258) size 0x0
      RenderMenuList {SELECT} at (0,265) size 132x18 [bgcolor=#FFFFFF]
        RenderBlock (anonymous) at (0,0) size 132x19
          RenderText at (8,2) size 101x14
            text run at (8,2) width 101: "this should be selected"
      RenderText {#text} at (132,263) size 4x19
        text run at (132,263) width 4: " "
      RenderBR {BR} at (136,278) size 0x0
      RenderText {#text} at (0,283) size 152x19
        text run at (0,283) width 152: "dynamic selected change:"
      RenderBR {BR} at (152,298) size 0x0
      RenderMenuList {SELECT} at (0,305) size 132x18 [bgcolor=#FFFFFF]
        RenderBlock (anonymous) at (0,0) size 132x19
          RenderText at (8,2) size 101x14
            text run at (8,2) width 101: "this should be selected"
      RenderText {#text} at (132,303) size 4x19
        text run at (132,303) width 4: " "
      RenderText {#text} at (0,0) size 0x0
      RenderBR {BR} at (0,0) size 0x0
      RenderText {#text} at (0,323) size 200x19
        text run at (0,323) width 200: "dynamic insert of selected option:"
      RenderBR {BR} at (200,338) size 0x0
      RenderMenuList {SELECT} at (0,343) size 132x18 [bgcolor=#FFFFFF]
        RenderBlock (anonymous) at (0,0) size 132x19
          RenderText at (8,2) size 101x14
            text run at (8,2) width 101: "this should be selected"
      RenderText {#text} at (0,0) size 0x0
      RenderText {#text} at (0,0) size 0x0
      RenderText {#text} at (0,0) size 0x0
