layer at (0,0) size 800x600
  RenderView at (0,0) size 800x600
layer at (0,0) size 800x600
  RenderBlock {HTML} at (0,0) size 800x600
    RenderBody {BODY} at (8,8) size 784x584
      RenderText {#text} at (0,0) size 417x19
        text run at (0,0) width 417: "This tests that you can dynamically change a list box to a popup menu"
      RenderBR {BR} at (417,15) size 0x0
      RenderMenuList {SELECT} at (0,20) size 196x18 [bgcolor=#FFFFFF]
        RenderBlock (anonymous) at (0,0) size 196x19
          RenderText at (8,2) size 165x14
            text run at (8,2) width 165: "This should turn into a popup menu"
      RenderText {#text} at (0,0) size 0x0
