layer at (0,0) size 800x600
  RenderView at (0,0) size 800x600
layer at (0,0) size 800x600
  RenderBlock {HTML} at (0,0) size 800x600
    RenderBody {BODY} at (8,8) size 784x584
      RenderBlock {FORM} at (0,0) size 784x22
        RenderMenuList {SELECT} at (0,1) size 91x20 [bgcolor=#FFFFFF] [border: (1px solid #000000)]
          RenderBlock (anonymous) at (1,1) size 89x18
            RenderText at (4,1) size 66x16
              text run at (4,1) width 66: "append cell"
        RenderText {#text} at (91,1) size 51x19
          text run at (91,1) width 51: "   tbody "
        RenderTextControl {INPUT} at (142,0) size 65x22 [bgcolor=#FFFFFF] [border: (2px inset #000000)]
        RenderText {#text} at (207,1) size 40x19
          text run at (207,1) width 40: "   row "
        RenderTextControl {INPUT} at (247,0) size 65x22 [bgcolor=#FFFFFF] [border: (2px inset #000000)]
        RenderText {#text} at (312,1) size 34x19
          text run at (312,1) width 34: "   col "
        RenderTextControl {INPUT} at (346,0) size 65x22 [bgcolor=#FFFFFF] [border: (2px inset #000000)]
        RenderText {#text} at (411,1) size 72x19
          text run at (411,1) width 72: "   row span "
        RenderTextControl {INPUT} at (483,0) size 65x22 [bgcolor=#FFFFFF] [border: (2px inset #000000)]
        RenderText {#text} at (548,1) size 66x19
          text run at (548,1) width 66: "   col span "
        RenderTextControl {INPUT} at (614,0) size 65x22 [bgcolor=#FFFFFF] [border: (2px inset #000000)]
        RenderText {#text} at (679,1) size 20x19
          text run at (679,1) width 20: "     "
        RenderButton {INPUT} at (699,0) size 49x22 [bgcolor=#C0C0C0] [border: (2px outset #C0C0C0)]
          RenderBlock (anonymous) at (8,2) size 33x18
            RenderText at (3,1) size 27x16
              text run at (3,1) width 27: "Do It"
        RenderText {#text} at (0,0) size 0x0
      RenderBlock (anonymous) at (0,38) size 784x20
        RenderBR {BR} at (0,0) size 0x19
      RenderTable {TABLE} at (0,58) size 62x56 [bgcolor=#FFA500] [border: (1px outset #808080)]
        RenderTableSection {TBODY} at (1,1) size 60x54
          RenderTableRow {TR} at (0,2) size 60x24
            RenderTableCell {TD} at (2,2) size 27x24 [border: (1px inset #808080)] [r=0 c=0 rs=1 cs=1]
              RenderText {#text} at (2,2) size 23x19
                text run at (2,2) width 23: "c11"
          RenderTableRow {TR} at (0,28) size 60x24
            RenderTableCell {TD} at (2,28) size 27x24 [border: (1px inset #808080)] [r=1 c=0 rs=1 cs=1]
              RenderText {#text} at (2,2) size 23x19
                text run at (2,2) width 23: "c21"
            RenderTableCell {TD} at (31,28) size 27x24 [border: (1px inset #808080)] [r=1 c=1 rs=1 cs=1]
              RenderText {#text} at (2,2) size 23x19
                text run at (2,2) width 23: "c22"
      RenderBlock (anonymous) at (0,114) size 784x20
        RenderBR {BR} at (0,0) size 0x19
layer at (152,11) size 61x16
  RenderBlock {DIV} at (2,3) size 61x16
    RenderText {#text} at (1,0) size 7x16
      text run at (1,0) width 7: "0"
layer at (257,11) size 61x16
  RenderBlock {DIV} at (2,3) size 61x16
    RenderText {#text} at (1,0) size 7x16
      text run at (1,0) width 7: "0"
layer at (356,11) size 61x16
  RenderBlock {DIV} at (2,3) size 61x16
    RenderText {#text} at (1,0) size 7x16
      text run at (1,0) width 7: "0"
layer at (493,11) size 61x16
  RenderBlock {DIV} at (2,3) size 61x16
    RenderText {#text} at (1,0) size 7x16
      text run at (1,0) width 7: "1"
layer at (624,11) size 61x16
  RenderBlock {DIV} at (2,3) size 61x16
    RenderText {#text} at (1,0) size 7x16
      text run at (1,0) width 7: "1"
