layer at (0,0) size 800x600
  RenderView at (0,0) size 800x600
layer at (0,0) size 800x600
  RenderBlock {HTML} at (0,0) size 800x600
    RenderBody {BODY} at (8,8) size 784x576
      RenderBlock {BLOCKQUOTE} at (40,0) size 704x123
        RenderBlock {CENTER} at (0,0) size 704x123
          RenderTable {TABLE} at (299,0) size 105x86 [border: (2px none #808080)]
            RenderTableSection {TBODY} at (2,2) size 100x81
              RenderTableRow {TR} at (0,0) size 100x27
                RenderTableCell {TD} at (0,0) size 36x27 [border: (3px groove #0000FF)] [r=0 c=0 rs=1 cs=1]
                  RenderText {#text} at (4,4) size 27x19
                    text run at (4,4) width 27: "EST"
                RenderTableCell {TD} at (36,0) size 64x27 [border: (3px groove #0000FF)] [r=0 c=1 rs=1 cs=1]
                  RenderText {#text} at (4,4) size 57x19
                    text run at (4,4) width 57: "9:00 a.m."
              RenderTableRow {TR} at (0,27) size 100x27
                RenderTableCell {TD} at (0,27) size 36x27 [border: (3px groove #0000FF)] [r=1 c=0 rs=1 cs=1]
                  RenderText {#text} at (4,4) size 29x19
                    text run at (4,4) width 29: "CST"
                RenderTableCell {TD} at (36,27) size 64x27 [border: (3px groove #0000FF)] [r=1 c=1 rs=1 cs=1]
                  RenderText {#text} at (4,4) size 57x19
                    text run at (4,4) width 57: "8:00 a.m."
              RenderTableRow {TR} at (0,54) size 100x27
                RenderTableCell {TD} at (0,54) size 36x27 [border: (3px groove #0000FF)] [r=2 c=0 rs=1 cs=1]
                  RenderText {#text} at (4,4) size 27x19
                    text run at (4,4) width 27: "PST"
                RenderTableCell {TD} at (36,54) size 64x27 [border: (3px groove #0000FF)] [r=2 c=1 rs=1 cs=1]
                  RenderText {#text} at (4,4) size 57x19
                    text run at (4,4) width 57: "6:00 a.m."
          RenderBlock {P} at (0,102) size 704x21
            RenderButton {INPUT} at (290,1) size 60x20 [bgcolor=#C0C0C0] [border: (2px outset #C0C0C0)]
              RenderBlock (anonymous) at (8,2) size 44x16
                RenderText at (3,1) size 38x14
                  text run at (3,1) width 38: "separate"
            RenderText {#text} at (350,0) size 4x19
              text run at (350,0) width 4: " "
            RenderButton {INPUT} at (354,1) size 59x20 [bgcolor=#C0C0C0] [border: (2px outset #C0C0C0)]
              RenderBlock (anonymous) at (8,2) size 43x16
                RenderText at (3,1) size 37x14
                  text run at (3,1) width 37: "collapse"
