layer at (0,0) size 800x600
  RenderView at (0,0) size 800x600
layer at (0,0) size 800x600
  RenderBlock {HTML} at (0,0) size 800x600
    RenderBody {BODY} at (8,8) size 784x584
      RenderBlock {P} at (0,0) size 784x20
        RenderText {#text} at (0,0) size 513x19
          text run at (0,0) width 232: "This tests for an infinite loop on Paste. "
          text run at (232,0) width 281: "You should see 'Hello: ' and then an input field."
      RenderBlock {DIV} at (0,36) size 784x21
        RenderText {#text} at (0,0) size 32x19
          text run at (0,0) width 32: "Hello"
        RenderTextControl {INPUT} at (32,1) size 110x20 [bgcolor=#FFFFFF] [border: (2px inset #000000)]
        RenderText {#text} at (142,0) size 3x19
          text run at (142,0) width 3: ":"
layer at (42,48) size 106x14
  RenderBlock {DIV} at (2,3) size 106x14
caret: position 1 of child 1 {INPUT} of child 2 {DIV} of child 0 {BODY} of child 0 {HTML} of document
