EDITING DELEGATE: shouldBeginEditingInDOMRange:range from 0 of DIV > BODY > HTML > #document to 7 of DIV > BODY > HTML > #document
EDITING DELEGATE: webViewDidBeginEditing:WebViewDidBeginEditingNotification
EDITING DELEGATE: webViewDidChangeSelection:WebViewDidChangeSelectionNotification
EDITING DELEGATE: webViewDidChangeSelection:WebViewDidChangeSelectionNotification
EDITING DELEGATE: shouldChangeSelectedDOMRange:(null) toDOMRange:range from 0 of SPAN > DIV > BODY > HTML > #document to 0 of SPAN > DIV > BODY > HTML > #document affinity:NSSelectionAffinityDownstream stillSelecting:FALSE
EDITING DELEGATE: webViewDidChangeSelection:WebViewDidChangeSelectionNotification
EDITING DELEGATE: webViewDidChange:WebViewDidChangeNotification
EDITING DELEGATE: webViewDidChangeSelection:WebViewDidChangeSelectionNotification
EDITING DELEGATE: webViewDidChangeSelection:WebViewDidChangeSelectionNotification
EDITING DELEGATE: shouldChangeSelectedDOMRange:(null) toDOMRange:range from 0 of #text > DIV > BODY > HTML > #document to 0 of #text > DIV > BODY > HTML > #document affinity:NSSelectionAffinityDownstream stillSelecting:FALSE
EDITING DELEGATE: webViewDidChangeSelection:WebViewDidChangeSelectionNotification
EDITING DELEGATE: webViewDidChange:WebViewDidChangeNotification
EDITING DELEGATE: webViewDidChangeSelection:WebViewDidChangeSelectionNotification
EDITING DELEGATE: webViewDidChangeSelection:WebViewDidChangeSelectionNotification
EDITING DELEGATE: shouldChangeSelectedDOMRange:(null) toDOMRange:range from 0 of #text > DIV > BODY > HTML > #document to 0 of #text > DIV > BODY > HTML > #document affinity:NSSelectionAffinityDownstream stillSelecting:FALSE
EDITING DELEGATE: webViewDidChangeSelection:WebViewDidChangeSelectionNotification
EDITING DELEGATE: webViewDidChange:WebViewDidChangeNotification
EDITING DELEGATE: webViewDidChangeSelection:WebViewDidChangeSelectionNotification
EDITING DELEGATE: webViewDidChangeSelection:WebViewDidChangeSelectionNotification
EDITING DELEGATE: shouldChangeSelectedDOMRange:(null) toDOMRange:range from 0 of #text > DIV > BODY > HTML > #document to 0 of #text > DIV > BODY > HTML > #document affinity:NSSelectionAffinityDownstream stillSelecting:FALSE
EDITING DELEGATE: webViewDidChangeSelection:WebViewDidChangeSelectionNotification
EDITING DELEGATE: webViewDidChange:WebViewDidChangeNotification
EDITING DELEGATE: webViewDidChangeSelection:WebViewDidChangeSelectionNotification
EDITING DELEGATE: webViewDidChangeSelection:WebViewDidChangeSelectionNotification
EDITING DELEGATE: shouldChangeSelectedDOMRange:(null) toDOMRange:range from 15 of DIV > BODY > HTML > #document to 15 of DIV > BODY > HTML > #document affinity:NSSelectionAffinityDownstream stillSelecting:FALSE
EDITING DELEGATE: webViewDidChangeSelection:WebViewDidChangeSelectionNotification
EDITING DELEGATE: webViewDidChange:WebViewDidChangeNotification
layer at (0,0) size 800x600
  RenderView at (0,0) size 800x600
layer at (0,0) size 800x600
  RenderBlock {HTML} at (0,0) size 800x600
    RenderBody {BODY} at (8,8) size 784x584
      RenderBlock {P} at (0,0) size 784x40
        RenderText {#text} at (0,0) size 762x39
          text run at (0,0) width 762: "This test checks to see that Insert{Un}OrderedList can remove items from a list, can remove empty list when they are emptied,"
          text run at (0,20) width 296: "and can remove content from orphaned list items."
      RenderBlock {DIV} at (0,56) size 784x340
        RenderBlock {OL} at (0,0) size 784x22 [border: (1px solid #FF0000)]
          RenderListItem {LI} at (41,1) size 742x20
            RenderListMarker at (-21,0) size 16x19: "1"
            RenderText {#text} at (0,0) size 20x19
              text run at (0,0) width 20: "foo"
          RenderBlock (anonymous) at (41,21) size 742x0
        RenderBlock (anonymous) at (0,38) size 784x20
          RenderInline {SPAN} at (0,0) size 145x19
            RenderText {#text} at (0,0) size 145x19
              text run at (0,0) width 145: "This should not be a list."
          RenderText {#text} at (145,0) size 4x19
            text run at (145,0) width 4: " "
          RenderBR {BR} at (149,15) size 0x0
        RenderBlock {OL} at (0,74) size 784x62 [border: (1px solid #FF0000)]
          RenderBlock (anonymous) at (41,1) size 742x40
            RenderBR {BR} at (0,0) size 0x19
            RenderText {#text} at (0,20) size 20x19
              text run at (0,20) width 20: "bar"
          RenderListItem {LI} at (41,41) size 742x20
            RenderListMarker at (-21,0) size 16x19: "1"
            RenderText {#text} at (0,0) size 21x19
              text run at (0,0) width 21: "baz"
          RenderBlock (anonymous) at (41,61) size 742x0
        RenderBlock (anonymous) at (0,152) size 784x20
          RenderText {#text} at (0,0) size 159x19
            text run at (0,0) width 159: "This should not be in a list."
          RenderBR {BR} at (159,15) size 0x0
        RenderBlock {OL} at (0,188) size 784x22 [border: (1px solid #FF0000)]
          RenderListItem {LI} at (41,1) size 742x20
            RenderListMarker at (-21,0) size 16x19: "1"
            RenderText {#text} at (0,0) size 20x19
              text run at (0,0) width 20: "foo"
        RenderBlock (anonymous) at (0,226) size 784x20
          RenderText {#text} at (0,0) size 159x19
            text run at (0,0) width 159: "This should not be in a list."
          RenderBR {BR} at (159,15) size 0x0
        RenderBlock {OL} at (0,262) size 784x22 [border: (1px solid #FF0000)]
          RenderBlock (anonymous) at (41,1) size 742x0
          RenderListItem {LI} at (41,1) size 742x20
            RenderListMarker at (-21,0) size 16x19: "1"
            RenderText {#text} at (0,0) size 20x19
              text run at (0,0) width 20: "bar"
        RenderBlock (anonymous) at (0,300) size 784x40
          RenderText {#text} at (0,0) size 159x19
            text run at (0,0) width 159: "This should not be in a list."
          RenderBR {BR} at (159,15) size 0x0
          RenderText {#text} at (0,20) size 159x19
            text run at (0,20) width 159: "This should not be in a list."
caret: position 0 of child 16 {#text} of child 2 {DIV} of child 1 {BODY} of child 0 {HTML} of document
