layer at (0,0) size 800x600
  RenderView at (0,0) size 800x600
layer at (0,0) size 800x600
  RenderBlock {HTML} at (0,0) size 800x600
    RenderBody {BODY} at (8,8) size 784x576
      RenderBlock {P} at (0,0) size 784x20
        RenderText {#text} at (0,0) size 725x19
          text run at (0,0) width 346: "This tests for a bug when outdenting an indented list item. "
          text run at (346,0) width 379: "You should see 'foo' and 'bar' each in their own list item below."
      RenderBlock {DIV} at (0,36) size 784x40
        RenderBlock {UL} at (0,0) size 784x40
          RenderListItem {LI} at (40,0) size 744x20
            RenderListMarker at (-18,0) size 7x19: bullet
            RenderText {#text} at (0,0) size 20x19
              text run at (0,0) width 20: "foo"
          RenderListItem {LI} at (40,20) size 744x20
            RenderListMarker at (-18,0) size 7x19: bullet
            RenderText {#text} at (0,0) size 20x19
              text run at (0,0) width 20: "bar"
caret: position 0 of child 0 {#text} of child 1 {LI} of child 0 {UL} of child 2 {DIV} of child 1 {BODY} of child 0 {HTML} of document
