layer at (0,0) size 800x600
  RenderView at (0,0) size 800x600
layer at (0,0) size 800x600
  RenderBlock {HTML} at (0,0) size 800x600
    RenderBody {BODY} at (8,8) size 784x584
      RenderBlock {P} at (0,0) size 784x20
        RenderText {#text} at (0,0) size 416x19
          text run at (0,0) width 416: "This tests for a crash indent a selection that starts just before a ToDo."
        RenderText {#text} at (0,0) size 0x0
      RenderBlock {DIV} at (0,36) size 784x26
        RenderBlock {BLOCKQUOTE} at (40,0) size 744x26
          RenderTable {TABLE} at (0,0) size 109x26
            RenderTableSection {TBODY} at (0,0) size 109x26
              RenderTableRow {TR} at (0,2) size 109x22
                RenderTableCell {TD} at (2,2) size 17x22 [r=0 c=0 rs=1 cs=1]
                  RenderText {#text} at (1,1) size 15x19
                    text run at (1,1) width 15: "\x{21D2}"
                RenderTableCell {TD} at (21,2) size 86x22 [bgcolor=#FF8811] [r=0 c=1 rs=1 cs=1]
                  RenderText {#text} at (1,1) size 84x19
                    text run at (1,1) width 84: "ToDo content"
          RenderBlock (anonymous) at (0,26) size 744x0
        RenderBlock (anonymous) at (0,26) size 784x0
caret: position 0 of child 0 {TABLE} of child 0 {BLOCKQUOTE} of child 1 {DIV} of child 1 {BODY} of child 0 {HTML} of document
