layer at (0,0) size 800x600
  RenderView at (0,0) size 800x600
layer at (0,0) size 800x600
  RenderBlock {HTML} at (0,0) size 800x600
    RenderBody {BODY} at (8,8) size 784x584
      RenderBlock {P} at (0,0) size 784x40
        RenderText {#text} at (0,0) size 771x39
          text run at (0,0) width 442: "This tests for a bug when inserting after a link at the end of the document. "
          text run at (442,0) width 329: "Like TextEdit, we insert content outside of the link, but"
          text run at (0,20) width 557: "inserting outside of the link shouldn't cause the content to be inserted in the wrong paragraph."
      RenderBlock {DIV} at (0,56) size 784x40
        RenderBlock (anonymous) at (0,0) size 784x20
          RenderText {#text} at (0,0) size 244x19
            text run at (0,0) width 244: "This paragraph should not contains links."
        RenderBlock {DIV} at (0,20) size 784x20
          RenderInline {A} at (0,0) size 183x19 [color=#0000EE]
            RenderText {#text} at (0,0) size 183x19
              text run at (0,0) width 183: "This sentence should be a link."
          RenderText {#text} at (183,0) size 155x19
            text run at (183,0) width 155: " This sentence should not."
        RenderBlock (anonymous) at (0,40) size 784x0
caret: position 26 of child 1 {#text} of child 1 {DIV} of child 2 {DIV} of child 1 {BODY} of child 0 {HTML} of document
