layer at (0,0) size 800x600
  RenderView at (0,0) size 800x600
layer at (0,0) size 800x600
  RenderBlock {HTML} at (0,0) size 800x600
    RenderBody {BODY} at (8,8) size 784x576
      RenderBlock {P} at (0,0) size 784x20
        RenderText {#text} at (0,0) size 547x19
          text run at (0,0) width 316: "This tests for a bug when creating a list from a table. "
          text run at (316,0) width 231: "The table should be inside a a list item."
      RenderBlock {DIV} at (0,36) size 784x50
        RenderBlock {UL} at (0,0) size 784x50
          RenderListItem {LI} at (40,0) size 744x50
            RenderBlock (anonymous) at (0,0) size 744x20
              RenderListMarker at (-18,0) size 7x19: bullet
            RenderTable {TABLE} at (0,20) size 30x30 [border: (1px outset #808080)]
              RenderTableSection {TBODY} at (1,1) size 28x28
                RenderTableRow {TR} at (0,2) size 28x24
                  RenderTableCell {TD} at (2,2) size 24x24 [border: (1px inset #808080)] [r=0 c=0 rs=1 cs=1]
                    RenderText {#text} at (2,2) size 20x19
                      text run at (2,2) width 20: "foo"
            RenderBlock (anonymous) at (0,50) size 744x0
        RenderBlock (anonymous) at (0,66) size 784x0
selection start: position 0 of child 0 {TABLE} of child 0 {LI} of child 0 {UL} of child 2 {DIV} of child 1 {BODY} of child 0 {HTML} of document
selection end:   position 1 of child 0 {TABLE} of child 0 {LI} of child 0 {UL} of child 2 {DIV} of child 1 {BODY} of child 0 {HTML} of document
