layer at (0,0) size 800x600
  RenderView at (0,0) size 800x600
layer at (0,0) size 800x600
  RenderBlock {HTML} at (0,0) size 800x600
    RenderBody {BODY} at (8,8) size 784x584
      RenderBlock {P} at (0,0) size 784x20
        RenderText {#text} at (0,0) size 537x19
          text run at (0,0) width 253: "This tests CreateLink for caret selections. "
          text run at (253,0) width 284: "A link containing the url text should be inserted."
      RenderBlock {DIV} at (0,36) size 784x20
        RenderText {#text} at (0,0) size 308x19
          text run at (0,0) width 308: "There should be a link between these two braces: {"
        RenderInline {A} at (0,0) size 138x19 [color=#0000EE]
          RenderText {#text} at (308,0) size 138x19
            text run at (308,0) width 138: "http://www.apple.com/"
        RenderText {#text} at (446,0) size 8x19
          text run at (446,0) width 8: "}"
selection start: position 0 of child 0 {#text} of child 1 {A} of child 2 {DIV} of child 1 {BODY} of child 0 {HTML} of document
selection end:   position 21 of child 0 {#text} of child 1 {A} of child 2 {DIV} of child 1 {BODY} of child 0 {HTML} of document
