layer at (0,0) size 800x600
  RenderView at (0,0) size 800x600
layer at (0,0) size 800x600
  RenderBlock {HTML} at (0,0) size 800x600
    RenderBody {BODY} at (8,8) size 784x576
      RenderBlock {P} at (0,0) size 784x40
        RenderText {#text} at (0,0) size 762x39
          text run at (0,0) width 762: "This tests for a crash when trying to flatten a list containing a sub-list at the end. You shouldn't get a crash and there should be a"
          text run at (0,20) width 129: "single level list below."
      RenderBlock {DIV} at (0,56) size 784x80
        RenderBlock {UL} at (0,0) size 784x80
          RenderListItem {LI} at (40,0) size 744x20
            RenderListMarker at (-18,0) size 7x19: bullet
            RenderText {#text} at (0,0) size 26x19
              text run at (0,0) width 26: "One"
          RenderListItem {LI} at (40,20) size 744x20
            RenderListMarker at (-18,0) size 7x19: bullet
            RenderText {#text} at (0,0) size 28x19
              text run at (0,0) width 28: "Two"
          RenderListItem {LI} at (40,40) size 744x20
            RenderListMarker at (-18,0) size 7x19: bullet
            RenderText {#text} at (0,0) size 35x19
              text run at (0,0) width 35: "Three"
          RenderListItem {LI} at (40,60) size 744x20
            RenderListMarker at (-18,0) size 7x19: bullet
            RenderText {#text} at (0,0) size 29x19
              text run at (0,0) width 29: "Four"
        RenderBlock (anonymous) at (0,96) size 784x0
selection start: position 0 of child 0 {#text} of child 0 {LI} of child 0 {UL} of child 2 {DIV} of child 1 {BODY} of child 0 {HTML} of document
selection end:   position 4 of child 0 {#text} of child 3 {LI} of child 0 {UL} of child 2 {DIV} of child 1 {BODY} of child 0 {HTML} of document
