layer at (0,0) size 800x600
  RenderView at (0,0) size 800x600
layer at (0,0) size 800x600
  RenderBlock {HTML} at (0,0) size 800x600
    RenderBody {BODY} at (8,8) size 784x576
      RenderBlock {P} at (0,0) size 784x40
        RenderText {#text} at (0,0) size 773x39
          text run at (0,0) width 773: "This tests for a bug where content before a list made into a list item would be placed at the end of the list instead of the beginning."
          text run at (0,20) width 455: "The list items below should contain \"One\", \"Two\" and \"Three\", in that order."
      RenderBlock {DIV} at (0,56) size 784x60
        RenderBlock {UL} at (0,0) size 784x60
          RenderListItem {LI} at (40,0) size 744x20
            RenderListMarker at (-18,0) size 7x19: bullet
            RenderText {#text} at (0,0) size 26x19
              text run at (0,0) width 26: "One"
          RenderListItem {LI} at (40,20) size 744x20
            RenderListMarker at (-18,0) size 7x19: bullet
            RenderText {#text} at (0,0) size 28x19
              text run at (0,0) width 28: "Two"
          RenderListItem {LI} at (40,40) size 744x20
            RenderListMarker at (-18,0) size 7x19: bullet
            RenderText {#text} at (0,0) size 35x19
              text run at (0,0) width 35: "Three"
caret: position 0 of child 0 {#text} of child 0 {LI} of child 0 {UL} of child 2 {DIV} of child 1 {BODY} of child 0 {HTML} of document
