layer at (0,0) size 800x600
  RenderView at (0,0) size 800x600
layer at (0,0) size 800x600
  RenderBlock {HTML} at (0,0) size 800x600
    RenderBody {BODY} at (8,8) size 784x584
      RenderBlock {DIV} at (0,0) size 784x139
        RenderBlock {DIV} at (0,0) size 784x20
          RenderText {#text} at (0,0) size 484x19
            text run at (0,0) width 484: "There should an empty H1 block below, followed by a normal empty paragraph."
        RenderBlock {DIV} at (0,41) size 784x78
          RenderBlock {H1} at (0,0) size 784x37
            RenderBR {BR} at (0,0) size 0x36
          RenderBlock (anonymous) at (0,58) size 784x20
            RenderBR {BR} at (0,0) size 0x19
        RenderBlock {DIV} at (0,119) size 784x20
          RenderText {#text} at (0,0) size 296x19
            text run at (0,0) width 296: "There should be a single empty paragraph above."
caret: position 0 of child 0 {BR} of child 0 {H1} of child 3 {DIV} of child 0 {DIV} of child 1 {BODY} of child 0 {HTML} of document
