EDITING DELEGATE: shouldBeginEditingInDOMRange:range from 0 of DIV > BODY > HTML > #document to 6 of DIV > BODY > HTML > #document
EDITING DELEGATE: webViewDidBeginEditing:WebViewDidBeginEditingNotification
EDITING DELEGATE: webViewDidChangeSelection:WebViewDidChangeSelectionNotification
EDITING DELEGATE: webViewDidChangeSelection:WebViewDidChangeSelectionNotification
EDITING DELEGATE: shouldChangeSelectedDOMRange:(null) toDOMRange:range from 0 of LI > UL > SPAN > DIV > BODY > HTML > #document to 0 of LI > UL > SPAN > DIV > BODY > HTML > #document affinity:NSSelectionAffinityDownstream stillSelecting:FALSE
EDITING DELEGATE: webViewDidChangeSelection:WebViewDidChangeSelectionNotification
EDITING DELEGATE: webViewDidChange:WebViewDidChangeNotification
EDITING DELEGATE: webViewDidChangeSelection:WebViewDidChangeSelectionNotification
EDITING DELEGATE: webViewDidChangeSelection:WebViewDidChangeSelectionNotification
EDITING DELEGATE: shouldChangeSelectedDOMRange:(null) toDOMRange:range from 0 of LI > UL > DIV > BODY > HTML > #document to 0 of LI > UL > DIV > BODY > HTML > #document affinity:NSSelectionAffinityDownstream stillSelecting:FALSE
EDITING DELEGATE: webViewDidChangeSelection:WebViewDidChangeSelectionNotification
EDITING DELEGATE: webViewDidChange:WebViewDidChangeNotification
EDITING DELEGATE: webViewDidChangeSelection:WebViewDidChangeSelectionNotification
EDITING DELEGATE: webViewDidChangeSelection:WebViewDidChangeSelectionNotification
EDITING DELEGATE: shouldChangeSelectedDOMRange:(null) toDOMRange:range from 0 of LI > UL > DIV > BODY > HTML > #document to 0 of LI > UL > DIV > BODY > HTML > #document affinity:NSSelectionAffinityDownstream stillSelecting:FALSE
EDITING DELEGATE: webViewDidChangeSelection:WebViewDidChangeSelectionNotification
EDITING DELEGATE: webViewDidChange:WebViewDidChangeNotification
EDITING DELEGATE: webViewDidChangeSelection:WebViewDidChangeSelectionNotification
EDITING DELEGATE: webViewDidChangeSelection:WebViewDidChangeSelectionNotification
EDITING DELEGATE: shouldChangeSelectedDOMRange:(null) toDOMRange:range from 0 of LI > OL > DIV > BODY > HTML > #document to 0 of LI > OL > DIV > BODY > HTML > #document affinity:NSSelectionAffinityDownstream stillSelecting:FALSE
EDITING DELEGATE: webViewDidChangeSelection:WebViewDidChangeSelectionNotification
EDITING DELEGATE: webViewDidChange:WebViewDidChangeNotification
layer at (0,0) size 800x600
  RenderView at (0,0) size 800x600
layer at (0,0) size 800x600
  RenderBlock {HTML} at (0,0) size 800x600
    RenderBody {BODY} at (8,8) size 784x576
      RenderBlock {P} at (0,0) size 784x20
        RenderText {#text} at (0,0) size 473x19
          text run at (0,0) width 473: "This test checks to see if InsertOrderedList can switch the list type of list items."
      RenderBlock {DIV} at (0,36) size 784x356
        RenderBlock {OL} at (0,0) size 784x22 [border: (1px solid #FF0000)]
          RenderListItem {LI} at (41,1) size 742x20
            RenderListMarker at (-21,0) size 16x19: "1"
            RenderText {#text} at (0,0) size 195x19
              text run at (0,0) width 195: "This should be in an ordered list."
          RenderBlock (anonymous) at (41,21) size 742x0
        RenderBlock (anonymous) at (0,38) size 784x0
          RenderInline {SPAN} at (0,0) size 0x0
        RenderBlock (anonymous) at (0,38) size 784x20
          RenderBlock {UL} at (0,0) size 784x20
            RenderListItem {LI} at (40,0) size 744x20
              RenderListMarker at (-18,0) size 7x19: bullet
              RenderInline {SPAN} at (0,0) size 209x19
                RenderText {#text} at (0,0) size 209x19
                  text run at (0,0) width 209: "This should be in an unordered list."
              RenderText {#text} at (209,0) size 4x19
                text run at (209,0) width 4: " "
        RenderBlock (anonymous) at (0,74) size 784x0
          RenderInline {SPAN} at (0,0) size 0x0
        RenderBlock {OL} at (0,74) size 784x62 [border: (1px solid #FF0000)]
          RenderBlock (anonymous) at (41,1) size 742x40
            RenderBR {BR} at (0,0) size 0x19
            RenderText {#text} at (0,20) size 195x19
              text run at (0,20) width 195: "This should be in an ordered list."
          RenderListItem {LI} at (41,41) size 742x20
            RenderListMarker at (-21,0) size 16x19: "1"
            RenderText {#text} at (0,0) size 195x19
              text run at (0,0) width 195: "This should be in an ordered list."
          RenderBlock (anonymous) at (41,61) size 742x0
        RenderBlock {UL} at (0,152) size 784x20
          RenderListItem {LI} at (40,0) size 744x20
            RenderListMarker at (-18,0) size 7x19: bullet
            RenderText {#text} at (0,0) size 209x19
              text run at (0,0) width 209: "This should be in an unordered list."
        RenderBlock (anonymous) at (0,188) size 784x0
        RenderBlock {OL} at (0,188) size 784x22 [border: (1px solid #FF0000)]
          RenderListItem {LI} at (41,1) size 742x20
            RenderListMarker at (-21,0) size 16x19: "1"
            RenderText {#text} at (0,0) size 195x19
              text run at (0,0) width 195: "This should be in an ordered list."
        RenderBlock {UL} at (0,226) size 784x20
          RenderListItem {LI} at (40,0) size 744x20
            RenderListMarker at (-18,0) size 7x19: bullet
            RenderText {#text} at (0,0) size 209x19
              text run at (0,0) width 209: "This should be in an unordered list."
        RenderBlock (anonymous) at (0,262) size 784x0
        RenderBlock {OL} at (0,262) size 784x22 [border: (1px solid #FF0000)]
          RenderBlock (anonymous) at (41,1) size 742x0
          RenderListItem {LI} at (41,1) size 742x20
            RenderListMarker at (-21,0) size 16x19: "1"
            RenderText {#text} at (0,0) size 195x19
              text run at (0,0) width 195: "This should be in an ordered list."
        RenderBlock (anonymous) at (0,300) size 784x20
          RenderText {#text} at (0,0) size 159x19
            text run at (0,0) width 159: "This should not be in a list."
          RenderBR {BR} at (159,15) size 0x0
        RenderBlock {OL} at (0,336) size 784x20
          RenderListItem {LI} at (40,0) size 744x20
            RenderListMarker at (-21,0) size 16x19: "1"
            RenderText {#text} at (0,0) size 195x19
              text run at (0,0) width 195: "This should be in an ordered list."
        RenderBlock (anonymous) at (0,372) size 784x0
caret: position 0 of child 0 {#text} of child 0 {LI} of child 10 {OL} of child 2 {DIV} of child 1 {BODY} of child 0 {HTML} of document
