layer at (0,0) size 800x600
  RenderView at (0,0) size 800x600
layer at (0,0) size 800x600
  RenderBlock {HTML} at (0,0) size 800x600
    RenderBody {BODY} at (8,8) size 784x584
      RenderBlock {P} at (0,0) size 784x20
        RenderText {#text} at (0,0) size 241x19
          text run at (0,0) width 241: "Text should not overlap the blue square."
      RenderBlock {DIV} at (0,36) size 406x210 [border: (3px solid #800000)]
        RenderText {#text} at (5,5) size 396x79
          text run at (5,5) width 392: "Fusce at ante. In hac habitasse platea dictumst. Maecenas iaculis "
          text run at (5,25) width 321: "nonummy magna. Vivamus a tortor vitae enim ornare "
          text run at (5,45) width 396: "consectetuer. Lorem ipsum dolor sit amet, consectetuer adipiscing "
          text run at (5,65) width 310: "elit. Etiam et ipsum. Nam consectetuer mi eget velit."
        RenderBlock (floating) {DIV} at (337,65) size 64x64 [bgcolor=#ADD8E6]
        RenderText {#text} at (5,85) size 362x119
          text run at (5,85) width 317: "Sed nec risus vitae felis auctor ultricies. Pellentesque "
          text run at (5,105) width 315: "aliquet quam ac lorem. Duis interdum, elit in ultricies "
          text run at (5,125) width 318: "auctor, erat pede sollicitudin libero, non ultrices odio "
          text run at (5,145) width 360: "elit in augue. Ut egestas bibendum lectus. Class aptent taciti "
          text run at (5,165) width 362: "sociosqu ad litora torquent per conubia nostra, per inceptos "
          text run at (5,185) width 71: "hymenaeos."
