layer at (0,0) size 800x600
  RenderView at (0,0) size 800x600
layer at (0,0) size 800x600
  RenderBlock {HTML} at (0,0) size 800x600
    RenderBody {BODY} at (8,8) size 784x584
      RenderBlock {DIV} at (0,0) size 784x20
        RenderTextControl {INPUT} at (0,0) size 110x20 [bgcolor=#FFFFFF] [border: (2px inset #000000)]
        RenderText {#text} at (0,0) size 0x0
      RenderBlock (anonymous) at (0,20) size 784x20
        RenderText {#text} at (0,0) size 4x19
          text run at (0,0) width 4: " "
        RenderText {#text} at (0,0) size 0x0
      RenderBlock {DIV} at (0,40) size 784x0
      RenderBlock (anonymous) at (0,40) size 784x0
        RenderText {#text} at (0,0) size 0x0
        RenderText {#text} at (0,0) size 0x0
        RenderText {#text} at (0,0) size 0x0
        RenderText {#text} at (0,0) size 0x0
layer at (10,11) size 106x14
  RenderBlock {DIV} at (2,3) size 106x14
caret: position 0 of child 0 {DIV} of child 1 {INPUT} of child 1 {DIV} of child 1 {BODY} of child 0 {HTML} of document
