layer at (0,0) size 800x600
  RenderView at (0,0) size 800x600
layer at (0,0) size 800x600
  RenderBlock {HTML} at (0,0) size 800x600
    RenderBody {BODY} at (8,8) size 784x576 [bgcolor=#FFFFFF]
      RenderBlock {FORM} at (0,0) size 784x26
        RenderTable {TABLE} at (0,0) size 784x26
          RenderTableSection {TBODY} at (0,0) size 784x26
            RenderTableRow {TR} at (0,2) size 784x22 [bgcolor=#FFFFFF]
              RenderTableCell {TD} at (2,2) size 65x22 [r=0 c=0 rs=1 cs=1]
                RenderButton {INPUT} at (1,1) size 63x20 [bgcolor=#C0C0C0] [border: (2px outset #C0C0C0)]
                  RenderBlock (anonymous) at (8,2) size 47x16
                    RenderText at (3,1) size 41x14
                      text run at (3,1) width 41: "Select all"
              RenderTableCell {TD} at (69,2) size 54x22 [r=0 c=1 rs=1 cs=1]
                RenderButton {INPUT} at (1,1) size 52x20 [bgcolor=#C0C0C0] [border: (2px outset #C0C0C0)]
                  RenderBlock (anonymous) at (8,2) size 36x16
                    RenderText at (3,1) size 30x14
                      text run at (3,1) width 30: "Delete"
              RenderTableCell {TD} at (125,2) size 82x22 [r=0 c=2 rs=1 cs=1]
                RenderButton {INPUT} at (1,1) size 80x20 [bgcolor=#C0C0C0] [border: (2px outset #C0C0C0)]
                  RenderBlock (anonymous) at (8,2) size 64x16
                    RenderText at (3,1) size 58x14
                      text run at (3,1) width 58: "Empty trash"
              RenderTableCell {TD} at (209,2) size 402x22 [r=0 c=3 rs=1 cs=1]
                RenderText {#text} at (1,1) size 4x19
                  text run at (1,1) width 4: " "
              RenderTableCell {TD} at (613,2) size 67x22 [r=0 c=4 rs=1 cs=1]
                RenderButton {INPUT} at (1,1) size 65x20 [bgcolor=#C0C0C0] [border: (2px outset #C0C0C0)]
                  RenderBlock (anonymous) at (8,2) size 49x16
                    RenderText at (3,1) size 43x14
                      text run at (3,1) width 43: "Move to:"
              RenderTableCell {TD} at (682,4) size 100x20 [r=0 c=5 rs=1 cs=1]
                RenderMenuList {SELECT} at (1,1) size 98x18 [bgcolor=#FFFFFF]
                  RenderBlock (anonymous) at (0,0) size 98x19
                    RenderText at (8,2) size 67x14
                      text run at (8,2) width 67: "Choose folder "
                RenderText {#text} at (0,0) size 0x0
                RenderText {#text} at (0,0) size 0x0
                RenderText {#text} at (0,0) size 0x0
