layer at (0,0) size 800x600
  RenderView at (0,0) size 800x600
layer at (0,0) size 800x600
  RenderBlock {HTML} at (0,0) size 800x600
    RenderBody {BODY} at (8,8) size 784x576
      RenderBlock (anonymous) at (0,0) size 784x20
        RenderText {#text} at (0,0) size 250x19
          text run at (0,0) width 250: "The select should not contain blank items "
        RenderBR {BR} at (250,15) size 0x0
      RenderBlock {FORM} at (0,20) size 784x21
        RenderInline {B} at (0,0) size 46x19
          RenderText {#text} at (0,0) size 46x19
            text run at (0,0) width 46: "Search"
        RenderText {#text} at (46,0) size 4x19
          text run at (46,0) width 4: " "
        RenderTextControl {INPUT} at (50,1) size 102x20 [bgcolor=#FFFFFF] [border: (2px inset #000000)]
        RenderText {#text} at (152,0) size 4x19
          text run at (152,0) width 4: " "
        RenderMenuList {SELECT} at (156,2) size 71x18 [bgcolor=#FFFFFF]
          RenderBlock (anonymous) at (0,0) size 71x19
            RenderText at (8,2) size 30x14
              text run at (8,2) width 30: "Excite"
        RenderText {#text} at (0,0) size 0x0
      RenderBlock (anonymous) at (0,57) size 784x40
        RenderBR {BR} at (0,0) size 0x19
        RenderText {#text} at (0,20) size 250x19
          text run at (0,20) width 250: "The select should not contain blank items "
        RenderBR {BR} at (250,35) size 0x0
      RenderBlock {FORM} at (0,97) size 784x18
        RenderMenuList {SELECT} at (0,0) size 202x18 [bgcolor=#FFFFFF]
          RenderBlock (anonymous) at (0,0) size 202x19
            RenderText at (8,2) size 52x14
              text run at (8,2) width 52: "Quick Link"
layer at (60,32) size 98x14
  RenderBlock {DIV} at (2,3) size 98x14
