layer at (0,0) size 942x585
  RenderView at (0,0) size 800x585
layer at (0,0) size 942x585
  RenderBlock {HTML} at (0,0) size 800x585
    RenderBody {BODY} at (0,0) size 800x585 [color=#FFFF00] [bgcolor=#000000]
      RenderBlock {P} at (40,40) size 720x20
        RenderInline {B} at (0,0) size 298x20
          RenderText {#text} at (0,0) size 298x20
            text run at (0,0) width 298: "All cell borders should look the same."
      RenderTable {TABLE} at (40,76) size 902x206 [border: (1px outset #808080)]
        RenderTableCol {COL} at (0,0) size 0x0
        RenderTableSection {TBODY} at (1,1) size 900x204
          RenderTableRow {TR} at (0,0) size 900x22
            RenderTableCell {TD} at (0,0) size 900x22 [color=#00FF00] [bgcolor=#000000] [border: (1px inset #808080)] [r=0 c=0 rs=1 cs=3]
              RenderBlock {P} at (1,1) size 898x20
                RenderText {#text} at (377,0) size 144x20
                  text run at (377,0) width 144: "look at cell borders..."
          RenderTableRow {TR} at (0,22) size 900x182
            RenderTableCell {TD} at (0,162) size 300x42 [color=#00FF00] [bgcolor=#000000] [border: (1px inset #808080)] [r=1 c=0 rs=1 cs=1]
              RenderBlock {P} at (1,1) size 298x40
                RenderText {#text} at (126,0) size 46x20
                  text run at (126,0) width 46: "border"
                RenderBR {BR} at (172,16) size 0x0
                RenderText {#text} at (119,20) size 59x20
                  text run at (119,20) width 59: "bottom?"
            RenderTableCell {TD} at (300,22) size 300x182 [color=#00FF00] [bgcolor=#000000] [border: (1px inset #808080)] [r=1 c=1 rs=1 cs=1]
              RenderBlock {P} at (1,1) size 298x180
                RenderText {#text} at (123,0) size 52x20
                  text run at (123,0) width 52: "this cell"
                RenderBR {BR} at (175,16) size 0x0
                RenderText {#text} at (126,20) size 46x20
                  text run at (126,20) width 46: "border"
                RenderBR {BR} at (172,36) size 0x0
                RenderText {#text} at (136,40) size 26x20
                  text run at (136,40) width 26: "fine"
                RenderBR {BR} at (162,56) size 0x0
                RenderText {#text} at (123,60) size 52x20
                  text run at (123,60) width 52: "this cell"
                RenderBR {BR} at (175,76) size 0x0
                RenderText {#text} at (126,80) size 46x20
                  text run at (126,80) width 46: "border"
                RenderBR {BR} at (172,96) size 0x0
                RenderText {#text} at (136,100) size 26x20
                  text run at (136,100) width 26: "fine"
                RenderBR {BR} at (162,116) size 0x0
                RenderText {#text} at (123,120) size 52x20
                  text run at (123,120) width 52: "this cell"
                RenderBR {BR} at (175,136) size 0x0
                RenderText {#text} at (126,140) size 46x20
                  text run at (126,140) width 46: "border"
                RenderBR {BR} at (172,156) size 0x0
                RenderText {#text} at (136,160) size 26x20
                  text run at (136,160) width 26: "fine"
            RenderTableCell {TD} at (600,22) size 300x182 [color=#00FF00] [bgcolor=#000000] [border: (1px inset #808080)] [r=1 c=2 rs=1 cs=1]
              RenderBlock {P} at (1,1) size 298x180
                RenderText {#text} at (123,0) size 52x20
                  text run at (123,0) width 52: "this cell"
                RenderBR {BR} at (175,16) size 0x0
                RenderText {#text} at (126,20) size 46x20
                  text run at (126,20) width 46: "border"
                RenderBR {BR} at (172,36) size 0x0
                RenderText {#text} at (136,40) size 26x20
                  text run at (136,40) width 26: "fine"
                RenderBR {BR} at (162,56) size 0x0
                RenderText {#text} at (123,60) size 52x20
                  text run at (123,60) width 52: "this cell"
                RenderBR {BR} at (175,76) size 0x0
                RenderText {#text} at (126,80) size 46x20
                  text run at (126,80) width 46: "border"
                RenderBR {BR} at (172,96) size 0x0
                RenderText {#text} at (136,100) size 26x20
                  text run at (136,100) width 26: "fine"
                RenderBR {BR} at (162,116) size 0x0
                RenderText {#text} at (123,120) size 52x20
                  text run at (123,120) width 52: "this cell"
                RenderBR {BR} at (175,136) size 0x0
                RenderText {#text} at (126,140) size 46x20
                  text run at (126,140) width 46: "border"
                RenderBR {BR} at (172,156) size 0x0
                RenderText {#text} at (136,160) size 26x20
                  text run at (136,160) width 26: "fine"
