layer at (0,0) size 800x600
  RenderView at (0,0) size 800x600
layer at (0,0) size 800x89
  RenderBlock {HTML} at (0,0) size 800x89
    RenderBody {BODY} at (8,16) size 784x57
      RenderBlock {UL} at (0,0) size 784x57
        RenderListItem {LI} at (40,0) size 744x57
          RenderBlock {FORM} at (0,0) size 744x21
            RenderBlock {P} at (0,0) size 744x21
              RenderListMarker at (-18,0) size 7x19: bullet
              RenderTextControl {INPUT} at (0,1) size 190x20 [bgcolor=#FFFFFF] [border: (2px inset #000000)]
              RenderText {#text} at (0,0) size 0x0
          RenderBlock {P} at (0,37) size 744x20
            RenderText {#text} at (0,0) size 312x19
              text run at (0,0) width 312: "There should be an input field above this line of text."
layer at (50,20) size 186x14
  RenderBlock {DIV} at (2,3) size 186x14
    RenderText {#text} at (1,0) size 45x14
      text run at (1,0) width 45: "blah blubb"
