layer at (0,0) size 800x600
  RenderView at (0,0) size 800x600
layer at (0,0) size 800x600
  RenderBlock {HTML} at (0,0) size 800x600
    RenderBody {BODY} at (8,8) size 784x584
      RenderTable {TABLE} at (0,0) size 784x50
        RenderTableSection {TBODY} at (0,0) size 784x50
          RenderTableRow {TR} at (0,2) size 784x22
            RenderTableCell {TD} at (2,2) size 55x22 [r=0 c=0 rs=1 cs=1]
              RenderText {#text} at (1,1) size 33x19
                text run at (1,1) width 33: "URL:"
            RenderTableCell {TD} at (59,2) size 723x22 [r=0 c=1 rs=1 cs=1]
              RenderTextControl {INPUT} at (1,1) size 721x20 [bgcolor=#FFFFFF] [border: (2px inset #000000)]
          RenderTableRow {TR} at (0,26) size 784x22
            RenderTableCell {TD} at (2,26) size 780x22 [bgcolor=#FF0000] [r=1 c=0 rs=1 cs=2]
              RenderText {#text} at (1,1) size 233x19
                text run at (1,1) width 233: "Alongwordtogiveyouanicebigminwidth."
      RenderTable {TABLE} at (0,50) size 100x100 [bgcolor=#FF0000] [border: (2px outset #808080)]
        RenderTableSection {TBODY} at (2,2) size 96x96
          RenderTableRow {TR} at (0,2) size 96x92
            RenderTableCell {TD} at (2,46) size 92x4 [border: (1px inset #808080)] [r=0 c=0 rs=1 cs=1]
      RenderTable {TABLE} at (0,150) size 171x120 [border: (2px outset #808080)]
        RenderTableSection {TBODY} at (2,2) size 167x116
          RenderTableRow {TR} at (0,2) size 167x24
            RenderTableCell {TD} at (2,2) size 163x24 [border: (1px inset #808080)] [r=0 c=0 rs=1 cs=1]
              RenderText {#text} at (2,2) size 28x19
                text run at (2,2) width 28: "hello"
          RenderTableRow {TR} at (0,28) size 167x24
            RenderTableCell {TD} at (2,28) size 163x24 [border: (1px inset #808080)] [r=1 c=0 rs=1 cs=1]
              RenderText {#text} at (2,2) size 63x19
                text run at (2,2) width 63: "more hello"
          RenderTableRow {TR} at (0,54) size 167x24
            RenderTableCell {TD} at (2,54) size 163x24 [border: (1px inset #808080)] [r=2 c=0 rs=1 cs=1]
              RenderText {#text} at (2,2) size 35x19
                text run at (2,2) width 35: "world"
          RenderTableRow {TR} at (0,80) size 167x34
            RenderTableCell {TD} at (2,81) size 163x32 [border: (1px inset #808080)] [r=3 c=0 rs=1 cs=1]
              RenderText {#text} at (0,0) size 0x0
      RenderTable {TABLE} at (0,270) size 106x86
        RenderTableSection {TBODY} at (0,0) size 106x86
          RenderTableRow {TR} at (0,2) size 106x82
            RenderTableCell {TD} at (2,2) size 102x82 [r=0 c=0 rs=1 cs=1]
              RenderText {#text} at (1,1) size 95x79
                text run at (1,1) width 83: "I should wrap"
                text run at (1,21) width 77: "and not have"
                text run at (1,41) width 54: "nowrap. "
                text run at (55,41) width 41: "I really"
                text run at (1,61) width 43: "should."
      RenderTable {TABLE} at (0,356) size 106x86
        RenderTableSection {TBODY} at (0,0) size 106x86
          RenderTableRow {TR} at (0,2) size 106x82
            RenderTableCell {TD} at (2,2) size 102x82 [r=0 c=0 rs=1 cs=1]
              RenderBlock {DIV} at (1,1) size 100x80
                RenderText {#text} at (0,0) size 95x79
                  text run at (0,0) width 83: "I should wrap"
                  text run at (0,20) width 77: "and not have"
                  text run at (0,40) width 54: "nowrap. "
                  text run at (54,40) width 41: "I really"
                  text run at (0,60) width 43: "should."
      RenderTable {TABLE} at (0,442) size 346x26
        RenderTableSection {TBODY} at (0,0) size 346x26
          RenderTableRow {TR} at (0,2) size 346x22
            RenderTableCell {TD} at (2,2) size 342x22 [r=0 c=0 rs=1 cs=1]
              RenderText {#text} at (1,1) size 340x19
                text run at (1,1) width 138: "I should have nowrap. "
                text run at (139,1) width 92: "I really should. "
                text run at (231,1) width 110: "Definitely. Should."
      RenderTable {TABLE} at (0,468) size 346x26
        RenderTableSection {TBODY} at (0,0) size 346x26
          RenderTableRow {TR} at (0,2) size 346x22
            RenderTableCell {TD} at (2,2) size 342x22 [r=0 c=0 rs=1 cs=1]
              RenderBlock {DIV} at (1,1) size 340x20
                RenderText {#text} at (0,0) size 340x19
                  text run at (0,0) width 138: "I should have nowrap. "
                  text run at (138,0) width 92: "I really should. "
                  text run at (230,0) width 110: "Definitely. Should."
layer at (70,14) size 717x14
  RenderBlock {DIV} at (2,3) size 717x14
layer at (14,244) size 159x26 clip at (15,245) size 157x24
  RenderTextControl {TEXTAREA} at (2,3) size 159x26 [bgcolor=#FFFFFF] [border: (1px solid #000000)]
    RenderBlock {DIV} at (3,3) size 138x14
