layer at (0,0) size 800x600
  RenderView at (0,0) size 800x600
layer at (0,0) size 800x600
  RenderBlock {HTML} at (0,0) size 800x600
    RenderBody {BODY} at (8,8) size 784x584
      RenderBlock {P} at (0,0) size 784x20
        RenderText {#text} at (0,0) size 354x19
          text run at (0,0) width 354: "This page has a few form elements on it with various styles."
      RenderBlock {P} at (0,36) size 784x20
        RenderText {#text} at (0,0) size 544x19
          text run at (0,0) width 544: "In older versions of WebKit, the table styles would cause infinite recursion and hangs. See "
        RenderInline {A} at (0,0) size 106x19 [color=#0000EE]
          RenderText {#text} at (544,0) size 106x19
            text run at (544,0) width 106: "bugzilla bug 5731"
        RenderText {#text} at (650,0) size 4x19
          text run at (650,0) width 4: "."
      RenderBlock {DIV} at (0,72) size 784x20
        RenderInline {FORM} at (0,0) size 79x19
          RenderText {#text} at (0,0) size 79x19
            text run at (0,0) width 79: "display: inline"
      RenderBlock {DIV} at (0,92) size 784x20
        RenderBlock {FORM} at (0,0) size 784x20
          RenderText {#text} at (0,0) size 83x19
            text run at (0,0) width 83: "display: block"
      RenderBlock {DIV} at (0,128) size 784x20
        RenderListItem {FORM} at (0,0) size 784x20
          RenderListMarker at (-18,0) size 7x19: bullet
          RenderText {#text} at (0,0) size 96x19
            text run at (0,0) width 96: "display: list-item"
      RenderBlock {DIV} at (0,164) size 784x20
        RenderBlock (run-in) {FORM} at (0,0) size 784x20
          RenderText {#text} at (0,0) size 84x19
            text run at (0,0) width 84: "display: run-in"
      RenderBlock {DIV} at (0,200) size 784x20
        RenderBlock (compact) {FORM} at (0,0) size 784x20
          RenderText {#text} at (0,0) size 101x19
            text run at (0,0) width 101: "display: compact"
      RenderBlock {DIV} at (0,236) size 784x36
        RenderBlock {FORM} at (0,0) size 119x20
          RenderText {#text} at (0,0) size 119x19
            text run at (0,0) width 119: "display: inline-block"
      RenderBlock {DIV} at (0,272) size 784x20
        RenderTable {FORM} at (0,0) size 78x20
          RenderTableSection (anonymous) at (0,0) size 78x20
            RenderTableRow (anonymous) at (0,0) size 78x20
              RenderTableCell (anonymous) at (0,0) size 78x20 [r=0 c=0 rs=1 cs=1]
                RenderText {#text} at (0,0) size 78x19
                  text run at (0,0) width 78: "display: table"
      RenderBlock {DIV} at (0,308) size 784x36
        RenderTable {FORM} at (0,0) size 114x20
          RenderTableSection (anonymous) at (0,0) size 114x20
            RenderTableRow (anonymous) at (0,0) size 114x20
              RenderTableCell (anonymous) at (0,0) size 114x20 [r=0 c=0 rs=1 cs=1]
                RenderText {#text} at (0,0) size 114x19
                  text run at (0,0) width 114: "display: inline-table"
      RenderBlock {DIV} at (0,344) size 784x15
        RenderTable at (0,0) size 149x15
          RenderTableSection {FORM} at (0,0) size 149x15
            RenderTableRow (anonymous) at (0,0) size 149x15
              RenderTableCell (anonymous) at (0,0) size 149x0 [r=0 c=0 rs=1 cs=1]
                RenderText {#text} at (0,0) size 0x0
      RenderBlock {DIV} at (0,359) size 784x15
        RenderTable at (0,0) size 166x15
          RenderTableSection {FORM} at (0,0) size 166x15
            RenderTableRow (anonymous) at (0,0) size 166x15
              RenderTableCell (anonymous) at (0,0) size 166x0 [r=0 c=0 rs=1 cs=1]
                RenderText {#text} at (0,0) size 0x0
      RenderBlock {DIV} at (0,374) size 784x15
        RenderTable at (0,0) size 161x15
          RenderTableSection {FORM} at (0,0) size 161x15
            RenderTableRow (anonymous) at (0,0) size 161x15
              RenderTableCell (anonymous) at (0,0) size 161x0 [r=0 c=0 rs=1 cs=1]
                RenderText {#text} at (0,0) size 0x0
      RenderBlock {DIV} at (0,389) size 784x20
        RenderTable at (0,0) size 108x20
          RenderTableSection (anonymous) at (0,0) size 108x20
            RenderTableRow {FORM} at (0,0) size 108x20
              RenderTableCell (anonymous) at (0,0) size 108x20 [r=0 c=0 rs=1 cs=1]
                RenderText {#text} at (0,0) size 108x19
                  text run at (0,0) width 108: "display: table-row"
      RenderBlock {DIV} at (0,409) size 784x0
        RenderTable at (0,0) size 0x0
          RenderTableCol {FORM} at (0,0) size 0x0
      RenderBlock {DIV} at (0,409) size 784x0
        RenderTableCol {FORM} at (0,0) size 0x0
      RenderBlock {DIV} at (0,425) size 784x20
        RenderTable at (0,0) size 104x20
          RenderTableSection (anonymous) at (0,0) size 104x20
            RenderTableRow (anonymous) at (0,0) size 104x20
              RenderTableCell {FORM} at (0,0) size 104x20 [r=0 c=0 rs=1 cs=1]
                RenderText {#text} at (0,0) size 104x19
                  text run at (0,0) width 104: "display: table-cell"
      RenderBlock {DIV} at (0,445) size 784x0
        RenderTable at (0,0) size 45x0
          RenderBlock {FORM} at (0,0) size 0x0
            RenderText {#text} at (0,0) size 0x0
