layer at (0,0) size 800x600
  RenderView at (0,0) size 800x600
layer at (0,0) size 800x600
  RenderBlock {HTML} at (0,0) size 800x600
    RenderBody {BODY} at (8,8) size 784x584
      RenderText {#text} at (0,0) size 277x19
        text run at (0,0) width 277: "This tests that text fields get the right baseline. "
      RenderBR {BR} at (277,15) size 0x0
      RenderBR {BR} at (0,20) size 0x19
      RenderTextControl {INPUT} at (0,41) size 110x20 [bgcolor=#FFFFFF] [border: (2px inset #000000)]
      RenderText {#text} at (110,40) size 398x19
        text run at (110,40) width 398: "This text should line up with the bottom of the text in the text field. "
      RenderBR {BR} at (508,55) size 0x0
      RenderBR {BR} at (0,61) size 0x19
      RenderTextControl {INPUT} at (0,81) size 110x133 [bgcolor=#FFFFFF] [border: (2px inset #000000)]
      RenderText {#text} at (110,167) size 394x19
        text run at (110,167) width 394: "This text should line up with the bottom of the text in the text field."
layer at (10,52) size 106x14
  RenderBlock {DIV} at (2,3) size 106x14
layer at (10,92) size 106x127
  RenderBlock {DIV} at (2,3) size 106x127
