layer at (0,0) size 800x600
  RenderView at (0,0) size 800x600
layer at (0,0) size 800x600
  RenderBlock {HTML} at (0,0) size 800x600
    RenderBody {BODY} at (8,8) size 784x576
      RenderBlock (anonymous) at (0,0) size 784x20
        RenderText {#text} at (0,0) size 717x19
          text run at (0,0) width 717: "This tests the height attribute of form elements. The only element that should honour this value is the Image type of input."
      RenderBlock {FORM} at (0,20) size 784x257
        RenderText {#text} at (0,0) size 33x19
          text run at (0,0) width 33: "input "
        RenderTextControl {INPUT} at (33,1) size 110x20 [bgcolor=#FFFFFF] [border: (2px inset #000000)]
        RenderText {#text} at (143,0) size 4x19
          text run at (143,0) width 4: " "
        RenderBR {BR} at (147,15) size 0x0
        RenderText {#text} at (0,21) size 26x19
          text run at (0,21) width 26: "text "
        RenderTextControl {INPUT} at (26,22) size 110x20 [bgcolor=#FFFFFF] [border: (2px inset #000000)]
        RenderText {#text} at (136,21) size 4x19
          text run at (136,21) width 4: " "
        RenderBR {BR} at (140,36) size 0x0
        RenderText {#text} at (0,42) size 63x19
          text run at (0,42) width 63: "checkbox "
        RenderBlock {INPUT} at (67,45) size 12x12
        RenderText {#text} at (82,42) size 4x19
          text run at (82,42) width 4: " "
        RenderBR {BR} at (86,57) size 0x0
        RenderText {#text} at (0,63) size 21x19
          text run at (0,63) width 21: "file "
        RenderFileUploadControl {INPUT} at (23,64) size 204x20
          RenderButton {INPUT} at (0,0) size 76x20 [bgcolor=#C0C0C0] [border: (2px outset #C0C0C0)]
            RenderBlock (anonymous) at (8,2) size 60x16
              RenderText at (3,1) size 54x14
                text run at (3,1) width 54: "Choose File"
        RenderText {#text} at (229,63) size 4x19
          text run at (229,63) width 4: " "
        RenderBR {BR} at (233,78) size 0x0
        RenderText {#text} at (0,86) size 39x19
          text run at (0,86) width 39: "image "
        RenderImage {INPUT} at (39,100) size 10x1
        RenderText {#text} at (49,86) size 4x19
          text run at (49,86) width 4: " "
        RenderBR {BR} at (53,101) size 0x0
        RenderText {#text} at (0,107) size 35x19
          text run at (0,107) width 35: "radio "
        RenderBlock {INPUT} at (40,109) size 12x13
        RenderText {#text} at (55,107) size 4x19
          text run at (55,107) width 4: " "
        RenderBR {BR} at (59,122) size 0x0
        RenderText {#text} at (0,129) size 37x19
          text run at (0,129) width 37: "range "
        RenderSlider {INPUT} at (39,129) size 129x15 [bgcolor=#FFFFFF]
        RenderText {#text} at (170,129) size 4x19
          text run at (170,129) width 4: " "
        RenderBR {BR} at (174,144) size 0x0
        RenderText {#text} at (0,149) size 33x19
          text run at (0,149) width 33: "reset "
        RenderButton {INPUT} at (33,150) size 47x20 [bgcolor=#C0C0C0] [border: (2px outset #C0C0C0)]
          RenderBlock (anonymous) at (8,2) size 31x16
            RenderText at (3,1) size 25x14
              text run at (3,1) width 25: "Reset"
        RenderText {#text} at (80,149) size 4x19
          text run at (80,149) width 4: " "
        RenderBR {BR} at (84,164) size 0x0
        RenderText {#text} at (0,170) size 43x19
          text run at (0,170) width 43: "submit "
        RenderButton {INPUT} at (43,171) size 53x20 [bgcolor=#C0C0C0] [border: (2px outset #C0C0C0)]
          RenderBlock (anonymous) at (8,2) size 37x16
            RenderText at (3,1) size 31x14
              text run at (3,1) width 31: "Submit"
        RenderText {#text} at (96,170) size 4x19
          text run at (96,170) width 4: " "
        RenderBR {BR} at (100,185) size 0x0
        RenderText {#text} at (0,192) size 45x19
          text run at (0,192) width 45: "isindex "
        RenderTextControl {INPUT} at (47,193) size 112x20 [bgcolor=#FFFFFF] [border: (2px inset #000000)]
        RenderText {#text} at (161,192) size 4x19
          text run at (161,192) width 4: " "
        RenderBR {BR} at (165,207) size 0x0
        RenderText {#text} at (0,215) size 63x19
          text run at (0,215) width 63: "password "
        RenderTextControl {INPUT} at (63,216) size 110x20 [bgcolor=#FFFFFF] [border: (2px inset #000000)]
        RenderText {#text} at (173,215) size 4x19
          text run at (173,215) width 4: " "
        RenderBR {BR} at (177,230) size 0x0
        RenderText {#text} at (0,236) size 43x19
          text run at (0,236) width 43: "search "
        RenderTextControl {INPUT} at (43,237) size 110x20 [bgcolor=#FFFFFF] [border: (2px inset #000000)]
          RenderBlock {DIV} at (2,3) size 106x14
            RenderBlock {DIV} at (0,0) size 8x11
            RenderBlock {DIV} at (93,0) size 13x11
        RenderText {#text} at (0,0) size 0x0
layer at (43,32) size 106x14
  RenderBlock {DIV} at (2,3) size 106x14
layer at (36,53) size 106x14
  RenderBlock {DIV} at (2,3) size 106x14
layer at (58,224) size 106x14
  RenderBlock {DIV} at (3,3) size 106x14
layer at (73,247) size 106x14
  RenderBlock {DIV} at (2,3) size 106x14
layer at (61,268) size 85x14
  RenderBlock {DIV} at (8,0) size 85x14
layer at (104,157) size 15x15
  RenderBlock (relative positioned) {DIV} at (0,0) size 15x15
