layer at (0,0) size 800x600
  RenderView at (0,0) size 800x600
layer at (0,0) size 800x600
  RenderBlock {HTML} at (0,0) size 800x600
    RenderBody {BODY} at (8,8) size 784x584
      RenderText {#text} at (0,0) size 479x19
        text run at (0,0) width 479: "This tests that select elements with a narrow width (1px) are rendered correctly."
      RenderBR {BR} at (479,15) size 0x0
      RenderMenuList {SELECT} at (0,20) size 1x18 [bgcolor=#FFFFFF]
        RenderBlock (anonymous) at (0,0) size 31x19
          RenderText at (8,2) size 17x14
            text run at (8,2) width 17: "test"
      RenderBR {BR} at (1,33) size 0x0
      RenderMenuList {SELECT} at (0,38) size 1x18 [bgcolor=#0000FF]
        RenderBlock (anonymous) at (0,0) size 29x17
          RenderText at (8,1) size 17x14
            text run at (8,1) width 17: "test"
      RenderText {#text} at (0,0) size 0x0
