layer at (0,0) size 800x600
  RenderView at (0,0) size 800x600
layer at (0,0) size 800x600
  RenderBlock {HTML} at (0,0) size 800x600
    RenderBody {BODY} at (8,8) size 784x576
      RenderBlock {P} at (0,0) size 784x20
        RenderText {#text} at (0,0) size 51x19
          text run at (0,0) width 51: "Test for "
        RenderInline {I} at (0,0) size 701x19
          RenderInline {A} at (0,0) size 305x19 [color=#0000EE]
            RenderText {#text} at (51,0) size 305x19
              text run at (51,0) width 305: "http://bugs.webkit.org/show_bug.cgi?id=11916"
          RenderText {#text} at (356,0) size 396x19
            text run at (356,0) width 4: " "
            text run at (360,0) width 392: "REGRESSION (SearchField): RTL search fields are mixed up"
        RenderText {#text} at (752,0) size 4x19
          text run at (752,0) width 4: "."
      RenderBlock {P} at (0,36) size 784x62
        RenderTextControl {INPUT} at (0,1) size 110x20 [bgcolor=#FFFFFF] [border: (2px inset #000000)]
          RenderBlock {DIV} at (2,3) size 106x14
            RenderBlock {DIV} at (0,0) size 22x11
            RenderBlock {DIV} at (93,0) size 13x11
        RenderText {#text} at (110,0) size 4x19
          text run at (110,0) width 4: " "
        RenderBR {BR} at (0,0) size 0x0
        RenderTextControl {INPUT} at (0,22) size 150x20 [bgcolor=#FFFFFF] [border: (2px inset #000000)]
          RenderBlock {DIV} at (2,3) size 146x14
            RenderBlock {DIV} at (0,0) size 22x11
            RenderBlock {DIV} at (133,0) size 13x11
        RenderText {#text} at (150,21) size 4x19
          text run at (150,21) width 4: " "
        RenderBR {BR} at (0,0) size 0x0
        RenderTextControl {INPUT} at (0,42) size 110x20 [bgcolor=#FFFFFF] [border: (2px inset #000000)]
          RenderBlock {DIV} at (2,3) size 106x14
            RenderBlock {DIV} at (0,0) size 22x11
            RenderBlock {DIV} at (93,0) size 13x11
        RenderText {#text} at (0,0) size 0x0
      RenderBlock {P} at (0,114) size 784x20
        RenderText {#text} at (0,0) size 38x19
          text run at (0,0) width 38: "PASS"
layer at (32,48) size 71x14 scrollX 33 scrollWidth 104
  RenderBlock {DIV} at (22,0) size 71x14
    RenderText {#text} at (-33,0) size 103x14
      text run at (-33,0) width 17 RTL: " \x{5D5}\x{5D6}\x{5D4}\x{5D5}"
      text run at (-16,0) width 15: "she"
      text run at (-1,0) width 33 RTL: " \x{5D5}\x{5D4}\x{5D9}\x{5D0} \x{5D6}\x{5D4} "
      text run at (32,0) width 11: "he"
      text run at (43,0) width 27 RTL: "\x{5D4}\x{5D5}\x{5D0} \x{5D6}\x{5D4} "
layer at (32,69) size 111x14
  RenderBlock {DIV} at (22,0) size 111x14
    RenderText {#text} at (7,0) size 103x14
      text run at (7,0) width 17 RTL: " \x{5D5}\x{5D6}\x{5D4}\x{5D5}"
      text run at (24,0) width 15: "she"
      text run at (39,0) width 33 RTL: " \x{5D5}\x{5D4}\x{5D9}\x{5D0} \x{5D6}\x{5D4} "
      text run at (72,0) width 11: "he"
      text run at (83,0) width 27 RTL: "\x{5D4}\x{5D5}\x{5D0} \x{5D6}\x{5D4} "
layer at (32,89) size 71x14
  RenderBlock {DIV} at (22,0) size 71x14
caret: position 0 of child 1 {DIV} of child 0 {DIV} of child 9 {INPUT} of child 3 {P} of child 1 {BODY} of child 0 {HTML} of document
