layer at (0,0) size 800x600
  RenderView at (0,0) size 800x600
layer at (0,0) size 800x600
  RenderBlock {HTML} at (0,0) size 800x600
    RenderBody {BODY} at (8,8) size 784x584
      RenderText {#text} at (0,0) size 529x19
        text run at (0,0) width 239: "This tests that styled popups look right. "
        text run at (239,0) width 290: "(Aqua for now- later, we will honor the styling). "
      RenderBR {BR} at (0,0) size 0x0
      RenderMenuList {SELECT} at (0,20) size 46x18 [bgcolor=#FF0000]
        RenderBlock (anonymous) at (0,0) size 46x17
          RenderText at (8,1) size 17x14
            text run at (8,1) width 17: "test"
