layer at (0,0) size 800x600
  RenderView at (0,0) size 800x600
layer at (0,0) size 800x600
  RenderBlock {HTML} at (0,0) size 800x600
    RenderBody {BODY} at (8,8) size 784x584
      RenderText {#text} at (0,0) size 444x19
        text run at (0,0) width 444: "This tests that empty select controls and buttons have the correct baseline."
      RenderBR {BR} at (444,15) size 0x0
      RenderMenuList {SELECT} at (0,22) size 36x18 [bgcolor=#FFFFFF]
        RenderBlock (anonymous) at (0,0) size 36x19
          RenderBR at (8,2) size 0x14 [bgcolor=#FFFFFF]
      RenderText {#text} at (36,20) size 29x19
        text run at (36,20) width 29: " test "
      RenderMenuList {SELECT} at (65,22) size 48x18 [bgcolor=#FFFFFF]
        RenderBlock (anonymous) at (0,0) size 48x19
          RenderText at (8,2) size 17x14
            text run at (8,2) width 17: "test"
      RenderText {#text} at (113,20) size 4x19
        text run at (113,20) width 4: " "
      RenderMenuList {SELECT} at (117,23) size 34x18 [color=#00008B] [bgcolor=#ADD8E6]
        RenderBlock (anonymous) at (0,0) size 34x17
          RenderBR at (8,1) size 0x14 [bgcolor=#ADD8E6]
      RenderText {#text} at (151,20) size 29x19
        text run at (151,20) width 29: " test "
      RenderMenuList {SELECT} at (180,23) size 46x18 [color=#00008B] [bgcolor=#ADD8E6]
        RenderBlock (anonymous) at (0,0) size 46x17
          RenderText at (8,1) size 17x14
            text run at (8,1) width 17: "test"
      RenderText {#text} at (226,20) size 4x19
        text run at (226,20) width 4: " "
      RenderButton {BUTTON} at (230,22) size 16x18 [bgcolor=#C0C0C0] [border: (2px outset #C0C0C0)]
      RenderText {#text} at (246,20) size 4x19
        text run at (246,20) width 4: " "
      RenderButton {BUTTON} at (250,21) size 39x20 [bgcolor=#C0C0C0] [border: (2px outset #C0C0C0)]
        RenderBlock (anonymous) at (8,2) size 23x16
          RenderText {#text} at (3,1) size 17x14
            text run at (3,1) width 17: "test"
      RenderText {#text} at (289,20) size 4x19
        text run at (289,20) width 4: " "
      RenderButton {BUTTON} at (293,22) size 16x18 [color=#00008B] [bgcolor=#ADD8E6] [border: (2px outset #C0C0C0)]
      RenderText {#text} at (309,20) size 4x19
        text run at (309,20) width 4: " "
      RenderButton {BUTTON} at (313,21) size 39x20 [color=#00008B] [bgcolor=#ADD8E6] [border: (2px outset #C0C0C0)]
        RenderBlock (anonymous) at (8,2) size 23x16
          RenderText {#text} at (3,1) size 17x14
            text run at (3,1) width 17: "test"
      RenderText {#text} at (0,0) size 0x0
