layer at (0,0) size 800x600
  RenderView at (0,0) size 800x600
layer at (0,0) size 800x600
  RenderBlock {HTML} at (0,0) size 800x600
    RenderBody {BODY} at (8,8) size 784x584
      RenderBlock {P} at (0,0) size 784x20
        RenderText {#text} at (0,0) size 588x19
          text run at (0,0) width 588: "The following textarea elements should all be rendered on the left, with their text aligned to the left."
      RenderBlock (anonymous) at (0,36) size 784x151
        RenderText {#text} at (369,19) size 4x19
          text run at (369,19) width 4: " "
        RenderBR {BR} at (0,0) size 0x0
        RenderText {#text} at (369,58) size 4x19
          text run at (369,58) width 4: " "
        RenderBR {BR} at (0,0) size 0x0
        RenderText {#text} at (369,97) size 4x19
          text run at (369,97) width 4: " "
        RenderBR {BR} at (0,0) size 0x0
        RenderText {#text} at (0,0) size 0x0
        RenderText {#text} at (0,0) size 0x0
      RenderBlock {DIV} at (0,187) size 784x34
layer at (8,45) size 369x32 clip at (9,46) size 367x30
  RenderTextControl {TEXTAREA} at (0,1) size 369x32 [bgcolor=#FFFFFF] [border: (1px solid #000000)]
    RenderBlock {DIV} at (3,3) size 348x14
      RenderText {#text} at (0,0) size 266x14
        text run at (0,0) width 266: "This is should be aligned to the left."
layer at (8,84) size 369x32 clip at (9,85) size 367x30
  RenderTextControl {TEXTAREA} at (0,40) size 369x32 [bgcolor=#FFFFFF] [border: (1px solid #000000)]
    RenderBlock {DIV} at (3,3) size 348x14
      RenderText {#text} at (0,0) size 266x14
        text run at (0,0) width 266: "This is should be aligned to the left."
layer at (8,123) size 369x32 clip at (9,124) size 367x30
  RenderTextControl {TEXTAREA} at (0,79) size 369x32 [bgcolor=#FFFFFF] [border: (1px solid #000000)]
    RenderBlock {DIV} at (3,3) size 348x14
      RenderText {#text} at (0,0) size 266x14
        text run at (0,0) width 266: "This is should be aligned to the left."
layer at (8,162) size 369x32 clip at (9,163) size 367x30
  RenderTextControl {TEXTAREA} at (0,118) size 369x32 [bgcolor=#FFFFFF] [border: (1px solid #000000)]
    RenderBlock {DIV} at (3,3) size 348x14
      RenderText {#text} at (0,0) size 266x14
        text run at (0,0) width 266: "This is should be aligned to the left."
layer at (8,196) size 369x32 clip at (9,197) size 367x30
  RenderTextControl {TEXTAREA} at (0,1) size 369x32 [bgcolor=#FFFFFF] [border: (1px solid #000000)]
    RenderBlock {DIV} at (3,3) size 348x14
      RenderText {#text} at (0,0) size 266x14
        text run at (0,0) width 266: "This is should be aligned to the left."
