layer at (0,0) size 800x600
  RenderView at (0,0) size 800x600
layer at (0,0) size 800x600
  RenderBlock {HTML} at (0,0) size 800x600
    RenderBody {BODY} at (8,8) size 784x584
      RenderText {#text} at (0,0) size 422x19
        text run at (0,0) width 422: "This tests that a scrollbar will appear when text overflows the textarea "
      RenderBR {BR} at (422,15) size 0x0
      RenderText {#text} at (0,0) size 0x0
      RenderText {#text} at (0,0) size 0x0
      RenderText {#text} at (0,0) size 0x0
layer at (8,29) size 159x88 clip at (9,30) size 142x86 scrollHeight 128
  RenderTextControl {TEXTAREA} at (0,21) size 159x88 [bgcolor=#FFFFFF] [border: (1px solid #000000)]
    RenderBlock {DIV} at (3,3) size 138x126
      RenderText {#text} at (0,0) size 7x56
        text run at (0,0) width 7: "1"
        text run at (7,0) width 0: " "
        text run at (0,14) width 7: "2"
        text run at (7,14) width 0: " "
        text run at (0,28) width 7: "3"
        text run at (7,28) width 0: " "
        text run at (0,42) width 7: "4"
        text run at (7,42) width 0: " "
      RenderText {#text} at (0,56) size 7x14
        text run at (0,56) width 7: "5"
      RenderText {#text} at (7,56) size 0x14
        text run at (7,56) width 0: " "
      RenderText {#text} at (0,70) size 7x14
        text run at (0,70) width 7: "6"
      RenderText {#text} at (7,70) size 0x14
        text run at (7,70) width 0: " "
      RenderText {#text} at (0,84) size 7x14
        text run at (0,84) width 7: "7"
      RenderText {#text} at (7,84) size 0x14
        text run at (7,84) width 0: " "
      RenderText {#text} at (0,98) size 7x14
        text run at (0,98) width 7: "8"
      RenderText {#text} at (7,98) size 0x14
        text run at (7,98) width 0: " "
      RenderText {#text} at (0,112) size 0x14
        text run at (0,112) width 0: " "
caret: position 0 of child 9 {#text} of child 0 {DIV} of child 3 {TEXTAREA} of child 1 {BODY} of child 0 {HTML} of document
