layer at (0,0) size 785x1241
  RenderView at (0,0) size 785x600
layer at (0,0) size 785x1241
  RenderBlock {HTML} at (0,0) size 785x1241
    RenderBody {BODY} at (8,8) size 769x1217
      RenderBlock (anonymous) at (0,0) size 769x20
        RenderText {#text} at (0,0) size 254x19
          text run at (0,0) width 254: "line-height settings not reflected in textarea"
        RenderBR {BR} at (254,0) size 0x19
      RenderBlock {P} at (0,36) size 769x273
        RenderText {#text} at (0,0) size 79x19
          text run at (0,0) width 79: "TEXTAREA"
        RenderBR {BR} at (79,0) size 0x19
        RenderText {#text} at (406,213) size 4x19
          text run at (406,213) width 4: " "
        RenderBR {BR} at (0,0) size 0x0
        RenderBR {BR} at (0,233) size 0x19
        RenderText {#text} at (0,253) size 145x19
          text run at (0,253) width 145: "PARAGRAPH - works"
      RenderBlock {P} at (0,325) size 402x202 [border: (1px dotted #C0C0C0)]
        RenderText {#text} at (1,19) size 385x68
          text run at (1,19) width 385: "Demo text here that wraps a bit and should demonstrate"
          text run at (1,71) width 181: "the goodness of line-height"
      RenderBlock (anonymous) at (0,540) size 769x40
        RenderBR {BR} at (0,0) size 0x19
        RenderText {#text} at (0,20) size 79x19
          text run at (0,20) width 79: "DIV - works"
        RenderBR {BR} at (79,20) size 0x19
      RenderBlock {DIV} at (0,580) size 402x202 [border: (1px dotted #C0C0C0)]
        RenderText {#text} at (1,19) size 385x68
          text run at (1,19) width 385: "Demo text here that wraps a bit and should demonstrate"
          text run at (1,71) width 181: "the goodness of line-height"
      RenderBlock (anonymous) at (0,782) size 769x435
        RenderBR {BR} at (0,0) size 0x19
        RenderBR {BR} at (0,20) size 0x19
        RenderText {#text} at (0,40) size 119x19
          text run at (0,40) width 119: "Un-Styled Textarea"
        RenderBR {BR} at (119,40) size 0x19
        RenderText {#text} at (161,81) size 4x19
          text run at (161,81) width 4: " "
        RenderBR {BR} at (0,0) size 0x0
        RenderBR {BR} at (0,101) size 0x19
        RenderText {#text} at (0,121) size 203x19
          text run at (0,121) width 203: "Totally Blank Un-Styled Textarea"
        RenderBR {BR} at (203,121) size 0x19
        RenderText {#text} at (161,162) size 4x19
          text run at (161,162) width 4: " "
        RenderBR {BR} at (0,0) size 0x0
        RenderBR {BR} at (0,182) size 0x19
        RenderText {#text} at (0,202) size 199x19
          text run at (0,202) width 199: "Totally Blank STYLED Textarea"
        RenderBR {BR} at (199,202) size 0x19
        RenderText {#text} at (0,0) size 0x0
      RenderBlock {P} at (0,1233) size 769x0
layer at (8,65) size 406x206 clip at (9,66) size 404x204
  RenderTextControl {TEXTAREA} at (0,21) size 406x206 [bgcolor=#FFFFFF] [border: (1px dotted #C0C0C0)]
    RenderBlock {DIV} at (3,3) size 385x104
      RenderText {#text} at (0,18) size 385x68
        text run at (0,18) width 385: "Demo text here that wraps a bit and should demonstrate"
        text run at (385,18) width 0: " "
        text run at (0,70) width 181: "the goodness of line-height"
layer at (8,851) size 161x34 clip at (9,852) size 144x32 scrollHeight 72
  RenderTextControl {TEXTAREA} at (0,61) size 161x34 [bgcolor=#FFFFFF] [border: (1px solid #000000)]
    RenderBlock {DIV} at (3,3) size 140x70
      RenderText {#text} at (0,0) size 140x70
        text run at (0,0) width 140: "Demo text here that "
        text run at (0,14) width 112: "wraps a bit and "
        text run at (0,28) width 133: "should demonstrate "
        text run at (0,42) width 112: "the goodness of "
        text run at (0,56) width 77: "line-height"
layer at (8,932) size 161x34 clip at (9,933) size 159x32
  RenderTextControl {TEXTAREA} at (0,142) size 161x34 [bgcolor=#FFFFFF] [border: (1px solid #000000)]
    RenderBlock {DIV} at (3,3) size 140x14
layer at (8,1013) size 406x206 clip at (9,1014) size 404x204
  RenderTextControl {TEXTAREA} at (0,223) size 406x206 [bgcolor=#FFFFFF] [border: (1px dotted #C0C0C0)]
    RenderBlock {DIV} at (3,3) size 385x52
