layer at (0,0) size 785x626
  RenderView at (0,0) size 785x600
layer at (0,0) size 785x626
  RenderBlock {HTML} at (0,0) size 785x626
    RenderBody {BODY} at (8,8) size 769x610
      RenderBlock {DIV} at (0,0) size 769x20
        RenderText {#text} at (0,0) size 354x19
          text run at (0,0) width 354: "Test for edge cases of <textarea> rows and cols attributes."
      RenderBlock {HR} at (0,28) size 769x2 [border: (1px inset #000000)]
      RenderBlock {DIV} at (0,38) size 769x34
      RenderBlock {DIV} at (0,72) size 769x20
      RenderBlock {DIV} at (0,92) size 769x34
      RenderBlock {DIV} at (0,126) size 769x48
      RenderBlock {DIV} at (0,174) size 769x34
      RenderBlock {DIV} at (0,208) size 769x34
      RenderBlock {DIV} at (0,242) size 769x34
      RenderBlock {DIV} at (0,276) size 769x34
      RenderBlock {HR} at (0,318) size 769x2 [border: (1px inset #000000)]
      RenderBlock {DIV} at (0,328) size 769x34
      RenderBlock {DIV} at (0,362) size 769x34
      RenderBlock {DIV} at (0,396) size 769x34
      RenderBlock {DIV} at (0,430) size 769x34
      RenderBlock {DIV} at (0,464) size 769x34
      RenderBlock {DIV} at (0,498) size 769x34
      RenderBlock {DIV} at (0,532) size 769x34
      RenderBlock {DIV} at (0,566) size 769x34
      RenderBlock {HR} at (0,608) size 769x2 [border: (1px inset #000000)]
layer at (8,47) size 159x32 clip at (9,48) size 157x30
  RenderTextControl {TEXTAREA} at (0,1) size 159x32 [bgcolor=#FFFFFF] [border: (1px solid #000000)]
    RenderBlock {DIV} at (3,3) size 138x14
      RenderText {#text} at (0,0) size 98x14
        text run at (0,0) width 98: "default height"
layer at (8,81) size 159x18 clip at (9,82) size 157x16
  RenderTextControl {TEXTAREA} at (0,1) size 159x18 [bgcolor=#FFFFFF] [border: (1px solid #000000)]
    RenderBlock {DIV} at (3,3) size 138x14
      RenderText {#text} at (0,0) size 56x14
        text run at (0,0) width 56: "rows = 1"
layer at (8,101) size 159x32 clip at (9,102) size 142x30 scrollHeight 44
  RenderTextControl {TEXTAREA} at (0,1) size 159x32 [bgcolor=#FFFFFF] [border: (1px solid #000000)]
    RenderBlock {DIV} at (3,3) size 138x42
      RenderText {#text} at (0,0) size 119x42
        text run at (0,0) width 119: "rows = 2; should "
        text run at (0,14) width 98: "match default "
        text run at (0,28) width 42: "height"
layer at (8,135) size 159x46 clip at (9,136) size 157x44
  RenderTextControl {TEXTAREA} at (0,1) size 159x46 [bgcolor=#FFFFFF] [border: (1px solid #000000)]
    RenderBlock {DIV} at (3,3) size 138x14
      RenderText {#text} at (0,0) size 56x14
        text run at (0,0) width 56: "rows = 3"
layer at (8,183) size 159x32 clip at (9,184) size 157x30
  RenderTextControl {TEXTAREA} at (0,1) size 159x32 [bgcolor=#FFFFFF] [border: (1px solid #000000)]
    RenderBlock {DIV} at (3,3) size 138x28
      RenderText {#text} at (0,0) size 112x28
        text run at (0,0) width 112: "rows; should be "
        text run at (0,14) width 98: "default height"
layer at (8,217) size 159x32 clip at (9,218) size 157x30
  RenderTextControl {TEXTAREA} at (0,1) size 159x32 [bgcolor=#FFFFFF] [border: (1px solid #000000)]
    RenderBlock {DIV} at (3,3) size 138x28
      RenderText {#text} at (0,0) size 138x28
        text run at (0,0) width 133: "rows = 0; should be"
        text run at (133,0) width 5: " "
        text run at (0,14) width 98: "default height"
layer at (8,251) size 159x32 clip at (9,252) size 157x30
  RenderTextControl {TEXTAREA} at (0,1) size 159x32 [bgcolor=#FFFFFF] [border: (1px solid #000000)]
    RenderBlock {DIV} at (3,3) size 138x28
      RenderText {#text} at (0,0) size 126x28
        text run at (0,0) width 126: "rows = -1; should "
        text run at (0,14) width 119: "be default height"
layer at (8,285) size 159x32 clip at (9,286) size 157x30
  RenderTextControl {TEXTAREA} at (0,1) size 159x32 [bgcolor=#FFFFFF] [border: (1px solid #000000)]
    RenderBlock {DIV} at (3,3) size 138x28
      RenderText {#text} at (0,0) size 138x28
        text run at (0,0) width 133: "rows = x; should be"
        text run at (133,0) width 5: " "
        text run at (0,14) width 98: "default height"
layer at (8,337) size 159x32 clip at (9,338) size 157x30
  RenderTextControl {TEXTAREA} at (0,1) size 159x32 [bgcolor=#FFFFFF] [border: (1px solid #000000)]
    RenderBlock {DIV} at (3,3) size 138x14
      RenderText {#text} at (0,0) size 91x14
        text run at (0,0) width 91: "default width"
layer at (8,371) size 26x32 clip at (9,372) size 9x30 scrollHeight 86
  RenderTextControl {TEXTAREA} at (0,1) size 26x32 [bgcolor=#FFFFFF] [border: (1px solid #000000)]
    RenderBlock {DIV} at (3,3) size 5x84
      RenderText {#text} at (0,0) size 5x84
        text run at (0,0) width 5: "c"
        text run at (0,14) width 5: "o"
        text run at (0,28) width 5: "l"
        text run at (0,42) width 5: "s"
        text run at (0,56) width 5: "="
        text run at (0,70) width 5: "1"
layer at (8,405) size 159x32 clip at (9,406) size 157x30
  RenderTextControl {TEXTAREA} at (0,1) size 159x32 [bgcolor=#FFFFFF] [border: (1px solid #000000)]
    RenderBlock {DIV} at (3,3) size 138x28
      RenderText {#text} at (0,0) size 133x28
        text run at (0,0) width 126: "cols = 20; should "
        text run at (0,14) width 133: "match default width"
layer at (8,439) size 299x32 clip at (9,440) size 297x30
  RenderTextControl {TEXTAREA} at (0,1) size 299x32 [bgcolor=#FFFFFF] [border: (1px solid #000000)]
    RenderBlock {DIV} at (3,3) size 278x14
      RenderText {#text} at (0,0) size 63x14
        text run at (0,0) width 63: "cols = 40"
layer at (8,473) size 159x32 clip at (9,474) size 157x30
  RenderTextControl {TEXTAREA} at (0,1) size 159x32 [bgcolor=#FFFFFF] [border: (1px solid #000000)]
    RenderBlock {DIV} at (3,3) size 138x28
      RenderText {#text} at (0,0) size 112x28
        text run at (0,0) width 112: "cols; should be "
        text run at (0,14) width 91: "default width"
layer at (8,507) size 159x32 clip at (9,508) size 157x30
  RenderTextControl {TEXTAREA} at (0,1) size 159x32 [bgcolor=#FFFFFF] [border: (1px solid #000000)]
    RenderBlock {DIV} at (3,3) size 138x28
      RenderText {#text} at (0,0) size 138x28
        text run at (0,0) width 133: "cols = 0; should be"
        text run at (133,0) width 5: " "
        text run at (0,14) width 91: "default width"
layer at (8,541) size 159x32 clip at (9,542) size 157x30
  RenderTextControl {TEXTAREA} at (0,1) size 159x32 [bgcolor=#FFFFFF] [border: (1px solid #000000)]
    RenderBlock {DIV} at (3,3) size 138x28
      RenderText {#text} at (0,0) size 126x28
        text run at (0,0) width 126: "cols = -1; should "
        text run at (0,14) width 112: "be default width"
layer at (8,575) size 159x32 clip at (9,576) size 157x30
  RenderTextControl {TEXTAREA} at (0,1) size 159x32 [bgcolor=#FFFFFF] [border: (1px solid #000000)]
    RenderBlock {DIV} at (3,3) size 138x28
      RenderText {#text} at (0,0) size 138x28
        text run at (0,0) width 133: "cols = x; should be"
        text run at (133,0) width 5: " "
        text run at (0,14) width 91: "default width"
