layer at (0,0) size 800x600
  RenderView at (0,0) size 800x600
layer at (0,0) size 800x600
  RenderBlock {HTML} at (0,0) size 800x600
    RenderBody {BODY} at (8,8) size 784x576
      RenderBlock {DIV} at (0,0) size 784x20
        RenderText {#text} at (0,0) size 428x19
          text run at (0,0) width 428: "This test demonstrates our behavior regarding empty inlines in list items."
      RenderBlock {UL} at (0,36) size 784x80
        RenderListItem {LI} at (40,0) size 744x20
          RenderListMarker at (-18,0) size 7x19: bullet
          RenderInline {SPAN} at (0,0) size 4x19 [border: (2px solid #FF0000)]
        RenderListItem {LI} at (40,20) size 744x20
          RenderListMarker at (-18,0) size 7x19: bullet
          RenderInline {SPAN} at (0,0) size 8x19 [border: (2px solid #FF0000)]
          RenderText {#text} at (8,0) size 27x19
            text run at (8,0) width 27: "Text"
        RenderListItem {LI} at (40,40) size 744x20
          RenderListMarker at (-18,0) size 7x19: bullet
          RenderText {#text} at (0,0) size 85x19
            text run at (0,0) width 85: "TextTextText "
          RenderInline {SPAN} at (0,0) size 8x19 [border: (2px solid #FF0000)]
        RenderBlock (anonymous) at (40,60) size 744x0
          RenderInline {SPAN} at (0,0) size 0x0 [border: (2px solid #FF0000)]
        RenderListItem {LI} at (40,60) size 744x20
          RenderListMarker at (-18,0) size 7x19: bullet
          RenderText {#text} at (0,0) size 27x19
            text run at (0,0) width 27: "Text"
