layer at (0,0) size 785x7028
  RenderView at (0,0) size 785x600
layer at (0,0) size 785x7028
  RenderBlock {HTML} at (0,0) size 785x7028
    RenderBody {BODY} at (8,8) size 769x7004
      RenderBlock (anonymous) at (0,0) size 769x1692
        RenderInline {FONT} at (0,0) size 40x1692
          RenderText {#text} at (0,0) size 40x18
            text run at (0,0) width 40: "    "
          RenderBR {BR} at (40,14) size 0x0
          RenderText {#text} at (0,18) size 40x18
            text run at (0,18) width 40: "!!!!"
          RenderBR {BR} at (40,32) size 0x0
          RenderText {#text} at (0,36) size 40x18
            text run at (0,36) width 40: "\"\"\"\""
          RenderBR {BR} at (40,50) size 0x0
          RenderText {#text} at (0,54) size 40x18
            text run at (0,54) width 40: "####"
          RenderBR {BR} at (40,68) size 0x0
          RenderText {#text} at (0,72) size 40x18
            text run at (0,72) width 40: "$$$$"
          RenderBR {BR} at (40,86) size 0x0
          RenderText {#text} at (0,90) size 40x18
            text run at (0,90) width 40: "%%%%"
          RenderBR {BR} at (40,104) size 0x0
          RenderText {#text} at (0,108) size 40x18
            text run at (0,108) width 40: "&&&&"
          RenderBR {BR} at (40,122) size 0x0
          RenderText {#text} at (0,126) size 40x18
            text run at (0,126) width 40: "''''"
          RenderBR {BR} at (40,140) size 0x0
          RenderText {#text} at (0,144) size 40x18
            text run at (0,144) width 40: "(((("
          RenderBR {BR} at (40,158) size 0x0
          RenderText {#text} at (0,162) size 40x18
            text run at (0,162) width 40: "))))"
          RenderBR {BR} at (40,176) size 0x0
          RenderText {#text} at (0,180) size 40x18
            text run at (0,180) width 40: "****"
          RenderBR {BR} at (40,194) size 0x0
          RenderText {#text} at (0,198) size 40x18
            text run at (0,198) width 40: "++++"
          RenderBR {BR} at (40,212) size 0x0
          RenderText {#text} at (0,216) size 40x18
            text run at (0,216) width 40: ",,,,"
          RenderBR {BR} at (40,230) size 0x0
          RenderText {#text} at (0,234) size 40x18
            text run at (0,234) width 40: "----"
          RenderBR {BR} at (40,248) size 0x0
          RenderText {#text} at (0,252) size 40x18
            text run at (0,252) width 40: "...."
          RenderBR {BR} at (40,266) size 0x0
          RenderText {#text} at (0,270) size 40x18
            text run at (0,270) width 40: "////"
          RenderBR {BR} at (40,284) size 0x0
          RenderText {#text} at (0,288) size 40x18
            text run at (0,288) width 40: "0000"
          RenderBR {BR} at (40,302) size 0x0
          RenderText {#text} at (0,306) size 40x18
            text run at (0,306) width 40: "1111"
          RenderBR {BR} at (40,320) size 0x0
          RenderText {#text} at (0,324) size 40x18
            text run at (0,324) width 40: "2222"
          RenderBR {BR} at (40,338) size 0x0
          RenderText {#text} at (0,342) size 40x18
            text run at (0,342) width 40: "3333"
          RenderBR {BR} at (40,356) size 0x0
          RenderText {#text} at (0,360) size 40x18
            text run at (0,360) width 40: "4444"
          RenderBR {BR} at (40,374) size 0x0
          RenderText {#text} at (0,378) size 40x18
            text run at (0,378) width 40: "5555"
          RenderBR {BR} at (40,392) size 0x0
          RenderText {#text} at (0,396) size 40x18
            text run at (0,396) width 40: "6666"
          RenderBR {BR} at (40,410) size 0x0
          RenderText {#text} at (0,414) size 40x18
            text run at (0,414) width 40: "7777"
          RenderBR {BR} at (40,428) size 0x0
          RenderText {#text} at (0,432) size 40x18
            text run at (0,432) width 40: "8888"
          RenderBR {BR} at (40,446) size 0x0
          RenderText {#text} at (0,450) size 40x18
            text run at (0,450) width 40: "9999"
          RenderBR {BR} at (40,464) size 0x0
          RenderText {#text} at (0,468) size 40x18
            text run at (0,468) width 40: "::::"
          RenderBR {BR} at (40,482) size 0x0
          RenderText {#text} at (0,486) size 40x18
            text run at (0,486) width 40: ";;;;"
          RenderBR {BR} at (40,500) size 0x0
          RenderText {#text} at (0,504) size 40x18
            text run at (0,504) width 40: "<<<<"
          RenderBR {BR} at (40,518) size 0x0
          RenderText {#text} at (0,522) size 40x18
            text run at (0,522) width 40: "===="
          RenderBR {BR} at (40,536) size 0x0
          RenderText {#text} at (0,540) size 40x18
            text run at (0,540) width 40: ">>>>"
          RenderBR {BR} at (40,554) size 0x0
          RenderText {#text} at (0,558) size 40x18
            text run at (0,558) width 40: "????"
          RenderBR {BR} at (40,572) size 0x0
          RenderText {#text} at (0,576) size 40x18
            text run at (0,576) width 40: "@@@@"
          RenderBR {BR} at (40,590) size 0x0
          RenderText {#text} at (0,594) size 40x18
            text run at (0,594) width 40: "AAAA"
          RenderBR {BR} at (40,608) size 0x0
          RenderText {#text} at (0,612) size 40x18
            text run at (0,612) width 40: "BBBB"
          RenderBR {BR} at (40,626) size 0x0
          RenderText {#text} at (0,630) size 40x18
            text run at (0,630) width 40: "CCCC"
          RenderBR {BR} at (40,644) size 0x0
          RenderText {#text} at (0,648) size 40x18
            text run at (0,648) width 40: "DDDD"
          RenderBR {BR} at (40,662) size 0x0
          RenderText {#text} at (0,666) size 40x18
            text run at (0,666) width 40: "EEEE"
          RenderBR {BR} at (40,680) size 0x0
          RenderText {#text} at (0,684) size 40x18
            text run at (0,684) width 40: "FFFF"
          RenderBR {BR} at (40,698) size 0x0
          RenderText {#text} at (0,702) size 40x18
            text run at (0,702) width 40: "GGGG"
          RenderBR {BR} at (40,716) size 0x0
          RenderText {#text} at (0,720) size 40x18
            text run at (0,720) width 40: "HHHH"
          RenderBR {BR} at (40,734) size 0x0
          RenderText {#text} at (0,738) size 40x18
            text run at (0,738) width 40: "IIII"
          RenderBR {BR} at (40,752) size 0x0
          RenderText {#text} at (0,756) size 40x18
            text run at (0,756) width 40: "JJJJ"
          RenderBR {BR} at (40,770) size 0x0
          RenderText {#text} at (0,774) size 40x18
            text run at (0,774) width 40: "KKKK"
          RenderBR {BR} at (40,788) size 0x0
          RenderText {#text} at (0,792) size 40x18
            text run at (0,792) width 40: "LLLL"
          RenderBR {BR} at (40,806) size 0x0
          RenderText {#text} at (0,810) size 40x18
            text run at (0,810) width 40: "MMMM"
          RenderBR {BR} at (40,824) size 0x0
          RenderText {#text} at (0,828) size 40x18
            text run at (0,828) width 40: "NNNN"
          RenderBR {BR} at (40,842) size 0x0
          RenderText {#text} at (0,846) size 40x18
            text run at (0,846) width 40: "OOOO"
          RenderBR {BR} at (40,860) size 0x0
          RenderText {#text} at (0,864) size 40x18
            text run at (0,864) width 40: "PPPP"
          RenderBR {BR} at (40,878) size 0x0
          RenderText {#text} at (0,882) size 40x18
            text run at (0,882) width 40: "QQQQ"
          RenderBR {BR} at (40,896) size 0x0
          RenderText {#text} at (0,900) size 40x18
            text run at (0,900) width 40: "RRRR"
          RenderBR {BR} at (40,914) size 0x0
          RenderText {#text} at (0,918) size 40x18
            text run at (0,918) width 40: "SSSS"
          RenderBR {BR} at (40,932) size 0x0
          RenderText {#text} at (0,936) size 40x18
            text run at (0,936) width 40: "TTTT"
          RenderBR {BR} at (40,950) size 0x0
          RenderText {#text} at (0,954) size 40x18
            text run at (0,954) width 40: "UUUU"
          RenderBR {BR} at (40,968) size 0x0
          RenderText {#text} at (0,972) size 40x18
            text run at (0,972) width 40: "VVVV"
          RenderBR {BR} at (40,986) size 0x0
          RenderText {#text} at (0,990) size 40x18
            text run at (0,990) width 40: "WWWW"
          RenderBR {BR} at (40,1004) size 0x0
          RenderText {#text} at (0,1008) size 40x18
            text run at (0,1008) width 40: "XXXX"
          RenderBR {BR} at (40,1022) size 0x0
          RenderText {#text} at (0,1026) size 40x18
            text run at (0,1026) width 40: "YYYY"
          RenderBR {BR} at (40,1040) size 0x0
          RenderText {#text} at (0,1044) size 40x18
            text run at (0,1044) width 40: "ZZZZ"
          RenderBR {BR} at (40,1058) size 0x0
          RenderText {#text} at (0,1062) size 40x18
            text run at (0,1062) width 40: "[[[["
          RenderBR {BR} at (40,1076) size 0x0
          RenderText {#text} at (0,1080) size 40x18
            text run at (0,1080) width 40: "\\\\\\\\"
          RenderBR {BR} at (40,1094) size 0x0
          RenderText {#text} at (0,1098) size 40x18
            text run at (0,1098) width 40: "]]]]"
          RenderBR {BR} at (40,1112) size 0x0
          RenderText {#text} at (0,1116) size 40x18
            text run at (0,1116) width 40: "^^^^"
          RenderBR {BR} at (40,1130) size 0x0
          RenderText {#text} at (0,1134) size 40x18
            text run at (0,1134) width 40: "____"
          RenderBR {BR} at (40,1148) size 0x0
          RenderText {#text} at (0,1152) size 40x18
            text run at (0,1152) width 40: "````"
          RenderBR {BR} at (40,1166) size 0x0
          RenderText {#text} at (0,1170) size 40x18
            text run at (0,1170) width 40: "aaaa"
          RenderBR {BR} at (40,1184) size 0x0
          RenderText {#text} at (0,1188) size 40x18
            text run at (0,1188) width 40: "bbbb"
          RenderBR {BR} at (40,1202) size 0x0
          RenderText {#text} at (0,1206) size 40x18
            text run at (0,1206) width 40: "cccc"
          RenderBR {BR} at (40,1220) size 0x0
          RenderText {#text} at (0,1224) size 40x18
            text run at (0,1224) width 40: "dddd"
          RenderBR {BR} at (40,1238) size 0x0
          RenderText {#text} at (0,1242) size 40x18
            text run at (0,1242) width 40: "eeee"
          RenderBR {BR} at (40,1256) size 0x0
          RenderText {#text} at (0,1260) size 40x18
            text run at (0,1260) width 40: "ffff"
          RenderBR {BR} at (40,1274) size 0x0
          RenderText {#text} at (0,1278) size 40x18
            text run at (0,1278) width 40: "gggg"
          RenderBR {BR} at (40,1292) size 0x0
          RenderText {#text} at (0,1296) size 40x18
            text run at (0,1296) width 40: "hhhh"
          RenderBR {BR} at (40,1310) size 0x0
          RenderText {#text} at (0,1314) size 40x18
            text run at (0,1314) width 40: "iiii"
          RenderBR {BR} at (40,1328) size 0x0
          RenderText {#text} at (0,1332) size 40x18
            text run at (0,1332) width 40: "jjjj"
          RenderBR {BR} at (40,1346) size 0x0
          RenderText {#text} at (0,1350) size 40x18
            text run at (0,1350) width 40: "kkkk"
          RenderBR {BR} at (40,1364) size 0x0
          RenderText {#text} at (0,1368) size 40x18
            text run at (0,1368) width 40: "llll"
          RenderBR {BR} at (40,1382) size 0x0
          RenderText {#text} at (0,1386) size 40x18
            text run at (0,1386) width 40: "mmmm"
          RenderBR {BR} at (40,1400) size 0x0
          RenderText {#text} at (0,1404) size 40x18
            text run at (0,1404) width 40: "nnnn"
          RenderBR {BR} at (40,1418) size 0x0
          RenderText {#text} at (0,1422) size 40x18
            text run at (0,1422) width 40: "oooo"
          RenderBR {BR} at (40,1436) size 0x0
          RenderText {#text} at (0,1440) size 40x18
            text run at (0,1440) width 40: "pppp"
          RenderBR {BR} at (40,1454) size 0x0
          RenderText {#text} at (0,1458) size 40x18
            text run at (0,1458) width 40: "qqqq"
          RenderBR {BR} at (40,1472) size 0x0
          RenderText {#text} at (0,1476) size 40x18
            text run at (0,1476) width 40: "rrrr"
          RenderBR {BR} at (40,1490) size 0x0
          RenderText {#text} at (0,1494) size 40x18
            text run at (0,1494) width 40: "ssss"
          RenderBR {BR} at (40,1508) size 0x0
          RenderText {#text} at (0,1512) size 40x18
            text run at (0,1512) width 40: "tttt"
          RenderBR {BR} at (40,1526) size 0x0
          RenderText {#text} at (0,1530) size 40x18
            text run at (0,1530) width 40: "uuuu"
          RenderBR {BR} at (40,1544) size 0x0
          RenderText {#text} at (0,1548) size 40x18
            text run at (0,1548) width 40: "vvvv"
          RenderBR {BR} at (40,1562) size 0x0
          RenderText {#text} at (0,1566) size 40x18
            text run at (0,1566) width 40: "wwww"
          RenderBR {BR} at (40,1580) size 0x0
          RenderText {#text} at (0,1584) size 40x18
            text run at (0,1584) width 40: "xxxx"
          RenderBR {BR} at (40,1598) size 0x0
          RenderText {#text} at (0,1602) size 40x18
            text run at (0,1602) width 40: "yyyy"
          RenderBR {BR} at (40,1616) size 0x0
          RenderText {#text} at (0,1620) size 40x18
            text run at (0,1620) width 40: "zzzz"
          RenderBR {BR} at (40,1634) size 0x0
          RenderText {#text} at (0,1638) size 40x18
            text run at (0,1638) width 40: "{{{{"
          RenderBR {BR} at (40,1652) size 0x0
          RenderText {#text} at (0,1656) size 40x18
            text run at (0,1656) width 40: "||||"
          RenderBR {BR} at (40,1670) size 0x0
          RenderText {#text} at (0,1674) size 40x18
            text run at (0,1674) width 40: "}}}}"
          RenderBR {BR} at (40,1688) size 0x0
      RenderBlock (anonymous) at (0,1708) size 769x3494
        RenderBlock {P} at (0,0) size 769x1692
          RenderInline {B} at (0,0) size 40x1692
            RenderText {#text} at (0,0) size 40x18
              text run at (0,0) width 40: "    "
            RenderBR {BR} at (40,13) size 0x0
            RenderText {#text} at (0,18) size 40x18
              text run at (0,18) width 40: "!!!!"
            RenderBR {BR} at (40,31) size 0x0
            RenderText {#text} at (0,36) size 40x18
              text run at (0,36) width 40: "\"\"\"\""
            RenderBR {BR} at (40,49) size 0x0
            RenderText {#text} at (0,54) size 40x18
              text run at (0,54) width 40: "####"
            RenderBR {BR} at (40,67) size 0x0
            RenderText {#text} at (0,72) size 40x18
              text run at (0,72) width 40: "$$$$"
            RenderBR {BR} at (40,85) size 0x0
            RenderText {#text} at (0,90) size 40x18
              text run at (0,90) width 40: "%%%%"
            RenderBR {BR} at (40,103) size 0x0
            RenderText {#text} at (0,108) size 40x18
              text run at (0,108) width 40: "&&&&"
            RenderBR {BR} at (40,121) size 0x0
            RenderText {#text} at (0,126) size 40x18
              text run at (0,126) width 40: "''''"
            RenderBR {BR} at (40,139) size 0x0
            RenderText {#text} at (0,144) size 40x18
              text run at (0,144) width 40: "(((("
            RenderBR {BR} at (40,157) size 0x0
            RenderText {#text} at (0,162) size 40x18
              text run at (0,162) width 40: "))))"
            RenderBR {BR} at (40,175) size 0x0
            RenderText {#text} at (0,180) size 40x18
              text run at (0,180) width 40: "****"
            RenderBR {BR} at (40,193) size 0x0
            RenderText {#text} at (0,198) size 40x18
              text run at (0,198) width 40: "++++"
            RenderBR {BR} at (40,211) size 0x0
            RenderText {#text} at (0,216) size 40x18
              text run at (0,216) width 40: ",,,,"
            RenderBR {BR} at (40,229) size 0x0
            RenderText {#text} at (0,234) size 40x18
              text run at (0,234) width 40: "----"
            RenderBR {BR} at (40,247) size 0x0
            RenderText {#text} at (0,252) size 40x18
              text run at (0,252) width 40: "...."
            RenderBR {BR} at (40,265) size 0x0
            RenderText {#text} at (0,270) size 40x18
              text run at (0,270) width 40: "////"
            RenderBR {BR} at (40,283) size 0x0
            RenderText {#text} at (0,288) size 40x18
              text run at (0,288) width 40: "0000"
            RenderBR {BR} at (40,301) size 0x0
            RenderText {#text} at (0,306) size 40x18
              text run at (0,306) width 40: "1111"
            RenderBR {BR} at (40,319) size 0x0
            RenderText {#text} at (0,324) size 40x18
              text run at (0,324) width 40: "2222"
            RenderBR {BR} at (40,337) size 0x0
            RenderText {#text} at (0,342) size 40x18
              text run at (0,342) width 40: "3333"
            RenderBR {BR} at (40,355) size 0x0
            RenderText {#text} at (0,360) size 40x18
              text run at (0,360) width 40: "4444"
            RenderBR {BR} at (40,373) size 0x0
            RenderText {#text} at (0,378) size 40x18
              text run at (0,378) width 40: "5555"
            RenderBR {BR} at (40,391) size 0x0
            RenderText {#text} at (0,396) size 40x18
              text run at (0,396) width 40: "6666"
            RenderBR {BR} at (40,409) size 0x0
            RenderText {#text} at (0,414) size 40x18
              text run at (0,414) width 40: "7777"
            RenderBR {BR} at (40,427) size 0x0
            RenderText {#text} at (0,432) size 40x18
              text run at (0,432) width 40: "8888"
            RenderBR {BR} at (40,445) size 0x0
            RenderText {#text} at (0,450) size 40x18
              text run at (0,450) width 40: "9999"
            RenderBR {BR} at (40,463) size 0x0
            RenderText {#text} at (0,468) size 40x18
              text run at (0,468) width 40: "::::"
            RenderBR {BR} at (40,481) size 0x0
            RenderText {#text} at (0,486) size 40x18
              text run at (0,486) width 40: ";;;;"
            RenderBR {BR} at (40,499) size 0x0
            RenderText {#text} at (0,504) size 40x18
              text run at (0,504) width 40: "<<<<"
            RenderBR {BR} at (40,517) size 0x0
            RenderText {#text} at (0,522) size 40x18
              text run at (0,522) width 40: "===="
            RenderBR {BR} at (40,535) size 0x0
            RenderText {#text} at (0,540) size 40x18
              text run at (0,540) width 40: ">>>>"
            RenderBR {BR} at (40,553) size 0x0
            RenderText {#text} at (0,558) size 40x18
              text run at (0,558) width 40: "????"
            RenderBR {BR} at (40,571) size 0x0
            RenderText {#text} at (0,576) size 40x18
              text run at (0,576) width 40: "@@@@"
            RenderBR {BR} at (40,589) size 0x0
            RenderText {#text} at (0,594) size 40x18
              text run at (0,594) width 40: "AAAA"
            RenderBR {BR} at (40,607) size 0x0
            RenderText {#text} at (0,612) size 40x18
              text run at (0,612) width 40: "BBBB"
            RenderBR {BR} at (40,625) size 0x0
            RenderText {#text} at (0,630) size 40x18
              text run at (0,630) width 40: "CCCC"
            RenderBR {BR} at (40,643) size 0x0
            RenderText {#text} at (0,648) size 40x18
              text run at (0,648) width 40: "DDDD"
            RenderBR {BR} at (40,661) size 0x0
            RenderText {#text} at (0,666) size 40x18
              text run at (0,666) width 40: "EEEE"
            RenderBR {BR} at (40,679) size 0x0
            RenderText {#text} at (0,684) size 40x18
              text run at (0,684) width 40: "FFFF"
            RenderBR {BR} at (40,697) size 0x0
            RenderText {#text} at (0,702) size 40x18
              text run at (0,702) width 40: "GGGG"
            RenderBR {BR} at (40,715) size 0x0
            RenderText {#text} at (0,720) size 40x18
              text run at (0,720) width 40: "HHHH"
            RenderBR {BR} at (40,733) size 0x0
            RenderText {#text} at (0,738) size 40x18
              text run at (0,738) width 40: "IIII"
            RenderBR {BR} at (40,751) size 0x0
            RenderText {#text} at (0,756) size 40x18
              text run at (0,756) width 40: "JJJJ"
            RenderBR {BR} at (40,769) size 0x0
            RenderText {#text} at (0,774) size 40x18
              text run at (0,774) width 40: "KKKK"
            RenderBR {BR} at (40,787) size 0x0
            RenderText {#text} at (0,792) size 40x18
              text run at (0,792) width 40: "LLLL"
            RenderBR {BR} at (40,805) size 0x0
            RenderText {#text} at (0,810) size 40x18
              text run at (0,810) width 40: "MMMM"
            RenderBR {BR} at (40,823) size 0x0
            RenderText {#text} at (0,828) size 40x18
              text run at (0,828) width 40: "NNNN"
            RenderBR {BR} at (40,841) size 0x0
            RenderText {#text} at (0,846) size 40x18
              text run at (0,846) width 40: "OOOO"
            RenderBR {BR} at (40,859) size 0x0
            RenderText {#text} at (0,864) size 40x18
              text run at (0,864) width 40: "PPPP"
            RenderBR {BR} at (40,877) size 0x0
            RenderText {#text} at (0,882) size 40x18
              text run at (0,882) width 40: "QQQQ"
            RenderBR {BR} at (40,895) size 0x0
            RenderText {#text} at (0,900) size 40x18
              text run at (0,900) width 40: "RRRR"
            RenderBR {BR} at (40,913) size 0x0
            RenderText {#text} at (0,918) size 40x18
              text run at (0,918) width 40: "SSSS"
            RenderBR {BR} at (40,931) size 0x0
            RenderText {#text} at (0,936) size 40x18
              text run at (0,936) width 40: "TTTT"
            RenderBR {BR} at (40,949) size 0x0
            RenderText {#text} at (0,954) size 40x18
              text run at (0,954) width 40: "UUUU"
            RenderBR {BR} at (40,967) size 0x0
            RenderText {#text} at (0,972) size 40x18
              text run at (0,972) width 40: "VVVV"
            RenderBR {BR} at (40,985) size 0x0
            RenderText {#text} at (0,990) size 40x18
              text run at (0,990) width 40: "WWWW"
            RenderBR {BR} at (40,1003) size 0x0
            RenderText {#text} at (0,1008) size 40x18
              text run at (0,1008) width 40: "XXXX"
            RenderBR {BR} at (40,1021) size 0x0
            RenderText {#text} at (0,1026) size 40x18
              text run at (0,1026) width 40: "YYYY"
            RenderBR {BR} at (40,1039) size 0x0
            RenderText {#text} at (0,1044) size 40x18
              text run at (0,1044) width 40: "ZZZZ"
            RenderBR {BR} at (40,1057) size 0x0
            RenderText {#text} at (0,1062) size 40x18
              text run at (0,1062) width 40: "[[[["
            RenderBR {BR} at (40,1075) size 0x0
            RenderText {#text} at (0,1080) size 40x18
              text run at (0,1080) width 40: "\\\\\\\\"
            RenderBR {BR} at (40,1093) size 0x0
            RenderText {#text} at (0,1098) size 40x18
              text run at (0,1098) width 40: "]]]]"
            RenderBR {BR} at (40,1111) size 0x0
            RenderText {#text} at (0,1116) size 40x18
              text run at (0,1116) width 40: "^^^^"
            RenderBR {BR} at (40,1129) size 0x0
            RenderText {#text} at (0,1134) size 40x18
              text run at (0,1134) width 40: "____"
            RenderBR {BR} at (40,1147) size 0x0
            RenderText {#text} at (0,1152) size 40x18
              text run at (0,1152) width 40: "````"
            RenderBR {BR} at (40,1165) size 0x0
            RenderText {#text} at (0,1170) size 40x18
              text run at (0,1170) width 40: "aaaa"
            RenderBR {BR} at (40,1183) size 0x0
            RenderText {#text} at (0,1188) size 40x18
              text run at (0,1188) width 40: "bbbb"
            RenderBR {BR} at (40,1201) size 0x0
            RenderText {#text} at (0,1206) size 40x18
              text run at (0,1206) width 40: "cccc"
            RenderBR {BR} at (40,1219) size 0x0
            RenderText {#text} at (0,1224) size 40x18
              text run at (0,1224) width 40: "dddd"
            RenderBR {BR} at (40,1237) size 0x0
            RenderText {#text} at (0,1242) size 40x18
              text run at (0,1242) width 40: "eeee"
            RenderBR {BR} at (40,1255) size 0x0
            RenderText {#text} at (0,1260) size 40x18
              text run at (0,1260) width 40: "ffff"
            RenderBR {BR} at (40,1273) size 0x0
            RenderText {#text} at (0,1278) size 40x18
              text run at (0,1278) width 40: "gggg"
            RenderBR {BR} at (40,1291) size 0x0
            RenderText {#text} at (0,1296) size 40x18
              text run at (0,1296) width 40: "hhhh"
            RenderBR {BR} at (40,1309) size 0x0
            RenderText {#text} at (0,1314) size 40x18
              text run at (0,1314) width 40: "iiii"
            RenderBR {BR} at (40,1327) size 0x0
            RenderText {#text} at (0,1332) size 40x18
              text run at (0,1332) width 40: "jjjj"
            RenderBR {BR} at (40,1345) size 0x0
            RenderText {#text} at (0,1350) size 40x18
              text run at (0,1350) width 40: "kkkk"
            RenderBR {BR} at (40,1363) size 0x0
            RenderText {#text} at (0,1368) size 40x18
              text run at (0,1368) width 40: "llll"
            RenderBR {BR} at (40,1381) size 0x0
            RenderText {#text} at (0,1386) size 40x18
              text run at (0,1386) width 40: "mmmm"
            RenderBR {BR} at (40,1399) size 0x0
            RenderText {#text} at (0,1404) size 40x18
              text run at (0,1404) width 40: "nnnn"
            RenderBR {BR} at (40,1417) size 0x0
            RenderText {#text} at (0,1422) size 40x18
              text run at (0,1422) width 40: "oooo"
            RenderBR {BR} at (40,1435) size 0x0
            RenderText {#text} at (0,1440) size 40x18
              text run at (0,1440) width 40: "pppp"
            RenderBR {BR} at (40,1453) size 0x0
            RenderText {#text} at (0,1458) size 40x18
              text run at (0,1458) width 40: "qqqq"
            RenderBR {BR} at (40,1471) size 0x0
            RenderText {#text} at (0,1476) size 40x18
              text run at (0,1476) width 40: "rrrr"
            RenderBR {BR} at (40,1489) size 0x0
            RenderText {#text} at (0,1494) size 40x18
              text run at (0,1494) width 40: "ssss"
            RenderBR {BR} at (40,1507) size 0x0
            RenderText {#text} at (0,1512) size 40x18
              text run at (0,1512) width 40: "tttt"
            RenderBR {BR} at (40,1525) size 0x0
            RenderText {#text} at (0,1530) size 40x18
              text run at (0,1530) width 40: "uuuu"
            RenderBR {BR} at (40,1543) size 0x0
            RenderText {#text} at (0,1548) size 40x18
              text run at (0,1548) width 40: "vvvv"
            RenderBR {BR} at (40,1561) size 0x0
            RenderText {#text} at (0,1566) size 40x18
              text run at (0,1566) width 40: "wwww"
            RenderBR {BR} at (40,1579) size 0x0
            RenderText {#text} at (0,1584) size 40x18
              text run at (0,1584) width 40: "xxxx"
            RenderBR {BR} at (40,1597) size 0x0
            RenderText {#text} at (0,1602) size 40x18
              text run at (0,1602) width 40: "yyyy"
            RenderBR {BR} at (40,1615) size 0x0
            RenderText {#text} at (0,1620) size 40x18
              text run at (0,1620) width 40: "zzzz"
            RenderBR {BR} at (40,1633) size 0x0
            RenderText {#text} at (0,1638) size 40x18
              text run at (0,1638) width 40: "{{{{"
            RenderBR {BR} at (40,1651) size 0x0
            RenderText {#text} at (0,1656) size 40x18
              text run at (0,1656) width 40: "||||"
            RenderBR {BR} at (40,1669) size 0x0
            RenderText {#text} at (0,1674) size 40x18
              text run at (0,1674) width 40: "}}}}"
            RenderBR {BR} at (40,1687) size 0x0
          RenderText {#text} at (0,0) size 0x0
        RenderBlock {P} at (0,1708) size 769x1786
          RenderInline {I} at (0,0) size 40x1786
            RenderText {#text} at (0,0) size 40x19
              text run at (0,0) width 40: "    "
            RenderBR {BR} at (40,14) size 0x0
            RenderText {#text} at (0,19) size 40x19
              text run at (0,19) width 40: "!!!!"
            RenderBR {BR} at (40,33) size 0x0
            RenderText {#text} at (0,38) size 40x19
              text run at (0,38) width 40: "\"\"\"\""
            RenderBR {BR} at (40,52) size 0x0
            RenderText {#text} at (0,57) size 40x19
              text run at (0,57) width 40: "####"
            RenderBR {BR} at (40,71) size 0x0
            RenderText {#text} at (0,76) size 40x19
              text run at (0,76) width 40: "$$$$"
            RenderBR {BR} at (40,90) size 0x0
            RenderText {#text} at (0,95) size 40x19
              text run at (0,95) width 40: "%%%%"
            RenderBR {BR} at (40,109) size 0x0
            RenderText {#text} at (0,114) size 40x19
              text run at (0,114) width 40: "&&&&"
            RenderBR {BR} at (40,128) size 0x0
            RenderText {#text} at (0,133) size 40x19
              text run at (0,133) width 40: "''''"
            RenderBR {BR} at (40,147) size 0x0
            RenderText {#text} at (0,152) size 40x19
              text run at (0,152) width 40: "(((("
            RenderBR {BR} at (40,166) size 0x0
            RenderText {#text} at (0,171) size 40x19
              text run at (0,171) width 40: "))))"
            RenderBR {BR} at (40,185) size 0x0
            RenderText {#text} at (0,190) size 40x19
              text run at (0,190) width 40: "****"
            RenderBR {BR} at (40,204) size 0x0
            RenderText {#text} at (0,209) size 40x19
              text run at (0,209) width 40: "++++"
            RenderBR {BR} at (40,223) size 0x0
            RenderText {#text} at (0,228) size 40x19
              text run at (0,228) width 40: ",,,,"
            RenderBR {BR} at (40,242) size 0x0
            RenderText {#text} at (0,247) size 40x19
              text run at (0,247) width 40: "----"
            RenderBR {BR} at (40,261) size 0x0
            RenderText {#text} at (0,266) size 40x19
              text run at (0,266) width 40: "...."
            RenderBR {BR} at (40,280) size 0x0
            RenderText {#text} at (0,285) size 40x19
              text run at (0,285) width 40: "////"
            RenderBR {BR} at (40,299) size 0x0
            RenderText {#text} at (0,304) size 40x19
              text run at (0,304) width 40: "0000"
            RenderBR {BR} at (40,318) size 0x0
            RenderText {#text} at (0,323) size 40x19
              text run at (0,323) width 40: "1111"
            RenderBR {BR} at (40,337) size 0x0
            RenderText {#text} at (0,342) size 40x19
              text run at (0,342) width 40: "2222"
            RenderBR {BR} at (40,356) size 0x0
            RenderText {#text} at (0,361) size 40x19
              text run at (0,361) width 40: "3333"
            RenderBR {BR} at (40,375) size 0x0
            RenderText {#text} at (0,380) size 40x19
              text run at (0,380) width 40: "4444"
            RenderBR {BR} at (40,394) size 0x0
            RenderText {#text} at (0,399) size 40x19
              text run at (0,399) width 40: "5555"
            RenderBR {BR} at (40,413) size 0x0
            RenderText {#text} at (0,418) size 40x19
              text run at (0,418) width 40: "6666"
            RenderBR {BR} at (40,432) size 0x0
            RenderText {#text} at (0,437) size 40x19
              text run at (0,437) width 40: "7777"
            RenderBR {BR} at (40,451) size 0x0
            RenderText {#text} at (0,456) size 40x19
              text run at (0,456) width 40: "8888"
            RenderBR {BR} at (40,470) size 0x0
            RenderText {#text} at (0,475) size 40x19
              text run at (0,475) width 40: "9999"
            RenderBR {BR} at (40,489) size 0x0
            RenderText {#text} at (0,494) size 40x19
              text run at (0,494) width 40: "::::"
            RenderBR {BR} at (40,508) size 0x0
            RenderText {#text} at (0,513) size 40x19
              text run at (0,513) width 40: ";;;;"
            RenderBR {BR} at (40,527) size 0x0
            RenderText {#text} at (0,532) size 40x19
              text run at (0,532) width 40: "<<<<"
            RenderBR {BR} at (40,546) size 0x0
            RenderText {#text} at (0,551) size 40x19
              text run at (0,551) width 40: "===="
            RenderBR {BR} at (40,565) size 0x0
            RenderText {#text} at (0,570) size 40x19
              text run at (0,570) width 40: ">>>>"
            RenderBR {BR} at (40,584) size 0x0
            RenderText {#text} at (0,589) size 40x19
              text run at (0,589) width 40: "????"
            RenderBR {BR} at (40,603) size 0x0
            RenderText {#text} at (0,608) size 40x19
              text run at (0,608) width 40: "@@@@"
            RenderBR {BR} at (40,622) size 0x0
            RenderText {#text} at (0,627) size 40x19
              text run at (0,627) width 40: "AAAA"
            RenderBR {BR} at (40,641) size 0x0
            RenderText {#text} at (0,646) size 40x19
              text run at (0,646) width 40: "BBBB"
            RenderBR {BR} at (40,660) size 0x0
            RenderText {#text} at (0,665) size 40x19
              text run at (0,665) width 40: "CCCC"
            RenderBR {BR} at (40,679) size 0x0
            RenderText {#text} at (0,684) size 40x19
              text run at (0,684) width 40: "DDDD"
            RenderBR {BR} at (40,698) size 0x0
            RenderText {#text} at (0,703) size 40x19
              text run at (0,703) width 40: "EEEE"
            RenderBR {BR} at (40,717) size 0x0
            RenderText {#text} at (0,722) size 40x19
              text run at (0,722) width 40: "FFFF"
            RenderBR {BR} at (40,736) size 0x0
            RenderText {#text} at (0,741) size 40x19
              text run at (0,741) width 40: "GGGG"
            RenderBR {BR} at (40,755) size 0x0
            RenderText {#text} at (0,760) size 40x19
              text run at (0,760) width 40: "HHHH"
            RenderBR {BR} at (40,774) size 0x0
            RenderText {#text} at (0,779) size 40x19
              text run at (0,779) width 40: "IIII"
            RenderBR {BR} at (40,793) size 0x0
            RenderText {#text} at (0,798) size 40x19
              text run at (0,798) width 40: "JJJJ"
            RenderBR {BR} at (40,812) size 0x0
            RenderText {#text} at (0,817) size 40x19
              text run at (0,817) width 40: "KKKK"
            RenderBR {BR} at (40,831) size 0x0
            RenderText {#text} at (0,836) size 40x19
              text run at (0,836) width 40: "LLLL"
            RenderBR {BR} at (40,850) size 0x0
            RenderText {#text} at (0,855) size 40x19
              text run at (0,855) width 40: "MMMM"
            RenderBR {BR} at (40,869) size 0x0
            RenderText {#text} at (0,874) size 40x19
              text run at (0,874) width 40: "NNNN"
            RenderBR {BR} at (40,888) size 0x0
            RenderText {#text} at (0,893) size 40x19
              text run at (0,893) width 40: "OOOO"
            RenderBR {BR} at (40,907) size 0x0
            RenderText {#text} at (0,912) size 40x19
              text run at (0,912) width 40: "PPPP"
            RenderBR {BR} at (40,926) size 0x0
            RenderText {#text} at (0,931) size 40x19
              text run at (0,931) width 40: "QQQQ"
            RenderBR {BR} at (40,945) size 0x0
            RenderText {#text} at (0,950) size 40x19
              text run at (0,950) width 40: "RRRR"
            RenderBR {BR} at (40,964) size 0x0
            RenderText {#text} at (0,969) size 40x19
              text run at (0,969) width 40: "SSSS"
            RenderBR {BR} at (40,983) size 0x0
            RenderText {#text} at (0,988) size 40x19
              text run at (0,988) width 40: "TTTT"
            RenderBR {BR} at (40,1002) size 0x0
            RenderText {#text} at (0,1007) size 40x19
              text run at (0,1007) width 40: "UUUU"
            RenderBR {BR} at (40,1021) size 0x0
            RenderText {#text} at (0,1026) size 40x19
              text run at (0,1026) width 40: "VVVV"
            RenderBR {BR} at (40,1040) size 0x0
            RenderText {#text} at (0,1045) size 40x19
              text run at (0,1045) width 40: "WWWW"
            RenderBR {BR} at (40,1059) size 0x0
            RenderText {#text} at (0,1064) size 40x19
              text run at (0,1064) width 40: "XXXX"
            RenderBR {BR} at (40,1078) size 0x0
            RenderText {#text} at (0,1083) size 40x19
              text run at (0,1083) width 40: "YYYY"
            RenderBR {BR} at (40,1097) size 0x0
            RenderText {#text} at (0,1102) size 40x19
              text run at (0,1102) width 40: "ZZZZ"
            RenderBR {BR} at (40,1116) size 0x0
            RenderText {#text} at (0,1121) size 40x19
              text run at (0,1121) width 40: "[[[["
            RenderBR {BR} at (40,1135) size 0x0
            RenderText {#text} at (0,1140) size 40x19
              text run at (0,1140) width 40: "\\\\\\\\"
            RenderBR {BR} at (40,1154) size 0x0
            RenderText {#text} at (0,1159) size 40x19
              text run at (0,1159) width 40: "]]]]"
            RenderBR {BR} at (40,1173) size 0x0
            RenderText {#text} at (0,1178) size 40x19
              text run at (0,1178) width 40: "^^^^"
            RenderBR {BR} at (40,1192) size 0x0
            RenderText {#text} at (0,1197) size 40x19
              text run at (0,1197) width 40: "____"
            RenderBR {BR} at (40,1211) size 0x0
            RenderText {#text} at (0,1216) size 40x19
              text run at (0,1216) width 40: "````"
            RenderBR {BR} at (40,1230) size 0x0
            RenderText {#text} at (0,1235) size 40x19
              text run at (0,1235) width 40: "aaaa"
            RenderBR {BR} at (40,1249) size 0x0
            RenderText {#text} at (0,1254) size 40x19
              text run at (0,1254) width 40: "bbbb"
            RenderBR {BR} at (40,1268) size 0x0
            RenderText {#text} at (0,1273) size 40x19
              text run at (0,1273) width 40: "cccc"
            RenderBR {BR} at (40,1287) size 0x0
            RenderText {#text} at (0,1292) size 40x19
              text run at (0,1292) width 40: "dddd"
            RenderBR {BR} at (40,1306) size 0x0
            RenderText {#text} at (0,1311) size 40x19
              text run at (0,1311) width 40: "eeee"
            RenderBR {BR} at (40,1325) size 0x0
            RenderText {#text} at (0,1330) size 40x19
              text run at (0,1330) width 40: "ffff"
            RenderBR {BR} at (40,1344) size 0x0
            RenderText {#text} at (0,1349) size 40x19
              text run at (0,1349) width 40: "gggg"
            RenderBR {BR} at (40,1363) size 0x0
            RenderText {#text} at (0,1368) size 40x19
              text run at (0,1368) width 40: "hhhh"
            RenderBR {BR} at (40,1382) size 0x0
            RenderText {#text} at (0,1387) size 40x19
              text run at (0,1387) width 40: "iiii"
            RenderBR {BR} at (40,1401) size 0x0
            RenderText {#text} at (0,1406) size 40x19
              text run at (0,1406) width 40: "jjjj"
            RenderBR {BR} at (40,1420) size 0x0
            RenderText {#text} at (0,1425) size 40x19
              text run at (0,1425) width 40: "kkkk"
            RenderBR {BR} at (40,1439) size 0x0
            RenderText {#text} at (0,1444) size 40x19
              text run at (0,1444) width 40: "llll"
            RenderBR {BR} at (40,1458) size 0x0
            RenderText {#text} at (0,1463) size 40x19
              text run at (0,1463) width 40: "mmmm"
            RenderBR {BR} at (40,1477) size 0x0
            RenderText {#text} at (0,1482) size 40x19
              text run at (0,1482) width 40: "nnnn"
            RenderBR {BR} at (40,1496) size 0x0
            RenderText {#text} at (0,1501) size 40x19
              text run at (0,1501) width 40: "oooo"
            RenderBR {BR} at (40,1515) size 0x0
            RenderText {#text} at (0,1520) size 40x19
              text run at (0,1520) width 40: "pppp"
            RenderBR {BR} at (40,1534) size 0x0
            RenderText {#text} at (0,1539) size 40x19
              text run at (0,1539) width 40: "qqqq"
            RenderBR {BR} at (40,1553) size 0x0
            RenderText {#text} at (0,1558) size 40x19
              text run at (0,1558) width 40: "rrrr"
            RenderBR {BR} at (40,1572) size 0x0
            RenderText {#text} at (0,1577) size 40x19
              text run at (0,1577) width 40: "ssss"
            RenderBR {BR} at (40,1591) size 0x0
            RenderText {#text} at (0,1596) size 40x19
              text run at (0,1596) width 40: "tttt"
            RenderBR {BR} at (40,1610) size 0x0
            RenderText {#text} at (0,1615) size 40x19
              text run at (0,1615) width 40: "uuuu"
            RenderBR {BR} at (40,1629) size 0x0
            RenderText {#text} at (0,1634) size 40x19
              text run at (0,1634) width 40: "vvvv"
            RenderBR {BR} at (40,1648) size 0x0
            RenderText {#text} at (0,1653) size 40x19
              text run at (0,1653) width 40: "wwww"
            RenderBR {BR} at (40,1667) size 0x0
            RenderText {#text} at (0,1672) size 40x19
              text run at (0,1672) width 40: "xxxx"
            RenderBR {BR} at (40,1686) size 0x0
            RenderText {#text} at (0,1691) size 40x19
              text run at (0,1691) width 40: "yyyy"
            RenderBR {BR} at (40,1705) size 0x0
            RenderText {#text} at (0,1710) size 40x19
              text run at (0,1710) width 40: "zzzz"
            RenderBR {BR} at (40,1724) size 0x0
            RenderText {#text} at (0,1729) size 40x19
              text run at (0,1729) width 40: "{{{{"
            RenderBR {BR} at (40,1743) size 0x0
            RenderText {#text} at (0,1748) size 40x19
              text run at (0,1748) width 40: "||||"
            RenderBR {BR} at (40,1762) size 0x0
            RenderText {#text} at (0,1767) size 40x19
              text run at (0,1767) width 40: "}}}}"
            RenderBR {BR} at (40,1781) size 0x0
          RenderText {#text} at (0,0) size 0x0
      RenderBlock (anonymous) at (0,5218) size 769x0
        RenderInline {FONT} at (0,0) size 0x0
      RenderBlock {P} at (0,5218) size 769x1786
        RenderInline {FONT} at (0,0) size 40x1785
          RenderText {#text} at (0,0) size 0x0
          RenderInline {B} at (0,0) size 40x1785
            RenderInline {I} at (0,0) size 40x1786
              RenderText {#text} at (0,0) size 40x19
                text run at (0,0) width 40: "    "
              RenderBR {BR} at (40,14) size 0x0
              RenderText {#text} at (0,19) size 40x19
                text run at (0,19) width 40: "!!!!"
              RenderBR {BR} at (40,33) size 0x0
              RenderText {#text} at (0,38) size 40x19
                text run at (0,38) width 40: "\"\"\"\""
              RenderBR {BR} at (40,52) size 0x0
              RenderText {#text} at (0,57) size 40x19
                text run at (0,57) width 40: "####"
              RenderBR {BR} at (40,71) size 0x0
              RenderText {#text} at (0,76) size 40x19
                text run at (0,76) width 40: "$$$$"
              RenderBR {BR} at (40,90) size 0x0
              RenderText {#text} at (0,95) size 40x19
                text run at (0,95) width 40: "%%%%"
              RenderBR {BR} at (40,109) size 0x0
              RenderText {#text} at (0,114) size 40x19
                text run at (0,114) width 40: "&&&&"
              RenderBR {BR} at (40,128) size 0x0
              RenderText {#text} at (0,133) size 40x19
                text run at (0,133) width 40: "''''"
              RenderBR {BR} at (40,147) size 0x0
              RenderText {#text} at (0,152) size 40x19
                text run at (0,152) width 40: "(((("
              RenderBR {BR} at (40,166) size 0x0
              RenderText {#text} at (0,171) size 40x19
                text run at (0,171) width 40: "))))"
              RenderBR {BR} at (40,185) size 0x0
              RenderText {#text} at (0,190) size 40x19
                text run at (0,190) width 40: "****"
              RenderBR {BR} at (40,204) size 0x0
              RenderText {#text} at (0,209) size 40x19
                text run at (0,209) width 40: "++++"
              RenderBR {BR} at (40,223) size 0x0
              RenderText {#text} at (0,228) size 40x19
                text run at (0,228) width 40: ",,,,"
              RenderBR {BR} at (40,242) size 0x0
              RenderText {#text} at (0,247) size 40x19
                text run at (0,247) width 40: "----"
              RenderBR {BR} at (40,261) size 0x0
              RenderText {#text} at (0,266) size 40x19
                text run at (0,266) width 40: "...."
              RenderBR {BR} at (40,280) size 0x0
              RenderText {#text} at (0,285) size 40x19
                text run at (0,285) width 40: "////"
              RenderBR {BR} at (40,299) size 0x0
              RenderText {#text} at (0,304) size 40x19
                text run at (0,304) width 40: "0000"
              RenderBR {BR} at (40,318) size 0x0
              RenderText {#text} at (0,323) size 40x19
                text run at (0,323) width 40: "1111"
              RenderBR {BR} at (40,337) size 0x0
              RenderText {#text} at (0,342) size 40x19
                text run at (0,342) width 40: "2222"
              RenderBR {BR} at (40,356) size 0x0
              RenderText {#text} at (0,361) size 40x19
                text run at (0,361) width 40: "3333"
              RenderBR {BR} at (40,375) size 0x0
              RenderText {#text} at (0,380) size 40x19
                text run at (0,380) width 40: "4444"
              RenderBR {BR} at (40,394) size 0x0
              RenderText {#text} at (0,399) size 40x19
                text run at (0,399) width 40: "5555"
              RenderBR {BR} at (40,413) size 0x0
              RenderText {#text} at (0,418) size 40x19
                text run at (0,418) width 40: "6666"
              RenderBR {BR} at (40,432) size 0x0
              RenderText {#text} at (0,437) size 40x19
                text run at (0,437) width 40: "7777"
              RenderBR {BR} at (40,451) size 0x0
              RenderText {#text} at (0,456) size 40x19
                text run at (0,456) width 40: "8888"
              RenderBR {BR} at (40,470) size 0x0
              RenderText {#text} at (0,475) size 40x19
                text run at (0,475) width 40: "9999"
              RenderBR {BR} at (40,489) size 0x0
              RenderText {#text} at (0,494) size 40x19
                text run at (0,494) width 40: "::::"
              RenderBR {BR} at (40,508) size 0x0
              RenderText {#text} at (0,513) size 40x19
                text run at (0,513) width 40: ";;;;"
              RenderBR {BR} at (40,527) size 0x0
              RenderText {#text} at (0,532) size 40x19
                text run at (0,532) width 40: "<<<<"
              RenderBR {BR} at (40,546) size 0x0
              RenderText {#text} at (0,551) size 40x19
                text run at (0,551) width 40: "===="
              RenderBR {BR} at (40,565) size 0x0
              RenderText {#text} at (0,570) size 40x19
                text run at (0,570) width 40: ">>>>"
              RenderBR {BR} at (40,584) size 0x0
              RenderText {#text} at (0,589) size 40x19
                text run at (0,589) width 40: "????"
              RenderBR {BR} at (40,603) size 0x0
              RenderText {#text} at (0,608) size 40x19
                text run at (0,608) width 40: "@@@@"
              RenderBR {BR} at (40,622) size 0x0
              RenderText {#text} at (0,627) size 40x19
                text run at (0,627) width 40: "AAAA"
              RenderBR {BR} at (40,641) size 0x0
              RenderText {#text} at (0,646) size 40x19
                text run at (0,646) width 40: "BBBB"
              RenderBR {BR} at (40,660) size 0x0
              RenderText {#text} at (0,665) size 40x19
                text run at (0,665) width 40: "CCCC"
              RenderBR {BR} at (40,679) size 0x0
              RenderText {#text} at (0,684) size 40x19
                text run at (0,684) width 40: "DDDD"
              RenderBR {BR} at (40,698) size 0x0
              RenderText {#text} at (0,703) size 40x19
                text run at (0,703) width 40: "EEEE"
              RenderBR {BR} at (40,717) size 0x0
              RenderText {#text} at (0,722) size 40x19
                text run at (0,722) width 40: "FFFF"
              RenderBR {BR} at (40,736) size 0x0
              RenderText {#text} at (0,741) size 40x19
                text run at (0,741) width 40: "GGGG"
              RenderBR {BR} at (40,755) size 0x0
              RenderText {#text} at (0,760) size 40x19
                text run at (0,760) width 40: "HHHH"
              RenderBR {BR} at (40,774) size 0x0
              RenderText {#text} at (0,779) size 40x19
                text run at (0,779) width 40: "IIII"
              RenderBR {BR} at (40,793) size 0x0
              RenderText {#text} at (0,798) size 40x19
                text run at (0,798) width 40: "JJJJ"
              RenderBR {BR} at (40,812) size 0x0
              RenderText {#text} at (0,817) size 40x19
                text run at (0,817) width 40: "KKKK"
              RenderBR {BR} at (40,831) size 0x0
              RenderText {#text} at (0,836) size 40x19
                text run at (0,836) width 40: "LLLL"
              RenderBR {BR} at (40,850) size 0x0
              RenderText {#text} at (0,855) size 40x19
                text run at (0,855) width 40: "MMMM"
              RenderBR {BR} at (40,869) size 0x0
              RenderText {#text} at (0,874) size 40x19
                text run at (0,874) width 40: "NNNN"
              RenderBR {BR} at (40,888) size 0x0
              RenderText {#text} at (0,893) size 40x19
                text run at (0,893) width 40: "OOOO"
              RenderBR {BR} at (40,907) size 0x0
              RenderText {#text} at (0,912) size 40x19
                text run at (0,912) width 40: "PPPP"
              RenderBR {BR} at (40,926) size 0x0
              RenderText {#text} at (0,931) size 40x19
                text run at (0,931) width 40: "QQQQ"
              RenderBR {BR} at (40,945) size 0x0
              RenderText {#text} at (0,950) size 40x19
                text run at (0,950) width 40: "RRRR"
              RenderBR {BR} at (40,964) size 0x0
              RenderText {#text} at (0,969) size 40x19
                text run at (0,969) width 40: "SSSS"
              RenderBR {BR} at (40,983) size 0x0
              RenderText {#text} at (0,988) size 40x19
                text run at (0,988) width 40: "TTTT"
              RenderBR {BR} at (40,1002) size 0x0
              RenderText {#text} at (0,1007) size 40x19
                text run at (0,1007) width 40: "UUUU"
              RenderBR {BR} at (40,1021) size 0x0
              RenderText {#text} at (0,1026) size 40x19
                text run at (0,1026) width 40: "VVVV"
              RenderBR {BR} at (40,1040) size 0x0
              RenderText {#text} at (0,1045) size 40x19
                text run at (0,1045) width 40: "WWWW"
              RenderBR {BR} at (40,1059) size 0x0
              RenderText {#text} at (0,1064) size 40x19
                text run at (0,1064) width 40: "XXXX"
              RenderBR {BR} at (40,1078) size 0x0
              RenderText {#text} at (0,1083) size 40x19
                text run at (0,1083) width 40: "YYYY"
              RenderBR {BR} at (40,1097) size 0x0
              RenderText {#text} at (0,1102) size 40x19
                text run at (0,1102) width 40: "ZZZZ"
              RenderBR {BR} at (40,1116) size 0x0
              RenderText {#text} at (0,1121) size 40x19
                text run at (0,1121) width 40: "[[[["
              RenderBR {BR} at (40,1135) size 0x0
              RenderText {#text} at (0,1140) size 40x19
                text run at (0,1140) width 40: "\\\\\\\\"
              RenderBR {BR} at (40,1154) size 0x0
              RenderText {#text} at (0,1159) size 40x19
                text run at (0,1159) width 40: "]]]]"
              RenderBR {BR} at (40,1173) size 0x0
              RenderText {#text} at (0,1178) size 40x19
                text run at (0,1178) width 40: "^^^^"
              RenderBR {BR} at (40,1192) size 0x0
              RenderText {#text} at (0,1197) size 40x19
                text run at (0,1197) width 40: "____"
              RenderBR {BR} at (40,1211) size 0x0
              RenderText {#text} at (0,1216) size 40x19
                text run at (0,1216) width 40: "````"
              RenderBR {BR} at (40,1230) size 0x0
              RenderText {#text} at (0,1235) size 40x19
                text run at (0,1235) width 40: "aaaa"
              RenderBR {BR} at (40,1249) size 0x0
              RenderText {#text} at (0,1254) size 40x19
                text run at (0,1254) width 40: "bbbb"
              RenderBR {BR} at (40,1268) size 0x0
              RenderText {#text} at (0,1273) size 40x19
                text run at (0,1273) width 40: "cccc"
              RenderBR {BR} at (40,1287) size 0x0
              RenderText {#text} at (0,1292) size 40x19
                text run at (0,1292) width 40: "dddd"
              RenderBR {BR} at (40,1306) size 0x0
              RenderText {#text} at (0,1311) size 40x19
                text run at (0,1311) width 40: "eeee"
              RenderBR {BR} at (40,1325) size 0x0
              RenderText {#text} at (0,1330) size 40x19
                text run at (0,1330) width 40: "ffff"
              RenderBR {BR} at (40,1344) size 0x0
              RenderText {#text} at (0,1349) size 40x19
                text run at (0,1349) width 40: "gggg"
              RenderBR {BR} at (40,1363) size 0x0
              RenderText {#text} at (0,1368) size 40x19
                text run at (0,1368) width 40: "hhhh"
              RenderBR {BR} at (40,1382) size 0x0
              RenderText {#text} at (0,1387) size 40x19
                text run at (0,1387) width 40: "iiii"
              RenderBR {BR} at (40,1401) size 0x0
              RenderText {#text} at (0,1406) size 40x19
                text run at (0,1406) width 40: "jjjj"
              RenderBR {BR} at (40,1420) size 0x0
              RenderText {#text} at (0,1425) size 40x19
                text run at (0,1425) width 40: "kkkk"
              RenderBR {BR} at (40,1439) size 0x0
              RenderText {#text} at (0,1444) size 40x19
                text run at (0,1444) width 40: "llll"
              RenderBR {BR} at (40,1458) size 0x0
              RenderText {#text} at (0,1463) size 40x19
                text run at (0,1463) width 40: "mmmm"
              RenderBR {BR} at (40,1477) size 0x0
              RenderText {#text} at (0,1482) size 40x19
                text run at (0,1482) width 40: "nnnn"
              RenderBR {BR} at (40,1496) size 0x0
              RenderText {#text} at (0,1501) size 40x19
                text run at (0,1501) width 40: "oooo"
              RenderBR {BR} at (40,1515) size 0x0
              RenderText {#text} at (0,1520) size 40x19
                text run at (0,1520) width 40: "pppp"
              RenderBR {BR} at (40,1534) size 0x0
              RenderText {#text} at (0,1539) size 40x19
                text run at (0,1539) width 40: "qqqq"
              RenderBR {BR} at (40,1553) size 0x0
              RenderText {#text} at (0,1558) size 40x19
                text run at (0,1558) width 40: "rrrr"
              RenderBR {BR} at (40,1572) size 0x0
              RenderText {#text} at (0,1577) size 40x19
                text run at (0,1577) width 40: "ssss"
              RenderBR {BR} at (40,1591) size 0x0
              RenderText {#text} at (0,1596) size 40x19
                text run at (0,1596) width 40: "tttt"
              RenderBR {BR} at (40,1610) size 0x0
              RenderText {#text} at (0,1615) size 40x19
                text run at (0,1615) width 40: "uuuu"
              RenderBR {BR} at (40,1629) size 0x0
              RenderText {#text} at (0,1634) size 40x19
                text run at (0,1634) width 40: "vvvv"
              RenderBR {BR} at (40,1648) size 0x0
              RenderText {#text} at (0,1653) size 40x19
                text run at (0,1653) width 40: "wwww"
              RenderBR {BR} at (40,1667) size 0x0
              RenderText {#text} at (0,1672) size 40x19
                text run at (0,1672) width 40: "xxxx"
              RenderBR {BR} at (40,1686) size 0x0
              RenderText {#text} at (0,1691) size 40x19
                text run at (0,1691) width 40: "yyyy"
              RenderBR {BR} at (40,1705) size 0x0
              RenderText {#text} at (0,1710) size 40x19
                text run at (0,1710) width 40: "zzzz"
              RenderBR {BR} at (40,1724) size 0x0
              RenderText {#text} at (0,1729) size 40x19
                text run at (0,1729) width 40: "{{{{"
              RenderBR {BR} at (40,1743) size 0x0
              RenderText {#text} at (0,1748) size 40x19
                text run at (0,1748) width 40: "||||"
              RenderBR {BR} at (40,1762) size 0x0
              RenderText {#text} at (0,1767) size 40x19
                text run at (0,1767) width 40: "}}}}"
              RenderBR {BR} at (40,1781) size 0x0
          RenderText {#text} at (0,0) size 0x0
        RenderText {#text} at (0,0) size 0x0
