layer at (0,0) size 800x600
  RenderView at (0,0) size 800x600
layer at (0,0) size 800x600
  RenderBlock {HTML} at (0,0) size 800x600
    RenderBody {BODY} at (8,8) size 784x576
      RenderBlock {CENTER} at (0,0) size 784x146
        RenderTable {TABLE} at (340,0) size 103x90 [border: none]
          RenderTableSection {THEAD} at (0,0) size 102x23
            RenderTableRow {TR} at (0,0) size 102x23
              RenderTableCell {TD} at (0,0) size 35x23 [border: (1px none #808080) none none (1px solid #808080)] [r=0 c=0 rs=1 cs=1]
                RenderText {#text} at (2,2) size 27x19
                  text run at (2,2) width 27: "EST"
              RenderTableCell {TD} at (35,0) size 29x23 [border: (1px none #808080) none none (1px solid #808080)] [r=0 c=1 rs=1 cs=1]
                RenderText {#text} at (2,2) size 26x19
                  text run at (2,2) width 26: "1am"
              RenderTableCell {TD} at (64,0) size 38x23 [border: (1px none #808080) none none (1px solid #808080)] [r=0 c=2 rs=1 cs=1]
                RenderText {#text} at (2,2) size 27x19
                  text run at (2,2) width 27: "8pm"
          RenderTableSection {TBODY} at (0,23) size 102x44
            RenderTableRow {TR} at (0,0) size 102x22
              RenderTableCell {TD} at (0,0) size 35x22 [border: none none none (1px solid #808080)] [r=0 c=0 rs=1 cs=1]
                RenderText {#text} at (2,1) size 29x19
                  text run at (2,1) width 29: "CST"
              RenderTableCell {TD} at (35,0) size 29x22 [border: none none none (1px solid #808080)] [r=0 c=1 rs=1 cs=1]
                RenderText {#text} at (2,1) size 26x19
                  text run at (2,1) width 26: "2am"
              RenderTableCell {TD} at (64,0) size 38x22 [border: none none none (1px solid #808080)] [r=0 c=2 rs=1 cs=1]
                RenderText {#text} at (2,1) size 27x19
                  text run at (2,1) width 27: "9pm"
            RenderTableRow {TR} at (0,22) size 102x22
              RenderTableCell {TD} at (0,22) size 35x22 [border: none none none (1px solid #808080)] [r=1 c=0 rs=1 cs=1]
                RenderText {#text} at (2,1) size 32x19
                  text run at (2,1) width 32: "MST"
              RenderTableCell {TD} at (35,22) size 29x22 [border: none none none (1px solid #808080)] [r=1 c=1 rs=1 cs=1]
                RenderText {#text} at (2,1) size 26x19
                  text run at (2,1) width 26: "3am"
              RenderTableCell {TD} at (64,22) size 38x22 [border: none none none (1px solid #808080)] [r=1 c=2 rs=1 cs=1]
                RenderText {#text} at (2,1) size 35x19
                  text run at (2,1) width 35: "10pm"
          RenderTableSection {TFOOT} at (0,67) size 102x22
            RenderTableRow {TR} at (0,0) size 102x22
              RenderTableCell {TD} at (0,0) size 35x22 [border: none none none (1px solid #808080)] [r=0 c=0 rs=1 cs=1]
                RenderText {#text} at (2,1) size 27x19
                  text run at (2,1) width 27: "PST"
              RenderTableCell {TD} at (35,0) size 29x22 [border: none none none (1px solid #808080)] [r=0 c=1 rs=1 cs=1]
                RenderText {#text} at (2,1) size 26x19
                  text run at (2,1) width 26: "4am"
              RenderTableCell {TD} at (64,0) size 38x22 [border: none none none (1px solid #808080)] [r=0 c=2 rs=1 cs=1]
                RenderText {#text} at (2,1) size 35x19
                  text run at (2,1) width 35: "11pm"
        RenderBlock {P} at (0,106) size 784x40
          RenderButton {BUTTON} at (273,0) size 72x20 [bgcolor=#C0C0C0] [border: (2px outset #C0C0C0)]
            RenderBlock (anonymous) at (8,2) size 56x16
              RenderText {#text} at (3,1) size 50x14
                text run at (3,1) width 17: "No "
                text run at (20,1) width 33: "borders"
          RenderButton {BUTTON} at (345,0) size 93x20 [bgcolor=#C0C0C0] [border: (2px outset #C0C0C0)]
            RenderBlock (anonymous) at (8,2) size 77x16
              RenderText {#text} at (3,1) size 71x14
                text run at (3,1) width 42: "Exterior "
                text run at (45,1) width 29: "border"
          RenderButton {BUTTON} at (438,0) size 72x20 [bgcolor=#C0C0C0] [border: (2px outset #C0C0C0)]
            RenderBlock (anonymous) at (8,2) size 56x16
              RenderText {#text} at (3,1) size 50x14
                text run at (3,1) width 17: "All "
                text run at (20,1) width 33: "borders"
          RenderBR {BR} at (510,14) size 0x0
          RenderButton {BUTTON} at (248,20) size 94x20 [bgcolor=#C0C0C0] [border: (2px outset #C0C0C0)]
            RenderBlock (anonymous) at (8,2) size 78x16
              RenderText {#text} at (3,1) size 72x14
                text run at (3,1) width 39: "Column "
                text run at (42,1) width 33: "borders"
          RenderButton {BUTTON} at (342,20) size 90x20 [bgcolor=#C0C0C0] [border: (2px outset #C0C0C0)]
            RenderBlock (anonymous) at (8,2) size 74x16
              RenderText {#text} at (3,1) size 68x14
                text run at (3,1) width 35: "Groups "
                text run at (38,1) width 33: "borders"
          RenderButton {BUTTON} at (432,20) size 104x20 [bgcolor=#C0C0C0] [border: (2px outset #C0C0C0)]
            RenderBlock (anonymous) at (8,2) size 88x16
              RenderText {#text} at (3,1) size 82x14
                text run at (3,1) width 29: "Table "
                text run at (32,1) width 53: "row borders"
          RenderText {#text} at (0,0) size 0x0
