layer at (0,0) size 800x600
  RenderView at (0,0) size 800x600
layer at (0,0) size 800x600
  RenderBlock {HTML} at (0,0) size 800x600
    RenderBody {BODY} at (8,8) size 784x584
      RenderBlock (anonymous) at (0,0) size 784x20
        RenderText {#text} at (0,0) size 263x19
          text run at (0,0) width 263: "border=\"0\" cellspacing=\"0\" cellpadding=\"0\""
      RenderTable {TABLE} at (0,20) size 784x34 [bgcolor=#DDDD33]
        RenderTableSection {TBODY} at (0,0) size 784x34
          RenderTableRow {TR} at (0,0) size 784x34
            RenderTableCell {TD} at (0,17) size 12x0 [r=0 c=0 rs=1 cs=1]
            RenderTableCell {TD} at (12,0) size 760x34 [r=0 c=1 rs=1 cs=1]
            RenderTableCell {TD} at (772,17) size 12x0 [r=0 c=2 rs=1 cs=1]
      RenderBlock (anonymous) at (0,54) size 784x20
        RenderText {#text} at (0,0) size 191x19
          text run at (0,0) width 191: "cellspacing=\"0\" cellpadding=\"0\""
      RenderTable {TABLE} at (0,74) size 784x34 [bgcolor=#CCCCFF]
        RenderTableSection {TBODY} at (0,0) size 784x34
          RenderTableRow {TR} at (0,0) size 784x34
            RenderTableCell {TD} at (0,17) size 12x0 [r=0 c=0 rs=1 cs=1]
            RenderTableCell {TD} at (12,0) size 760x34 [r=0 c=1 rs=1 cs=1]
            RenderTableCell {TD} at (772,17) size 12x0 [r=0 c=2 rs=1 cs=1]
      RenderBlock (anonymous) at (0,108) size 784x20
        RenderText {#text} at (0,0) size 95x19
          text run at (0,0) width 95: "cellpadding=\"0\""
      RenderTable {TABLE} at (0,128) size 784x38 [bgcolor=#FF9999]
        RenderTableSection {TBODY} at (0,0) size 784x38
          RenderTableRow {TR} at (0,2) size 784x34
            RenderTableCell {TD} at (2,19) size 12x0 [r=0 c=0 rs=1 cs=1]
            RenderTableCell {TD} at (16,2) size 752x34 [r=0 c=1 rs=1 cs=1]
            RenderTableCell {TD} at (770,19) size 12x0 [r=0 c=2 rs=1 cs=1]
      RenderBlock (anonymous) at (0,166) size 784x20
        RenderText {#text} at (0,0) size 167x19
          text run at (0,0) width 167: "border=\"0\" cellpadding=\"0\""
      RenderTable {TABLE} at (0,186) size 784x38 [bgcolor=#AAEEBB]
        RenderTableSection {TBODY} at (0,0) size 784x38
          RenderTableRow {TR} at (0,2) size 784x34
            RenderTableCell {TD} at (2,19) size 12x0 [r=0 c=0 rs=1 cs=1]
            RenderTableCell {TD} at (16,2) size 752x34 [r=0 c=1 rs=1 cs=1]
            RenderTableCell {TD} at (770,19) size 12x0 [r=0 c=2 rs=1 cs=1]
      RenderBlock (anonymous) at (0,224) size 784x20
        RenderInline {FONT} at (0,0) size 26x19 [color=#0000FF]
          RenderText {#text} at (0,0) size 26x19
            text run at (0,0) width 26: "right"
        RenderText {#text} at (26,0) size 72x19
          text run at (26,0) width 72: " border=\"0\""
      RenderTable {TABLE} at (0,244) size 784x40 [bgcolor=#FFCCEE]
        RenderTableSection {TBODY} at (0,0) size 784x40
          RenderTableRow {TR} at (0,2) size 784x36
            RenderTableCell {TD} at (2,19) size 14x2 [r=0 c=0 rs=1 cs=1]
            RenderTableCell {TD} at (18,2) size 748x36 [r=0 c=1 rs=1 cs=1]
            RenderTableCell {TD} at (768,19) size 14x2 [r=0 c=2 rs=1 cs=1]
      RenderBlock (anonymous) at (0,284) size 784x20
        RenderInline {FONT} at (0,0) size 26x19 [color=#0000FF]
          RenderText {#text} at (0,0) size 26x19
            text run at (0,0) width 26: "right"
        RenderText {#text} at (26,0) size 99x19
          text run at (26,0) width 99: " cellpadding=\"1\""
      RenderTable {TABLE} at (0,304) size 784x40 [bgcolor=#66DDFF]
        RenderTableSection {TBODY} at (0,0) size 784x40
          RenderTableRow {TR} at (0,2) size 784x36
            RenderTableCell {TD} at (2,19) size 14x2 [r=0 c=0 rs=1 cs=1]
            RenderTableCell {TD} at (18,2) size 748x36 [r=0 c=1 rs=1 cs=1]
            RenderTableCell {TD} at (768,19) size 14x2 [r=0 c=2 rs=1 cs=1]
      RenderBlock (anonymous) at (0,344) size 784x20
        RenderInline {FONT} at (0,0) size 26x19 [color=#0000FF]
          RenderText {#text} at (0,0) size 26x19
            text run at (0,0) width 26: "right"
        RenderText {#text} at (26,0) size 267x19
          text run at (26,0) width 267: " border=\"1\" cellspacing=\"0\" cellpadding=\"0\""
      RenderTable {TABLE} at (0,364) size 784x38 [bgcolor=#EEEEEE] [border: (1px outset #808080)]
        RenderTableSection {TBODY} at (1,1) size 782x36
          RenderTableRow {TR} at (0,0) size 782x36
            RenderTableCell {TD} at (0,17) size 14x2 [border: (1px inset #808080)] [r=0 c=0 rs=1 cs=1]
            RenderTableCell {TD} at (14,0) size 754x36 [border: (1px inset #808080)] [r=0 c=1 rs=1 cs=1]
            RenderTableCell {TD} at (768,17) size 14x2 [border: (1px inset #808080)] [r=0 c=2 rs=1 cs=1]
      RenderBlock (anonymous) at (0,402) size 784x20
        RenderInline {FONT} at (0,0) size 26x19 [color=#0000FF]
          RenderText {#text} at (0,0) size 26x19
            text run at (0,0) width 26: "right"
        RenderText {#text} at (26,0) size 168x19
          text run at (26,0) width 168: " border=\"1\" cellspacing=\"0\""
      RenderTable {TABLE} at (0,422) size 784x40 [bgcolor=#FFCC66] [border: (1px outset #808080)]
        RenderTableSection {TBODY} at (1,1) size 782x38
          RenderTableRow {TR} at (0,0) size 782x38
            RenderTableCell {TD} at (0,17) size 16x4 [border: (1px inset #808080)] [r=0 c=0 rs=1 cs=1]
            RenderTableCell {TD} at (16,0) size 750x38 [border: (1px inset #808080)] [r=0 c=1 rs=1 cs=1]
            RenderTableCell {TD} at (766,17) size 16x4 [border: (1px inset #808080)] [r=0 c=2 rs=1 cs=1]
      RenderBlock (anonymous) at (0,462) size 784x20
        RenderInline {FONT} at (0,0) size 26x19 [color=#0000FF]
          RenderText {#text} at (0,0) size 26x19
            text run at (0,0) width 26: "right"
        RenderText {#text} at (26,0) size 72x19
          text run at (26,0) width 72: " border=\"1\""
      RenderTable {TABLE} at (0,482) size 784x44 [bgcolor=#CCFF33] [border: (1px outset #808080)]
        RenderTableSection {TBODY} at (1,1) size 782x42
          RenderTableRow {TR} at (0,2) size 782x38
            RenderTableCell {TD} at (2,19) size 16x4 [border: (1px inset #808080)] [r=0 c=0 rs=1 cs=1]
            RenderTableCell {TD} at (20,2) size 742x38 [border: (1px inset #808080)] [r=0 c=1 rs=1 cs=1]
            RenderTableCell {TD} at (764,19) size 16x4 [border: (1px inset #808080)] [r=0 c=2 rs=1 cs=1]
layer at (20,29) size 760x32 clip at (21,30) size 758x30
  RenderTextControl {TEXTAREA} at (0,1) size 760x32 [bgcolor=#FFFFFF] [border: (1px solid #000000)]
    RenderBlock {DIV} at (3,3) size 739x14
      RenderText {#text} at (0,0) size 28x14
        text run at (0,0) width 28: "test"
layer at (20,83) size 760x32 clip at (21,84) size 758x30
  RenderTextControl {TEXTAREA} at (0,1) size 760x32 [bgcolor=#FFFFFF] [border: (1px solid #000000)]
    RenderBlock {DIV} at (3,3) size 739x14
      RenderText {#text} at (0,0) size 28x14
        text run at (0,0) width 28: "test"
layer at (24,139) size 752x32 clip at (25,140) size 750x30
  RenderTextControl {TEXTAREA} at (0,1) size 752x32 [bgcolor=#FFFFFF] [border: (1px solid #000000)]
    RenderBlock {DIV} at (3,3) size 731x14
      RenderText {#text} at (0,0) size 28x14
        text run at (0,0) width 28: "test"
layer at (24,197) size 752x32 clip at (25,198) size 750x30
  RenderTextControl {TEXTAREA} at (0,1) size 752x32 [bgcolor=#FFFFFF] [border: (1px solid #000000)]
    RenderBlock {DIV} at (3,3) size 731x14
      RenderText {#text} at (0,0) size 28x14
        text run at (0,0) width 28: "test"
layer at (27,256) size 746x32 clip at (28,257) size 744x30
  RenderTextControl {TEXTAREA} at (1,2) size 746x32 [bgcolor=#FFFFFF] [border: (1px solid #000000)]
    RenderBlock {DIV} at (3,3) size 725x14
      RenderText {#text} at (0,0) size 28x14
        text run at (0,0) width 28: "test"
layer at (27,316) size 746x32 clip at (28,317) size 744x30
  RenderTextControl {TEXTAREA} at (1,2) size 746x32 [bgcolor=#FFFFFF] [border: (1px solid #000000)]
    RenderBlock {DIV} at (3,3) size 725x14
      RenderText {#text} at (0,0) size 28x14
        text run at (0,0) width 28: "test"
layer at (24,375) size 752x32 clip at (25,376) size 750x30
  RenderTextControl {TEXTAREA} at (1,2) size 752x32 [bgcolor=#FFFFFF] [border: (1px solid #000000)]
    RenderBlock {DIV} at (3,3) size 731x14
      RenderText {#text} at (0,0) size 28x14
        text run at (0,0) width 28: "test"
layer at (27,434) size 746x32 clip at (28,435) size 744x30
  RenderTextControl {TEXTAREA} at (2,3) size 746x32 [bgcolor=#FFFFFF] [border: (1px solid #000000)]
    RenderBlock {DIV} at (3,3) size 725x14
      RenderText {#text} at (0,0) size 28x14
        text run at (0,0) width 28: "test"
layer at (31,496) size 738x32 clip at (32,497) size 736x30
  RenderTextControl {TEXTAREA} at (2,3) size 738x32 [bgcolor=#FFFFFF] [border: (1px solid #000000)]
    RenderBlock {DIV} at (3,3) size 717x14
      RenderText {#text} at (0,0) size 28x14
        text run at (0,0) width 28: "test"
