layer at (0,0) size 800x600
  RenderView at (0,0) size 800x600
layer at (0,0) size 800x600
  RenderBlock {HTML} at (0,0) size 800x600
    RenderBody {BODY} at (8,8) size 784x576
      RenderBlock {FORM} at (0,0) size 784x25
        RenderTable {TABLE} at (0,0) size 482x25 [bgcolor=#FFE030] [border: (1px outset #808080)]
          RenderTableSection {TBODY} at (1,1) size 480x23
            RenderTableRow {TR} at (0,0) size 480x23
              RenderTableCell {TD} at (0,0) size 480x23 [border: (1px inset #808080)] [r=0 c=0 rs=1 cs=1]
                RenderInline {NOBR} at (0,0) size 478x19
                  RenderTextControl {INPUT} at (1,2) size 150x20 [bgcolor=#FFFFFF] [border: (2px inset #000000)]
                  RenderText {#text} at (151,1) size 14x19
                    text run at (151,1) width 14: " - "
                  RenderTextControl {INPUT} at (165,2) size 150x20 [bgcolor=#FFFFFF] [border: (2px inset #000000)]
                  RenderText {#text} at (315,1) size 14x19
                    text run at (315,1) width 14: " - "
                  RenderTextControl {INPUT} at (329,2) size 150x20 [bgcolor=#FFFFFF] [border: (2px inset #000000)]
                RenderText {#text} at (0,0) size 0x0
            RenderTableRow {TR} at (0,23) size 480x0
layer at (12,14) size 146x14
  RenderBlock {DIV} at (2,3) size 146x14
layer at (176,14) size 146x14
  RenderBlock {DIV} at (2,3) size 146x14
layer at (340,14) size 146x14
  RenderBlock {DIV} at (2,3) size 146x14
