layer at (0,0) size 800x600
  RenderView at (0,0) size 800x600
layer at (0,0) size 800x600
  RenderBlock {HTML} at (0,0) size 800x600
    RenderBody {BODY} at (8,8) size 784x584
      RenderTable {TABLE} at (0,0) size 409x82 [border: (1px outset #808080)]
        RenderTableSection {TBODY} at (1,1) size 407x80
          RenderTableRow {TR} at (0,2) size 407x50
            RenderTableCell {TD} at (2,15) size 126x24 [border: (1px inset #808080)] [r=0 c=0 rs=1 cs=1]
              RenderText {#text} at (2,2) size 27x19
                text run at (2,2) width 27: "Blah"
            RenderTableCell {TD} at (130,2) size 275x50 [border: (1px inset #808080)] [r=0 c=1 rs=1 cs=1]
              RenderTable {TABLE} at (106,2) size 63x46 [border: (1px outset #808080)]
                RenderTableSection {TBODY} at (1,1) size 61x44
                  RenderTableRow {TR} at (0,2) size 61x40
                    RenderTableCell {TD} at (2,2) size 57x40 [border: (1px inset #808080)] [r=0 c=0 rs=1 cs=1]
                      RenderBlock {FORM} at (2,2) size 53x20
                        RenderButton {INPUT} at (0,0) size 53x20 [bgcolor=#C0C0C0] [border: (2px outset #C0C0C0)]
                          RenderBlock (anonymous) at (8,2) size 37x16
                            RenderText at (3,1) size 31x14
                              text run at (3,1) width 31: "Submit"
                        RenderText {#text} at (0,0) size 0x0
          RenderTableRow {TR} at (0,54) size 407x24
            RenderTableCell {TD} at (2,54) size 403x24 [border: (1px inset #808080)] [r=1 c=0 rs=1 cs=2]
              RenderText {#text} at (2,2) size 399x19
                text run at (2,2) width 399: "This line is only here to separate the two columns in the row above"
