layer at (0,0) size 800x600
  RenderView at (0,0) size 800x600
layer at (0,0) size 800x600
  RenderBlock {HTML} at (0,0) size 800x600
    RenderBody {BODY} at (8,8) size 784x584
      RenderBlock {P} at (0,0) size 784x20
        RenderText {#text} at (0,0) size 385x19
          text run at (0,0) width 385: "The table below takes out the nowrap with the cell of 1% width."
      RenderTable {TABLE} at (0,36) size 675x62
        RenderTableSection {TBODY} at (0,0) size 675x62
          RenderTableRow {TR} at (0,0) size 675x62 [bgcolor=#9999CC]
            RenderTableCell {TD} at (0,18) size 627x26 [r=0 c=0 rs=1 cs=1]
              RenderInline {FONT} at (0,0) size 157x21
                RenderInline {B} at (0,0) size 157x21
                  RenderText {#text} at (2,2) size 157x21
                    text run at (2,2) width 157: "Technology News"
              RenderInline {FONT} at (0,0) size 181x16
                RenderText {#text} at (159,6) size 181x16
                  text run at (159,6) width 62: " - updated "
                  text run at (221,6) width 119: "12:15 PM ET Oct 24"
              RenderText {#text} at (0,0) size 0x0
            RenderTableCell {TD} at (627,0) size 48x62 [r=0 c=1 rs=1 cs=1]
              RenderTable {TABLE} at (2,2) size 44x58
                RenderTableSection {TBODY} at (0,0) size 44x58
                  RenderTableRow {TR} at (0,0) size 44x58
                    RenderTableCell {TD} at (0,0) size 44x58 [bgcolor=#CCCCFF] [r=0 c=0 rs=1 cs=1]
                      RenderImage {IMG} at (3,3) size 16x16
                      RenderInline {FONT} at (0,0) size 38x52
                        RenderInline {A} at (0,0) size 38x52 [color=#0000EE]
                          RenderText {#text} at (22,3) size 38x52
                            text run at (22,3) width 19: "Add"
                            text run at (22,16) width 9: "to"
                            text run at (3,29) width 14: "My"
                            text run at (3,42) width 34: "Yahoo!"
                      RenderText {#text} at (0,0) size 0x0
      RenderBlock {P} at (0,114) size 784x20
        RenderText {#text} at (0,0) size 448x19
          text run at (0,0) width 448: "The table below leaves in the nowrap but take out the 1% width in the cell."
      RenderTable {TABLE} at (0,150) size 675x26
        RenderTableSection {TBODY} at (0,0) size 675x26
          RenderTableRow {TR} at (0,0) size 675x26 [bgcolor=#9999CC]
            RenderTableCell {TD} at (0,0) size 506x26 [r=0 c=0 rs=1 cs=1]
              RenderInline {FONT} at (0,0) size 157x21
                RenderInline {B} at (0,0) size 157x21
                  RenderText {#text} at (2,2) size 157x21
                    text run at (2,2) width 157: "Technology News"
              RenderInline {FONT} at (0,0) size 181x16
                RenderText {#text} at (159,6) size 181x16
                  text run at (159,6) width 62: " - updated "
                  text run at (221,6) width 119: "12:15 PM ET Oct 24"
              RenderText {#text} at (0,0) size 0x0
            RenderTableCell {TD} at (506,1) size 169x23 [r=0 c=1 rs=1 cs=1]
              RenderTable {TABLE} at (2,2) size 110x19
                RenderTableSection {TBODY} at (0,0) size 110x19
                  RenderTableRow {TR} at (0,0) size 110x19
                    RenderTableCell {TD} at (0,0) size 110x19 [bgcolor=#CCCCFF] [r=0 c=0 rs=1 cs=1]
                      RenderImage {IMG} at (3,3) size 16x16
                      RenderInline {FONT} at (0,0) size 85x13
                        RenderInline {A} at (0,0) size 85x13 [color=#0000EE]
                          RenderText {#text} at (22,3) size 85x13
                            text run at (22,3) width 85: "Add to My Yahoo!"
                      RenderText {#text} at (0,0) size 0x0
