layer at (0,0) size 800x600
  RenderView at (0,0) size 800x600
layer at (0,0) size 800x600
  RenderBlock {HTML} at (0,0) size 800x600
    RenderBody {BODY} at (8,8) size 784x576
      RenderBlock (anonymous) at (0,0) size 784x20
        RenderText {#text} at (0,0) size 229x19
          text run at (0,0) width 229: "The tables left position should be 250."
      RenderBlock {P} at (0,36) size 784x21
        RenderText {#text} at (0,0) size 31x19
          text run at (0,0) width 31: "Left: "
        RenderTextControl {INPUT} at (31,1) size 110x20 [bgcolor=#FFFFFF] [border: (2px inset #000000)]
      RenderBlock {P} at (0,73) size 784x21
        RenderText {#text} at (0,0) size 32x19
          text run at (0,0) width 32: "Top: "
        RenderTextControl {INPUT} at (32,1) size 110x20 [bgcolor=#FFFFFF] [border: (2px inset #000000)]
      RenderBlock {P} at (0,110) size 784x20
        RenderButton {INPUT} at (0,0) size 49x20 [bgcolor=#C0C0C0] [border: (2px outset #C0C0C0)]
          RenderBlock (anonymous) at (8,2) size 33x16
            RenderText at (3,1) size 27x14
              text run at (3,1) width 27: "Move"
layer at (41,48) size 106x14
  RenderBlock {DIV} at (2,3) size 106x14
    RenderText {#text} at (1,0) size 30x14
      text run at (1,0) width 30: "120px"
layer at (42,85) size 106x14
  RenderBlock {DIV} at (2,3) size 106x14
    RenderText {#text} at (1,0) size 30x14
      text run at (1,0) width 30: "120px"
layer at (250,120) size 28x52
  RenderTable {TABLE} at (250,120) size 28x52 [border: (1px outset #808080)]
    RenderTableSection {TBODY} at (1,1) size 26x50
      RenderTableRow {TR} at (0,2) size 26x22
        RenderTableCell {TD} at (2,2) size 22x22 [border: (1px inset #808080)] [r=0 c=0 rs=1 cs=1]
          RenderText {#text} at (1,1) size 20x19
            text run at (1,1) width 20: "foo"
      RenderTableRow {TR} at (0,26) size 26x22
        RenderTableCell {TD} at (2,26) size 22x22 [border: (1px inset #808080)] [r=1 c=0 rs=1 cs=1]
          RenderText {#text} at (1,1) size 20x19
            text run at (1,1) width 20: "bar"
