layer at (0,0) size 800x600
  RenderView at (0,0) size 800x600
layer at (0,0) size 800x102
  RenderBlock {HTML} at (0,0) size 800x102
    RenderBody {BODY} at (8,8) size 784x86
      RenderBlock {FORM} at (0,0) size 784x42
        RenderButton {INPUT} at (0,1) size 148x20 [bgcolor=#C0C0C0] [border: (2px outset #C0C0C0)]
          RenderBlock (anonymous) at (8,2) size 132x16
            RenderText at (3,1) size 126x14
              text run at (3,1) width 126: "(1) Fill cell with long string"
        RenderBR {BR} at (148,0) size 0x19
        RenderButton {INPUT} at (0,22) size 152x20 [bgcolor=#C0C0C0] [border: (2px outset #C0C0C0)]
          RenderBlock (anonymous) at (8,2) size 136x16
            RenderText at (3,1) size 130x14
              text run at (3,1) width 130: "(2) Fill cell with short string"
        RenderBR {BR} at (152,21) size 0x19
      RenderTable {TABLE} at (0,58) size 83x28
        RenderTableSection {TBODY} at (0,0) size 83x28
          RenderTableRow {TR} at (0,2) size 83x24
            RenderTableCell {TD} at (2,2) size 79x24 [border: (1px solid #000000)] [r=0 c=0 rs=1 cs=1]
              RenderText {#text} at (2,2) size 14x19
                text run at (2,2) width 14: "aa"
