layer at (0,0) size 959x585
  RenderView at (0,0) size 800x585
layer at (0,0) size 959x585
  RenderBlock {HTML} at (0,0) size 800x585
    RenderBody {BODY} at (8,8) size 784x569
      RenderTable {TABLE} at (0,0) size 951x144 [border: (2px solid #0000FF)]
        RenderTableSection {TBODY} at (2,2) size 947x140
          RenderTableRow {TR} at (0,2) size 947x136
            RenderTableCell {TD} at (2,2) size 207x136 [border: (1px solid #C0C0C0)] [r=0 c=0 rs=1 cs=1]
              RenderTable {TABLE} at (2,2) size 203x132 [border: (2px solid #008000)]
                RenderBlock {FORM} at (0,0) size 0x0
                RenderTableSection {TBODY} at (2,2) size 199x128
                  RenderTableRow {TR} at (0,2) size 199x88
                    RenderTableCell {TD} at (2,2) size 195x88 [border: (1px solid #C0C0C0)] [r=0 c=0 rs=1 cs=1]
                      RenderTable {TABLE} at (2,2) size 122x32 [border: (2px solid #FF0000)]
                        RenderTableSection {TBODY} at (2,2) size 118x28
                          RenderTableRow {TR} at (0,2) size 118x24
                            RenderTableCell {TD} at (2,2) size 114x24 [border: (1px solid #C0C0C0)] [r=0 c=0 rs=1 cs=1]
                              RenderTextControl {INPUT} at (2,2) size 110x20 [bgcolor=#FFFFFF] [border: (2px inset #000000)]
                              RenderText {#text} at (0,0) size 0x0
                      RenderTable {TABLE} at (2,34) size 191x52 [border: (2px solid #FF0000)]
                        RenderTableSection {TBODY} at (2,2) size 187x48
                          RenderTableRow {TR} at (0,2) size 187x44
                            RenderTableCell {TD} at (2,2) size 183x44 [border: (1px solid #C0C0C0)] [r=0 c=0 rs=1 cs=1]
                              RenderText {#text} at (2,2) size 165x39
                                text run at (2,2) width 165: "THIS TABLE NEEDS TO"
                                text run at (2,22) width 62: "BE HERE"
                  RenderTableRow {TR} at (0,92) size 199x34
                    RenderTableCell {TD} at (2,92) size 195x34 [border: (1px solid #C0C0C0)] [r=1 c=0 rs=1 cs=1]
                      RenderTable {TABLE} at (2,2) size 191x30 [border: (2px solid #FF0000)]
                        RenderTableSection {TBODY} at (2,2) size 187x26
                          RenderTableRow {TR} at (0,2) size 187x22
                            RenderTableCell {TD} at (2,2) size 183x22 [border: (1px solid #C0C0C0)] [r=0 c=0 rs=1 cs=1]
                              RenderMenuList {SELECT} at (2,2) size 179x18 [bgcolor=#FFFFFF]
                                RenderBlock (anonymous) at (0,0) size 179x19
                                  RenderText at (8,2) size 148x14
                                    text run at (8,2) width 148: "USE THIS JAVASCRIPT HERE"
                              RenderText {#text} at (0,0) size 0x0
            RenderTableCell {TD} at (211,2) size 734x44 [border: (1px solid #C0C0C0)] [r=0 c=1 rs=1 cs=1]
              RenderText {#text} at (2,2) size 730x39
                text run at (2,2) width 730: "KEEPoTHEoTEXToHEREoASoLONGoASoPOSSIBLEooKEEPoTHEoTEXToHEREoASoLONGoASoPOSSIBLE"
                text run at (2,22) width 586: "THIS SIMULATES THE PROBLEM ON THE WWW.MAPBLAST.COM/ \"CREATE MAP\""
layer at (28,29) size 106x14 scrollWidth 133
  RenderBlock {DIV} at (2,3) size 106x14
    RenderText {#text} at (1,0) size 131x14
      text run at (1,0) width 131: "THIS NEEDS THIS VALUE"
