layer at (0,0) size 800x600
  RenderView at (0,0) size 800x600
layer at (0,0) size 800x270
  RenderBlock {HTML} at (0,0) size 800x270
    RenderBody {BODY} at (88,25) size 648x220 [bgcolor=#FFFFF5]
      RenderTable {TABLE} at (0,0) size 330x83
        RenderTableSection {TBODY} at (0,0) size 330x83
          RenderTableRow {TR} at (0,2) size 330x21
            RenderTableCell {TH} at (2,2) size 167x21 [color=#CC0000] [r=0 c=0 rs=1 cs=1]
              RenderText {#text} at (0,1) size 32x19
                text run at (0,1) width 32: "17.6 "
              RenderInline {A} at (0,0) size 135x19 [color=#3333FF]
                RenderText {#text} at (32,1) size 135x19
                  text run at (32,1) width 135: "Table Border Test 2"
            RenderTableCell {TD} at (171,2) size 20x21 [color=#FFFF00] [bgcolor=#CC0000] [r=0 c=1 rs=1 cs=1]
              RenderText {#text} at (0,1) size 11x18
                text run at (0,1) width 11: "B"
            RenderTableCell {TD} at (193,2) size 12x21 [color=#FFFFFF] [bgcolor=#000099] [r=0 c=2 rs=1 cs=1]
              RenderText {#text} at (0,1) size 12x18
                text run at (0,1) width 12: "N"
            RenderTableCell {TD} at (207,2) size 20x21 [color=#FFFFFF] [bgcolor=#000099] [r=0 c=3 rs=1 cs=1]
              RenderText {#text} at (0,1) size 12x18
                text run at (0,1) width 12: "N"
            RenderTableCell {TD} at (229,2) size 20x21 [color=#FFFFFF] [bgcolor=#000099] [r=0 c=4 rs=1 cs=1]
              RenderText {#text} at (0,1) size 12x18
                text run at (0,1) width 12: "N"
            RenderTableCell {TD} at (251,2) size 20x21 [color=#FFFFFF] [bgcolor=#000099] [r=0 c=5 rs=1 cs=1]
              RenderText {#text} at (0,1) size 12x18
                text run at (0,1) width 12: "N"
            RenderTableCell {TD} at (273,2) size 12x21 [bgcolor=#CCCCCC] [r=0 c=6 rs=1 cs=1]
              RenderText {#text} at (0,1) size 12x18
                text run at (0,1) width 12: "U"
            RenderTableCell {TD} at (287,2) size 41x21 [r=0 c=7 rs=1 cs=1]
              RenderText {#text} at (0,1) size 41x18
                text run at (0,1) width 41: "CSS2"
          RenderTableRow {TR} at (0,25) size 330x33
            RenderTableCell {TH} at (2,25) size 167x33 [color=#CC0000] [border: (12px solid #FFFFF5) none] [r=1 c=0 rs=1 cs=1]
              RenderText {#text} at (85,13) size 82x19
                text run at (85,13) width 82: "Tests Y (+1)"
            RenderTableCell {TD} at (171,25) size 20x33 [color=#FFFFFF] [bgcolor=#009900] [border: (12px solid #FFFFF5) none] [r=1 c=1 rs=1 cs=1]
              RenderText {#text} at (0,13) size 20x18
                text run at (0,13) width 20: "31"
            RenderTableCell {TD} at (193,25) size 12x33 [color=#FFFFFF] [bgcolor=#009900] [border: (12px solid #FFFFF5) none] [r=1 c=2 rs=1 cs=1]
              RenderText {#text} at (0,13) size 6x18
                text run at (0,13) width 6: " "
            RenderTableCell {TD} at (207,25) size 20x33 [color=#FFFFFF] [bgcolor=#009900] [border: (12px solid #FFFFF5) none] [r=1 c=3 rs=1 cs=1]
              RenderText {#text} at (0,13) size 20x18
                text run at (0,13) width 20: "16"
            RenderTableCell {TD} at (229,25) size 20x33 [color=#FFFFFF] [bgcolor=#009900] [border: (12px solid #FFFFF5) none] [r=1 c=4 rs=1 cs=1]
              RenderText {#text} at (0,13) size 20x18
                text run at (0,13) width 20: "16"
            RenderTableCell {TD} at (251,25) size 20x33 [color=#FFFFFF] [bgcolor=#009900] [border: (12px solid #FFFFF5) none] [r=1 c=5 rs=1 cs=1]
              RenderText {#text} at (0,13) size 10x18
                text run at (0,13) width 10: "2"
            RenderTableCell {TD} at (273,25) size 12x33 [color=#FFFFFF] [bgcolor=#009900] [border: (12px solid #FFFFF5) none] [r=1 c=6 rs=1 cs=1]
              RenderText {#text} at (0,13) size 12x18
                text run at (0,13) width 12: "U"
            RenderTableCell {TD} at (287,35) size 41x12 [border: (12px solid #FFFFF5) none] [r=1 c=7 rs=1 cs=1]
          RenderTableRow {TR} at (0,60) size 330x21
            RenderTableCell {TH} at (2,60) size 167x21 [color=#CC0000] [r=2 c=0 rs=1 cs=1]
              RenderText {#text} at (92,1) size 75x19
                text run at (92,1) width 75: "Tests N (0)"
            RenderTableCell {TD} at (171,60) size 20x21 [color=#FFFFFF] [bgcolor=#000099] [r=2 c=1 rs=1 cs=1]
              RenderText {#text} at (0,1) size 10x18
                text run at (0,1) width 10: "4"
            RenderTableCell {TD} at (193,60) size 12x21 [color=#FFFFFF] [bgcolor=#000099] [r=2 c=2 rs=1 cs=1]
              RenderText {#text} at (0,1) size 6x18
                text run at (0,1) width 6: " "
            RenderTableCell {TD} at (207,60) size 20x21 [color=#FFFFFF] [bgcolor=#000099] [r=2 c=3 rs=1 cs=1]
              RenderText {#text} at (0,1) size 20x18
                text run at (0,1) width 20: "21"
            RenderTableCell {TD} at (229,60) size 20x21 [color=#FFFFFF] [bgcolor=#000099] [r=2 c=4 rs=1 cs=1]
              RenderText {#text} at (0,1) size 20x18
                text run at (0,1) width 20: "14"
            RenderTableCell {TD} at (251,60) size 20x21 [color=#FFFFFF] [bgcolor=#000099] [r=2 c=5 rs=1 cs=1]
              RenderText {#text} at (0,1) size 20x18
                text run at (0,1) width 20: "18"
            RenderTableCell {TD} at (273,60) size 12x21 [color=#FFFFFF] [bgcolor=#000099] [r=2 c=6 rs=1 cs=1]
              RenderText {#text} at (0,1) size 12x18
                text run at (0,1) width 12: "U"
            RenderTableCell {TD} at (287,70) size 41x0 [r=2 c=7 rs=1 cs=1]
      RenderBlock {HR} at (0,95) size 648x1
      RenderBlock {P} at (0,108) size 648x38
        RenderInline {A} at (0,0) size 88x18 [color=#3333FF] [bgcolor=#FFFFF5]
          RenderImage {IMG} at (0,0) size 88x31
      RenderBlock {P} at (0,158) size 648x25
        RenderText {#text} at (0,3) size 74x18
          text run at (0,3) width 74: "(Back to "
        RenderInline {A} at (0,0) size 214x18 [color=#3333FF] [bgcolor=#FFFFF5]
          RenderText {#text} at (74,3) size 214x18
            text run at (74,3) width 214: "CSS Testing Information"
        RenderText {#text} at (288,3) size 12x18
          text run at (288,3) width 12: ", "
        RenderInline {A} at (0,0) size 107x18 [color=#3333FF] [bgcolor=#FFFFF5]
          RenderText {#text} at (300,3) size 107x18
            text run at (300,3) width 107: "David Baron"
        RenderText {#text} at (407,3) size 7x18
          text run at (407,3) width 7: ")"
      RenderBlock {P} at (0,195) size 648x25
        RenderInline {A} at (0,0) size 35x18 [color=#3333FF] [bgcolor=#FFFFF5]
          RenderText {#text} at (0,3) size 35x18
            text run at (0,3) width 35: "LDB"
        RenderText {#text} at (35,3) size 12x18
          text run at (35,3) width 12: ", "
        RenderInline {A} at (0,0) size 220x18 [color=#3333FF] [bgcolor=#FFFFF5]
          RenderText {#text} at (47,3) size 220x18
            text run at (47,3) width 220: "dbaron@fas.harvard.edu"
