layer at (0,0) size 800x600
  RenderView at (0,0) size 800x600
layer at (0,0) size 800x564
  RenderBlock {HTML} at (0,0) size 800x564
    RenderBody {BODY} at (8,8) size 784x540
      RenderBlock (anonymous) at (0,0) size 784x20
        RenderInline {DIV} at (0,0) size 240x18 [color=#FFFFFF] [bgcolor=#FF0000]
          RenderText {#text} at (0,0) size 240x18
            text run at (0,0) width 240: "Ahem_font_required_for_this_test."
        RenderText {#text} at (0,0) size 0x0
      RenderBlock {P} at (16,36) size 752x20 [color=#008000]
        RenderText {#text} at (0,0) size 341x19
          text run at (0,0) width 341: "This line should be green. There should be no red below."
      RenderBlock {P} at (16,72) size 96x20 [color=#008000]
        RenderInline {SPAN} at (0,0) size 47x19 [color=#FFFFFF] [bgcolor=#FF0000]
          RenderText {#text} at (0,0) size 47x19
            text run at (0,0) width 47: "FAIL-a"
        RenderText {#text} at (0,0) size 0x0
      RenderBlock {P} at (16,108) size 96x20 [color=#008000]
        RenderInline {SPAN} at (0,0) size 48x19 [color=#FFFFFF] [bgcolor=#FF0000]
          RenderText {#text} at (0,0) size 48x19
            text run at (0,0) width 48: "FAIL-b"
        RenderText {#text} at (0,0) size 0x0
      RenderBlock {P} at (16,144) size 96x16 [color=#008000]
        RenderInline {SPAN} at (0,0) size 47x19 [color=#FFFFFF] [bgcolor=#FF0000]
          RenderText {#text} at (0,-1) size 47x19
            text run at (0,-1) width 47: "FAIL-c"
        RenderText {#text} at (0,0) size 0x0
      RenderBlock {P} at (16,176) size 96x16 [color=#008000]
        RenderInline {SPAN} at (0,0) size 48x19 [color=#FFFFFF] [bgcolor=#FF0000]
          RenderText {#text} at (0,-1) size 48x19
            text run at (0,-1) width 48: "FAIL-d"
        RenderText {#text} at (0,0) size 0x0
      RenderBlock {P} at (16,208) size 96x16 [color=#008000]
        RenderInline {SPAN} at (0,0) size 47x19 [color=#FFFFFF] [bgcolor=#FF0000]
          RenderText {#text} at (0,-1) size 47x19
            text run at (0,-1) width 47: "FAIL-e"
        RenderText {#text} at (0,0) size 0x0
      RenderBlock {P} at (16,240) size 96x16 [color=#008000]
        RenderInline {SPAN} at (0,0) size 44x19 [color=#FFFFFF] [bgcolor=#FF0000]
          RenderText {#text} at (0,-1) size 44x19
            text run at (0,-1) width 44: "FAIL-f"
        RenderText {#text} at (0,0) size 0x0
      RenderBlock {P} at (16,272) size 96x16 [color=#008000]
        RenderInline {SPAN} at (0,0) size 47x19 [color=#FFFFFF] [bgcolor=#FF0000]
          RenderText {#text} at (0,-1) size 47x19
            text run at (0,-1) width 47: "FAIL-g"
        RenderText {#text} at (0,0) size 0x0
      RenderBlock {P} at (16,304) size 96x20 [color=#008000]
        RenderInline {SPAN} at (0,0) size 47x19 [color=#FFFFFF] [bgcolor=#FF0000]
          RenderText {#text} at (0,0) size 47x19
            text run at (0,0) width 47: "FAIL-h"
        RenderText {#text} at (0,0) size 0x0
      RenderBlock {P} at (16,340) size 96x20 [color=#008000]
        RenderInline {SPAN} at (0,0) size 43x19 [color=#FFFFFF] [bgcolor=#FF0000]
          RenderText {#text} at (0,0) size 43x19
            text run at (0,0) width 43: "FAIL-i"
        RenderText {#text} at (0,0) size 0x0
      RenderBlock {P} at (16,376) size 96x20 [color=#008000]
        RenderInline {SPAN} at (0,0) size 44x19 [color=#FFFFFF] [bgcolor=#FF0000]
          RenderText {#text} at (0,0) size 44x19
            text run at (0,0) width 44: "FAIL-j"
        RenderText {#text} at (0,0) size 0x0
      RenderBlock {P} at (16,412) size 96x20 [color=#008000]
        RenderInline {SPAN} at (0,0) size 48x19 [color=#FFFFFF] [bgcolor=#FF0000]
          RenderText {#text} at (0,0) size 48x19
            text run at (0,0) width 48: "FAIL-k"
        RenderText {#text} at (0,0) size 0x0
      RenderBlock {P} at (16,448) size 96x20 [color=#008000]
        RenderInline {SPAN} at (0,0) size 43x19 [color=#FFFFFF] [bgcolor=#FF0000]
          RenderText {#text} at (0,0) size 43x19
            text run at (0,0) width 43: "FAIL-l"
        RenderText {#text} at (0,0) size 0x0
      RenderBlock {P} at (16,484) size 96x20 [color=#008000]
        RenderInline {SPAN} at (0,0) size 51x19 [color=#FFFFFF] [bgcolor=#FF0000]
          RenderText {#text} at (0,0) size 51x19
            text run at (0,0) width 51: "FAIL-m"
        RenderText {#text} at (0,0) size 0x0
      RenderBlock {P} at (16,520) size 96x20 [color=#008000]
        RenderInline {SPAN} at (0,0) size 47x19 [color=#FFFFFF] [bgcolor=#FF0000]
          RenderText {#text} at (0,0) size 47x19
            text run at (0,0) width 47: "FAIL-n"
        RenderText {#text} at (0,0) size 0x0
