layer at (0,0) size 800x600
  RenderView at (0,0) size 800x600
layer at (0,0) size 800x534
  RenderBlock {HTML} at (0,0) size 800x534
    RenderBody {BODY} at (8,8) size 784x518
      RenderBlock {DIV} at (0,0) size 784x518 [border: (1px solid #FF0000)]
        RenderText {#text} at (1,1) size 156x19
          text run at (1,1) width 156: "Whitespace in option text:"
        RenderMenuList {SELECT} at (157,1) size 50x20 [bgcolor=#FFFFFF] [border: (1px solid #000000)]
          RenderBlock (anonymous) at (1,1) size 48x18
            RenderText at (4,1) size 25x16
              text run at (4,1) width 25: "f o o"
        RenderText {#text} at (207,1) size 7x19
          text run at (207,1) width 7: "a"
        RenderMenuList {SELECT} at (214,1) size 50x20 [bgcolor=#FFFFFF] [border: (1px solid #000000)]
          RenderBlock (anonymous) at (1,1) size 48x18
            RenderText at (4,1) size 25x16
              text run at (4,1) width 25: "f o o"
        RenderText {#text} at (264,1) size 8x19
          text run at (264,1) width 8: "b"
        RenderBR {BR} at (272,1) size 0x19
        RenderBR {BR} at (1,20) size 0x19
        RenderText {#text} at (1,37) size 128x19
          text run at (1,37) width 128: "Simple select control:"
        RenderMenuList {SELECT} at (129,37) size 43x20 [bgcolor=#FFFFFF] [border: (1px solid #000000)]
          RenderBlock (anonymous) at (1,1) size 41x18
            RenderText at (4,1) size 17x16
              text run at (4,1) width 17: "foo"
        RenderText {#text} at (172,37) size 7x19
          text run at (172,37) width 7: "a"
        RenderMenuList {SELECT} at (179,37) size 43x20 [color=#808080] [bgcolor=#FFFFFF] [border: (1px solid #808080)]
          RenderBlock (anonymous) at (1,1) size 41x18
            RenderText at (4,1) size 17x16
              text run at (4,1) width 17: "foo"
        RenderText {#text} at (222,37) size 8x19
          text run at (222,37) width 8: "b"
        RenderBR {BR} at (230,37) size 0x19
        RenderBR {BR} at (1,56) size 0x19
        RenderText {#text} at (1,73) size 181x19
          text run at (1,73) width 181: "Line-height should be ignored:"
        RenderMenuList {SELECT} at (182,73) size 42x20 [bgcolor=#FFFFFF] [border: (1px solid #000000)]
          RenderBlock (anonymous) at (1,1) size 40x18
            RenderText at (4,1) size 17x16
              text run at (4,1) width 17: "foo"
        RenderText {#text} at (224,73) size 7x19
          text run at (224,73) width 7: "a"
        RenderMenuList {SELECT} at (231,73) size 43x20 [color=#808080] [bgcolor=#FFFFFF] [border: (1px solid #808080)]
          RenderBlock (anonymous) at (1,1) size 41x18
            RenderText at (4,1) size 17x16
              text run at (4,1) width 17: "foo"
        RenderText {#text} at (274,73) size 8x19
          text run at (274,73) width 8: "b"
        RenderBR {BR} at (282,73) size 0x19
        RenderBR {BR} at (1,92) size 0x19
        RenderText {#text} at (1,113) size 414x19
          text run at (1,113) width 414: "Padding should be respected, the arrow button shouldn't change size:"
        RenderMenuList {SELECT} at (415,109) size 50x28 [bgcolor=#FFFFFF] [border: (1px solid #000000)]
          RenderBlock (anonymous) at (5,5) size 40x18
            RenderText at (4,1) size 17x16
              text run at (4,1) width 17: "foo"
        RenderText {#text} at (465,113) size 7x19
          text run at (465,113) width 7: "a"
        RenderMenuList {SELECT} at (472,109) size 50x28 [color=#808080] [bgcolor=#FFFFFF] [border: (1px solid #808080)]
          RenderBlock (anonymous) at (5,5) size 40x18
            RenderText at (4,1) size 17x16
              text run at (4,1) width 17: "foo"
        RenderText {#text} at (522,113) size 8x19
          text run at (522,113) width 8: "b"
        RenderBR {BR} at (530,113) size 0x19
        RenderBR {BR} at (1,136) size 0x19
        RenderText {#text} at (1,160) size 171x19
          text run at (1,160) width 171: "Border should be respected:"
        RenderMenuList {SELECT} at (172,153) size 56x34 [bgcolor=#FFFFFF] [border: (8px solid #33CCFF)]
          RenderBlock (anonymous) at (8,8) size 40x18
            RenderText at (4,1) size 17x16
              text run at (4,1) width 17: "foo"
        RenderText {#text} at (228,160) size 7x19
          text run at (228,160) width 7: "a"
        RenderMenuList {SELECT} at (235,153) size 56x34 [color=#808080] [bgcolor=#FFFFFF] [border: (8px solid #33CCFF)]
          RenderBlock (anonymous) at (8,8) size 40x18
            RenderText at (4,1) size 17x16
              text run at (4,1) width 17: "foo"
        RenderText {#text} at (291,160) size 8x19
          text run at (291,160) width 8: "b"
        RenderBR {BR} at (299,160) size 0x19
        RenderBR {BR} at (1,186) size 0x19
        RenderText {#text} at (1,211) size 111x19
          text run at (1,211) width 111: "Border + padding:"
        RenderMenuList {SELECT} at (112,203) size 58x36 [bgcolor=#FFFFFF] [border: (4px solid #33CCFF)]
          RenderBlock (anonymous) at (9,9) size 40x18
            RenderText at (4,1) size 17x16
              text run at (4,1) width 17: "foo"
        RenderText {#text} at (170,211) size 7x19
          text run at (170,211) width 7: "a"
        RenderMenuList {SELECT} at (177,203) size 58x36 [color=#808080] [bgcolor=#FFFFFF] [border: (4px solid #33CCFF)]
          RenderBlock (anonymous) at (9,9) size 40x18
            RenderText at (4,1) size 17x16
              text run at (4,1) width 17: "foo"
        RenderText {#text} at (235,211) size 8x19
          text run at (235,211) width 8: "b"
        RenderBR {BR} at (243,211) size 0x19
        RenderBR {BR} at (1,238) size 0x19
        RenderText {#text} at (1,260) size 454x19
          text run at (1,260) width 454: "Height larger than font-size, button should grow, text baseline should center:"
        RenderMenuList {SELECT} at (455,255) size 42x30 [bgcolor=#FFFFFF] [border: (1px solid #000000)]
          RenderBlock (anonymous) at (1,6) size 40x18
            RenderText at (4,1) size 17x16
              text run at (4,1) width 17: "foo"
        RenderText {#text} at (497,260) size 7x19
          text run at (497,260) width 7: "a"
        RenderMenuList {SELECT} at (504,255) size 42x30 [color=#808080] [bgcolor=#FFFFFF] [border: (1px solid #808080)]
          RenderBlock (anonymous) at (1,6) size 40x18
            RenderText at (4,1) size 17x16
              text run at (4,1) width 17: "foo"
        RenderText {#text} at (546,260) size 8x19
          text run at (546,260) width 8: "b"
        RenderBR {BR} at (554,260) size 0x19
        RenderBR {BR} at (1,284) size 0x19
        RenderText {#text} at (1,300) size 472x19
          text run at (1,300) width 472: "Heigh smaller than font-size, whole select shrinks and is baselined with the text:"
        RenderMenuList {SELECT} at (473,312) size 43x3 [bgcolor=#FFFFFF] [border: (1px solid #000000)]
          RenderBlock (anonymous) at (1,1) size 41x18
            RenderText at (4,1) size 17x16
              text run at (4,1) width 17: "foo"
        RenderText {#text} at (516,300) size 7x19
          text run at (516,300) width 7: "a"
        RenderMenuList {SELECT} at (523,312) size 43x3 [bgcolor=#FFFFFF] [border: (1px solid #000000)]
          RenderBlock (anonymous) at (1,1) size 41x18
            RenderText at (4,1) size 17x16
              text run at (4,1) width 17: "foo"
        RenderText {#text} at (566,300) size 8x19
          text run at (566,300) width 8: "b"
        RenderBR {BR} at (574,300) size 0x19
        RenderBR {BR} at (1,316) size 0x19
        RenderText {#text} at (1,332) size 159x19
          text run at (1,332) width 159: "select control with size=0: "
        RenderBR {BR} at (160,332) size 0x19
        RenderMenuList {SELECT} at (1,349) size 204x20 [bgcolor=#FFFFFF] [border: (1px solid #000000)]
          RenderBlock (anonymous) at (1,1) size 202x18
            RenderText at (4,1) size 78x16
              text run at (4,1) width 78: "Future Series"
        RenderText {#text} at (205,349) size 4x19
          text run at (205,349) width 4: " "
        RenderBR {BR} at (0,0) size 0x0
        RenderText {#text} at (1,368) size 159x19
          text run at (1,368) width 159: "select control with size=1: "
        RenderBR {BR} at (160,368) size 0x19
        RenderMenuList {SELECT} at (1,385) size 204x20 [bgcolor=#FFFFFF] [border: (1px solid #000000)]
          RenderBlock (anonymous) at (1,1) size 202x18
            RenderText at (4,1) size 78x16
              text run at (4,1) width 78: "Future Series"
        RenderText {#text} at (205,385) size 4x19
          text run at (205,385) width 4: " "
        RenderBR {BR} at (0,0) size 0x0
        RenderText {#text} at (1,404) size 159x19
          text run at (1,404) width 159: "Non-styled select control: "
        RenderBR {BR} at (160,404) size 0x19
        RenderMenuList {SELECT} at (1,421) size 224x40 [bgcolor=#FFFFFF] [border: (1px solid #000000)]
          RenderBlock (anonymous) at (11,11) size 202x18
            RenderText at (4,1) size 78x16
              text run at (4,1) width 78: "Future Series"
        RenderText {#text} at (225,431) size 4x19
          text run at (225,431) width 4: " "
        RenderBR {BR} at (0,0) size 0x0
        RenderText {#text} at (1,460) size 278x19
          text run at (1,460) width 278: "Styled select control with large border-radius: "
        RenderBR {BR} at (279,460) size 0x19
        RenderMenuList {SELECT} at (1,477) size 224x40 [bgcolor=#33CCFF] [border: (1px solid #000000)]
          RenderBlock (anonymous) at (11,11) size 202x18
            RenderText at (4,1) size 78x16
              text run at (4,1) width 78: "Future Series"
        RenderText {#text} at (225,487) size 4x19
          text run at (225,487) width 4: " "
        RenderBR {BR} at (0,0) size 0x0
