layer at (0,0) size 800x600
  RenderView at (0,0) size 800x600
layer at (0,0) size 800x600
  RenderBlock {HTML} at (0,0) size 800x600
    RenderBody {BODY} at (8,10) size 470x580
      RenderBlock {DIV} at (10,0) size 450x46 [border: (1px solid #FF0000)]
        RenderText {#text} at (1,2) size 7x19
          text run at (1,2) width 7: "a"
        RenderTextControl {INPUT} at (8,1) size 155x22 [bgcolor=#FFFFFF] [border: (2px inset #000000)]
        RenderText {#text} at (163,2) size 26x19
          text run at (163,2) width 26: "text "
        RenderTextControl {INPUT} at (189,1) size 155x22 [bgcolor=#EBEBE4] [border: (2px inset #000000)]
        RenderText {#text} at (344,2) size 19x19
          text run at (344,2) width 12: "b "
          text run at (356,2) width 7: "a"
        RenderTextControl {INPUT} at (1,23) size 155x22 [bgcolor=#FFFFFF] [border: (2px inset #000000)]
        RenderText {#text} at (156,24) size 63x19
          text run at (156,24) width 63: "password "
        RenderTextControl {INPUT} at (219,23) size 155x22 [bgcolor=#EBEBE4] [border: (2px inset #000000)]
        RenderText {#text} at (374,24) size 8x19
          text run at (374,24) width 8: "b"
      RenderBlock {DIV} at (10,56) size 450x23 [border: (1px solid #FF0000)]
        RenderText {#text} at (1,2) size 7x19
          text run at (1,2) width 7: "a"
        RenderBlock {INPUT} at (12,4) size 13x13
        RenderText {#text} at (28,2) size 63x19
          text run at (28,2) width 63: "checkbox "
        RenderBlock {INPUT} at (95,4) size 13x13
        RenderText {#text} at (111,2) size 8x19
          text run at (111,2) width 8: "b"
      RenderBlock {DIV} at (10,89) size 450x23 [border: (1px solid #FF0000)]
        RenderText {#text} at (1,2) size 7x19
          text run at (1,2) width 7: "a"
        RenderBlock {INPUT} at (13,4) size 13x13
        RenderText {#text} at (29,2) size 35x19
          text run at (29,2) width 35: "radio "
        RenderBlock {INPUT} at (69,4) size 13x13
        RenderText {#text} at (85,2) size 8x19
          text run at (85,2) width 8: "b"
layer at (28,14) size 151x16 scrollWidth 170
  RenderBlock {DIV} at (2,3) size 151x16
    RenderText {#text} at (1,0) size 168x16
      text run at (1,0) width 168: "foobarbazfoobarbazfoobarbaz"
layer at (209,14) size 151x16
  RenderBlock {DIV} at (2,3) size 151x16 [color=#545454]
    RenderText {#text} at (1,0) size 17x16
      text run at (1,0) width 17: "foo"
layer at (21,36) size 151x16
  RenderBlock {DIV} at (2,3) size 151x16
    RenderText {#text} at (1,0) size 15x16
      text run at (1,0) width 15: "\x{2022}\x{2022}\x{2022}"
layer at (239,36) size 151x16
  RenderBlock {DIV} at (2,3) size 151x16 [color=#545454]
    RenderText {#text} at (1,0) size 15x16
      text run at (1,0) width 15: "\x{2022}\x{2022}\x{2022}"
