layer at (0,0) size 785x1138
  RenderView at (0,0) size 785x600
layer at (0,0) size 785x1138
  RenderBlock {HTML} at (0,0) size 785x8
    RenderBody {BODY} at (8,8) size 769x0
      RenderBlock (floating) {DIV} at (0,0) size 352x902 [border: (1px solid #FF0000)]
        RenderBlock (anonymous) at (1,1) size 350x14
          RenderText {#text} at (0,-1) size 177x16
            text run at (0,-1) width 177: "Plain textarea with little content"
        RenderBlock {DIV} at (1,15) size 352x44 [border: (1px solid #FF0000)]
          RenderText {#text} at (1,28) size 13x16
            text run at (1,28) width 13: "A "
          RenderText {#text} at (195,28) size 12x16
            text run at (195,28) width 12: " B"
        RenderBlock (anonymous) at (1,59) size 350x14
          RenderText {#text} at (0,-1) size 75x16
            text run at (0,-1) width 75: "Plain textarea"
        RenderBlock {DIV} at (1,73) size 352x44 [border: (1px solid #FF0000)]
          RenderText {#text} at (1,28) size 13x16
            text run at (1,28) width 13: "A "
          RenderText {#text} at (195,28) size 12x16
            text run at (195,28) width 12: " B"
        RenderBlock (anonymous) at (1,117) size 350x14
          RenderText {#text} at (0,-1) size 96x16
            text run at (0,-1) width 96: "Disabled textarea"
        RenderBlock {DIV} at (1,131) size 352x44 [border: (1px solid #FF0000)]
          RenderText {#text} at (1,28) size 13x16
            text run at (1,28) width 13: "A "
          RenderText {#text} at (195,28) size 12x16
            text run at (195,28) width 12: " B"
        RenderBlock (anonymous) at (1,175) size 350x14
          RenderText {#text} at (0,-1) size 119x16
            text run at (0,-1) width 119: "style=\"padding:10px\""
        RenderBlock {DIV} at (1,189) size 352x60 [border: (1px solid #FF0000)]
          RenderText {#text} at (1,44) size 13x16
            text run at (1,44) width 13: "A "
          RenderText {#text} at (211,44) size 12x16
            text run at (211,44) width 12: " B"
        RenderBlock (anonymous) at (1,249) size 350x14
          RenderText {#text} at (0,-1) size 112x16
            text run at (0,-1) width 112: "style=\"padding:0px\""
        RenderBlock {DIV} at (1,263) size 352x40 [border: (1px solid #FF0000)]
          RenderText {#text} at (1,24) size 13x16
            text run at (1,24) width 13: "A "
          RenderText {#text} at (191,24) size 12x16
            text run at (191,24) width 12: " B"
        RenderBlock (anonymous) at (1,303) size 350x14
          RenderText {#text} at (0,-1) size 114x16
            text run at (0,-1) width 114: "style=\"margin:10px\""
        RenderBlock {DIV} at (1,317) size 352x62 [border: (1px solid #FF0000)]
          RenderText {#text} at (1,46) size 13x16
            text run at (1,46) width 13: "A "
          RenderText {#text} at (215,46) size 12x16
            text run at (215,46) width 12: " B"
        RenderBlock (anonymous) at (1,379) size 350x14
          RenderText {#text} at (0,-1) size 107x16
            text run at (0,-1) width 107: "style=\"margin:0px\""
        RenderBlock {DIV} at (1,393) size 352x42 [border: (1px solid #FF0000)]
          RenderText {#text} at (1,26) size 13x16
            text run at (1,26) width 13: "A "
          RenderText {#text} at (195,26) size 12x16
            text run at (195,26) width 12: " B"
        RenderBlock (anonymous) at (1,435) size 350x14
          RenderText {#text} at (0,-1) size 38x16
            text run at (0,-1) width 38: "cols=3"
        RenderBlock {DIV} at (1,449) size 352x44 [border: (1px solid #FF0000)]
          RenderText {#text} at (1,28) size 13x16
            text run at (1,28) width 13: "A "
          RenderText {#text} at (59,28) size 12x16
            text run at (59,28) width 12: " B"
        RenderBlock (anonymous) at (1,493) size 350x14
          RenderText {#text} at (0,-1) size 44x16
            text run at (0,-1) width 44: "rows=3"
        RenderBlock {DIV} at (1,507) size 352x60 [border: (1px solid #FF0000)]
          RenderText {#text} at (1,44) size 13x16
            text run at (1,44) width 13: "A "
          RenderText {#text} at (195,44) size 12x16
            text run at (195,44) width 12: " B"
        RenderBlock (anonymous) at (1,567) size 350x14
          RenderText {#text} at (0,-1) size 45x16
            text run at (0,-1) width 45: "cols=10"
        RenderBlock {DIV} at (1,581) size 352x44 [border: (1px solid #FF0000)]
          RenderText {#text} at (1,28) size 13x16
            text run at (1,28) width 13: "A "
          RenderText {#text} at (115,28) size 12x16
            text run at (115,28) width 12: " B"
        RenderBlock (anonymous) at (1,625) size 350x14
          RenderText {#text} at (0,-1) size 51x16
            text run at (0,-1) width 51: "rows=10"
        RenderBlock {DIV} at (1,639) size 352x172 [border: (1px solid #FF0000)]
          RenderText {#text} at (1,156) size 13x16
            text run at (1,156) width 13: "A "
          RenderText {#text} at (195,156) size 12x16
            text run at (195,156) width 12: " B"
        RenderBlock (anonymous) at (1,811) size 350x14
          RenderText {#text} at (0,-1) size 86x16
            text run at (0,-1) width 86: "cols=5 rows=4"
        RenderBlock {DIV} at (1,825) size 352x76 [border: (1px solid #FF0000)]
          RenderText {#text} at (1,60) size 13x16
            text run at (1,60) width 13: "A "
          RenderText {#text} at (75,60) size 12x16
            text run at (75,60) width 12: " B"
      RenderBlock (floating) {DIV} at (352,0) size 352x1130 [border: (1px solid #FF0000)]
        RenderBlock (anonymous) at (1,1) size 350x14
          RenderText {#text} at (0,-1) size 107x16
            text run at (0,-1) width 107: "style=\"width:60px\""
        RenderBlock {DIV} at (1,15) size 352x44 [border: (1px solid #FF0000)]
          RenderText {#text} at (1,28) size 13x16
            text run at (1,28) width 13: "A "
          RenderText {#text} at (80,28) size 12x16
            text run at (80,28) width 12: " B"
        RenderBlock (anonymous) at (1,59) size 350x14
          RenderText {#text} at (0,-1) size 186x16
            text run at (0,-1) width 186: "style=\"width:60px;padding:20px\""
        RenderBlock {DIV} at (1,73) size 352x80 [border: (1px solid #FF0000)]
          RenderText {#text} at (1,64) size 13x16
            text run at (1,64) width 13: "A "
          RenderText {#text} at (116,64) size 12x16
            text run at (116,64) width 12: " B"
        RenderBlock (anonymous) at (1,153) size 350x14
          RenderText {#text} at (0,-1) size 165x16
            text run at (0,-1) width 165: "style=\"width:60px;padding:0\""
        RenderBlock {DIV} at (1,167) size 352x40 [border: (1px solid #FF0000)]
          RenderText {#text} at (1,24) size 13x16
            text run at (1,24) width 13: "A "
          RenderText {#text} at (76,24) size 12x16
            text run at (76,24) width 12: " B"
        RenderBlock (anonymous) at (1,207) size 350x14
          RenderText {#text} at (0,-1) size 109x16
            text run at (0,-1) width 109: "style=\"height:60px\""
        RenderBlock {DIV} at (1,221) size 352x72 [border: (1px solid #FF0000)]
          RenderText {#text} at (1,56) size 13x16
            text run at (1,56) width 13: "A "
          RenderText {#text} at (195,56) size 12x16
            text run at (195,56) width 12: " B"
        RenderBlock (anonymous) at (1,293) size 350x14
          RenderText {#text} at (0,-1) size 176x16
            text run at (0,-1) width 176: "style=\"width:60px;height:60px\""
        RenderBlock {DIV} at (1,307) size 352x72 [border: (1px solid #FF0000)]
          RenderText {#text} at (1,56) size 13x16
            text run at (1,56) width 13: "A "
          RenderText {#text} at (80,56) size 12x16
            text run at (80,56) width 12: " B"
        RenderBlock (anonymous) at (1,379) size 350x14
          RenderText {#text} at (0,-1) size 135x16
            text run at (0,-1) width 135: "style=\"overflow:hidden\""
        RenderBlock {DIV} at (1,393) size 352x44 [border: (1px solid #FF0000)]
          RenderText {#text} at (1,28) size 13x16
            text run at (1,28) width 13: "A "
          RenderText {#text} at (180,28) size 12x16
            text run at (180,28) width 12: " B"
        RenderBlock (anonymous) at (1,437) size 350x14
          RenderText {#text} at (0,-1) size 129x16
            text run at (0,-1) width 129: "style=\"overflow:scroll\""
        RenderBlock {DIV} at (1,451) size 352x59 [border: (1px solid #FF0000)]
          RenderText {#text} at (1,43) size 13x16
            text run at (1,43) width 13: "A "
          RenderText {#text} at (195,43) size 12x16
            text run at (195,43) width 12: " B"
        RenderBlock (anonymous) at (1,510) size 350x14
          RenderText {#text} at (0,-1) size 271x16
            text run at (0,-1) width 271: "style=\"overflow:hidden;width:60px;height:60px\""
        RenderBlock {DIV} at (1,524) size 352x72 [border: (1px solid #FF0000)]
          RenderText {#text} at (1,56) size 13x16
            text run at (1,56) width 13: "A "
          RenderText {#text} at (80,56) size 12x16
            text run at (80,56) width 12: " B"
        RenderBlock (anonymous) at (1,596) size 350x14
          RenderText {#text} at (0,-1) size 265x16
            text run at (0,-1) width 265: "style=\"overflow:scroll;width:60px;height:60px\""
        RenderBlock {DIV} at (1,610) size 352x72 [border: (1px solid #FF0000)]
          RenderText {#text} at (1,56) size 13x16
            text run at (1,56) width 13: "A "
          RenderText {#text} at (80,56) size 12x16
            text run at (80,56) width 12: " B"
        RenderBlock (anonymous) at (1,682) size 350x14
          RenderText {#text} at (0,-1) size 218x16
            text run at (0,-1) width 218: "cols=5 style=\"width:60px;height:60px\""
        RenderBlock {DIV} at (1,696) size 352x72 [border: (1px solid #FF0000)]
          RenderText {#text} at (1,56) size 13x16
            text run at (1,56) width 13: "A "
          RenderText {#text} at (80,56) size 12x16
            text run at (80,56) width 12: " B"
        RenderBlock (anonymous) at (1,768) size 350x14
          RenderText {#text} at (0,-1) size 224x16
            text run at (0,-1) width 224: "rows=4 style=\"width:60px;height:60px\""
        RenderBlock {DIV} at (1,782) size 352x72 [border: (1px solid #FF0000)]
          RenderText {#text} at (1,56) size 13x16
            text run at (1,56) width 13: "A "
          RenderText {#text} at (80,56) size 12x16
            text run at (80,56) width 12: " B"
        RenderBlock (anonymous) at (1,854) size 350x14
          RenderText {#text} at (0,-1) size 266x16
            text run at (0,-1) width 266: "cols=5 rows=4 style=\"width:60px;height:60px\""
        RenderBlock {DIV} at (1,868) size 352x72 [border: (1px solid #FF0000)]
          RenderText {#text} at (1,56) size 13x16
            text run at (1,56) width 13: "A "
          RenderText {#text} at (80,56) size 12x16
            text run at (80,56) width 12: " B"
        RenderBlock (anonymous) at (1,940) size 350x14
          RenderText {#text} at (0,-1) size 64x16
            text run at (0,-1) width 64: "wrap=\"off\""
        RenderBlock {DIV} at (1,954) size 352x59 [border: (1px solid #FF0000)]
          RenderText {#text} at (1,43) size 13x16
            text run at (1,43) width 13: "A "
          RenderText {#text} at (195,43) size 12x16
            text run at (195,43) width 4: " "
            text run at (199,43) width 8: "B"
        RenderBlock (anonymous) at (1,1013) size 350x14
          RenderText {#text} at (0,-1) size 72x16
            text run at (0,-1) width 72: "wrap=\"hard\""
        RenderBlock {DIV} at (1,1027) size 352x44 [border: (1px solid #FF0000)]
          RenderText {#text} at (1,28) size 13x16
            text run at (1,28) width 13: "A "
          RenderText {#text} at (195,28) size 12x16
            text run at (195,28) width 4: " "
            text run at (199,28) width 8: "B"
        RenderBlock (anonymous) at (1,1071) size 350x14
          RenderText {#text} at (0,-1) size 69x16
            text run at (0,-1) width 69: "wrap=\"soft\""
        RenderBlock {DIV} at (1,1085) size 352x44 [border: (1px solid #FF0000)]
          RenderText {#text} at (1,28) size 13x16
            text run at (1,28) width 13: "A "
          RenderText {#text} at (195,28) size 12x16
            text run at (195,28) width 4: " "
            text run at (199,28) width 8: "B"
layer at (23,25) size 181x38 clip at (24,26) size 179x36
  RenderTextControl {TEXTAREA} at (14,2) size 181x38 [bgcolor=#FFFFFF] [border: (1px solid #000000)]
    RenderBlock {DIV} at (3,3) size 160x16
      RenderText {#text} at (0,0) size 136x16
        text run at (0,0) width 136: "Lorem ipsum dolor"
layer at (23,83) size 181x38 clip at (24,84) size 164x36 scrollHeight 84
  RenderTextControl {TEXTAREA} at (14,2) size 181x38 [bgcolor=#FFFFFF] [border: (1px solid #000000)]
    RenderBlock {DIV} at (3,3) size 160x80
      RenderText {#text} at (0,0) size 160x80
        text run at (0,0) width 136: "Lorem ipsum dolor"
        text run at (136,0) width 8: " "
        text run at (0,16) width 160: "ABCDEFGHIJKLMNOPQRST"
        text run at (0,32) width 48: "UVWXYZ"
        text run at (48,32) width 8: " "
        text run at (0,48) width 160: "abcdefghijklmnopqrst"
        text run at (0,64) width 16: "uv"
        text run at (16,64) width 8: " "
layer at (23,141) size 181x38 clip at (24,142) size 164x36 scrollHeight 84
  RenderTextControl {TEXTAREA} at (14,2) size 181x38 [bgcolor=#EBEBE4] [border: (1px solid #000000)]
    RenderBlock {DIV} at (3,3) size 160x80 [color=#545454]
      RenderText {#text} at (0,0) size 160x80
        text run at (0,0) width 136: "Lorem ipsum dolor"
        text run at (136,0) width 8: " "
        text run at (0,16) width 160: "ABCDEFGHIJKLMNOPQRST"
        text run at (0,32) width 48: "UVWXYZ"
        text run at (48,32) width 8: " "
        text run at (0,48) width 160: "abcdefghijklmnopqrst"
        text run at (0,64) width 16: "uv"
        text run at (16,64) width 8: " "
layer at (23,199) size 197x54 clip at (24,200) size 180x52 scrollHeight 100
  RenderTextControl {TEXTAREA} at (14,2) size 197x54 [bgcolor=#FFFFFF] [border: (1px solid #000000)]
    RenderBlock {DIV} at (11,11) size 160x80
      RenderText {#text} at (0,0) size 160x80
        text run at (0,0) width 136: "Lorem ipsum dolor"
        text run at (136,0) width 8: " "
        text run at (0,16) width 160: "ABCDEFGHIJKLMNOPQRST"
        text run at (0,32) width 48: "UVWXYZ"
        text run at (48,32) width 8: " "
        text run at (0,48) width 160: "abcdefghijklmnopqrst"
        text run at (0,64) width 16: "uv"
        text run at (16,64) width 8: " "
layer at (23,273) size 177x34 clip at (24,274) size 160x32 scrollHeight 80
  RenderTextControl {TEXTAREA} at (14,2) size 177x34 [bgcolor=#FFFFFF] [border: (1px solid #000000)]
    RenderBlock {DIV} at (1,1) size 160x80
      RenderText {#text} at (0,0) size 160x80
        text run at (0,0) width 136: "Lorem ipsum dolor"
        text run at (136,0) width 8: " "
        text run at (0,16) width 160: "ABCDEFGHIJKLMNOPQRST"
        text run at (0,32) width 48: "UVWXYZ"
        text run at (48,32) width 8: " "
        text run at (0,48) width 160: "abcdefghijklmnopqrst"
        text run at (0,64) width 16: "uv"
        text run at (16,64) width 8: " "
layer at (33,336) size 181x38 clip at (34,337) size 164x36 scrollHeight 84
  RenderTextControl {TEXTAREA} at (24,11) size 181x38 [bgcolor=#FFFFFF] [border: (1px solid #000000)]
    RenderBlock {DIV} at (3,3) size 160x80
      RenderText {#text} at (0,0) size 160x80
        text run at (0,0) width 136: "Lorem ipsum dolor"
        text run at (136,0) width 8: " "
        text run at (0,16) width 160: "ABCDEFGHIJKLMNOPQRST"
        text run at (0,32) width 48: "UVWXYZ"
        text run at (48,32) width 8: " "
        text run at (0,48) width 160: "abcdefghijklmnopqrst"
        text run at (0,64) width 16: "uv"
        text run at (16,64) width 8: " "
layer at (23,402) size 181x38 clip at (24,403) size 164x36 scrollHeight 84
  RenderTextControl {TEXTAREA} at (14,1) size 181x38 [bgcolor=#FFFFFF] [border: (1px solid #000000)]
    RenderBlock {DIV} at (3,3) size 160x80
      RenderText {#text} at (0,0) size 160x80
        text run at (0,0) width 136: "Lorem ipsum dolor"
        text run at (136,0) width 8: " "
        text run at (0,16) width 160: "ABCDEFGHIJKLMNOPQRST"
        text run at (0,32) width 48: "UVWXYZ"
        text run at (48,32) width 8: " "
        text run at (0,48) width 160: "abcdefghijklmnopqrst"
        text run at (0,64) width 16: "uv"
        text run at (16,64) width 8: " "
layer at (23,459) size 45x38 clip at (24,460) size 28x36 scrollHeight 372
  RenderTextControl {TEXTAREA} at (14,2) size 45x38 [bgcolor=#FFFFFF] [border: (1px solid #000000)]
    RenderBlock {DIV} at (3,3) size 24x368
      RenderText {#text} at (0,0) size 24x368
        text run at (0,0) width 24: "Lor"
        text run at (0,16) width 16: "em"
        text run at (16,16) width 8: " "
        text run at (0,32) width 24: "ips"
        text run at (0,48) width 16: "um"
        text run at (16,48) width 8: " "
        text run at (0,64) width 24: "dol"
        text run at (0,80) width 16: "or"
        text run at (16,80) width 8: " "
        text run at (0,96) width 24: "ABC"
        text run at (0,112) width 24: "DEF"
        text run at (0,128) width 24: "GHI"
        text run at (0,144) width 24: "JKL"
        text run at (0,160) width 24: "MNO"
        text run at (0,176) width 24: "PQR"
        text run at (0,192) width 24: "STU"
        text run at (0,208) width 24: "VWX"
        text run at (0,224) width 16: "YZ"
        text run at (16,224) width 8: " "
        text run at (0,240) width 24: "abc"
        text run at (0,256) width 24: "def"
        text run at (0,272) width 24: "ghi"
        text run at (0,288) width 24: "jkl"
        text run at (0,304) width 24: "mno"
        text run at (0,320) width 24: "pqr"
        text run at (0,336) width 24: "stu"
        text run at (0,352) width 8: "v"
        text run at (8,352) width 8: " "
layer at (23,517) size 181x54 clip at (24,518) size 164x52 scrollHeight 84
  RenderTextControl {TEXTAREA} at (14,2) size 181x54 [bgcolor=#FFFFFF] [border: (1px solid #000000)]
    RenderBlock {DIV} at (3,3) size 160x80
      RenderText {#text} at (0,0) size 160x80
        text run at (0,0) width 136: "Lorem ipsum dolor"
        text run at (136,0) width 8: " "
        text run at (0,16) width 160: "ABCDEFGHIJKLMNOPQRST"
        text run at (0,32) width 48: "UVWXYZ"
        text run at (48,32) width 8: " "
        text run at (0,48) width 160: "abcdefghijklmnopqrst"
        text run at (0,64) width 16: "uv"
        text run at (16,64) width 8: " "
layer at (23,591) size 101x38 clip at (24,592) size 84x36 scrollHeight 148
  RenderTextControl {TEXTAREA} at (14,2) size 101x38 [bgcolor=#FFFFFF] [border: (1px solid #000000)]
    RenderBlock {DIV} at (3,3) size 80x144
      RenderText {#text} at (0,0) size 80x144
        text run at (0,0) width 40: "Lorem"
        text run at (40,0) width 8: " "
        text run at (0,16) width 40: "ipsum"
        text run at (40,16) width 8: " "
        text run at (0,32) width 40: "dolor"
        text run at (40,32) width 8: " "
        text run at (0,48) width 80: "ABCDEFGHIJ"
        text run at (0,64) width 80: "KLMNOPQRST"
        text run at (0,80) width 48: "UVWXYZ"
        text run at (48,80) width 8: " "
        text run at (0,96) width 80: "abcdefghij"
        text run at (0,112) width 80: "klmnopqrst"
        text run at (0,128) width 16: "uv"
        text run at (16,128) width 8: " "
layer at (23,649) size 181x166 clip at (24,650) size 179x164
  RenderTextControl {TEXTAREA} at (14,2) size 181x166 [bgcolor=#FFFFFF] [border: (1px solid #000000)]
    RenderBlock {DIV} at (3,3) size 160x80
      RenderText {#text} at (0,0) size 160x80
        text run at (0,0) width 136: "Lorem ipsum dolor"
        text run at (136,0) width 8: " "
        text run at (0,16) width 160: "ABCDEFGHIJKLMNOPQRST"
        text run at (0,32) width 48: "UVWXYZ"
        text run at (48,32) width 8: " "
        text run at (0,48) width 160: "abcdefghijklmnopqrst"
        text run at (0,64) width 16: "uv"
        text run at (16,64) width 8: " "
layer at (23,835) size 61x70 clip at (24,836) size 44x68 scrollHeight 228
  RenderTextControl {TEXTAREA} at (14,2) size 61x70 [bgcolor=#FFFFFF] [border: (1px solid #000000)]
    RenderBlock {DIV} at (3,3) size 40x224
      RenderText {#text} at (0,0) size 40x224
        text run at (0,0) width 40: "Lorem"
        text run at (40,0) width 0: " "
        text run at (0,16) width 40: "ipsum"
        text run at (40,16) width 0: " "
        text run at (0,32) width 40: "dolor"
        text run at (40,32) width 0: " "
        text run at (0,48) width 40: "ABCDE"
        text run at (0,64) width 40: "FGHIJ"
        text run at (0,80) width 40: "KLMNO"
        text run at (0,96) width 40: "PQRST"
        text run at (0,112) width 40: "UVWXY"
        text run at (0,128) width 8: "Z"
        text run at (8,128) width 8: " "
        text run at (0,144) width 40: "abcde"
        text run at (0,160) width 40: "fghij"
        text run at (0,176) width 40: "klmno"
        text run at (0,192) width 40: "pqrst"
        text run at (0,208) width 16: "uv"
        text run at (16,208) width 8: " "
layer at (375,25) size 66x38 clip at (376,26) size 49x36 scrollHeight 228
  RenderTextControl {TEXTAREA} at (14,2) size 66x38 [bgcolor=#FFFFFF] [border: (1px solid #000000)]
    RenderBlock {DIV} at (3,3) size 45x224
      RenderText {#text} at (0,0) size 45x224
        text run at (0,0) width 40: "Lorem"
        text run at (40,0) width 5: " "
        text run at (0,16) width 40: "ipsum"
        text run at (40,16) width 5: " "
        text run at (0,32) width 40: "dolor"
        text run at (40,32) width 5: " "
        text run at (0,48) width 40: "ABCDE"
        text run at (0,64) width 40: "FGHIJ"
        text run at (0,80) width 40: "KLMNO"
        text run at (0,96) width 40: "PQRST"
        text run at (0,112) width 40: "UVWXY"
        text run at (0,128) width 8: "Z"
        text run at (8,128) width 8: " "
        text run at (0,144) width 40: "abcde"
        text run at (0,160) width 40: "fghij"
        text run at (0,176) width 40: "klmno"
        text run at (0,192) width 40: "pqrst"
        text run at (0,208) width 16: "uv"
        text run at (16,208) width 8: " "
layer at (375,83) size 102x74 clip at (376,84) size 85x72 scrollHeight 264
  RenderTextControl {TEXTAREA} at (14,2) size 102x74 [bgcolor=#FFFFFF] [border: (1px solid #000000)]
    RenderBlock {DIV} at (21,21) size 45x224
      RenderText {#text} at (0,0) size 45x224
        text run at (0,0) width 40: "Lorem"
        text run at (40,0) width 5: " "
        text run at (0,16) width 40: "ipsum"
        text run at (40,16) width 5: " "
        text run at (0,32) width 40: "dolor"
        text run at (40,32) width 5: " "
        text run at (0,48) width 40: "ABCDE"
        text run at (0,64) width 40: "FGHIJ"
        text run at (0,80) width 40: "KLMNO"
        text run at (0,96) width 40: "PQRST"
        text run at (0,112) width 40: "UVWXY"
        text run at (0,128) width 8: "Z"
        text run at (8,128) width 8: " "
        text run at (0,144) width 40: "abcde"
        text run at (0,160) width 40: "fghij"
        text run at (0,176) width 40: "klmno"
        text run at (0,192) width 40: "pqrst"
        text run at (0,208) width 16: "uv"
        text run at (16,208) width 8: " "
layer at (375,177) size 62x34 clip at (376,178) size 45x32 scrollHeight 224
  RenderTextControl {TEXTAREA} at (14,2) size 62x34 [bgcolor=#FFFFFF] [border: (1px solid #000000)]
    RenderBlock {DIV} at (1,1) size 45x224
      RenderText {#text} at (0,0) size 45x224
        text run at (0,0) width 40: "Lorem"
        text run at (40,0) width 5: " "
        text run at (0,16) width 40: "ipsum"
        text run at (40,16) width 5: " "
        text run at (0,32) width 40: "dolor"
        text run at (40,32) width 5: " "
        text run at (0,48) width 40: "ABCDE"
        text run at (0,64) width 40: "FGHIJ"
        text run at (0,80) width 40: "KLMNO"
        text run at (0,96) width 40: "PQRST"
        text run at (0,112) width 40: "UVWXY"
        text run at (0,128) width 8: "Z"
        text run at (8,128) width 8: " "
        text run at (0,144) width 40: "abcde"
        text run at (0,160) width 40: "fghij"
        text run at (0,176) width 40: "klmno"
        text run at (0,192) width 40: "pqrst"
        text run at (0,208) width 16: "uv"
        text run at (16,208) width 8: " "
layer at (375,231) size 181x66 clip at (376,232) size 164x64 scrollHeight 84
  RenderTextControl {TEXTAREA} at (14,2) size 181x66 [bgcolor=#FFFFFF] [border: (1px solid #000000)]
    RenderBlock {DIV} at (3,3) size 160x80
      RenderText {#text} at (0,0) size 160x80
        text run at (0,0) width 136: "Lorem ipsum dolor"
        text run at (136,0) width 8: " "
        text run at (0,16) width 160: "ABCDEFGHIJKLMNOPQRST"
        text run at (0,32) width 48: "UVWXYZ"
        text run at (48,32) width 8: " "
        text run at (0,48) width 160: "abcdefghijklmnopqrst"
        text run at (0,64) width 16: "uv"
        text run at (16,64) width 8: " "
layer at (375,317) size 66x66 clip at (376,318) size 49x64 scrollHeight 228
  RenderTextControl {TEXTAREA} at (14,2) size 66x66 [bgcolor=#FFFFFF] [border: (1px solid #000000)]
    RenderBlock {DIV} at (3,3) size 45x224
      RenderText {#text} at (0,0) size 45x224
        text run at (0,0) width 40: "Lorem"
        text run at (40,0) width 5: " "
        text run at (0,16) width 40: "ipsum"
        text run at (40,16) width 5: " "
        text run at (0,32) width 40: "dolor"
        text run at (40,32) width 5: " "
        text run at (0,48) width 40: "ABCDE"
        text run at (0,64) width 40: "FGHIJ"
        text run at (0,80) width 40: "KLMNO"
        text run at (0,96) width 40: "PQRST"
        text run at (0,112) width 40: "UVWXY"
        text run at (0,128) width 8: "Z"
        text run at (8,128) width 8: " "
        text run at (0,144) width 40: "abcde"
        text run at (0,160) width 40: "fghij"
        text run at (0,176) width 40: "klmno"
        text run at (0,192) width 40: "pqrst"
        text run at (0,208) width 16: "uv"
        text run at (16,208) width 8: " "
layer at (375,403) size 166x38 clip at (376,404) size 164x36 scrollHeight 84
  RenderTextControl {TEXTAREA} at (14,2) size 166x38 [bgcolor=#FFFFFF] [border: (1px solid #000000)]
    RenderBlock {DIV} at (3,3) size 160x80
      RenderText {#text} at (0,0) size 160x80
        text run at (0,0) width 136: "Lorem ipsum dolor"
        text run at (136,0) width 8: " "
        text run at (0,16) width 160: "ABCDEFGHIJKLMNOPQRST"
        text run at (0,32) width 48: "UVWXYZ"
        text run at (48,32) width 8: " "
        text run at (0,48) width 160: "abcdefghijklmnopqrst"
        text run at (0,64) width 16: "uv"
        text run at (16,64) width 8: " "
layer at (375,461) size 181x53 clip at (376,462) size 164x36 scrollHeight 84
  RenderTextControl {TEXTAREA} at (14,2) size 181x53 [bgcolor=#FFFFFF] [border: (1px solid #000000)]
    RenderBlock {DIV} at (3,3) size 160x80
      RenderText {#text} at (0,0) size 160x80
        text run at (0,0) width 136: "Lorem ipsum dolor"
        text run at (136,0) width 8: " "
        text run at (0,16) width 160: "ABCDEFGHIJKLMNOPQRST"
        text run at (0,32) width 48: "UVWXYZ"
        text run at (48,32) width 8: " "
        text run at (0,48) width 160: "abcdefghijklmnopqrst"
        text run at (0,64) width 16: "uv"
        text run at (16,64) width 8: " "
layer at (375,534) size 66x66 clip at (376,535) size 64x64 scrollHeight 180
  RenderTextControl {TEXTAREA} at (14,2) size 66x66 [bgcolor=#FFFFFF] [border: (1px solid #000000)]
    RenderBlock {DIV} at (3,3) size 60x176
      RenderText {#text} at (0,0) size 56x176
        text run at (0,0) width 40: "Lorem"
        text run at (40,0) width 8: " "
        text run at (0,16) width 40: "ipsum"
        text run at (40,16) width 8: " "
        text run at (0,32) width 40: "dolor"
        text run at (40,32) width 8: " "
        text run at (0,48) width 56: "ABCDEFG"
        text run at (0,64) width 56: "HIJKLMN"
        text run at (0,80) width 56: "OPQRSTU"
        text run at (0,96) width 40: "VWXYZ"
        text run at (40,96) width 8: " "
        text run at (0,112) width 56: "abcdefg"
        text run at (0,128) width 56: "hijklmn"
        text run at (0,144) width 56: "opqrstu"
        text run at (0,160) width 8: "v"
        text run at (8,160) width 8: " "
layer at (375,620) size 66x66 clip at (376,621) size 49x49 scrollHeight 228
  RenderTextControl {TEXTAREA} at (14,2) size 66x66 [bgcolor=#FFFFFF] [border: (1px solid #000000)]
    RenderBlock {DIV} at (3,3) size 45x224
      RenderText {#text} at (0,0) size 45x224
        text run at (0,0) width 40: "Lorem"
        text run at (40,0) width 5: " "
        text run at (0,16) width 40: "ipsum"
        text run at (40,16) width 5: " "
        text run at (0,32) width 40: "dolor"
        text run at (40,32) width 5: " "
        text run at (0,48) width 40: "ABCDE"
        text run at (0,64) width 40: "FGHIJ"
        text run at (0,80) width 40: "KLMNO"
        text run at (0,96) width 40: "PQRST"
        text run at (0,112) width 40: "UVWXY"
        text run at (0,128) width 8: "Z"
        text run at (8,128) width 8: " "
        text run at (0,144) width 40: "abcde"
        text run at (0,160) width 40: "fghij"
        text run at (0,176) width 40: "klmno"
        text run at (0,192) width 40: "pqrst"
        text run at (0,208) width 16: "uv"
        text run at (16,208) width 8: " "
layer at (375,706) size 66x66 clip at (376,707) size 49x64 scrollHeight 228
  RenderTextControl {TEXTAREA} at (14,2) size 66x66 [bgcolor=#FFFFFF] [border: (1px solid #000000)]
    RenderBlock {DIV} at (3,3) size 45x224
      RenderText {#text} at (0,0) size 45x224
        text run at (0,0) width 40: "Lorem"
        text run at (40,0) width 5: " "
        text run at (0,16) width 40: "ipsum"
        text run at (40,16) width 5: " "
        text run at (0,32) width 40: "dolor"
        text run at (40,32) width 5: " "
        text run at (0,48) width 40: "ABCDE"
        text run at (0,64) width 40: "FGHIJ"
        text run at (0,80) width 40: "KLMNO"
        text run at (0,96) width 40: "PQRST"
        text run at (0,112) width 40: "UVWXY"
        text run at (0,128) width 8: "Z"
        text run at (8,128) width 8: " "
        text run at (0,144) width 40: "abcde"
        text run at (0,160) width 40: "fghij"
        text run at (0,176) width 40: "klmno"
        text run at (0,192) width 40: "pqrst"
        text run at (0,208) width 16: "uv"
        text run at (16,208) width 8: " "
layer at (375,792) size 66x66 clip at (376,793) size 49x64 scrollHeight 228
  RenderTextControl {TEXTAREA} at (14,2) size 66x66 [bgcolor=#FFFFFF] [border: (1px solid #000000)]
    RenderBlock {DIV} at (3,3) size 45x224
      RenderText {#text} at (0,0) size 45x224
        text run at (0,0) width 40: "Lorem"
        text run at (40,0) width 5: " "
        text run at (0,16) width 40: "ipsum"
        text run at (40,16) width 5: " "
        text run at (0,32) width 40: "dolor"
        text run at (40,32) width 5: " "
        text run at (0,48) width 40: "ABCDE"
        text run at (0,64) width 40: "FGHIJ"
        text run at (0,80) width 40: "KLMNO"
        text run at (0,96) width 40: "PQRST"
        text run at (0,112) width 40: "UVWXY"
        text run at (0,128) width 8: "Z"
        text run at (8,128) width 8: " "
        text run at (0,144) width 40: "abcde"
        text run at (0,160) width 40: "fghij"
        text run at (0,176) width 40: "klmno"
        text run at (0,192) width 40: "pqrst"
        text run at (0,208) width 16: "uv"
        text run at (16,208) width 8: " "
layer at (375,878) size 66x66 clip at (376,879) size 49x64 scrollHeight 228
  RenderTextControl {TEXTAREA} at (14,2) size 66x66 [bgcolor=#FFFFFF] [border: (1px solid #000000)]
    RenderBlock {DIV} at (3,3) size 45x224
      RenderText {#text} at (0,0) size 45x224
        text run at (0,0) width 40: "Lorem"
        text run at (40,0) width 5: " "
        text run at (0,16) width 40: "ipsum"
        text run at (40,16) width 5: " "
        text run at (0,32) width 40: "dolor"
        text run at (40,32) width 5: " "
        text run at (0,48) width 40: "ABCDE"
        text run at (0,64) width 40: "FGHIJ"
        text run at (0,80) width 40: "KLMNO"
        text run at (0,96) width 40: "PQRST"
        text run at (0,112) width 40: "UVWXY"
        text run at (0,128) width 8: "Z"
        text run at (8,128) width 8: " "
        text run at (0,144) width 40: "abcde"
        text run at (0,160) width 40: "fghij"
        text run at (0,176) width 40: "klmno"
        text run at (0,192) width 40: "pqrst"
        text run at (0,208) width 16: "uv"
        text run at (16,208) width 8: " "
layer at (375,964) size 181x53 clip at (376,965) size 164x36 scrollWidth 290 scrollHeight 260
  RenderTextControl {TEXTAREA} at (14,2) size 181x53 [bgcolor=#FFFFFF] [border: (1px solid #000000)]
    RenderBlock {DIV} at (3,3) size 160x256
      RenderText {#text} at (0,0) size 288x240
        text run at (0,0) width 8: " "
        text run at (8,0) width 0: " "
        text run at (0,16) width 288: "This is a text area with wrap=\"soft\""
        text run at (288,16) width 0: " "
        text run at (0,32) width 288: "This is a text area with wrap=\"soft\""
        text run at (288,32) width 0: " "
        text run at (0,48) width 288: "This is a text area with wrap=\"soft\""
        text run at (288,48) width 0: " "
        text run at (0,64) width 288: "This is a text area with wrap=\"soft\""
        text run at (288,64) width 0: " "
        text run at (0,80) width 288: "This is a text area with wrap=\"soft\""
        text run at (288,80) width 0: " "
        text run at (0,96) width 288: "This is a text area with wrap=\"soft\""
        text run at (288,96) width 0: " "
        text run at (0,112) width 288: "This is a text area with wrap=\"soft\""
        text run at (288,112) width 0: " "
        text run at (0,128) width 288: "This is a text area with wrap=\"soft\""
        text run at (288,128) width 0: " "
        text run at (0,144) width 288: "This is a text area with wrap=\"soft\""
        text run at (288,144) width 0: " "
        text run at (0,160) width 288: "This is a text area with wrap=\"soft\""
        text run at (288,160) width 0: " "
        text run at (0,176) width 288: "This is a text area with wrap=\"soft\""
        text run at (288,176) width 0: " "
        text run at (0,192) width 288: "This is a text area with wrap=\"soft\""
        text run at (288,192) width 0: " "
        text run at (0,208) width 288: "This is a text area with wrap=\"soft\""
        text run at (288,208) width 0: " "
        text run at (0,224) width 288: "This is a text area with wrap=\"soft\""
        text run at (288,224) width 0: " "
      RenderBR {BR} at (0,240) size 0x16
layer at (375,1037) size 181x38 clip at (376,1038) size 164x36 scrollHeight 484
  RenderTextControl {TEXTAREA} at (14,2) size 181x38 [bgcolor=#FFFFFF] [border: (1px solid #000000)]
    RenderBlock {DIV} at (3,3) size 160x480
      RenderText {#text} at (0,0) size 160x464
        text run at (0,0) width 8: " "
        text run at (8,0) width 0: " "
        text run at (0,16) width 152: "This is a text area"
        text run at (152,16) width 8: " "
        text run at (0,32) width 128: "with wrap=\"soft\""
        text run at (128,32) width 0: " "
        text run at (0,48) width 152: "This is a text area"
        text run at (152,48) width 8: " "
        text run at (0,64) width 128: "with wrap=\"soft\""
        text run at (128,64) width 0: " "
        text run at (0,80) width 152: "This is a text area"
        text run at (152,80) width 8: " "
        text run at (0,96) width 128: "with wrap=\"soft\""
        text run at (128,96) width 0: " "
        text run at (0,112) width 152: "This is a text area"
        text run at (152,112) width 8: " "
        text run at (0,128) width 128: "with wrap=\"soft\""
        text run at (128,128) width 0: " "
        text run at (0,144) width 152: "This is a text area"
        text run at (152,144) width 8: " "
        text run at (0,160) width 128: "with wrap=\"soft\""
        text run at (128,160) width 0: " "
        text run at (0,176) width 152: "This is a text area"
        text run at (152,176) width 8: " "
        text run at (0,192) width 128: "with wrap=\"soft\""
        text run at (128,192) width 0: " "
        text run at (0,208) width 152: "This is a text area"
        text run at (152,208) width 8: " "
        text run at (0,224) width 128: "with wrap=\"soft\""
        text run at (128,224) width 0: " "
        text run at (0,240) width 152: "This is a text area"
        text run at (152,240) width 8: " "
        text run at (0,256) width 128: "with wrap=\"soft\""
        text run at (128,256) width 0: " "
        text run at (0,272) width 152: "This is a text area"
        text run at (152,272) width 8: " "
        text run at (0,288) width 128: "with wrap=\"soft\""
        text run at (128,288) width 0: " "
        text run at (0,304) width 152: "This is a text area"
        text run at (152,304) width 8: " "
        text run at (0,320) width 128: "with wrap=\"soft\""
        text run at (128,320) width 0: " "
        text run at (0,336) width 152: "This is a text area"
        text run at (152,336) width 8: " "
        text run at (0,352) width 128: "with wrap=\"soft\""
        text run at (128,352) width 0: " "
        text run at (0,368) width 152: "This is a text area"
        text run at (152,368) width 8: " "
        text run at (0,384) width 128: "with wrap=\"soft\""
        text run at (128,384) width 0: " "
        text run at (0,400) width 152: "This is a text area"
        text run at (152,400) width 8: " "
        text run at (0,416) width 128: "with wrap=\"soft\""
        text run at (128,416) width 0: " "
        text run at (0,432) width 152: "This is a text area"
        text run at (152,432) width 8: " "
        text run at (0,448) width 128: "with wrap=\"soft\""
        text run at (128,448) width 0: " "
      RenderBR {BR} at (0,464) size 0x16
layer at (375,1095) size 181x38 clip at (376,1096) size 164x36 scrollHeight 484
  RenderTextControl {TEXTAREA} at (14,2) size 181x38 [bgcolor=#FFFFFF] [border: (1px solid #000000)]
    RenderBlock {DIV} at (3,3) size 160x480
      RenderText {#text} at (0,0) size 160x464
        text run at (0,0) width 8: " "
        text run at (8,0) width 0: " "
        text run at (0,16) width 152: "This is a text area"
        text run at (152,16) width 8: " "
        text run at (0,32) width 128: "with wrap=\"soft\""
        text run at (128,32) width 0: " "
        text run at (0,48) width 152: "This is a text area"
        text run at (152,48) width 8: " "
        text run at (0,64) width 128: "with wrap=\"soft\""
        text run at (128,64) width 0: " "
        text run at (0,80) width 152: "This is a text area"
        text run at (152,80) width 8: " "
        text run at (0,96) width 128: "with wrap=\"soft\""
        text run at (128,96) width 0: " "
        text run at (0,112) width 152: "This is a text area"
        text run at (152,112) width 8: " "
        text run at (0,128) width 128: "with wrap=\"soft\""
        text run at (128,128) width 0: " "
        text run at (0,144) width 152: "This is a text area"
        text run at (152,144) width 8: " "
        text run at (0,160) width 128: "with wrap=\"soft\""
        text run at (128,160) width 0: " "
        text run at (0,176) width 152: "This is a text area"
        text run at (152,176) width 8: " "
        text run at (0,192) width 128: "with wrap=\"soft\""
        text run at (128,192) width 0: " "
        text run at (0,208) width 152: "This is a text area"
        text run at (152,208) width 8: " "
        text run at (0,224) width 128: "with wrap=\"soft\""
        text run at (128,224) width 0: " "
        text run at (0,240) width 152: "This is a text area"
        text run at (152,240) width 8: " "
        text run at (0,256) width 128: "with wrap=\"soft\""
        text run at (128,256) width 0: " "
        text run at (0,272) width 152: "This is a text area"
        text run at (152,272) width 8: " "
        text run at (0,288) width 128: "with wrap=\"soft\""
        text run at (128,288) width 0: " "
        text run at (0,304) width 152: "This is a text area"
        text run at (152,304) width 8: " "
        text run at (0,320) width 128: "with wrap=\"soft\""
        text run at (128,320) width 0: " "
        text run at (0,336) width 152: "This is a text area"
        text run at (152,336) width 8: " "
        text run at (0,352) width 128: "with wrap=\"soft\""
        text run at (128,352) width 0: " "
        text run at (0,368) width 152: "This is a text area"
        text run at (152,368) width 8: " "
        text run at (0,384) width 128: "with wrap=\"soft\""
        text run at (128,384) width 0: " "
        text run at (0,400) width 152: "This is a text area"
        text run at (152,400) width 8: " "
        text run at (0,416) width 128: "with wrap=\"soft\""
        text run at (128,416) width 0: " "
        text run at (0,432) width 152: "This is a text area"
        text run at (152,432) width 8: " "
        text run at (0,448) width 128: "with wrap=\"soft\""
        text run at (128,448) width 0: " "
      RenderBR {BR} at (0,464) size 0x16
