layer at (0,0) size 785x1084
  RenderView at (0,0) size 785x600
layer at (0,0) size 785x1084
  RenderBlock {HTML} at (0,0) size 785x600
    RenderBody {BODY} at (8,8) size 769x584
      RenderBlock (floating) {DIV} at (0,0) size 352x882 [border: (1px solid #FF0000)]
        RenderBlock (anonymous) at (1,1) size 350x14
          RenderText {#text} at (0,-1) size 177x16
            text run at (0,-1) width 177: "Plain textarea with little content"
        RenderBlock {DIV} at (1,15) size 352x42 [border: (1px solid #FF0000)]
          RenderText {#text} at (1,26) size 13x16
            text run at (1,26) width 13: "A "
          RenderText {#text} at (193,26) size 12x16
            text run at (193,26) width 12: " B"
        RenderBlock (anonymous) at (1,57) size 350x14
          RenderText {#text} at (0,-1) size 75x16
            text run at (0,-1) width 75: "Plain textarea"
        RenderBlock {DIV} at (1,71) size 352x42 [border: (1px solid #FF0000)]
          RenderText {#text} at (1,26) size 13x16
            text run at (1,26) width 13: "A "
          RenderText {#text} at (193,26) size 12x16
            text run at (193,26) width 12: " B"
        RenderBlock (anonymous) at (1,113) size 350x14
          RenderText {#text} at (0,-1) size 96x16
            text run at (0,-1) width 96: "Disabled textarea"
        RenderBlock {DIV} at (1,127) size 352x42 [border: (1px solid #FF0000)]
          RenderText {#text} at (1,26) size 13x16
            text run at (1,26) width 13: "A "
          RenderText {#text} at (193,26) size 12x16
            text run at (193,26) width 12: " B"
        RenderBlock (anonymous) at (1,169) size 350x14
          RenderText {#text} at (0,-1) size 119x16
            text run at (0,-1) width 119: "style=\"padding:10px\""
        RenderBlock {DIV} at (1,183) size 352x60 [border: (1px solid #FF0000)]
          RenderText {#text} at (1,44) size 13x16
            text run at (1,44) width 13: "A "
          RenderText {#text} at (211,44) size 12x16
            text run at (211,44) width 12: " B"
        RenderBlock (anonymous) at (1,243) size 350x14
          RenderText {#text} at (0,-1) size 112x16
            text run at (0,-1) width 112: "style=\"padding:0px\""
        RenderBlock {DIV} at (1,257) size 352x40 [border: (1px solid #FF0000)]
          RenderText {#text} at (1,24) size 13x16
            text run at (1,24) width 13: "A "
          RenderText {#text} at (191,24) size 12x16
            text run at (191,24) width 12: " B"
        RenderBlock (anonymous) at (1,297) size 350x14
          RenderText {#text} at (0,-1) size 114x16
            text run at (0,-1) width 114: "style=\"margin:10px\""
        RenderBlock {DIV} at (1,311) size 352x60 [border: (1px solid #FF0000)]
          RenderText {#text} at (1,44) size 13x16
            text run at (1,44) width 13: "A "
          RenderText {#text} at (213,44) size 12x16
            text run at (213,44) width 12: " B"
        RenderBlock (anonymous) at (1,371) size 350x14
          RenderText {#text} at (0,-1) size 107x16
            text run at (0,-1) width 107: "style=\"margin:0px\""
        RenderBlock {DIV} at (1,385) size 352x40 [border: (1px solid #FF0000)]
          RenderText {#text} at (1,24) size 13x16
            text run at (1,24) width 13: "A "
          RenderText {#text} at (193,24) size 12x16
            text run at (193,24) width 12: " B"
        RenderBlock (anonymous) at (1,425) size 350x14
          RenderText {#text} at (0,-1) size 38x16
            text run at (0,-1) width 38: "cols=3"
        RenderBlock {DIV} at (1,439) size 352x42 [border: (1px solid #FF0000)]
          RenderText {#text} at (1,26) size 13x16
            text run at (1,26) width 13: "A "
          RenderText {#text} at (57,26) size 12x16
            text run at (57,26) width 12: " B"
        RenderBlock (anonymous) at (1,481) size 350x14
          RenderText {#text} at (0,-1) size 44x16
            text run at (0,-1) width 44: "rows=3"
        RenderBlock {DIV} at (1,495) size 352x58 [border: (1px solid #FF0000)]
          RenderText {#text} at (1,42) size 13x16
            text run at (1,42) width 13: "A "
          RenderText {#text} at (193,42) size 12x16
            text run at (193,42) width 12: " B"
        RenderBlock (anonymous) at (1,553) size 350x14
          RenderText {#text} at (0,-1) size 45x16
            text run at (0,-1) width 45: "cols=10"
        RenderBlock {DIV} at (1,567) size 352x42 [border: (1px solid #FF0000)]
          RenderText {#text} at (1,26) size 13x16
            text run at (1,26) width 13: "A "
          RenderText {#text} at (113,26) size 12x16
            text run at (113,26) width 12: " B"
        RenderBlock (anonymous) at (1,609) size 350x14
          RenderText {#text} at (0,-1) size 51x16
            text run at (0,-1) width 51: "rows=10"
        RenderBlock {DIV} at (1,623) size 352x170 [border: (1px solid #FF0000)]
          RenderText {#text} at (1,154) size 13x16
            text run at (1,154) width 13: "A "
          RenderText {#text} at (193,154) size 12x16
            text run at (193,154) width 12: " B"
        RenderBlock (anonymous) at (1,793) size 350x14
          RenderText {#text} at (0,-1) size 86x16
            text run at (0,-1) width 86: "cols=5 rows=4"
        RenderBlock {DIV} at (1,807) size 352x74 [border: (1px solid #FF0000)]
          RenderText {#text} at (1,58) size 13x16
            text run at (1,58) width 13: "A "
          RenderText {#text} at (73,58) size 12x16
            text run at (73,58) width 12: " B"
      RenderBlock (floating) {DIV} at (352,0) size 352x1076 [border: (1px solid #FF0000)]
        RenderBlock (anonymous) at (1,1) size 350x14
          RenderText {#text} at (0,-1) size 107x16
            text run at (0,-1) width 107: "style=\"width:60px\""
        RenderBlock {DIV} at (1,15) size 352x42 [border: (1px solid #FF0000)]
          RenderText {#text} at (1,26) size 13x16
            text run at (1,26) width 13: "A "
          RenderText {#text} at (74,26) size 12x16
            text run at (74,26) width 12: " B"
        RenderBlock (anonymous) at (1,57) size 350x14
          RenderText {#text} at (0,-1) size 186x16
            text run at (0,-1) width 186: "style=\"width:60px;padding:20px\""
        RenderBlock {DIV} at (1,71) size 352x80 [border: (1px solid #FF0000)]
          RenderText {#text} at (1,64) size 13x16
            text run at (1,64) width 13: "A "
          RenderText {#text} at (74,64) size 12x16
            text run at (74,64) width 12: " B"
        RenderBlock (anonymous) at (1,151) size 350x14
          RenderText {#text} at (0,-1) size 165x16
            text run at (0,-1) width 165: "style=\"width:60px;padding:0\""
        RenderBlock {DIV} at (1,165) size 352x40 [border: (1px solid #FF0000)]
          RenderText {#text} at (1,24) size 13x16
            text run at (1,24) width 13: "A "
          RenderText {#text} at (74,24) size 12x16
            text run at (74,24) width 12: " B"
        RenderBlock (anonymous) at (1,205) size 350x14
          RenderText {#text} at (0,-1) size 109x16
            text run at (0,-1) width 109: "style=\"height:60px\""
        RenderBlock {DIV} at (1,219) size 352x66 [border: (1px solid #FF0000)]
          RenderText {#text} at (1,50) size 13x16
            text run at (1,50) width 13: "A "
          RenderText {#text} at (193,50) size 12x16
            text run at (193,50) width 12: " B"
        RenderBlock (anonymous) at (1,285) size 350x14
          RenderText {#text} at (0,-1) size 176x16
            text run at (0,-1) width 176: "style=\"width:60px;height:60px\""
        RenderBlock {DIV} at (1,299) size 352x66 [border: (1px solid #FF0000)]
          RenderText {#text} at (1,50) size 13x16
            text run at (1,50) width 13: "A "
          RenderText {#text} at (74,50) size 12x16
            text run at (74,50) width 12: " B"
        RenderBlock (anonymous) at (1,365) size 350x14
          RenderText {#text} at (0,-1) size 135x16
            text run at (0,-1) width 135: "style=\"overflow:hidden\""
        RenderBlock {DIV} at (1,379) size 352x42 [border: (1px solid #FF0000)]
          RenderText {#text} at (1,26) size 13x16
            text run at (1,26) width 13: "A "
          RenderText {#text} at (178,26) size 12x16
            text run at (178,26) width 12: " B"
        RenderBlock (anonymous) at (1,421) size 350x14
          RenderText {#text} at (0,-1) size 129x16
            text run at (0,-1) width 129: "style=\"overflow:scroll\""
        RenderBlock {DIV} at (1,435) size 352x57 [border: (1px solid #FF0000)]
          RenderText {#text} at (1,41) size 13x16
            text run at (1,41) width 13: "A "
          RenderText {#text} at (193,41) size 12x16
            text run at (193,41) width 12: " B"
        RenderBlock (anonymous) at (1,492) size 350x14
          RenderText {#text} at (0,-1) size 271x16
            text run at (0,-1) width 271: "style=\"overflow:hidden;width:60px;height:60px\""
        RenderBlock {DIV} at (1,506) size 352x66 [border: (1px solid #FF0000)]
          RenderText {#text} at (1,50) size 13x16
            text run at (1,50) width 13: "A "
          RenderText {#text} at (74,50) size 12x16
            text run at (74,50) width 12: " B"
        RenderBlock (anonymous) at (1,572) size 350x14
          RenderText {#text} at (0,-1) size 265x16
            text run at (0,-1) width 265: "style=\"overflow:scroll;width:60px;height:60px\""
        RenderBlock {DIV} at (1,586) size 352x66 [border: (1px solid #FF0000)]
          RenderText {#text} at (1,50) size 13x16
            text run at (1,50) width 13: "A "
          RenderText {#text} at (74,50) size 12x16
            text run at (74,50) width 12: " B"
        RenderBlock (anonymous) at (1,652) size 350x14
          RenderText {#text} at (0,-1) size 218x16
            text run at (0,-1) width 218: "cols=5 style=\"width:60px;height:60px\""
        RenderBlock {DIV} at (1,666) size 352x66 [border: (1px solid #FF0000)]
          RenderText {#text} at (1,50) size 13x16
            text run at (1,50) width 13: "A "
          RenderText {#text} at (74,50) size 12x16
            text run at (74,50) width 12: " B"
        RenderBlock (anonymous) at (1,732) size 350x14
          RenderText {#text} at (0,-1) size 224x16
            text run at (0,-1) width 224: "rows=4 style=\"width:60px;height:60px\""
        RenderBlock {DIV} at (1,746) size 352x66 [border: (1px solid #FF0000)]
          RenderText {#text} at (1,50) size 13x16
            text run at (1,50) width 13: "A "
          RenderText {#text} at (74,50) size 12x16
            text run at (74,50) width 12: " B"
        RenderBlock (anonymous) at (1,812) size 350x14
          RenderText {#text} at (0,-1) size 266x16
            text run at (0,-1) width 266: "cols=5 rows=4 style=\"width:60px;height:60px\""
        RenderBlock {DIV} at (1,826) size 352x66 [border: (1px solid #FF0000)]
          RenderText {#text} at (1,50) size 13x16
            text run at (1,50) width 13: "A "
          RenderText {#text} at (74,50) size 12x16
            text run at (74,50) width 12: " B"
        RenderBlock (anonymous) at (1,892) size 350x14
          RenderText {#text} at (0,-1) size 64x16
            text run at (0,-1) width 64: "wrap=\"off\""
        RenderBlock {DIV} at (1,906) size 352x57 [border: (1px solid #FF0000)]
          RenderText {#text} at (1,41) size 13x16
            text run at (1,41) width 13: "A "
          RenderText {#text} at (193,41) size 12x16
            text run at (193,41) width 4: " "
            text run at (197,41) width 8: "B"
        RenderBlock (anonymous) at (1,963) size 350x14
          RenderText {#text} at (0,-1) size 72x16
            text run at (0,-1) width 72: "wrap=\"hard\""
        RenderBlock {DIV} at (1,977) size 352x42 [border: (1px solid #FF0000)]
          RenderText {#text} at (1,26) size 13x16
            text run at (1,26) width 13: "A "
          RenderText {#text} at (193,26) size 12x16
            text run at (193,26) width 4: " "
            text run at (197,26) width 8: "B"
        RenderBlock (anonymous) at (1,1019) size 350x14
          RenderText {#text} at (0,-1) size 69x16
            text run at (0,-1) width 69: "wrap=\"soft\""
        RenderBlock {DIV} at (1,1033) size 352x42 [border: (1px solid #FF0000)]
          RenderText {#text} at (1,26) size 13x16
            text run at (1,26) width 13: "A "
          RenderText {#text} at (193,26) size 12x16
            text run at (193,26) width 4: " "
            text run at (197,26) width 8: "B"
layer at (23,25) size 179x36 clip at (24,26) size 177x34
  RenderTextControl {TEXTAREA} at (14,2) size 179x36 [bgcolor=#FFFFFF] [border: (1px solid #000000)]
    RenderBlock {DIV} at (3,3) size 158x16
      RenderText {#text} at (0,0) size 136x16
        text run at (0,0) width 136: "Lorem ipsum dolor"
layer at (23,81) size 179x36 clip at (24,82) size 162x34 scrollHeight 82
  RenderTextControl {TEXTAREA} at (14,2) size 179x36 [bgcolor=#FFFFFF] [border: (1px solid #000000)]
    RenderBlock {DIV} at (3,3) size 158x80
      RenderText {#text} at (0,0) size 152x80
        text run at (0,0) width 136: "Lorem ipsum dolor"
        text run at (136,0) width 8: " "
        text run at (0,16) width 152: "ABCDEFGHIJKLMNOPQRS"
        text run at (0,32) width 56: "TUVWXYZ"
        text run at (56,32) width 8: " "
        text run at (0,48) width 152: "abcdefghijklmnopqrs"
        text run at (0,64) width 24: "tuv"
        text run at (24,64) width 8: " "
layer at (23,137) size 179x36 clip at (24,138) size 162x34 scrollHeight 82
  RenderTextControl {TEXTAREA} at (14,2) size 179x36 [bgcolor=#EBEBE4] [border: (1px solid #000000)]
    RenderBlock {DIV} at (3,3) size 158x80 [color=#545454]
      RenderText {#text} at (0,0) size 152x80
        text run at (0,0) width 136: "Lorem ipsum dolor"
        text run at (136,0) width 8: " "
        text run at (0,16) width 152: "ABCDEFGHIJKLMNOPQRS"
        text run at (0,32) width 56: "TUVWXYZ"
        text run at (56,32) width 8: " "
        text run at (0,48) width 152: "abcdefghijklmnopqrs"
        text run at (0,64) width 24: "tuv"
        text run at (24,64) width 8: " "
layer at (23,193) size 197x54 clip at (24,194) size 180x52 scrollHeight 90
  RenderTextControl {TEXTAREA} at (14,2) size 197x54 [bgcolor=#FFFFFF] [border: (1px solid #000000)]
    RenderBlock {DIV} at (11,11) size 158x80
      RenderText {#text} at (0,0) size 152x80
        text run at (0,0) width 136: "Lorem ipsum dolor"
        text run at (136,0) width 8: " "
        text run at (0,16) width 152: "ABCDEFGHIJKLMNOPQRS"
        text run at (0,32) width 56: "TUVWXYZ"
        text run at (56,32) width 8: " "
        text run at (0,48) width 152: "abcdefghijklmnopqrs"
        text run at (0,64) width 24: "tuv"
        text run at (24,64) width 8: " "
layer at (23,267) size 177x34 clip at (24,268) size 160x32 scrollHeight 80
  RenderTextControl {TEXTAREA} at (14,2) size 177x34 [bgcolor=#FFFFFF] [border: (1px solid #000000)]
    RenderBlock {DIV} at (1,1) size 158x80
      RenderText {#text} at (0,0) size 152x80
        text run at (0,0) width 136: "Lorem ipsum dolor"
        text run at (136,0) width 8: " "
        text run at (0,16) width 152: "ABCDEFGHIJKLMNOPQRS"
        text run at (0,32) width 56: "TUVWXYZ"
        text run at (56,32) width 8: " "
        text run at (0,48) width 152: "abcdefghijklmnopqrs"
        text run at (0,64) width 24: "tuv"
        text run at (24,64) width 8: " "
layer at (33,330) size 179x36 clip at (34,331) size 162x34 scrollHeight 82
  RenderTextControl {TEXTAREA} at (24,11) size 179x36 [bgcolor=#FFFFFF] [border: (1px solid #000000)]
    RenderBlock {DIV} at (3,3) size 158x80
      RenderText {#text} at (0,0) size 152x80
        text run at (0,0) width 136: "Lorem ipsum dolor"
        text run at (136,0) width 8: " "
        text run at (0,16) width 152: "ABCDEFGHIJKLMNOPQRS"
        text run at (0,32) width 56: "TUVWXYZ"
        text run at (56,32) width 8: " "
        text run at (0,48) width 152: "abcdefghijklmnopqrs"
        text run at (0,64) width 24: "tuv"
        text run at (24,64) width 8: " "
layer at (23,394) size 179x36 clip at (24,395) size 162x34 scrollHeight 82
  RenderTextControl {TEXTAREA} at (14,1) size 179x36 [bgcolor=#FFFFFF] [border: (1px solid #000000)]
    RenderBlock {DIV} at (3,3) size 158x80
      RenderText {#text} at (0,0) size 152x80
        text run at (0,0) width 136: "Lorem ipsum dolor"
        text run at (136,0) width 8: " "
        text run at (0,16) width 152: "ABCDEFGHIJKLMNOPQRS"
        text run at (0,32) width 56: "TUVWXYZ"
        text run at (56,32) width 8: " "
        text run at (0,48) width 152: "abcdefghijklmnopqrs"
        text run at (0,64) width 24: "tuv"
        text run at (24,64) width 8: " "
layer at (23,449) size 43x36 clip at (24,450) size 26x34 scrollHeight 530
  RenderTextControl {TEXTAREA} at (14,2) size 43x36 [bgcolor=#FFFFFF] [border: (1px solid #000000)]
    RenderBlock {DIV} at (3,3) size 22x528
      RenderText {#text} at (0,0) size 22x528
        text run at (0,0) width 16: "Lo"
        text run at (0,16) width 16: "re"
        text run at (0,32) width 8: "m"
        text run at (8,32) width 8: " "
        text run at (0,48) width 16: "ip"
        text run at (0,64) width 16: "su"
        text run at (0,80) width 8: "m"
        text run at (8,80) width 8: " "
        text run at (0,96) width 16: "do"
        text run at (0,112) width 16: "lo"
        text run at (0,128) width 8: "r"
        text run at (8,128) width 8: " "
        text run at (0,144) width 16: "AB"
        text run at (0,160) width 16: "CD"
        text run at (0,176) width 16: "EF"
        text run at (0,192) width 16: "GH"
        text run at (0,208) width 16: "IJ"
        text run at (0,224) width 16: "KL"
        text run at (0,240) width 16: "MN"
        text run at (0,256) width 16: "OP"
        text run at (0,272) width 16: "QR"
        text run at (0,288) width 16: "ST"
        text run at (0,304) width 16: "UV"
        text run at (0,320) width 16: "WX"
        text run at (0,336) width 16: "YZ"
        text run at (16,336) width 6: " "
        text run at (0,352) width 16: "ab"
        text run at (0,368) width 16: "cd"
        text run at (0,384) width 16: "ef"
        text run at (0,400) width 16: "gh"
        text run at (0,416) width 16: "ij"
        text run at (0,432) width 16: "kl"
        text run at (0,448) width 16: "mn"
        text run at (0,464) width 16: "op"
        text run at (0,480) width 16: "qr"
        text run at (0,496) width 16: "st"
        text run at (0,512) width 16: "uv"
layer at (23,505) size 179x52 clip at (24,506) size 162x50 scrollHeight 82
  RenderTextControl {TEXTAREA} at (14,2) size 179x52 [bgcolor=#FFFFFF] [border: (1px solid #000000)]
    RenderBlock {DIV} at (3,3) size 158x80
      RenderText {#text} at (0,0) size 152x80
        text run at (0,0) width 136: "Lorem ipsum dolor"
        text run at (136,0) width 8: " "
        text run at (0,16) width 152: "ABCDEFGHIJKLMNOPQRS"
        text run at (0,32) width 56: "TUVWXYZ"
        text run at (56,32) width 8: " "
        text run at (0,48) width 152: "abcdefghijklmnopqrs"
        text run at (0,64) width 24: "tuv"
        text run at (24,64) width 8: " "
layer at (23,577) size 99x36 clip at (24,578) size 82x34 scrollHeight 146
  RenderTextControl {TEXTAREA} at (14,2) size 99x36 [bgcolor=#FFFFFF] [border: (1px solid #000000)]
    RenderBlock {DIV} at (3,3) size 78x144
      RenderText {#text} at (0,0) size 72x144
        text run at (0,0) width 40: "Lorem"
        text run at (40,0) width 8: " "
        text run at (0,16) width 40: "ipsum"
        text run at (40,16) width 8: " "
        text run at (0,32) width 40: "dolor"
        text run at (40,32) width 8: " "
        text run at (0,48) width 72: "ABCDEFGHI"
        text run at (0,64) width 72: "JKLMNOPQR"
        text run at (0,80) width 64: "STUVWXYZ"
        text run at (64,80) width 8: " "
        text run at (0,96) width 72: "abcdefghi"
        text run at (0,112) width 72: "jklmnopqr"
        text run at (0,128) width 32: "stuv"
        text run at (32,128) width 8: " "
layer at (23,633) size 179x164 clip at (24,634) size 177x162
  RenderTextControl {TEXTAREA} at (14,2) size 179x164 [bgcolor=#FFFFFF] [border: (1px solid #000000)]
    RenderBlock {DIV} at (3,3) size 158x80
      RenderText {#text} at (0,0) size 152x80
        text run at (0,0) width 136: "Lorem ipsum dolor"
        text run at (136,0) width 8: " "
        text run at (0,16) width 152: "ABCDEFGHIJKLMNOPQRS"
        text run at (0,32) width 56: "TUVWXYZ"
        text run at (56,32) width 8: " "
        text run at (0,48) width 152: "abcdefghijklmnopqrs"
        text run at (0,64) width 24: "tuv"
        text run at (24,64) width 8: " "
layer at (23,817) size 59x68 clip at (24,818) size 42x66 scrollHeight 306
  RenderTextControl {TEXTAREA} at (14,2) size 59x68 [bgcolor=#FFFFFF] [border: (1px solid #000000)]
    RenderBlock {DIV} at (3,3) size 38x304
      RenderText {#text} at (0,0) size 32x304
        text run at (0,0) width 32: "Lore"
        text run at (0,16) width 8: "m"
        text run at (8,16) width 8: " "
        text run at (0,32) width 32: "ipsu"
        text run at (0,48) width 8: "m"
        text run at (8,48) width 8: " "
        text run at (0,64) width 32: "dolo"
        text run at (0,80) width 8: "r"
        text run at (8,80) width 8: " "
        text run at (0,96) width 32: "ABCD"
        text run at (0,112) width 32: "EFGH"
        text run at (0,128) width 32: "IJKL"
        text run at (0,144) width 32: "MNOP"
        text run at (0,160) width 32: "QRST"
        text run at (0,176) width 32: "UVWX"
        text run at (0,192) width 16: "YZ"
        text run at (16,192) width 8: " "
        text run at (0,208) width 32: "abcd"
        text run at (0,224) width 32: "efgh"
        text run at (0,240) width 32: "ijkl"
        text run at (0,256) width 32: "mnop"
        text run at (0,272) width 32: "qrst"
        text run at (0,288) width 16: "uv"
        text run at (16,288) width 8: " "
layer at (375,25) size 60x36 clip at (376,26) size 43x34 scrollHeight 306
  RenderTextControl {TEXTAREA} at (14,2) size 60x36 [bgcolor=#FFFFFF] [border: (1px solid #000000)]
    RenderBlock {DIV} at (3,3) size 39x304
      RenderText {#text} at (0,0) size 32x304
        text run at (0,0) width 32: "Lore"
        text run at (0,16) width 8: "m"
        text run at (8,16) width 8: " "
        text run at (0,32) width 32: "ipsu"
        text run at (0,48) width 8: "m"
        text run at (8,48) width 8: " "
        text run at (0,64) width 32: "dolo"
        text run at (0,80) width 8: "r"
        text run at (8,80) width 8: " "
        text run at (0,96) width 32: "ABCD"
        text run at (0,112) width 32: "EFGH"
        text run at (0,128) width 32: "IJKL"
        text run at (0,144) width 32: "MNOP"
        text run at (0,160) width 32: "QRST"
        text run at (0,176) width 32: "UVWX"
        text run at (0,192) width 16: "YZ"
        text run at (16,192) width 8: " "
        text run at (0,208) width 32: "abcd"
        text run at (0,224) width 32: "efgh"
        text run at (0,240) width 32: "ijkl"
        text run at (0,256) width 32: "mnop"
        text run at (0,272) width 32: "qrst"
        text run at (0,288) width 16: "uv"
        text run at (16,288) width 8: " "
layer at (375,81) size 60x74 clip at (376,82) size 43x72 scrollHeight 1028
  RenderTextControl {TEXTAREA} at (14,2) size 60x74 [bgcolor=#FFFFFF] [border: (1px solid #000000)]
    RenderBlock {DIV} at (21,21) size 1x1008
      RenderText {#text} at (0,0) size 8x1008
        text run at (0,0) width 8: "L"
        text run at (0,16) width 8: "o"
        text run at (0,32) width 8: "r"
        text run at (0,48) width 8: "e"
        text run at (0,64) width 8: "m"
        text run at (0,80) width 8: "i"
        text run at (0,96) width 8: "p"
        text run at (0,112) width 8: "s"
        text run at (0,128) width 8: "u"
        text run at (0,144) width 8: "m"
        text run at (0,160) width 8: "d"
        text run at (0,176) width 8: "o"
        text run at (0,192) width 8: "l"
        text run at (0,208) width 8: "o"
        text run at (0,224) width 8: "r"
        text run at (0,240) width 8: "A"
        text run at (0,256) width 8: "B"
        text run at (0,272) width 8: "C"
        text run at (0,288) width 8: "D"
        text run at (0,304) width 8: "E"
        text run at (0,320) width 8: "F"
        text run at (0,336) width 8: "G"
        text run at (0,352) width 8: "H"
        text run at (0,368) width 8: "I"
        text run at (0,384) width 8: "J"
        text run at (0,400) width 8: "K"
        text run at (0,416) width 8: "L"
        text run at (0,432) width 8: "M"
        text run at (0,448) width 8: "N"
        text run at (0,464) width 8: "O"
        text run at (0,480) width 8: "P"
        text run at (0,496) width 8: "Q"
        text run at (0,512) width 8: "R"
        text run at (0,528) width 8: "S"
        text run at (0,544) width 8: "T"
        text run at (0,560) width 8: "U"
        text run at (0,576) width 8: "V"
        text run at (0,592) width 8: "W"
        text run at (0,608) width 8: "X"
        text run at (0,624) width 8: "Y"
        text run at (0,640) width 8: "Z"
        text run at (0,656) width 8: "a"
        text run at (0,672) width 8: "b"
        text run at (0,688) width 8: "c"
        text run at (0,704) width 8: "d"
        text run at (0,720) width 8: "e"
        text run at (0,736) width 8: "f"
        text run at (0,752) width 8: "g"
        text run at (0,768) width 8: "h"
        text run at (0,784) width 8: "i"
        text run at (0,800) width 8: "j"
        text run at (0,816) width 8: "k"
        text run at (0,832) width 8: "l"
        text run at (0,848) width 8: "m"
        text run at (0,864) width 8: "n"
        text run at (0,880) width 8: "o"
        text run at (0,896) width 8: "p"
        text run at (0,912) width 8: "q"
        text run at (0,928) width 8: "r"
        text run at (0,944) width 8: "s"
        text run at (0,960) width 8: "t"
        text run at (0,976) width 8: "u"
        text run at (0,992) width 8: "v"
layer at (375,175) size 60x34 clip at (376,176) size 43x32 scrollHeight 224
  RenderTextControl {TEXTAREA} at (14,2) size 60x34 [bgcolor=#FFFFFF] [border: (1px solid #000000)]
    RenderBlock {DIV} at (1,1) size 41x224
      RenderText {#text} at (0,0) size 41x224
        text run at (0,0) width 40: "Lorem"
        text run at (40,0) width 1: " "
        text run at (0,16) width 40: "ipsum"
        text run at (40,16) width 1: " "
        text run at (0,32) width 40: "dolor"
        text run at (40,32) width 1: " "
        text run at (0,48) width 40: "ABCDE"
        text run at (0,64) width 40: "FGHIJ"
        text run at (0,80) width 40: "KLMNO"
        text run at (0,96) width 40: "PQRST"
        text run at (0,112) width 40: "UVWXY"
        text run at (0,128) width 8: "Z"
        text run at (8,128) width 8: " "
        text run at (0,144) width 40: "abcde"
        text run at (0,160) width 40: "fghij"
        text run at (0,176) width 40: "klmno"
        text run at (0,192) width 40: "pqrst"
        text run at (0,208) width 16: "uv"
        text run at (16,208) width 8: " "
layer at (375,229) size 179x60 clip at (376,230) size 162x58 scrollHeight 82
  RenderTextControl {TEXTAREA} at (14,2) size 179x60 [bgcolor=#FFFFFF] [border: (1px solid #000000)]
    RenderBlock {DIV} at (3,3) size 158x80
      RenderText {#text} at (0,0) size 152x80
        text run at (0,0) width 136: "Lorem ipsum dolor"
        text run at (136,0) width 8: " "
        text run at (0,16) width 152: "ABCDEFGHIJKLMNOPQRS"
        text run at (0,32) width 56: "TUVWXYZ"
        text run at (56,32) width 8: " "
        text run at (0,48) width 152: "abcdefghijklmnopqrs"
        text run at (0,64) width 24: "tuv"
        text run at (24,64) width 8: " "
layer at (375,309) size 60x60 clip at (376,310) size 43x58 scrollHeight 306
  RenderTextControl {TEXTAREA} at (14,2) size 60x60 [bgcolor=#FFFFFF] [border: (1px solid #000000)]
    RenderBlock {DIV} at (3,3) size 39x304
      RenderText {#text} at (0,0) size 32x304
        text run at (0,0) width 32: "Lore"
        text run at (0,16) width 8: "m"
        text run at (8,16) width 8: " "
        text run at (0,32) width 32: "ipsu"
        text run at (0,48) width 8: "m"
        text run at (8,48) width 8: " "
        text run at (0,64) width 32: "dolo"
        text run at (0,80) width 8: "r"
        text run at (8,80) width 8: " "
        text run at (0,96) width 32: "ABCD"
        text run at (0,112) width 32: "EFGH"
        text run at (0,128) width 32: "IJKL"
        text run at (0,144) width 32: "MNOP"
        text run at (0,160) width 32: "QRST"
        text run at (0,176) width 32: "UVWX"
        text run at (0,192) width 16: "YZ"
        text run at (16,192) width 8: " "
        text run at (0,208) width 32: "abcd"
        text run at (0,224) width 32: "efgh"
        text run at (0,240) width 32: "ijkl"
        text run at (0,256) width 32: "mnop"
        text run at (0,272) width 32: "qrst"
        text run at (0,288) width 16: "uv"
        text run at (16,288) width 8: " "
layer at (375,389) size 164x36 clip at (376,390) size 162x34 scrollHeight 82
  RenderTextControl {TEXTAREA} at (14,2) size 164x36 [bgcolor=#FFFFFF] [border: (1px solid #000000)]
    RenderBlock {DIV} at (3,3) size 158x80
      RenderText {#text} at (0,0) size 152x80
        text run at (0,0) width 136: "Lorem ipsum dolor"
        text run at (136,0) width 8: " "
        text run at (0,16) width 152: "ABCDEFGHIJKLMNOPQRS"
        text run at (0,32) width 56: "TUVWXYZ"
        text run at (56,32) width 8: " "
        text run at (0,48) width 152: "abcdefghijklmnopqrs"
        text run at (0,64) width 24: "tuv"
        text run at (24,64) width 8: " "
layer at (375,445) size 179x51 clip at (376,446) size 162x34 scrollHeight 82
  RenderTextControl {TEXTAREA} at (14,2) size 179x51 [bgcolor=#FFFFFF] [border: (1px solid #000000)]
    RenderBlock {DIV} at (3,3) size 158x80
      RenderText {#text} at (0,0) size 152x80
        text run at (0,0) width 136: "Lorem ipsum dolor"
        text run at (136,0) width 8: " "
        text run at (0,16) width 152: "ABCDEFGHIJKLMNOPQRS"
        text run at (0,32) width 56: "TUVWXYZ"
        text run at (56,32) width 8: " "
        text run at (0,48) width 152: "abcdefghijklmnopqrs"
        text run at (0,64) width 24: "tuv"
        text run at (24,64) width 8: " "
layer at (375,516) size 60x60 clip at (376,517) size 58x58 scrollHeight 194
  RenderTextControl {TEXTAREA} at (14,2) size 60x60 [bgcolor=#FFFFFF] [border: (1px solid #000000)]
    RenderBlock {DIV} at (3,3) size 54x192
      RenderText {#text} at (0,0) size 48x192
        text run at (0,0) width 40: "Lorem"
        text run at (40,0) width 8: " "
        text run at (0,16) width 40: "ipsum"
        text run at (40,16) width 8: " "
        text run at (0,32) width 40: "dolor"
        text run at (40,32) width 8: " "
        text run at (0,48) width 48: "ABCDEF"
        text run at (0,64) width 48: "GHIJKL"
        text run at (0,80) width 48: "MNOPQR"
        text run at (0,96) width 48: "STUVWX"
        text run at (0,112) width 16: "YZ"
        text run at (16,112) width 8: " "
        text run at (0,128) width 48: "abcdef"
        text run at (0,144) width 48: "ghijkl"
        text run at (0,160) width 48: "mnopqr"
        text run at (0,176) width 32: "stuv"
        text run at (32,176) width 8: " "
layer at (375,596) size 60x60 clip at (376,597) size 43x43 scrollHeight 306
  RenderTextControl {TEXTAREA} at (14,2) size 60x60 [bgcolor=#FFFFFF] [border: (1px solid #000000)]
    RenderBlock {DIV} at (3,3) size 39x304
      RenderText {#text} at (0,0) size 32x304
        text run at (0,0) width 32: "Lore"
        text run at (0,16) width 8: "m"
        text run at (8,16) width 8: " "
        text run at (0,32) width 32: "ipsu"
        text run at (0,48) width 8: "m"
        text run at (8,48) width 8: " "
        text run at (0,64) width 32: "dolo"
        text run at (0,80) width 8: "r"
        text run at (8,80) width 8: " "
        text run at (0,96) width 32: "ABCD"
        text run at (0,112) width 32: "EFGH"
        text run at (0,128) width 32: "IJKL"
        text run at (0,144) width 32: "MNOP"
        text run at (0,160) width 32: "QRST"
        text run at (0,176) width 32: "UVWX"
        text run at (0,192) width 16: "YZ"
        text run at (16,192) width 8: " "
        text run at (0,208) width 32: "abcd"
        text run at (0,224) width 32: "efgh"
        text run at (0,240) width 32: "ijkl"
        text run at (0,256) width 32: "mnop"
        text run at (0,272) width 32: "qrst"
        text run at (0,288) width 16: "uv"
        text run at (16,288) width 8: " "
layer at (375,676) size 60x60 clip at (376,677) size 43x58 scrollHeight 306
  RenderTextControl {TEXTAREA} at (14,2) size 60x60 [bgcolor=#FFFFFF] [border: (1px solid #000000)]
    RenderBlock {DIV} at (3,3) size 39x304
      RenderText {#text} at (0,0) size 32x304
        text run at (0,0) width 32: "Lore"
        text run at (0,16) width 8: "m"
        text run at (8,16) width 8: " "
        text run at (0,32) width 32: "ipsu"
        text run at (0,48) width 8: "m"
        text run at (8,48) width 8: " "
        text run at (0,64) width 32: "dolo"
        text run at (0,80) width 8: "r"
        text run at (8,80) width 8: " "
        text run at (0,96) width 32: "ABCD"
        text run at (0,112) width 32: "EFGH"
        text run at (0,128) width 32: "IJKL"
        text run at (0,144) width 32: "MNOP"
        text run at (0,160) width 32: "QRST"
        text run at (0,176) width 32: "UVWX"
        text run at (0,192) width 16: "YZ"
        text run at (16,192) width 8: " "
        text run at (0,208) width 32: "abcd"
        text run at (0,224) width 32: "efgh"
        text run at (0,240) width 32: "ijkl"
        text run at (0,256) width 32: "mnop"
        text run at (0,272) width 32: "qrst"
        text run at (0,288) width 16: "uv"
        text run at (16,288) width 8: " "
layer at (375,756) size 60x60 clip at (376,757) size 43x58 scrollHeight 306
  RenderTextControl {TEXTAREA} at (14,2) size 60x60 [bgcolor=#FFFFFF] [border: (1px solid #000000)]
    RenderBlock {DIV} at (3,3) size 39x304
      RenderText {#text} at (0,0) size 32x304
        text run at (0,0) width 32: "Lore"
        text run at (0,16) width 8: "m"
        text run at (8,16) width 8: " "
        text run at (0,32) width 32: "ipsu"
        text run at (0,48) width 8: "m"
        text run at (8,48) width 8: " "
        text run at (0,64) width 32: "dolo"
        text run at (0,80) width 8: "r"
        text run at (8,80) width 8: " "
        text run at (0,96) width 32: "ABCD"
        text run at (0,112) width 32: "EFGH"
        text run at (0,128) width 32: "IJKL"
        text run at (0,144) width 32: "MNOP"
        text run at (0,160) width 32: "QRST"
        text run at (0,176) width 32: "UVWX"
        text run at (0,192) width 16: "YZ"
        text run at (16,192) width 8: " "
        text run at (0,208) width 32: "abcd"
        text run at (0,224) width 32: "efgh"
        text run at (0,240) width 32: "ijkl"
        text run at (0,256) width 32: "mnop"
        text run at (0,272) width 32: "qrst"
        text run at (0,288) width 16: "uv"
        text run at (16,288) width 8: " "
layer at (375,836) size 60x60 clip at (376,837) size 43x58 scrollHeight 306
  RenderTextControl {TEXTAREA} at (14,2) size 60x60 [bgcolor=#FFFFFF] [border: (1px solid #000000)]
    RenderBlock {DIV} at (3,3) size 39x304
      RenderText {#text} at (0,0) size 32x304
        text run at (0,0) width 32: "Lore"
        text run at (0,16) width 8: "m"
        text run at (8,16) width 8: " "
        text run at (0,32) width 32: "ipsu"
        text run at (0,48) width 8: "m"
        text run at (8,48) width 8: " "
        text run at (0,64) width 32: "dolo"
        text run at (0,80) width 8: "r"
        text run at (8,80) width 8: " "
        text run at (0,96) width 32: "ABCD"
        text run at (0,112) width 32: "EFGH"
        text run at (0,128) width 32: "IJKL"
        text run at (0,144) width 32: "MNOP"
        text run at (0,160) width 32: "QRST"
        text run at (0,176) width 32: "UVWX"
        text run at (0,192) width 16: "YZ"
        text run at (16,192) width 8: " "
        text run at (0,208) width 32: "abcd"
        text run at (0,224) width 32: "efgh"
        text run at (0,240) width 32: "ijkl"
        text run at (0,256) width 32: "mnop"
        text run at (0,272) width 32: "qrst"
        text run at (0,288) width 16: "uv"
        text run at (16,288) width 8: " "
layer at (375,916) size 179x51 clip at (376,917) size 162x34 scrollWidth 290 scrollHeight 258
  RenderTextControl {TEXTAREA} at (14,2) size 179x51 [bgcolor=#FFFFFF] [border: (1px solid #000000)]
    RenderBlock {DIV} at (3,3) size 158x256
      RenderText {#text} at (0,0) size 288x240
        text run at (0,0) width 8: " "
        text run at (8,0) width 0: " "
        text run at (0,16) width 288: "This is a text area with wrap=\"soft\""
        text run at (288,16) width 0: " "
        text run at (0,32) width 288: "This is a text area with wrap=\"soft\""
        text run at (288,32) width 0: " "
        text run at (0,48) width 288: "This is a text area with wrap=\"soft\""
        text run at (288,48) width 0: " "
        text run at (0,64) width 288: "This is a text area with wrap=\"soft\""
        text run at (288,64) width 0: " "
        text run at (0,80) width 288: "This is a text area with wrap=\"soft\""
        text run at (288,80) width 0: " "
        text run at (0,96) width 288: "This is a text area with wrap=\"soft\""
        text run at (288,96) width 0: " "
        text run at (0,112) width 288: "This is a text area with wrap=\"soft\""
        text run at (288,112) width 0: " "
        text run at (0,128) width 288: "This is a text area with wrap=\"soft\""
        text run at (288,128) width 0: " "
        text run at (0,144) width 288: "This is a text area with wrap=\"soft\""
        text run at (288,144) width 0: " "
        text run at (0,160) width 288: "This is a text area with wrap=\"soft\""
        text run at (288,160) width 0: " "
        text run at (0,176) width 288: "This is a text area with wrap=\"soft\""
        text run at (288,176) width 0: " "
        text run at (0,192) width 288: "This is a text area with wrap=\"soft\""
        text run at (288,192) width 0: " "
        text run at (0,208) width 288: "This is a text area with wrap=\"soft\""
        text run at (288,208) width 0: " "
        text run at (0,224) width 288: "This is a text area with wrap=\"soft\""
        text run at (288,224) width 0: " "
      RenderBR {BR} at (0,240) size 0x16
layer at (375,987) size 179x36 clip at (376,988) size 162x34 scrollHeight 482
  RenderTextControl {TEXTAREA} at (14,2) size 179x36 [bgcolor=#FFFFFF] [border: (1px solid #000000)]
    RenderBlock {DIV} at (3,3) size 158x480
      RenderText {#text} at (0,0) size 158x464
        text run at (0,0) width 8: " "
        text run at (8,0) width 0: " "
        text run at (0,16) width 152: "This is a text area"
        text run at (152,16) width 6: " "
        text run at (0,32) width 128: "with wrap=\"soft\""
        text run at (128,32) width 0: " "
        text run at (0,48) width 152: "This is a text area"
        text run at (152,48) width 6: " "
        text run at (0,64) width 128: "with wrap=\"soft\""
        text run at (128,64) width 0: " "
        text run at (0,80) width 152: "This is a text area"
        text run at (152,80) width 6: " "
        text run at (0,96) width 128: "with wrap=\"soft\""
        text run at (128,96) width 0: " "
        text run at (0,112) width 152: "This is a text area"
        text run at (152,112) width 6: " "
        text run at (0,128) width 128: "with wrap=\"soft\""
        text run at (128,128) width 0: " "
        text run at (0,144) width 152: "This is a text area"
        text run at (152,144) width 6: " "
        text run at (0,160) width 128: "with wrap=\"soft\""
        text run at (128,160) width 0: " "
        text run at (0,176) width 152: "This is a text area"
        text run at (152,176) width 6: " "
        text run at (0,192) width 128: "with wrap=\"soft\""
        text run at (128,192) width 0: " "
        text run at (0,208) width 152: "This is a text area"
        text run at (152,208) width 6: " "
        text run at (0,224) width 128: "with wrap=\"soft\""
        text run at (128,224) width 0: " "
        text run at (0,240) width 152: "This is a text area"
        text run at (152,240) width 6: " "
        text run at (0,256) width 128: "with wrap=\"soft\""
        text run at (128,256) width 0: " "
        text run at (0,272) width 152: "This is a text area"
        text run at (152,272) width 6: " "
        text run at (0,288) width 128: "with wrap=\"soft\""
        text run at (128,288) width 0: " "
        text run at (0,304) width 152: "This is a text area"
        text run at (152,304) width 6: " "
        text run at (0,320) width 128: "with wrap=\"soft\""
        text run at (128,320) width 0: " "
        text run at (0,336) width 152: "This is a text area"
        text run at (152,336) width 6: " "
        text run at (0,352) width 128: "with wrap=\"soft\""
        text run at (128,352) width 0: " "
        text run at (0,368) width 152: "This is a text area"
        text run at (152,368) width 6: " "
        text run at (0,384) width 128: "with wrap=\"soft\""
        text run at (128,384) width 0: " "
        text run at (0,400) width 152: "This is a text area"
        text run at (152,400) width 6: " "
        text run at (0,416) width 128: "with wrap=\"soft\""
        text run at (128,416) width 0: " "
        text run at (0,432) width 152: "This is a text area"
        text run at (152,432) width 6: " "
        text run at (0,448) width 128: "with wrap=\"soft\""
        text run at (128,448) width 0: " "
      RenderBR {BR} at (0,464) size 0x16
layer at (375,1043) size 179x36 clip at (376,1044) size 162x34 scrollHeight 482
  RenderTextControl {TEXTAREA} at (14,2) size 179x36 [bgcolor=#FFFFFF] [border: (1px solid #000000)]
    RenderBlock {DIV} at (3,3) size 158x480
      RenderText {#text} at (0,0) size 158x464
        text run at (0,0) width 8: " "
        text run at (8,0) width 0: " "
        text run at (0,16) width 152: "This is a text area"
        text run at (152,16) width 6: " "
        text run at (0,32) width 128: "with wrap=\"soft\""
        text run at (128,32) width 0: " "
        text run at (0,48) width 152: "This is a text area"
        text run at (152,48) width 6: " "
        text run at (0,64) width 128: "with wrap=\"soft\""
        text run at (128,64) width 0: " "
        text run at (0,80) width 152: "This is a text area"
        text run at (152,80) width 6: " "
        text run at (0,96) width 128: "with wrap=\"soft\""
        text run at (128,96) width 0: " "
        text run at (0,112) width 152: "This is a text area"
        text run at (152,112) width 6: " "
        text run at (0,128) width 128: "with wrap=\"soft\""
        text run at (128,128) width 0: " "
        text run at (0,144) width 152: "This is a text area"
        text run at (152,144) width 6: " "
        text run at (0,160) width 128: "with wrap=\"soft\""
        text run at (128,160) width 0: " "
        text run at (0,176) width 152: "This is a text area"
        text run at (152,176) width 6: " "
        text run at (0,192) width 128: "with wrap=\"soft\""
        text run at (128,192) width 0: " "
        text run at (0,208) width 152: "This is a text area"
        text run at (152,208) width 6: " "
        text run at (0,224) width 128: "with wrap=\"soft\""
        text run at (128,224) width 0: " "
        text run at (0,240) width 152: "This is a text area"
        text run at (152,240) width 6: " "
        text run at (0,256) width 128: "with wrap=\"soft\""
        text run at (128,256) width 0: " "
        text run at (0,272) width 152: "This is a text area"
        text run at (152,272) width 6: " "
        text run at (0,288) width 128: "with wrap=\"soft\""
        text run at (128,288) width 0: " "
        text run at (0,304) width 152: "This is a text area"
        text run at (152,304) width 6: " "
        text run at (0,320) width 128: "with wrap=\"soft\""
        text run at (128,320) width 0: " "
        text run at (0,336) width 152: "This is a text area"
        text run at (152,336) width 6: " "
        text run at (0,352) width 128: "with wrap=\"soft\""
        text run at (128,352) width 0: " "
        text run at (0,368) width 152: "This is a text area"
        text run at (152,368) width 6: " "
        text run at (0,384) width 128: "with wrap=\"soft\""
        text run at (128,384) width 0: " "
        text run at (0,400) width 152: "This is a text area"
        text run at (152,400) width 6: " "
        text run at (0,416) width 128: "with wrap=\"soft\""
        text run at (128,416) width 0: " "
        text run at (0,432) width 152: "This is a text area"
        text run at (152,432) width 6: " "
        text run at (0,448) width 128: "with wrap=\"soft\""
        text run at (128,448) width 0: " "
      RenderBR {BR} at (0,464) size 0x16
