layer at (0,0) size 785x1541
  RenderView at (0,0) size 785x600
layer at (0,0) size 785x1541
  RenderBlock {HTML} at (0,0) size 785x1541
    RenderBody {BODY} at (8,8) size 769x1501
      RenderBlock (anonymous) at (0,0) size 769x222
        RenderText {#text} at (0,0) size 769x147
          text run at (0,0) width 760: "This is test page that we navigate to as part of testing various"
          text run at (0,37) width 224: "navigation styles. "
          text run at (224,37) width 545: "It includes a form so that we can test saving"
          text run at (0,74) width 724: "and restoring of form data, and it needs to be long enough"
          text run at (0,111) width 690: "that we can test saving and restoring of scroll position. "
        RenderBR {BR} at (690,139) size 0x0
        RenderBR {BR} at (0,148) size 0x36
        RenderBR {BR} at (0,185) size 0x36
      RenderBlock {HR} at (0,238) size 769x2 [border: (1px inset #000000)]
      RenderBlock {FORM} at (0,256) size 769x452
        RenderButton {INPUT} at (0,0) size 129x22 [bgcolor=#C0C0C0] [border: (2px outset #C0C0C0)]
          RenderBlock (anonymous) at (8,2) size 113x18
            RenderText at (3,1) size 107x16
              text run at (3,1) width 107: "Submit with POST"
        RenderBR {BR} at (129,16) size 0x0
        RenderButton {INPUT} at (0,22) size 255x22 [bgcolor=#C0C0C0] [border: (2px outset #C0C0C0)]
          RenderBlock (anonymous) at (8,2) size 239x18
            RenderText at (3,1) size 233x16
              text run at (3,1) width 233: "Submit with POST followed by a redirect"
        RenderBR {BR} at (255,38) size 0x0
        RenderText {#text} at (0,44) size 366x36
          text run at (0,44) width 366: "Here are some form elements"
        RenderTextControl {INPUT} at (366,56) size 155x22 [bgcolor=#FFFFFF] [border: (2px inset #000000)]
        RenderBR {BR} at (521,72) size 0x0
        RenderText {#text} at (0,81) size 326x36
          text run at (0,81) width 326: "that we can use for testing"
        RenderTextControl {INPUT} at (326,93) size 155x22 [bgcolor=#FFFFFF] [border: (2px inset #000000)]
        RenderBR {BR} at (481,109) size 0x0
        RenderBlock {INPUT} at (5,133) size 13x13
        RenderText {#text} at (21,118) size 73x36
          text run at (21,118) width 73: " Male"
        RenderBR {BR} at (94,146) size 0x0
        RenderBlock {INPUT} at (5,170) size 13x13
        RenderText {#text} at (21,155) size 100x36
          text run at (21,155) width 100: " Female"
        RenderBR {BR} at (121,183) size 0x0
        RenderBlock {INPUT} at (4,207) size 13x13
        RenderText {#text} at (20,192) size 129x36
          text run at (20,192) width 129: " option #1"
        RenderBR {BR} at (149,220) size 0x0
        RenderBlock {INPUT} at (4,244) size 13x13
        RenderText {#text} at (20,229) size 129x36
          text run at (20,229) width 129: " option #2"
        RenderBR {BR} at (149,257) size 0x0
        RenderMenuList {SELECT} at (0,266) size 271x20 [bgcolor=#FFFFFF] [border: (1px solid #000000)]
          RenderBlock (anonymous) at (1,1) size 269x18
            RenderText at (4,1) size 67x16
              text run at (4,1) width 67: "Initial Value"
        RenderBR {BR} at (271,281) size 0x0
        RenderText {#text} at (0,0) size 0x0
      RenderBlock {HR} at (0,740) size 769x2 [border: (1px inset #000000)]
      RenderBlock {P} at (0,774) size 769x37
        RenderText {#text} at (0,0) size 62x36
          text run at (0,0) width 62: "Now"
      RenderBlock {P} at (0,843) size 769x37
        RenderText {#text} at (0,0) size 64x36
          text run at (0,0) width 64: "some"
      RenderBlock {P} at (0,912) size 769x37
        RenderText {#text} at (0,0) size 62x36
          text run at (0,0) width 62: "filler"
      RenderBlock {P} at (0,981) size 769x37
        RenderText {#text} at (0,0) size 27x36
          text run at (0,0) width 27: "so"
      RenderBlock {P} at (0,1050) size 769x37
        RenderText {#text} at (0,0) size 38x36
          text run at (0,0) width 38: "the"
      RenderBlock {P} at (0,1119) size 769x37
        RenderText {#text} at (0,0) size 46x36
          text run at (0,0) width 46: "doc"
      RenderBlock {P} at (0,1188) size 769x37
        RenderText {#text} at (0,0) size 20x36
          text run at (0,0) width 20: "is"
      RenderBlock {P} at (0,1257) size 769x37
        RenderText {#text} at (0,0) size 55x36
          text run at (0,0) width 55: "long"
      RenderBlock {P} at (0,1326) size 769x37
        RenderText {#text} at (0,0) size 90x36
          text run at (0,0) width 90: "enough"
      RenderBlock {P} at (0,1395) size 769x37
        RenderText {#text} at (0,0) size 111x36
          text run at (0,0) width 111: "to scroll."
      RenderBlock {P} at (0,1464) size 769x37
        RenderInline {A} at (0,0) size 518x36
          RenderText {#text} at (0,0) size 518x36
            text run at (0,0) width 518: "This is an anchor point named \"anchor1\"."
layer at (376,323) size 151x16 scrollWidth 158
  RenderBlock {DIV} at (2,3) size 151x16
    RenderText {#text} at (1,0) size 156x16
      text run at (1,0) width 156: "Initial text before user input"
layer at (336,360) size 151x16
  RenderBlock {DIV} at (2,3) size 151x16
layer at (8,551) size 259x164 clip at (9,552) size 257x162
  RenderTextControl {TEXTAREA} at (0,287) size 259x164 [bgcolor=#FFFFFF] [border: (1px solid #000000)]
    RenderBlock {DIV} at (3,3) size 255x48
      RenderText {#text} at (0,0) size 240x32
        text run at (0,0) width 232: "More initial text before user"
        text run at (232,0) width 8: " "
        text run at (0,16) width 48: "input."
        text run at (48,16) width 0: " "
      RenderBR {BR} at (0,32) size 0x16

============== Back Forward List ==============
        http://127.0.0.1:8000/navigation/javascriptlink-basic.html  **nav target**
        http://127.0.0.1:8000/navigation/resources/javascriptlink.html  **nav target**
curr->  http://127.0.0.1:8000/navigation/resources/success200.html  **nav target**
===============================================
