layer at (0,0) size 800x600
  RenderView at (0,0) size 800x600
layer at (0,0) size 800x486
  RenderBlock {HTML} at (0,0) size 800x486
    RenderBody {BODY} at (8,16) size 784x454
      RenderBlock {P} at (0,0) size 784x60 [color=#000080]
        RenderText {#text} at (0,0) size 770x59
          text run at (0,0) width 386: "The big coloured boxes should be level with the top of the small "
          text run at (386,0) width 363: "coloured boxes of the same color (unless there is not enough"
          text run at (0,20) width 36: "room "
          text run at (36,20) width 376: "for the big box to fit on the small box's line after the small box, "
          text run at (412,20) width 358: "in which case the big box should be level with the bottom of"
          text run at (0,40) width 22: "the "
          text run at (22,40) width 131: "respective small box)."
      RenderBlock {DIV} at (16,76) size 752x378 [color=#C0C0C0] [border: (5px solid #800080)]
        RenderText {#text} at (171,22) size 444x19
          text run at (171,22) width 444: "dummy text dummy text dummy text dummy text dummy text dummy text "
        RenderInline {SPAN} at (0,0) size 17x25 [color=#FFFFFF] [bgcolor=#008080] [border: (3px solid #00FFFF)]
          RenderText {#text} at (618,22) size 11x19
            text run at (618,22) width 11: "A"
        RenderText {#text} at (632,22) size 4x19
          text run at (632,22) width 4: " "
        RenderBlock (floating) {P} at (21,21) size 150x59 [color=#FFFFFF] [bgcolor=#008080] [border: (3px solid #00FFFF)]
          RenderText {#text} at (19,20) size 44x19
            text run at (19,20) width 44: "AAAA"
        RenderText {#text} at (636,22) size 535x40
          text run at (636,22) width 70: "dummy text"
          text run at (171,43) width 370: "dummy text dummy text dummy text dummy text dummy text "
        RenderInline {SPAN} at (0,0) size 13x25 [color=#FFFFFF] [bgcolor=#800080] [border: (3px solid #FF00FF)]
          RenderText {#text} at (544,43) size 10x19
            text run at (544,43) width 10: "B"
        RenderText {#text} at (0,0) size 0x0
        RenderBlock (floating) {P} at (581,42) size 150x59 [color=#FFFFFF] [bgcolor=#800080] [border: (3px solid #FF00FF)]
          RenderText {#text} at (19,20) size 40x19
            text run at (19,20) width 40: "BBBB"
        RenderText {#text} at (171,64) size 710x292
          text run at (171,64) width 366: "dummy text dummy text dummy text dummy text dummy text"
          text run at (21,85) width 74: "dummy text "
          text run at (95,85) width 440: "dummy text dummy text dummy text dummy text dummy text dummy text"
          text run at (21,106) width 444: "dummy text dummy text dummy text dummy text dummy text dummy text "
          text run at (465,106) width 266: "dummy text dummy text dummy text dummy"
          text run at (21,127) width 174: "text dummy text dummy text "
          text run at (195,127) width 444: "dummy text dummy text dummy text dummy text dummy text dummy text "
          text run at (639,127) width 70: "dummy text"
          text run at (21,148) width 370: "dummy text dummy text dummy text dummy text dummy text "
          text run at (391,148) width 340: "dummy text dummy text dummy text dummy text dummy"
          text run at (21,169) width 100: "text dummy text "
          text run at (121,169) width 444: "dummy text dummy text dummy text dummy text dummy text dummy text "
          text run at (565,169) width 144: "dummy text dummy text"
          text run at (21,190) width 296: "dummy text dummy text dummy text dummy text "
          text run at (317,190) width 414: "dummy text dummy text dummy text dummy text dummy text dummy"
          text run at (21,211) width 26: "text "
          text run at (47,211) width 444: "dummy text dummy text dummy text dummy text dummy text dummy text "
          text run at (491,211) width 218: "dummy text dummy text dummy text"
          text run at (21,232) width 222: "dummy text dummy text dummy text "
          text run at (243,232) width 444: "dummy text dummy text dummy text dummy text dummy text dummy text "
          text run at (687,232) width 44: "dummy"
          text run at (21,253) width 396: "text dummy text dummy text dummy text dummy text dummy text "
          text run at (417,253) width 292: "dummy text dummy text dummy text dummy text"
          text run at (21,274) width 148: "dummy text dummy text "
          text run at (169,274) width 444: "dummy text dummy text dummy text dummy text dummy text dummy text "
          text run at (613,274) width 118: "dummy text dummy"
          text run at (21,295) width 322: "text dummy text dummy text dummy text dummy text "
          text run at (343,295) width 366: "dummy text dummy text dummy text dummy text dummy text"
          text run at (21,316) width 74: "dummy text "
          text run at (95,316) width 444: "dummy text dummy text dummy text dummy text dummy text dummy text "
          text run at (539,316) width 192: "dummy text dummy text dummy"
          text run at (21,337) width 244: "text dummy text dummy text dummy text"
