layer at (0,0) size 800x600
  RenderView at (0,0) size 800x600
layer at (0,0) size 800x549
  RenderBlock {HTML} at (0,0) size 800x549
    RenderBody {BODY} at (8,16) size 784x517
      RenderBlock {P} at (0,0) size 784x60 [color=#000080]
        RenderText {#text} at (0,0) size 781x59
          text run at (0,0) width 386: "The big coloured boxes should be level with the top of the small "
          text run at (386,0) width 363: "coloured boxes of the same color (unless there is not enough"
          text run at (0,20) width 36: "room "
          text run at (36,20) width 376: "for the big box to fit on the small box's line after the small box, "
          text run at (412,20) width 369: "in which case the big box should be as high as possible below"
          text run at (0,40) width 22: "the "
          text run at (22,40) width 66: "small box)."
      RenderBlock {DIV} at (16,76) size 752x441 [color=#C0C0C0] [border: (5px solid #800080)]
        RenderText {#text} at (171,22) size 518x19
          text run at (171,22) width 444: "dummy text dummy text dummy text dummy text dummy text dummy text "
          text run at (615,22) width 74: "dummy text "
        RenderInline {SPAN} at (0,0) size 14x25 [color=#FFFFFF] [bgcolor=#008080] [border: (3px solid #00FFFF)]
          RenderText {#text} at (692,22) size 11x19
            text run at (692,22) width 11: "A"
        RenderText {#text} at (0,0) size 0x0
        RenderBlock (floating) {P} at (21,21) size 150x59 [color=#FFFFFF] [bgcolor=#008080] [border: (3px solid #00FFFF)]
          RenderText {#text} at (19,20) size 44x19
            text run at (19,20) width 44: "AAAA"
        RenderText {#text} at (171,43) size 444x19
          text run at (171,43) width 444: "dummy text dummy text dummy text dummy text dummy text dummy text "
        RenderInline {SPAN} at (0,0) size 16x25 [color=#FFFFFF] [bgcolor=#800080] [border: (3px solid #FF00FF)]
          RenderText {#text} at (618,43) size 10x19
            text run at (618,43) width 10: "B"
        RenderText {#text} at (631,43) size 4x19
          text run at (631,43) width 4: " "
        RenderBlock (floating) {P} at (581,63) size 150x59 [color=#FFFFFF] [bgcolor=#800080] [border: (3px solid #FF00FF)]
          RenderText {#text} at (19,20) size 40x19
            text run at (19,20) width 40: "BBBB"
        RenderText {#text} at (635,43) size 384x40
          text run at (635,43) width 70: "dummy text"
          text run at (321,64) width 148: "dummy text dummy text "
        RenderInline {SPAN} at (0,0) size 17x25 [color=#FFFFFF] [bgcolor=#FFA500] [border: (3px solid #FFFF00)]
          RenderText {#text} at (472,64) size 11x19
            text run at (472,64) width 11: "C"
        RenderText {#text} at (486,64) size 4x19
          text run at (486,64) width 4: " "
        RenderBlock (floating) {P} at (171,63) size 150x59 [color=#FFFFFF] [bgcolor=#FFA500] [border: (3px solid #FFFF00)]
          RenderText {#text} at (19,20) size 44x19
            text run at (19,20) width 44: "CCCC"
        RenderText {#text} at (490,64) size 239x61
          text run at (490,64) width 70: "dummy text"
          text run at (321,85) width 218: "dummy text dummy text dummy text"
          text run at (321,106) width 148: "dummy text dummy text "
        RenderInline {SPAN} at (0,0) size 17x25 [color=#FFFFFF] [bgcolor=#008000] [border: (3px solid #00FF00)]
          RenderText {#text} at (472,106) size 11x19
            text run at (472,106) width 11: "D"
        RenderText {#text} at (486,106) size 4x19
          text run at (486,106) width 4: " "
        RenderBlock (floating) {P} at (21,126) size 150x59 [color=#FFFFFF] [bgcolor=#008000] [border: (3px solid #00FF00)]
          RenderText {#text} at (19,20) size 44x19
            text run at (19,20) width 44: "DDDD"
        RenderText {#text} at (490,106) size 710x313
          text run at (490,106) width 70: "dummy text"
          text run at (171,127) width 370: "dummy text dummy text dummy text dummy text dummy text "
          text run at (541,127) width 144: "dummy text dummy text"
          text run at (171,148) width 296: "dummy text dummy text dummy text dummy text "
          text run at (467,148) width 218: "dummy text dummy text dummy text"
          text run at (171,169) width 222: "dummy text dummy text dummy text "
          text run at (393,169) width 292: "dummy text dummy text dummy text dummy text"
          text run at (21,190) width 148: "dummy text dummy text "
          text run at (169,190) width 444: "dummy text dummy text dummy text dummy text dummy text dummy text "
          text run at (613,190) width 118: "dummy text dummy"
          text run at (21,211) width 322: "text dummy text dummy text dummy text dummy text "
          text run at (343,211) width 366: "dummy text dummy text dummy text dummy text dummy text"
          text run at (21,232) width 74: "dummy text "
          text run at (95,232) width 444: "dummy text dummy text dummy text dummy text dummy text dummy text "
          text run at (539,232) width 192: "dummy text dummy text dummy"
          text run at (21,253) width 248: "text dummy text dummy text dummy text "
          text run at (269,253) width 440: "dummy text dummy text dummy text dummy text dummy text dummy text"
          text run at (21,274) width 444: "dummy text dummy text dummy text dummy text dummy text dummy text "
          text run at (465,274) width 266: "dummy text dummy text dummy text dummy"
          text run at (21,295) width 174: "text dummy text dummy text "
          text run at (195,295) width 444: "dummy text dummy text dummy text dummy text dummy text dummy text "
          text run at (639,295) width 70: "dummy text"
          text run at (21,316) width 370: "dummy text dummy text dummy text dummy text dummy text "
          text run at (391,316) width 340: "dummy text dummy text dummy text dummy text dummy"
          text run at (21,337) width 100: "text dummy text "
          text run at (121,337) width 444: "dummy text dummy text dummy text dummy text dummy text dummy text "
          text run at (565,337) width 144: "dummy text dummy text"
          text run at (21,358) width 296: "dummy text dummy text dummy text dummy text "
          text run at (317,358) width 414: "dummy text dummy text dummy text dummy text dummy text dummy"
          text run at (21,379) width 26: "text "
          text run at (47,379) width 444: "dummy text dummy text dummy text dummy text dummy text dummy text "
          text run at (491,379) width 218: "dummy text dummy text dummy text"
          text run at (21,400) width 218: "dummy text dummy text dummy text"
