layer at (0,0) size 800x600
  RenderView at (0,0) size 800x600
layer at (0,0) size 800x486
  RenderBlock {HTML} at (0,0) size 800x486
    RenderBody {BODY} at (8,16) size 784x454
      RenderBlock {P} at (0,0) size 784x60 [color=#000080]
        RenderText {#text} at (0,0) size 777x59
          text run at (0,0) width 386: "The big coloured boxes should be level with the top of the small "
          text run at (386,0) width 363: "coloured boxes of the same color (unless there is not enough"
          text run at (0,20) width 36: "room "
          text run at (36,20) width 368: "for the big box to fit on the small box's line, in which case the "
          text run at (404,20) width 373: "big box should be level with the bottom of the respective small"
          text run at (0,40) width 32: "box)."
      RenderBlock {DIV} at (16,76) size 752x378 [color=#C0C0C0] [border: (5px solid #800080)]
        RenderText {#text} at (133,22) size 444x19
          text run at (133,22) width 444: "dummy text dummy text dummy text dummy text dummy text dummy text "
        RenderInline {SPAN} at (0,0) size 21x25 [color=#FFFFFF] [bgcolor=#008080] [border: (3px solid #00FFFF)]
          RenderText {#text} at (580,22) size 15x19
            text run at (580,22) width 15: "\x{21E6}"
        RenderText {#text} at (598,22) size 4x19
          text run at (598,22) width 4: " "
        RenderImage {IMG} at (21,21) size 112x112 [color=#FF0000]
        RenderText {#text} at (602,22) size 587x40
          text run at (602,22) width 118: "dummy text dummy"
          text run at (133,43) width 322: "text dummy text dummy text dummy text dummy text "
        RenderInline {SPAN} at (0,0) size 21x25 [color=#FFFFFF] [bgcolor=#800080] [border: (3px solid #FF00FF)]
          RenderText {#text} at (458,43) size 15x19
            text run at (458,43) width 15: "\x{21E8}"
        RenderText {#text} at (476,43) size 4x19
          text run at (476,43) width 4: " "
        RenderImage {IMG} at (619,42) size 112x112 [color=#FF0000]
        RenderText {#text} at (480,43) size 710x313
          text run at (480,43) width 118: "dummy text dummy"
          text run at (133,64) width 322: "text dummy text dummy text dummy text dummy text "
          text run at (455,64) width 144: "dummy text dummy text"
          text run at (133,85) width 296: "dummy text dummy text dummy text dummy text "
          text run at (429,85) width 144: "dummy text dummy text"
          text run at (133,106) width 296: "dummy text dummy text dummy text dummy text "
          text run at (429,106) width 144: "dummy text dummy text"
          text run at (133,127) width 296: "dummy text dummy text dummy text dummy text "
          text run at (429,127) width 144: "dummy text dummy text"
          text run at (21,148) width 296: "dummy text dummy text dummy text dummy text "
          text run at (317,148) width 292: "dummy text dummy text dummy text dummy text"
          text run at (21,169) width 148: "dummy text dummy text "
          text run at (169,169) width 444: "dummy text dummy text dummy text dummy text dummy text dummy text "
          text run at (613,169) width 118: "dummy text dummy"
          text run at (21,190) width 322: "text dummy text dummy text dummy text dummy text "
          text run at (343,190) width 366: "dummy text dummy text dummy text dummy text dummy text"
          text run at (21,211) width 74: "dummy text "
          text run at (95,211) width 444: "dummy text dummy text dummy text dummy text dummy text dummy text "
          text run at (539,211) width 192: "dummy text dummy text dummy"
          text run at (21,232) width 248: "text dummy text dummy text dummy text "
          text run at (269,232) width 440: "dummy text dummy text dummy text dummy text dummy text dummy text"
          text run at (21,253) width 444: "dummy text dummy text dummy text dummy text dummy text dummy text "
          text run at (465,253) width 266: "dummy text dummy text dummy text dummy"
          text run at (21,274) width 174: "text dummy text dummy text "
          text run at (195,274) width 444: "dummy text dummy text dummy text dummy text dummy text dummy text "
          text run at (639,274) width 70: "dummy text"
          text run at (21,295) width 370: "dummy text dummy text dummy text dummy text dummy text "
          text run at (391,295) width 340: "dummy text dummy text dummy text dummy text dummy"
          text run at (21,316) width 100: "text dummy text "
          text run at (121,316) width 444: "dummy text dummy text dummy text dummy text dummy text dummy text "
          text run at (565,316) width 144: "dummy text dummy text"
          text run at (21,337) width 292: "dummy text dummy text dummy text dummy text"
