layer at (0,0) size 800x600
  RenderView at (0,0) size 800x600
layer at (0,0) size 800x600
  RenderBlock {HTML} at (0,0) size 800x600
    RenderBody {BODY} at (8,8) size 784x584
      RenderBlock {DIV} at (0,0) size 10x45
        RenderText {#text} at (0,0) size 25x19
          text run at (0,0) width 25: "Foo"
        RenderImage {IMG} at (0,20) size 25x25
      RenderBlock {DIV} at (0,45) size 10x38
        RenderText {#text} at (0,0) size 25x19
          text run at (0,0) width 25: "Foo"
        RenderMenuList {SELECT} at (0,20) size 50x18 [bgcolor=#FFFFFF]
          RenderBlock (anonymous) at (0,0) size 50x19
            RenderText at (8,2) size 19x14
              text run at (8,2) width 19: "One"
      RenderBlock {DIV} at (0,83) size 10x40
        RenderText {#text} at (0,0) size 25x19
          text run at (0,0) width 25: "Foo"
        RenderTextControl {INPUT} at (0,20) size 110x20 [bgcolor=#FFFFFF] [border: (2px inset #000000)]
      RenderBlock {DIV} at (0,123) size 10x45
        RenderImage {IMG} at (0,0) size 25x25
        RenderText {#text} at (0,25) size 25x19
          text run at (0,25) width 25: "Foo"
      RenderBlock {DIV} at (0,168) size 10x38
        RenderMenuList {SELECT} at (0,0) size 50x18 [bgcolor=#FFFFFF]
          RenderBlock (anonymous) at (0,0) size 50x19
            RenderText at (8,2) size 19x14
              text run at (8,2) width 19: "One"
        RenderText {#text} at (0,18) size 25x19
          text run at (0,18) width 25: "Foo"
      RenderBlock {DIV} at (0,206) size 10x40
        RenderTextControl {INPUT} at (0,0) size 110x20 [bgcolor=#FFFFFF] [border: (2px inset #000000)]
        RenderText {#text} at (0,20) size 25x19
          text run at (0,20) width 25: "Foo"
layer at (10,114) size 106x14
  RenderBlock {DIV} at (2,3) size 106x14
layer at (10,217) size 106x14
  RenderBlock {DIV} at (2,3) size 106x14
