layer at (0,0) size 800x600
  RenderView at (0,0) size 800x600
layer at (0,0) size 800x600
  RenderBlock {HTML} at (0,0) size 800x600
    RenderBody {BODY} at (8,8) size 784x584
      RenderBlock (anonymous) at (0,0) size 784x20
        RenderText {#text} at (0,0) size 212x19
          text run at (0,0) width 212: "These textfields should not overlap."
      RenderTable {TABLE} at (0,20) size 784x24
        RenderTableSection {TBODY} at (0,0) size 784x24
          RenderTableRow {TR} at (0,1) size 784x22
            RenderTableCell {TD} at (1,1) size 112x22 [r=0 c=0 rs=1 cs=1]
              RenderTextControl {INPUT} at (1,1) size 110x20 [bgcolor=#FFFFFF] [border: (2px inset #000000)]
            RenderTableCell {TD} at (114,1) size 6x22 [r=0 c=1 rs=1 cs=1]
              RenderTextControl {INPUT} at (1,1) size 4x20 [bgcolor=#FFFFFF] [border: (2px inset #000000)]
            RenderTableCell {TD} at (121,1) size 6x22 [r=0 c=2 rs=1 cs=1]
              RenderTextControl {INPUT} at (1,1) size 4x20 [bgcolor=#FFFFFF] [border: (2px inset #000000)]
            RenderTableCell {TD} at (128,1) size 655x22 [r=0 c=3 rs=1 cs=1]
              RenderText {#text} at (1,1) size 4x19
                text run at (1,1) width 4: " "
      RenderBlock (anonymous) at (0,44) size 784x40
        RenderBR {BR} at (0,0) size 0x19
        RenderBR {BR} at (0,20) size 0x19
      RenderTable {TABLE} at (0,84) size 784x24
        RenderTableSection {TBODY} at (0,0) size 784x24
          RenderTableRow {TR} at (0,1) size 784x22
            RenderTableCell {TD} at (1,1) size 432x22 [r=0 c=0 rs=1 cs=1]
              RenderTextControl {INPUT} at (1,1) size 430x20 [bgcolor=#FFFFFF] [border: (2px inset #000000)]
            RenderTableCell {TD} at (434,1) size 6x22 [r=0 c=1 rs=1 cs=1]
              RenderTextControl {INPUT} at (1,1) size 4x20 [bgcolor=#FFFFFF] [border: (2px inset #000000)]
            RenderTableCell {TD} at (441,1) size 6x22 [r=0 c=2 rs=1 cs=1]
              RenderTextControl {INPUT} at (1,1) size 4x20 [bgcolor=#FFFFFF] [border: (2px inset #000000)]
            RenderTableCell {TD} at (448,1) size 335x22 [r=0 c=3 rs=1 cs=1]
              RenderText {#text} at (1,1) size 4x19
                text run at (1,1) width 4: " "
layer at (12,33) size 106x14
  RenderBlock {DIV} at (2,3) size 106x14
    RenderText {#text} at (1,0) size 44x14
      text run at (1,0) width 44: "New Mail"
layer at (125,33) size 2x14 scrollWidth 29
  RenderBlock {DIV} at (2,3) size 2x14
    RenderText {#text} at (1,0) size 27x14
      text run at (1,0) width 27: "Reply"
layer at (132,33) size 2x14 scrollWidth 46
  RenderBlock {DIV} at (2,3) size 2x14
    RenderText {#text} at (1,0) size 44x14
      text run at (1,0) width 44: "Reply All"
layer at (12,97) size 426x14
  RenderBlock {DIV} at (2,3) size 426x14
    RenderText {#text} at (1,0) size 44x14
      text run at (1,0) width 44: "New Mail"
layer at (445,97) size 2x14 scrollWidth 29
  RenderBlock {DIV} at (2,3) size 2x14
    RenderText {#text} at (1,0) size 27x14
      text run at (1,0) width 27: "Reply"
layer at (452,97) size 2x14 scrollWidth 46
  RenderBlock {DIV} at (2,3) size 2x14
    RenderText {#text} at (1,0) size 44x14
      text run at (1,0) width 44: "Reply All"
