layer at (0,0) size 800x600
  RenderView at (0,0) size 800x600
layer at (0,0) size 800x600
  RenderBlock {HTML} at (0,0) size 800x600
    RenderBody {BODY} at (8,8) size 784x584
      RenderBlock {PRE} at (0,0) size 784x32
        RenderText {#text} at (0,0) size 552x32
          text run at (0,0) width 544: "Caught expected exception: Error: NOT_SUPPORTED_ERR: DOM Exception 9"
          text run at (544,0) width 0: " "
          text run at (0,16) width 552: "Caught expected exception: Error: TYPE_MISMATCH_ERR: DOM Exception 17"
          text run at (552,16) width 0: " "
      RenderBlock (anonymous) at (0,45) size 784x20
        RenderInline {SPAN} at (0,0) size 59x19
          RenderText {#text} at (0,0) size 59x19
            text run at (0,0) width 59: "1 (black) "
        RenderInline {SPAN} at (0,0) size 118x19 [color=#008000]
          RenderInline {SPAN} at (0,0) size 59x19
            RenderText {#text} at (59,0) size 59x19
              text run at (59,0) width 59: "2 (green) "
          RenderText {#text} at (0,0) size 0x0
          RenderInline {SPAN} at (0,0) size 59x19
            RenderText {#text} at (118,0) size 59x19
              text run at (118,0) width 59: "3 (green) "
        RenderInline {SPAN} at (0,0) size 59x19
          RenderText {#text} at (177,0) size 59x19
            text run at (177,0) width 59: "4 (black) "
        RenderText {#text} at (0,0) size 0x0
        RenderText {#text} at (0,0) size 0x0
        RenderInline {SPAN} at (0,0) size 38x19 [color=#008000]
          RenderText {#text} at (236,0) size 38x19
            text run at (236,0) width 38: "PASS"
        RenderText {#text} at (0,0) size 0x0
        RenderText {#text} at (0,0) size 0x0
        RenderText {#text} at (0,0) size 0x0
