layer at (0,0) size 800x600
  RenderView at (0,0) size 800x600
layer at (0,0) size 800x600
  RenderBlock {HTML} at (0,0) size 800x600
    RenderBody {BODY} at (8,8) size 784x576
      RenderBlock {FORM} at (0,0) size 784x195
        RenderBlock {HR} at (0,0) size 602x2 [border: (1px inset #000000)]
        RenderTable {TABLE} at (0,10) size 600x185
          RenderTableSection {TBODY} at (0,0) size 600x185
            RenderTableRow {TR} at (0,2) size 600x44
              RenderTableCell {TD} at (2,2) size 594x44 [r=0 c=0 rs=1 cs=3]
                RenderImage {IMG} at (7,1) size 579x42
                RenderText {#text} at (0,0) size 0x0
            RenderTableRow {TR} at (0,48) size 600x55
              RenderTableCell {TD} at (2,55) size 594x40 [bgcolor=#99CCCC] [r=1 c=0 rs=1 cs=3]
                RenderInline {FONT} at (0,0) size 133x16
                  RenderInline {B} at (0,0) size 133x16
                    RenderText {#text} at (47,4) size 133x16
                      text run at (47,4) width 133: "Search the Web with"
                RenderText {#text} at (180,2) size 4x19
                  text run at (180,2) width 4: " "
                RenderMenuList {SELECT} at (184,2) size 80x20 [bgcolor=#FFFFFF] [border: (1px solid #000000)]
                  RenderBlock (anonymous) at (1,1) size 78x18
                    RenderText at (4,1) size 55x16
                      text run at (4,1) width 55: "Netscape"
                RenderTextControl {INPUT} at (264,1) size 215x22 [bgcolor=#FFFFFF] [border: (2px inset #000000)]
                RenderText {#text} at (479,2) size 4x19
                  text run at (479,2) width 4: " "
                RenderButton {INPUT} at (483,1) size 63x22 [bgcolor=#C0C0C0] [border: (2px outset #C0C0C0)]
                  RenderBlock (anonymous) at (8,2) size 47x18
                    RenderText at (3,1) size 41x16
                      text run at (3,1) width 41: "Search"
                RenderBR {BR} at (546,17) size 0x0
                RenderInline {SMALL} at (0,0) size 558x15
                  RenderInline {A} at (0,0) size 98x15 [color=#0000EE]
                    RenderText {#text} at (18,23) size 98x15
                      text run at (18,23) width 98: "Classifieds< /A>   "
                  RenderInline {A} at (0,0) size 58x15 [color=#0000EE]
                    RenderText {#text} at (116,23) size 58x15
                      text run at (116,23) width 22: "Net "
                      text run at (138,23) width 36: "Search"
                  RenderText {#text} at (174,23) size 9x15
                    text run at (174,23) width 9: "   "
                  RenderInline {A} at (0,0) size 82x15 [color=#0000EE]
                    RenderText {#text} at (183,23) size 82x15
                      text run at (183,23) width 56: "Find Web "
                      text run at (239,23) width 26: "Sites"
                  RenderText {#text} at (265,23) size 9x15
                    text run at (265,23) width 3: " "
                    text run at (268,23) width 6: "  "
                  RenderInline {A} at (0,0) size 66x15 [color=#0000EE]
                    RenderText {#text} at (274,23) size 66x15
                      text run at (274,23) width 41: "What's "
                      text run at (315,23) width 25: "Cool"
                  RenderText {#text} at (340,23) size 9x15
                    text run at (340,23) width 9: "   "
                  RenderInline {A} at (0,0) size 65x15 [color=#0000EE]
                    RenderText {#text} at (349,23) size 65x15
                      text run at (349,23) width 65: "What's New"
                  RenderText {#text} at (414,23) size 9x15
                    text run at (414,23) width 9: "   "
                  RenderInline {A} at (0,0) size 73x15 [color=#0000EE]
                    RenderText {#text} at (423,23) size 73x15
                      text run at (423,23) width 73: "People Finder"
                  RenderText {#text} at (496,23) size 9x15
                    text run at (496,23) width 9: "   "
                  RenderInline {A} at (0,0) size 71x15 [color=#0000EE]
                    RenderText {#text} at (505,23) size 71x15
                      text run at (505,23) width 71: "Yellow Pages"
                  RenderText {#text} at (0,0) size 0x0
                RenderText {#text} at (0,0) size 0x0
            RenderTableRow {TR} at (0,105) size 600x49
              RenderTableCell {TD} at (2,112) size 159x34 [r=2 c=0 rs=1 cs=1]
                RenderInline {A} at (0,0) size 115x32 [color=#0000EE]
                  RenderInline {FONT} at (0,0) size 115x32 [color=#CC0033]
                    RenderText {#text} at (22,1) size 115x32
                      text run at (22,1) width 115: "Download Netscape"
                      text run at (26,17) width 106: "Communicator 4.5"
              RenderTableCell {TD} at (163,105) size 270x49 [r=2 c=1 rs=1 cs=1]
                RenderInline {A} at (0,0) size 232x27 [color=#0000EE]
                  RenderImage {IMG} at (19,1) size 232x35 [border: (1px solid #0000EE)]
                  RenderBR {BR} at (251,36) size 0x0
                  RenderInline {FONT} at (0,0) size 46x12
                    RenderText {#text} at (112,36) size 46x12
                      text run at (112,36) width 46: "Click Here!"
                RenderBR {BR} at (158,46) size 0x0
              RenderTableCell {TD} at (435,120) size 161x18 [r=2 c=2 rs=1 cs=1]
                RenderInline {A} at (0,0) size 129x16 [color=#0000EE]
                  RenderInline {FONT} at (0,0) size 129x16 [color=#0066FF]
                    RenderText {#text} at (16,1) size 129x16
                      text run at (16,1) width 129: "Hassle-Free Upgrades"
                RenderText {#text} at (0,0) size 0x0
            RenderTableRow {TR} at (0,156) size 600x22
              RenderTableCell {TD} at (2,156) size 594x22 [r=3 c=0 rs=1 cs=3]
                RenderInline {A} at (0,0) size 48x19 [color=#0000EE]
                  RenderInline {FONT} at (0,0) size 48x16 [color=#0066FF]
                    RenderInline {B} at (0,0) size 48x16
                      RenderText {#text} at (16,3) size 48x16
                        text run at (16,3) width 48: "Contact"
                RenderInline {FONT} at (0,0) size 0x16 [color=#0066FF]
                RenderText {#text} at (64,1) size 11x19
                  text run at (64,1) width 11: " : "
                RenderInline {SMALL} at (0,0) size 503x15
                  RenderInline {A} at (0,0) size 77x15 [color=#0000EE]
                    RenderText {#text} at (75,4) size 77x15
                      text run at (75,4) width 77: "Address Book"
                  RenderText {#text} at (152,4) size 10x15
                    text run at (152,4) width 10: " - "
                  RenderInline {A} at (0,0) size 66x15 [color=#0000EE]
                    RenderText {#text} at (162,4) size 66x15
                      text run at (162,4) width 66: "Discussions"
                  RenderText {#text} at (228,4) size 10x15
                    text run at (228,4) width 10: " - "
                  RenderInline {A} at (0,0) size 101x15 [color=#0000EE]
                    RenderText {#text} at (238,4) size 101x15
                      text run at (238,4) width 101: "Instant Messenger"
                  RenderText {#text} at (339,4) size 10x15
                    text run at (339,4) width 10: " - "
                  RenderInline {A} at (0,0) size 78x15 [color=#0000EE]
                    RenderText {#text} at (349,4) size 78x15
                      text run at (349,4) width 78: "Long Distance"
                  RenderText {#text} at (427,4) size 10x15
                    text run at (427,4) width 10: " - "
                  RenderInline {A} at (0,0) size 50x15 [color=#0000EE]
                    RenderText {#text} at (437,4) size 50x15
                      text run at (437,4) width 50: "Members"
                  RenderText {#text} at (487,4) size 10x15
                    text run at (487,4) width 10: " - "
                  RenderInline {A} at (0,0) size 81x15 [color=#0000EE]
                    RenderText {#text} at (497,4) size 81x15
                      text run at (497,4) width 81: "WebMail< /A>"
                RenderInline {A} at (0,0) size 0x0 [color=#0000EE]
                  RenderText {#text} at (0,0) size 0x0
            RenderTableRow {TR} at (0,180) size 600x3
              RenderTableCell {TD} at (2,180) size 596x3 [bgcolor=#99CCCC] [r=4 c=0 rs=1 cs=4]
                RenderTable {TABLE} at (1,1) size 1x1
                  RenderTableSection {TBODY} at (0,0) size 1x1
                    RenderTableRow {TR} at (0,0) size 1x1
                      RenderTableCell {TD} at (0,0) size 0x0 [r=0 c=0 rs=1 cs=1]
layer at (276,77) size 211x16
  RenderBlock {DIV} at (2,3) size 211x16
