layer at (0,0) size 800x600
  RenderView at (0,0) size 800x600
layer at (0,0) size 800x600
  RenderBlock {HTML} at (0,0) size 800x600
    RenderBody {BODY} at (8,8) size 784x576
      RenderBlock {FORM} at (0,0) size 784x26
        RenderTable {TABLE} at (0,0) size 677x26 [bgcolor=#FFE030] [border: (1px outset #808080)]
          RenderTableSection {TBODY} at (1,1) size 675x24
            RenderTableRow {TR} at (0,0) size 675x24
              RenderTableCell {TD} at (0,0) size 675x24 [border: (1px inset #808080)] [r=0 c=0 rs=1 cs=1]
                RenderInline {NOBR} at (0,0) size 673x19
                  RenderTextControl {INPUT} at (1,1) size 215x22 [bgcolor=#FFFFFF] [border: (2px inset #000000)]
                  RenderText {#text} at (216,2) size 14x19
                    text run at (216,2) width 14: " - "
                  RenderTextControl {INPUT} at (230,1) size 215x22 [bgcolor=#FFFFFF] [border: (2px inset #000000)]
                  RenderText {#text} at (445,2) size 14x19
                    text run at (445,2) width 14: " - "
                  RenderTextControl {INPUT} at (459,1) size 215x22 [bgcolor=#FFFFFF] [border: (2px inset #000000)]
                RenderText {#text} at (0,0) size 0x0
            RenderTableRow {TR} at (0,24) size 675x0
layer at (12,13) size 211x16
  RenderBlock {DIV} at (2,3) size 211x16
layer at (241,13) size 211x16
  RenderBlock {DIV} at (2,3) size 211x16
layer at (470,13) size 211x16
  RenderBlock {DIV} at (2,3) size 211x16
