layer at (0,0) size 800x600
  RenderView at (0,0) size 800x600
layer at (0,0) size 800x600
  RenderBlock {HTML} at (0,0) size 800x600
    RenderBody {BODY} at (8,8) size 784x584
      RenderBlock (anonymous) at (0,0) size 784x20
        RenderText {#text} at (0,0) size 263x19
          text run at (0,0) width 263: "border=\"0\" cellspacing=\"0\" cellpadding=\"0\""
      RenderTable {TABLE} at (0,20) size 784x38 [bgcolor=#DDDD33]
        RenderTableSection {TBODY} at (0,0) size 784x38
          RenderTableRow {TR} at (0,0) size 784x38
            RenderTableCell {TD} at (0,19) size 12x0 [r=0 c=0 rs=1 cs=1]
            RenderTableCell {TD} at (12,0) size 760x38 [r=0 c=1 rs=1 cs=1]
            RenderTableCell {TD} at (772,19) size 12x0 [r=0 c=2 rs=1 cs=1]
      RenderBlock (anonymous) at (0,58) size 784x20
        RenderText {#text} at (0,0) size 191x19
          text run at (0,0) width 191: "cellspacing=\"0\" cellpadding=\"0\""
      RenderTable {TABLE} at (0,78) size 784x38 [bgcolor=#CCCCFF]
        RenderTableSection {TBODY} at (0,0) size 784x38
          RenderTableRow {TR} at (0,0) size 784x38
            RenderTableCell {TD} at (0,19) size 12x0 [r=0 c=0 rs=1 cs=1]
            RenderTableCell {TD} at (12,0) size 760x38 [r=0 c=1 rs=1 cs=1]
            RenderTableCell {TD} at (772,19) size 12x0 [r=0 c=2 rs=1 cs=1]
      RenderBlock (anonymous) at (0,116) size 784x20
        RenderText {#text} at (0,0) size 95x19
          text run at (0,0) width 95: "cellpadding=\"0\""
      RenderTable {TABLE} at (0,136) size 784x42 [bgcolor=#FF9999]
        RenderTableSection {TBODY} at (0,0) size 784x42
          RenderTableRow {TR} at (0,2) size 784x38
            RenderTableCell {TD} at (2,21) size 12x0 [r=0 c=0 rs=1 cs=1]
            RenderTableCell {TD} at (16,2) size 752x38 [r=0 c=1 rs=1 cs=1]
            RenderTableCell {TD} at (770,21) size 12x0 [r=0 c=2 rs=1 cs=1]
      RenderBlock (anonymous) at (0,178) size 784x20
        RenderText {#text} at (0,0) size 167x19
          text run at (0,0) width 167: "border=\"0\" cellpadding=\"0\""
      RenderTable {TABLE} at (0,198) size 784x42 [bgcolor=#AAEEBB]
        RenderTableSection {TBODY} at (0,0) size 784x42
          RenderTableRow {TR} at (0,2) size 784x38
            RenderTableCell {TD} at (2,21) size 12x0 [r=0 c=0 rs=1 cs=1]
            RenderTableCell {TD} at (16,2) size 752x38 [r=0 c=1 rs=1 cs=1]
            RenderTableCell {TD} at (770,21) size 12x0 [r=0 c=2 rs=1 cs=1]
      RenderBlock (anonymous) at (0,240) size 784x20
        RenderInline {FONT} at (0,0) size 26x19 [color=#0000FF]
          RenderText {#text} at (0,0) size 26x19
            text run at (0,0) width 26: "right"
        RenderText {#text} at (26,0) size 72x19
          text run at (26,0) width 72: " border=\"0\""
      RenderTable {TABLE} at (0,260) size 784x44 [bgcolor=#FFCCEE]
        RenderTableSection {TBODY} at (0,0) size 784x44
          RenderTableRow {TR} at (0,2) size 784x40
            RenderTableCell {TD} at (2,21) size 14x2 [r=0 c=0 rs=1 cs=1]
            RenderTableCell {TD} at (18,2) size 748x40 [r=0 c=1 rs=1 cs=1]
            RenderTableCell {TD} at (768,21) size 14x2 [r=0 c=2 rs=1 cs=1]
      RenderBlock (anonymous) at (0,304) size 784x20
        RenderInline {FONT} at (0,0) size 26x19 [color=#0000FF]
          RenderText {#text} at (0,0) size 26x19
            text run at (0,0) width 26: "right"
        RenderText {#text} at (26,0) size 99x19
          text run at (26,0) width 99: " cellpadding=\"1\""
      RenderTable {TABLE} at (0,324) size 784x44 [bgcolor=#66DDFF]
        RenderTableSection {TBODY} at (0,0) size 784x44
          RenderTableRow {TR} at (0,2) size 784x40
            RenderTableCell {TD} at (2,21) size 14x2 [r=0 c=0 rs=1 cs=1]
            RenderTableCell {TD} at (18,2) size 748x40 [r=0 c=1 rs=1 cs=1]
            RenderTableCell {TD} at (768,21) size 14x2 [r=0 c=2 rs=1 cs=1]
      RenderBlock (anonymous) at (0,368) size 784x20
        RenderInline {FONT} at (0,0) size 26x19 [color=#0000FF]
          RenderText {#text} at (0,0) size 26x19
            text run at (0,0) width 26: "right"
        RenderText {#text} at (26,0) size 267x19
          text run at (26,0) width 267: " border=\"1\" cellspacing=\"0\" cellpadding=\"0\""
      RenderTable {TABLE} at (0,388) size 784x42 [bgcolor=#EEEEEE] [border: (1px outset #808080)]
        RenderTableSection {TBODY} at (1,1) size 782x40
          RenderTableRow {TR} at (0,0) size 782x40
            RenderTableCell {TD} at (0,19) size 14x2 [border: (1px inset #808080)] [r=0 c=0 rs=1 cs=1]
            RenderTableCell {TD} at (14,0) size 754x40 [border: (1px inset #808080)] [r=0 c=1 rs=1 cs=1]
            RenderTableCell {TD} at (768,19) size 14x2 [border: (1px inset #808080)] [r=0 c=2 rs=1 cs=1]
      RenderBlock (anonymous) at (0,430) size 784x20
        RenderInline {FONT} at (0,0) size 26x19 [color=#0000FF]
          RenderText {#text} at (0,0) size 26x19
            text run at (0,0) width 26: "right"
        RenderText {#text} at (26,0) size 168x19
          text run at (26,0) width 168: " border=\"1\" cellspacing=\"0\""
      RenderTable {TABLE} at (0,450) size 784x44 [bgcolor=#FFCC66] [border: (1px outset #808080)]
        RenderTableSection {TBODY} at (1,1) size 782x42
          RenderTableRow {TR} at (0,0) size 782x42
            RenderTableCell {TD} at (0,19) size 16x4 [border: (1px inset #808080)] [r=0 c=0 rs=1 cs=1]
            RenderTableCell {TD} at (16,0) size 750x42 [border: (1px inset #808080)] [r=0 c=1 rs=1 cs=1]
            RenderTableCell {TD} at (766,19) size 16x4 [border: (1px inset #808080)] [r=0 c=2 rs=1 cs=1]
      RenderBlock (anonymous) at (0,494) size 784x20
        RenderInline {FONT} at (0,0) size 26x19 [color=#0000FF]
          RenderText {#text} at (0,0) size 26x19
            text run at (0,0) width 26: "right"
        RenderText {#text} at (26,0) size 72x19
          text run at (26,0) width 72: " border=\"1\""
      RenderTable {TABLE} at (0,514) size 784x48 [bgcolor=#CCFF33] [border: (1px outset #808080)]
        RenderTableSection {TBODY} at (1,1) size 782x46
          RenderTableRow {TR} at (0,2) size 782x42
            RenderTableCell {TD} at (2,21) size 16x4 [border: (1px inset #808080)] [r=0 c=0 rs=1 cs=1]
            RenderTableCell {TD} at (20,2) size 742x42 [border: (1px inset #808080)] [r=0 c=1 rs=1 cs=1]
            RenderTableCell {TD} at (764,21) size 16x4 [border: (1px inset #808080)] [r=0 c=2 rs=1 cs=1]
layer at (20,29) size 760x36 clip at (21,30) size 758x34
  RenderTextControl {TEXTAREA} at (0,1) size 760x36 [bgcolor=#FFFFFF] [border: (1px solid #000000)]
    RenderBlock {DIV} at (3,3) size 756x16
      RenderText {#text} at (0,0) size 32x16
        text run at (0,0) width 32: "test"
layer at (20,87) size 760x36 clip at (21,88) size 758x34
  RenderTextControl {TEXTAREA} at (0,1) size 760x36 [bgcolor=#FFFFFF] [border: (1px solid #000000)]
    RenderBlock {DIV} at (3,3) size 756x16
      RenderText {#text} at (0,0) size 32x16
        text run at (0,0) width 32: "test"
layer at (24,147) size 752x36 clip at (25,148) size 750x34
  RenderTextControl {TEXTAREA} at (0,1) size 752x36 [bgcolor=#FFFFFF] [border: (1px solid #000000)]
    RenderBlock {DIV} at (3,3) size 748x16
      RenderText {#text} at (0,0) size 32x16
        text run at (0,0) width 32: "test"
layer at (24,209) size 752x36 clip at (25,210) size 750x34
  RenderTextControl {TEXTAREA} at (0,1) size 752x36 [bgcolor=#FFFFFF] [border: (1px solid #000000)]
    RenderBlock {DIV} at (3,3) size 748x16
      RenderText {#text} at (0,0) size 32x16
        text run at (0,0) width 32: "test"
layer at (27,272) size 746x36 clip at (28,273) size 744x34
  RenderTextControl {TEXTAREA} at (1,2) size 746x36 [bgcolor=#FFFFFF] [border: (1px solid #000000)]
    RenderBlock {DIV} at (3,3) size 742x16
      RenderText {#text} at (0,0) size 32x16
        text run at (0,0) width 32: "test"
layer at (27,336) size 746x36 clip at (28,337) size 744x34
  RenderTextControl {TEXTAREA} at (1,2) size 746x36 [bgcolor=#FFFFFF] [border: (1px solid #000000)]
    RenderBlock {DIV} at (3,3) size 742x16
      RenderText {#text} at (0,0) size 32x16
        text run at (0,0) width 32: "test"
layer at (24,399) size 752x36 clip at (25,400) size 750x34
  RenderTextControl {TEXTAREA} at (1,2) size 752x36 [bgcolor=#FFFFFF] [border: (1px solid #000000)]
    RenderBlock {DIV} at (3,3) size 748x16
      RenderText {#text} at (0,0) size 32x16
        text run at (0,0) width 32: "test"
layer at (27,462) size 746x36 clip at (28,463) size 744x34
  RenderTextControl {TEXTAREA} at (2,3) size 746x36 [bgcolor=#FFFFFF] [border: (1px solid #000000)]
    RenderBlock {DIV} at (3,3) size 742x16
      RenderText {#text} at (0,0) size 32x16
        text run at (0,0) width 32: "test"
layer at (31,528) size 738x36 clip at (32,529) size 736x34
  RenderTextControl {TEXTAREA} at (2,3) size 738x36 [bgcolor=#FFFFFF] [border: (1px solid #000000)]
    RenderBlock {DIV} at (3,3) size 734x16
      RenderText {#text} at (0,0) size 32x16
        text run at (0,0) width 32: "test"
