layer at (0,0) size 800x600
  RenderView at (0,0) size 800x600
layer at (0,0) size 800x600
  RenderBlock {HTML} at (0,0) size 800x600
    RenderBody {BODY} at (8,8) size 784x576 [bgcolor=#FFFFFF]
      RenderBlock {FORM} at (0,0) size 784x28
        RenderTable {TABLE} at (0,0) size 784x28
          RenderTableSection {TBODY} at (0,0) size 784x28
            RenderTableRow {TR} at (0,2) size 784x24 [bgcolor=#FFFFFF]
              RenderTableCell {TD} at (2,2) size 78x24 [r=0 c=0 rs=1 cs=1]
                RenderButton {INPUT} at (1,1) size 76x22 [bgcolor=#C0C0C0] [border: (2px outset #C0C0C0)]
                  RenderBlock (anonymous) at (8,2) size 60x18
                    RenderText at (3,1) size 54x16
                      text run at (3,1) width 54: "Select all"
              RenderTableCell {TD} at (82,2) size 61x24 [r=0 c=1 rs=1 cs=1]
                RenderButton {INPUT} at (1,1) size 59x22 [bgcolor=#C0C0C0] [border: (2px outset #C0C0C0)]
                  RenderBlock (anonymous) at (8,2) size 43x18
                    RenderText at (3,1) size 37x16
                      text run at (3,1) width 37: "Delete"
              RenderTableCell {TD} at (145,2) size 95x24 [r=0 c=2 rs=1 cs=1]
                RenderButton {INPUT} at (1,1) size 93x22 [bgcolor=#C0C0C0] [border: (2px outset #C0C0C0)]
                  RenderBlock (anonymous) at (8,2) size 77x18
                    RenderText at (3,1) size 71x16
                      text run at (3,1) width 71: "Empty trash"
              RenderTableCell {TD} at (242,4) size 353x22 [r=0 c=3 rs=1 cs=1]
                RenderText {#text} at (1,1) size 4x19
                  text run at (1,1) width 4: " "
              RenderTableCell {TD} at (597,2) size 73x24 [r=0 c=4 rs=1 cs=1]
                RenderButton {INPUT} at (1,1) size 71x22 [bgcolor=#C0C0C0] [border: (2px outset #C0C0C0)]
                  RenderBlock (anonymous) at (8,2) size 55x18
                    RenderText at (3,1) size 49x16
                      text run at (3,1) width 49: "Move to:"
              RenderTableCell {TD} at (672,4) size 110x22 [r=0 c=5 rs=1 cs=1]
                RenderMenuList {SELECT} at (1,1) size 108x20 [bgcolor=#FFFFFF] [border: (1px solid #000000)]
                  RenderBlock (anonymous) at (1,1) size 106x18
                    RenderText at (4,1) size 83x16
                      text run at (4,1) width 83: "Choose folder "
                RenderText {#text} at (0,0) size 0x0
                RenderText {#text} at (0,0) size 0x0
                RenderText {#text} at (0,0) size 0x0
