layer at (0,0) size 785x640
  RenderView at (0,0) size 785x600
layer at (0,0) size 785x640
  RenderBlock {HTML} at (0,0) size 785x640
    RenderBody {BODY} at (8,8) size 769x624 [bgcolor=#FFFFFF]
      RenderTable {TABLE} at (0,0) size 308x56 [border: (1px outset #808080)]
        RenderTableCol {COLGROUP} at (0,0) size 0x0
          RenderTableCol {COL} at (0,0) size 0x0
          RenderTableCol {COL} at (0,0) size 0x0
        RenderTableSection {TBODY} at (1,1) size 306x54
          RenderTableRow {TR} at (0,2) size 306x24
          RenderTableRow {TR} at (0,28) size 306x24
      RenderTable {TABLE} at (0,56) size 308x56 [border: (1px outset #808080)]
        RenderTableCol {COLGROUP} at (0,0) size 0x0
          RenderTableCol {COL} at (0,0) size 0x0
          RenderTableCol {COL} at (0,0) size 0x0
        RenderTableSection {TBODY} at (1,1) size 306x54
          RenderTableRow {TR} at (0,2) size 306x24
          RenderTableRow {TR} at (0,28) size 306x24
      RenderTable {TABLE} at (0,112) size 300x56 [border: (1px outset #808080)]
        RenderTableSection {TBODY} at (1,1) size 298x54
          RenderTableRow {TR} at (0,2) size 298x24
          RenderTableRow {TR} at (0,28) size 298x24
      RenderTable {TABLE} at (0,168) size 300x56 [border: (1px outset #808080)]
        RenderTableSection {TBODY} at (1,1) size 298x54
          RenderTableRow {TR} at (0,2) size 298x24
          RenderTableRow {TR} at (0,28) size 298x24
      RenderTable {TABLE} at (0,224) size 300x57 [border: (1px outset #808080)]
        RenderTableSection {TBODY} at (1,1) size 298x55
          RenderTableRow {TR} at (0,2) size 298x25
          RenderTableRow {TR} at (0,29) size 298x24
      RenderTable {TABLE} at (0,281) size 300x57 [border: (1px outset #808080)]
        RenderTableSection {TBODY} at (1,1) size 298x55
          RenderTableRow {TR} at (0,2) size 298x25
          RenderTableRow {TR} at (0,29) size 298x24
      RenderTable {TABLE} at (0,338) size 300x98 [border: (1px outset #808080)]
        RenderTableSection {TBODY} at (1,1) size 298x96
          RenderTableRow {TR} at (0,2) size 298x48
          RenderTableRow {TR} at (0,52) size 298x42
      RenderTable {TABLE} at (0,530) size 300x94 [border: (1px outset #808080)]
        RenderTableSection {TBODY} at (1,1) size 298x92
          RenderTableRow {TR} at (0,2) size 298x62
          RenderTableRow {TR} at (0,66) size 298x24
layer at (11,11) size 200x24 clip at (12,12) size 198x22
  RenderTableCell {TD} at (2,2) size 200x24 [bgcolor=#0000FF] [border: (1px inset #808080)] [r=0 c=0 rs=1 cs=1]
    RenderText {#text} at (2,2) size 4x19
      text run at (2,2) width 4: " "
layer at (213,11) size 100x24 clip at (214,12) size 98x22
  RenderTableCell {TD} at (204,2) size 100x24 [bgcolor=#0000FF] [border: (1px inset #808080)] [r=0 c=1 rs=1 cs=1]
    RenderText {#text} at (2,2) size 4x19
      text run at (2,2) width 4: " "
layer at (11,37) size 200x24 clip at (12,38) size 198x22
  RenderTableCell {TD} at (2,28) size 200x24 [bgcolor=#0000FF] [border: (1px inset #808080)] [r=1 c=0 rs=1 cs=1]
    RenderText {#text} at (2,2) size 4x19
      text run at (2,2) width 4: " "
layer at (213,37) size 100x24 clip at (214,38) size 98x22
  RenderTableCell {TD} at (204,28) size 100x24 [bgcolor=#0000FF] [border: (1px inset #808080)] [r=1 c=1 rs=1 cs=1]
    RenderText {#text} at (2,2) size 4x19
      text run at (2,2) width 4: " "
layer at (11,67) size 200x24 clip at (12,68) size 198x22
  RenderTableCell {TD} at (2,2) size 200x24 [bgcolor=#0000FF] [border: (1px inset #808080)] [r=0 c=0 rs=1 cs=1]
    RenderText {#text} at (2,2) size 4x19
      text run at (2,2) width 4: " "
layer at (213,67) size 100x24 clip at (214,68) size 98x22
  RenderTableCell {TD} at (204,2) size 100x24 [bgcolor=#0000FF] [border: (1px inset #808080)] [r=0 c=1 rs=1 cs=1]
    RenderText {#text} at (2,2) size 4x19
      text run at (2,2) width 4: " "
layer at (11,93) size 200x24 clip at (12,94) size 198x22
  RenderTableCell {TD} at (2,28) size 200x24 [bgcolor=#0000FF] [border: (1px inset #808080)] [r=1 c=0 rs=1 cs=1]
    RenderText {#text} at (2,2) size 4x19
      text run at (2,2) width 4: " "
layer at (213,93) size 100x24 clip at (214,94) size 98x22
  RenderTableCell {TD} at (204,28) size 100x24 [bgcolor=#0000FF] [border: (1px inset #808080)] [r=1 c=1 rs=1 cs=1]
    RenderText {#text} at (2,2) size 4x19
      text run at (2,2) width 4: " "
layer at (11,123) size 233x24 clip at (12,124) size 231x22
  RenderTableCell {TD} at (2,2) size 233x24 [bgcolor=#0000FF] [border: (1px inset #808080)] [r=0 c=0 rs=1 cs=1]
    RenderText {#text} at (2,2) size 4x19
      text run at (2,2) width 4: " "
layer at (246,123) size 59x24 clip at (247,124) size 57x22
  RenderTableCell {TD} at (237,2) size 59x24 [bgcolor=#0000FF] [border: (1px inset #808080)] [r=0 c=1 rs=1 cs=1]
    RenderText {#text} at (2,2) size 4x19
      text run at (2,2) width 4: " "
layer at (11,149) size 233x24 clip at (12,150) size 231x22
  RenderTableCell {TD} at (2,28) size 233x24 [bgcolor=#0000FF] [border: (1px inset #808080)] [r=1 c=0 rs=1 cs=1]
    RenderText {#text} at (2,2) size 4x19
      text run at (2,2) width 4: " "
layer at (246,149) size 59x24 clip at (247,150) size 57x22
  RenderTableCell {TD} at (237,28) size 59x24 [bgcolor=#0000FF] [border: (1px inset #808080)] [r=1 c=1 rs=1 cs=1]
    RenderText {#text} at (2,2) size 4x19
      text run at (2,2) width 4: " "
layer at (11,179) size 150x24 clip at (12,180) size 148x22
  RenderTableCell {TD} at (2,2) size 150x24 [bgcolor=#0000FF] [border: (1px inset #808080)] [r=0 c=0 rs=1 cs=1]
    RenderText {#text} at (2,2) size 4x19
      text run at (2,2) width 4: " "
layer at (163,179) size 142x24 clip at (164,180) size 140x22
  RenderTableCell {TD} at (154,2) size 142x24 [bgcolor=#0000FF] [border: (1px inset #808080)] [r=0 c=1 rs=1 cs=1]
    RenderText {#text} at (2,2) size 4x19
      text run at (2,2) width 4: " "
layer at (11,205) size 150x24 clip at (12,206) size 148x22
  RenderTableCell {TD} at (2,28) size 150x24 [bgcolor=#0000FF] [border: (1px inset #808080)] [r=1 c=0 rs=1 cs=1]
    RenderText {#text} at (2,2) size 4x19
      text run at (2,2) width 4: " "
layer at (163,205) size 142x24 clip at (164,206) size 140x22
  RenderTableCell {TD} at (154,28) size 142x24 [bgcolor=#0000FF] [border: (1px inset #808080)] [r=1 c=1 rs=1 cs=1]
    RenderText {#text} at (2,2) size 4x19
      text run at (2,2) width 4: " "
layer at (11,235) size 150x25 clip at (12,236) size 148x23 scrollWidth 201
  RenderTableCell {TD} at (2,2) size 150x25 [bgcolor=#0000FF] [border: (1px inset #808080)] [r=0 c=0 rs=1 cs=1]
    RenderBlock {FORM} at (2,2) size 146x21
      RenderButton {BUTTON} at (0,1) size 200x20 [bgcolor=#C0C0C0] [border: (2px outset #C0C0C0)]
        RenderBlock (anonymous) at (8,2) size 184x16
          RenderText {#text} at (77,1) size 30x14
            text run at (77,1) width 30: "button"
layer at (163,235) size 142x25 clip at (164,236) size 140x23
  RenderTableCell {TD} at (154,2) size 142x24 [bgcolor=#0000FF] [border: (1px inset #808080)] [r=0 c=1 rs=1 cs=1]
    RenderText {#text} at (2,2) size 4x19
      text run at (2,2) width 4: " "
layer at (11,262) size 150x24 clip at (12,263) size 148x22
  RenderTableCell {TD} at (2,29) size 150x24 [bgcolor=#0000FF] [border: (1px inset #808080)] [r=1 c=0 rs=1 cs=1]
    RenderText {#text} at (2,2) size 4x19
      text run at (2,2) width 4: " "
layer at (163,262) size 142x24 clip at (164,263) size 140x22
  RenderTableCell {TD} at (154,29) size 142x24 [bgcolor=#0000FF] [border: (1px inset #808080)] [r=1 c=1 rs=1 cs=1]
    RenderText {#text} at (2,2) size 4x19
      text run at (2,2) width 4: " "
layer at (11,292) size 280x25 clip at (12,293) size 278x23
  RenderTableCell {TD} at (2,2) size 280x25 [bgcolor=#0000FF] [border: (1px inset #808080)] [r=0 c=0 rs=1 cs=1]
    RenderBlock {FORM} at (2,2) size 276x21
      RenderButton {BUTTON} at (0,1) size 200x20 [bgcolor=#C0C0C0] [border: (2px outset #C0C0C0)]
        RenderBlock (anonymous) at (8,2) size 184x16
          RenderText {#text} at (77,1) size 30x14
            text run at (77,1) width 30: "button"
layer at (293,292) size 12x25 clip at (294,293) size 10x23
  RenderTableCell {TD} at (284,2) size 12x24 [bgcolor=#0000FF] [border: (1px inset #808080)] [r=0 c=1 rs=1 cs=1]
    RenderText {#text} at (2,2) size 4x19
      text run at (2,2) width 4: " "
layer at (11,319) size 280x24 clip at (12,320) size 278x22
  RenderTableCell {TD} at (2,29) size 280x24 [bgcolor=#0000FF] [border: (1px inset #808080)] [r=1 c=0 rs=1 cs=1]
    RenderText {#text} at (2,2) size 4x19
      text run at (2,2) width 4: " "
layer at (293,319) size 12x24 clip at (294,320) size 10x22
  RenderTableCell {TD} at (284,29) size 12x24 [bgcolor=#0000FF] [border: (1px inset #808080)] [r=1 c=1 rs=1 cs=1]
    RenderText {#text} at (2,2) size 4x19
      text run at (2,2) width 4: " "
layer at (11,349) size 150x48 clip at (12,350) size 148x46 scrollWidth 216
  RenderTableCell {TD} at (2,2) size 150x48 [bgcolor=#0000FF] [border: (1px inset #808080)] [r=0 c=0 rs=1 cs=1]
    RenderBlock {DIV} at (11,11) size 206x26 [border: (3px solid #000000)]
      RenderText {#text} at (3,3) size 18x19
        text run at (3,3) width 18: "div"
layer at (163,349) size 142x48 clip at (164,350) size 140x46
  RenderTableCell {TD} at (154,5) size 142x42 [bgcolor=#0000FF] [border: (1px inset #808080)] [r=0 c=1 rs=1 cs=1]
    RenderText {#text} at (11,11) size 4x19
      text run at (11,11) width 4: " "
layer at (11,399) size 150x42 clip at (12,400) size 148x40
  RenderTableCell {TD} at (2,52) size 150x42 [bgcolor=#0000FF] [border: (1px inset #808080)] [r=1 c=0 rs=1 cs=1]
    RenderText {#text} at (11,11) size 4x19
      text run at (11,11) width 4: " "
layer at (163,399) size 142x42 clip at (164,400) size 140x40
  RenderTableCell {TD} at (154,52) size 142x42 [bgcolor=#0000FF] [border: (1px inset #808080)] [r=1 c=1 rs=1 cs=1]
    RenderText {#text} at (11,11) size 4x19
      text run at (11,11) width 4: " "
layer at (8,444) size 300x94 clip at (9,445) size 298x92
  RenderTable {TABLE} at (0,436) size 300x94 [border: (1px outset #808080)]
    RenderTableSection {TBODY} at (1,1) size 298x92
      RenderTableRow {TR} at (0,2) size 298x62
      RenderTableRow {TR} at (0,66) size 298x24
layer at (11,447) size 150x62 clip at (12,448) size 148x60 scrollWidth 207
  RenderTableCell {TD} at (2,2) size 150x62 [bgcolor=#0000FF] [border: (1px inset #808080)] [r=0 c=0 rs=1 cs=1]
    RenderBlock {P} at (2,18) size 206x26 [border: (3px solid #000000)]
      RenderText {#text} at (3,3) size 27x19
        text run at (3,3) width 27: "para"
layer at (163,447) size 142x62 clip at (164,448) size 140x60
  RenderTableCell {TD} at (154,21) size 142x24 [bgcolor=#0000FF] [border: (1px inset #808080)] [r=0 c=1 rs=1 cs=1]
    RenderText {#text} at (2,2) size 4x19
      text run at (2,2) width 4: " "
layer at (11,511) size 150x24 clip at (12,512) size 148x22
  RenderTableCell {TD} at (2,66) size 150x24 [bgcolor=#0000FF] [border: (1px inset #808080)] [r=1 c=0 rs=1 cs=1]
    RenderText {#text} at (2,2) size 4x19
      text run at (2,2) width 4: " "
layer at (163,511) size 142x24 clip at (164,512) size 140x22
  RenderTableCell {TD} at (154,66) size 142x24 [bgcolor=#0000FF] [border: (1px inset #808080)] [r=1 c=1 rs=1 cs=1]
    RenderText {#text} at (2,2) size 4x19
      text run at (2,2) width 4: " "
layer at (11,541) size 254x62 clip at (12,542) size 252x60
  RenderTableCell {TD} at (2,2) size 254x62 [bgcolor=#0000FF] [border: (1px inset #808080)] [r=0 c=0 rs=1 cs=1]
    RenderBlock {P} at (2,18) size 206x26 [border: (3px solid #000000)]
      RenderText {#text} at (3,3) size 27x19
        text run at (3,3) width 27: "para"
layer at (267,541) size 38x62 clip at (268,542) size 36x60
  RenderTableCell {TD} at (258,21) size 38x24 [bgcolor=#0000FF] [border: (1px inset #808080)] [r=0 c=1 rs=1 cs=1]
    RenderText {#text} at (2,2) size 4x19
      text run at (2,2) width 4: " "
layer at (11,605) size 254x24 clip at (12,606) size 252x22
  RenderTableCell {TD} at (2,66) size 254x24 [bgcolor=#0000FF] [border: (1px inset #808080)] [r=1 c=0 rs=1 cs=1]
    RenderText {#text} at (2,2) size 4x19
      text run at (2,2) width 4: " "
layer at (267,605) size 38x24 clip at (268,606) size 36x22
  RenderTableCell {TD} at (258,66) size 38x24 [bgcolor=#0000FF] [border: (1px inset #808080)] [r=1 c=1 rs=1 cs=1]
    RenderText {#text} at (2,2) size 4x19
      text run at (2,2) width 4: " "
