layer at (0,0) size 800x600
  RenderView at (0,0) size 800x600
layer at (0,0) size 800x122
  RenderBlock {HTML} at (0,0) size 800x122
    RenderBody {BODY} at (8,8) size 784x106
      RenderBlock {FORM} at (0,0) size 784x40
        RenderButton {INPUT} at (0,0) size 167x20 [bgcolor=#C0C0C0] [border: (2px outset #C0C0C0)]
          RenderBlock (anonymous) at (8,2) size 151x16
            RenderText at (3,1) size 145x14
              text run at (3,1) width 145: "[Step 1] Set cell height to 60px"
        RenderButton {INPUT} at (0,20) size 167x20 [bgcolor=#C0C0C0] [border: (2px outset #C0C0C0)]
          RenderBlock (anonymous) at (8,2) size 151x16
            RenderText at (3,1) size 145x14
              text run at (3,1) width 145: "[Step 2] Set cell height to 20px"
      RenderTable {TABLE} at (0,40) size 42x66
        RenderTableSection {TBODY} at (0,0) size 42x66
          RenderTableRow {TR} at (0,2) size 42x30
            RenderTableCell {TD} at (2,2) size 18x30 [border: (4px solid #000000)] [r=0 c=0 rs=1 cs=1]
              RenderText {#text} at (5,5) size 8x19
                text run at (5,5) width 8: "1"
            RenderTableCell {TD} at (22,2) size 18x30 [border: (4px solid #000000)] [r=0 c=1 rs=1 cs=1]
              RenderText {#text} at (5,5) size 8x19
                text run at (5,5) width 8: "2"
          RenderTableRow {TR} at (0,34) size 42x30
            RenderTableCell {TD} at (2,34) size 18x30 [border: (4px solid #000000)] [r=1 c=0 rs=1 cs=1]
              RenderText {#text} at (5,5) size 8x19
                text run at (5,5) width 8: "2"
            RenderTableCell {TD} at (22,34) size 18x30 [border: (4px solid #000000)] [r=1 c=1 rs=1 cs=1]
              RenderText {#text} at (5,5) size 8x19
                text run at (5,5) width 8: "2"
