layer at (0,0) size 800x600
  RenderView at (0,0) size 800x600
layer at (0,0) size 800x216
  RenderBlock {HTML} at (0,0) size 800x216
    RenderBody {BODY} at (8,16) size 784x192
      RenderBlock {P} at (0,0) size 784x20
        RenderText {#text} at (0,0) size 217x19
          text run at (0,0) width 217: "There should be a green box below."
      RenderBlock {DIV} at (0,36) size 186x156 [color=#008000] [bgcolor=#FF0000] [border: (3px solid #000000)]
        RenderBlock {DIV} at (48,18) size 90x30
          RenderBlock {P} at (0,0) size 90x30
            RenderText {#text} at (0,-1) size 84x32
              text run at (0,-1) width 84: "x x x x x x x x"
              text run at (0,14) width 73: "x x x x x x x"
        RenderBlock {DIV} at (93,63) size 90x30
          RenderBlock {P} at (0,0) size 90x30
            RenderText {#text} at (0,-1) size 84x32
              text run at (0,-1) width 84: "x x x x x x x x"
              text run at (0,14) width 73: "x x x x x x x"
        RenderBlock {P} at (48,108) size 135x30
          RenderText {#text} at (0,-1) size 128x32
            text run at (0,-1) width 128: "x x x x x x x x x x x x"
            text run at (0,14) width 84: "x x x x x x x x"
