layer at (0,0) size 800x600
  RenderView at (0,0) size 800x600
layer at (0,0) size 800x120
  RenderBlock {HTML} at (0,0) size 800x120
    RenderBody {BODY} at (8,16) size 784x96
      RenderBlock {P} at (0,0) size 784x20
        RenderText {#text} at (0,0) size 309x19
          text run at (0,0) width 309: "There should be a solid vertical bar of green below."
      RenderBlock {DIV} at (0,36) size 784x60 [color=#008000]
        RenderBlock {DIV} at (0,0) size 784x15
          RenderText {#text} at (0,-1) size 22x17
            text run at (0,-1) width 22: "   X"
        RenderBlock {DIV} at (45,15) size 739x15
          RenderText {#text} at (0,-1) size 10x17
            text run at (0,-1) width 10: "X"
        RenderBlock {DIV} at (26,30) size 758x15
          RenderText {#text} at (0,-1) size 10x17
            text run at (0,-1) width 10: "X"
        RenderBlock {DIV} at (45,45) size 739x15
          RenderText {#text} at (0,-1) size 10x17
            text run at (0,-1) width 10: "X"
