layer at (0,0) size 800x600
  RenderView at (0,0) size 800x600
layer at (0,0) size 800x100
  RenderBlock {HTML} at (0,0) size 800x100
    RenderBody {BODY} at (8,16) size 784x76
      RenderBlock {P} at (0,0) size 784x20
        RenderText {#text} at (0,0) size 213x19
          text run at (0,0) width 213: "There should be a green bar below:"
      RenderBlock {DIV} at (0,36) size 120x40 [color=#FFFFFF]
        RenderText {#text} at (0,-1) size 46x22
          text run at (0,-1) width 46: "xx xx "
        RenderInline {SPAN} at (0,0) size 18x22 [color=#008000]
          RenderText {#text} at (46,-1) size 18x22
            text run at (46,-1) width 18: "xx"
        RenderText {#text} at (64,-1) size 28x22
          text run at (64,-1) width 28: " xx "
        RenderInline {SPAN} at (0,0) size 18x22 [bgcolor=#FF0000]
          RenderText {#text} at (92,-1) size 18x22
            text run at (92,-1) width 18: "xx"
        RenderText {#text} at (0,19) size 18x22
          text run at (0,19) width 18: "xx"
