layer at (0,0) size 800x600
  RenderView at (0,0) size 800x600
layer at (0,0) size 800x112
  RenderBlock {HTML} at (0,0) size 800x112
    RenderBody {BODY} at (8,16) size 784x81
      RenderBlock {P} at (0,0) size 784x20
        RenderText {#text} at (0,0) size 275x19
          text run at (0,0) width 275: "There should be a green horizontal bar below:"
      RenderBlock {DIV} at (15,36) size 195x45 [bgcolor=#008000]
        RenderBlock {P} at (0,0) size 195x15 [color=#FFFFFF] [bgcolor=#FFFFFF]
          RenderText {#text} at (0,-1) size 11x17
            text run at (0,-1) width 11: "x "
          RenderInline {SPAN} at (0,0) size 74x17
            RenderText {#text} at (11,-1) size 74x17
              text run at (11,-1) width 74: "xxxxx xxxxx"
          RenderText {#text} at (145,-1) size 11x17
            text run at (145,-1) width 11: " x"
