layer at (0,0) size 800x600
  RenderView at (0,0) size 800x600
layer at (0,0) size 800x97
  RenderBlock {HTML} at (0,0) size 800x97
    RenderBody {BODY} at (8,16) size 784x66
      RenderBlock {P} at (0,0) size 784x20
        RenderText {#text} at (0,0) size 260x19
          text run at (0,0) width 260: "There should be a green vertical bar below:"
      RenderBlock {DIV} at (15,36) size 120x30 [color=#FFFFFF] [bgcolor=#FF0000]
        RenderBlock {P} at (0,0) size 105x15 [bgcolor=#FFFFFF]
          RenderText {#text} at (0,-1) size 11x17
            text run at (0,-1) width 11: "x "
          RenderInline {SPAN} at (0,0) size 7x17
            RenderText {#text} at (71,-1) size 7x17
              text run at (71,-1) width 7: "x"
          RenderText {#text} at (78,-1) size 7x17
            text run at (78,-1) width 7: "x"
