layer at (0,0) size 800x600
  RenderView at (0,0) size 800x600
layer at (0,0) size 800x112
  RenderBlock {HTML} at (0,0) size 800x112
    RenderBody {BODY} at (8,16) size 784x81
      RenderBlock {P} at (0,0) size 784x20
        RenderText {#text} at (0,0) size 213x19
          text run at (0,0) width 213: "There should be a green bar below:"
      RenderBlock {DIV} at (15,36) size 120x45 [bgcolor=#008000]
        RenderBlock {P} at (0,0) size 120x15 [color=#FFFFFF] [bgcolor=#FFFFFF]
          RenderText {#text} at (0,-1) size 40x17
            text run at (0,-1) width 40: "x x x x"
          RenderInline {SPAN} at (0,0) size 7x17
            RenderText {#text} at (40,-1) size 7x17
              text run at (40,-1) width 7: "x"
          RenderText {#text} at (-13,-1) size 62x17
            text run at (-13,-1) width 62: "x x x x x x"
