layer at (0,0) size 800x600
  RenderView at (0,0) size 800x600
layer at (0,0) size 800x258
  RenderBlock {HTML} at (0,0) size 800x258
    RenderBody {BODY} at (8,16) size 784x192
      RenderBlock {P} at (0,0) size 784x40
        RenderText {#text} at (0,0) size 769x39
          text run at (0,0) width 769: "There should be four identical white boxes in the teal block below, all the same size, each one a little lower down on the line, in a"
          text run at (0,20) width 75: "step pattern."
      RenderBlock {DIV} at (50,90) size 684x102 [color=#FFFFFF] [bgcolor=#008080]
        RenderInline {SPAN} at (0,0) size 36x57
          RenderText {#text} at (12,9) size 36x57
            text run at (12,9) width 36: "X"
        RenderText {#text} at (48,26) size 13x57
          text run at (48,26) width 13: " "
        RenderImage {IMG} at (61,21) size 50x50
        RenderText {#text} at (111,26) size 62x57
          text run at (111,26) width 62: " X "
        RenderInline {SPAN} at (0,0) size 36x57
          RenderText {#text} at (173,37) size 36x57
            text run at (173,37) width 36: "X"
