layer at (0,0) size 800x600
  RenderView at (0,0) size 800x600
layer at (0,0) size 800x194
  RenderBlock {HTML} at (0,0) size 800x194
    RenderBody {BODY} at (8,8) size 784x166
      RenderBlock {P} at (0,0) size 784x20
        RenderText {#text} at (0,0) size 184x19
          text run at (0,0) width 184: "There should be no red below:"
      RenderBlock {DIV} at (20,40) size 86x126 [color=#008000] [bgcolor=#FF0000] [border: (3px solid #000000)]
        RenderBlock (anonymous) at (3,3) size 80x40
          RenderText {#text} at (0,9) size 51x22
            text run at (0,9) width 51: "x x x x"
        RenderBlock {P} at (3,43) size 80x40
          RenderText {#text} at (0,-3) size 48x46
            text run at (0,-3) width 48: "x x"
        RenderBlock (anonymous) at (3,83) size 80x40
          RenderText {#text} at (0,9) size 51x22
            text run at (0,9) width 51: "x x x x"
