layer at (0,0) size 800x600
  RenderView at (0,0) size 800x600
layer at (0,0) size 800x193
  RenderBlock {HTML} at (0,0) size 800x193
    RenderBody {BODY} at (8,16) size 784x162
      RenderBlock {P} at (0,0) size 784x40
        RenderText {#text} at (0,0) size 765x39
          text run at (0,0) width 365: "Change your window size. However the lines wrap, the blue "
          text run at (365,0) width 400: "rectanglues should always have their tops on the same alignment as"
          text run at (0,20) width 193: "other blue rectangles on the line."
      RenderBlock {P} at (15,56) size 754x106 [color=#0000FF] [bgcolor=#FFFFFF] [border: (1px solid #C0C0C0)]
        RenderInline {SPAN} at (0,0) size 21x17
          RenderText {#text} at (8,7) size 21x17
            text run at (8,7) width 21: "xxx"
        RenderText {#text} at (29,7) size 4x17
          text run at (29,7) width 4: " "
        RenderImage {IMG} at (33,8) size 10x10
        RenderText {#text} at (43,7) size 4x17
          text run at (43,7) width 4: " "
        RenderInline {SPAN} at (0,0) size 57x43
          RenderText {#text} at (47,6) size 57x43
            text run at (47,6) width 57: "xxx"
        RenderText {#text} at (104,7) size 4x17
          text run at (104,7) width 4: " "
        RenderImage {IMG} at (108,8) size 10x10
        RenderText {#text} at (118,7) size 4x17
          text run at (118,7) width 4: " "
        RenderInline {SPAN} at (0,0) size 21x17
          RenderText {#text} at (122,7) size 21x17
            text run at (122,7) width 21: "xxx"
        RenderText {#text} at (143,7) size 4x17
          text run at (143,7) width 4: " "
        RenderImage {IMG} at (147,8) size 10x10
        RenderText {#text} at (157,7) size 4x17
          text run at (157,7) width 4: " "
        RenderInline {SPAN} at (0,0) size 21x17
          RenderText {#text} at (161,7) size 21x17
            text run at (161,7) width 21: "xxx"
        RenderText {#text} at (182,7) size 4x17
          text run at (182,7) width 4: " "
        RenderImage {IMG} at (186,8) size 10x10
        RenderText {#text} at (196,7) size 4x17
          text run at (196,7) width 4: " "
        RenderInline {BIG} at (0,0) size 27x22
          RenderText {#text} at (200,7) size 27x22
            text run at (200,7) width 27: "xxx"
        RenderText {#text} at (227,7) size 4x17
          text run at (227,7) width 4: " "
        RenderImage {IMG} at (231,8) size 20x20
        RenderText {#text} at (251,7) size 4x17
          text run at (251,7) width 4: " "
        RenderInline {SPAN} at (0,0) size 21x17
          RenderText {#text} at (255,7) size 21x17
            text run at (255,7) width 21: "xxx"
        RenderText {#text} at (276,7) size 4x17
          text run at (276,7) width 4: " "
        RenderImage {IMG} at (280,8) size 65x65
        RenderText {#text} at (345,7) size 4x17
          text run at (345,7) width 4: " "
        RenderInline {SPAN} at (0,0) size 21x17
          RenderText {#text} at (349,7) size 21x17
            text run at (349,7) width 21: "xxx"
        RenderText {#text} at (370,7) size 4x17
          text run at (370,7) width 4: " "
        RenderImage {IMG} at (374,8) size 35x35
        RenderText {#text} at (409,7) size 4x17
          text run at (409,7) width 4: " "
        RenderInline {SPAN} at (0,0) size 42x34
          RenderText {#text} at (413,6) size 42x34
            text run at (413,6) width 42: "xxx"
        RenderText {#text} at (455,7) size 4x17
          text run at (455,7) width 4: " "
        RenderImage {IMG} at (459,8) size 50x50
        RenderText {#text} at (509,7) size 4x17
          text run at (509,7) width 4: " "
        RenderInline {SPAN} at (0,0) size 21x17
          RenderText {#text} at (513,7) size 21x17
            text run at (513,7) width 21: "xxx"
        RenderText {#text} at (534,7) size 4x17
          text run at (534,7) width 4: " "
        RenderImage {IMG} at (538,8) size 15x15
        RenderText {#text} at (553,7) size 4x17
          text run at (553,7) width 4: " "
        RenderInline {BIG} at (0,0) size 27x22
          RenderText {#text} at (557,7) size 27x22
            text run at (557,7) width 27: "xxx"
        RenderText {#text} at (584,7) size 4x17
          text run at (584,7) width 4: " "
        RenderImage {IMG} at (588,8) size 90x90
        RenderText {#text} at (0,0) size 0x0
