layer at (0,0) size 800x600
  RenderView at (0,0) size 800x600
layer at (0,0) size 800x103
  RenderBlock {HTML} at (0,0) size 800x103
    RenderBody {BODY} at (8,16) size 784x72
      RenderBlock {P} at (0,0) size 784x20
        RenderText {#text} at (0,0) size 185x19
          text run at (0,0) width 185: "There should be no red below."
      RenderBlock {UL} at (75,36) size 96x36 [color=#00FF00] [bgcolor=#FF0000] [border: (3px solid #000000)]
        RenderListItem {LI} at (3,3) size 90x30
          RenderListMarker at (0,-1) size 19x17: "A"
          RenderText {#text} at (19,-1) size 88x32
            text run at (19,-1) width 69: " x x xx xx x"
            text run at (0,14) width 7: "x"
