layer at (0,0) size 800x600
  RenderView at (0,0) size 800x600
layer at (0,0) size 800x156
  RenderBlock {HTML} at (0,0) size 800x156
    RenderBody {BODY} at (8,16) size 784x132
      RenderBlock {P} at (0,0) size 784x20
        RenderText {#text} at (0,0) size 228x19
          text run at (0,0) width 228: "There should be a green block below."
      RenderBlock {DIV} at (0,36) size 156x96 [color=#008000] [bgcolor=#008000] [border: (3px solid #000000)]
        RenderBlock {DIV} at (3,3) size 150x30
          RenderText {#text} at (0,-1) size 134x32
            text run at (0,-1) width 46: "z          "
            text run at (46,-1) width 46: "z          "
            text run at (92,-1) width 42: "z         "
            text run at (0,14) width 46: "z          "
            text run at (46,14) width 42: "z         "
        RenderBlock {DIV} at (3,33) size 150x30
          RenderText {#text} at (0,-1) size 148x32
            text run at (0,-1) width 64: "zzzzzzzzzz "
            text run at (64,-1) width 44: "           "
            text run at (108,-1) width 40: "          "
            text run at (0,14) width 44: "           "
            text run at (44,14) width 40: "          "
        RenderBlock {DIV} at (3,63) size 150x30
          RenderText {#text} at (0,-1) size 130x32
            text run at (0,-1) width 46: "z          "
            text run at (46,-1) width 44: "           "
            text run at (90,-1) width 40: "          "
            text run at (0,14) width 44: "           "
            text run at (44,14) width 40: "          "
