layer at (0,0) size 785x1906
  RenderView at (0,0) size 785x600
layer at (0,0) size 785x1906
  RenderBlock {HTML} at (0,0) size 785x1906
    RenderBody {BODY} at (8,16) size 769x1874
      RenderBlock {P} at (0,0) size 769x20 [color=#C0C0C0]
        RenderText {#text} at (0,0) size 77x19
          text run at (0,0) width 77: "Dummy text."
      RenderBlock {P} at (0,36) size 769x20 [color=#C0C0C0]
        RenderText {#text} at (0,0) size 77x19
          text run at (0,0) width 77: "Dummy text."
      RenderBlock {P} at (0,72) size 769x20 [color=#C0C0C0]
        RenderText {#text} at (0,0) size 77x19
          text run at (0,0) width 77: "Dummy text."
      RenderBlock {P} at (0,108) size 769x40
        RenderText {#text} at (0,0) size 749x39
          text run at (0,0) width 374: "Scroll this document. A line of blue should remain stuck at the "
          text run at (374,0) width 375: "top of the viewport the whole time, and there should be no red"
          text run at (0,20) width 172: "below, just a block of green."
      RenderBlock {DIV} at (30,164) size 165x30 [color=#008000] [bgcolor=#008000]
        RenderText {#text} at (0,-1) size 158x32
          text run at (0,-1) width 54: "          X "
          text run at (54,-1) width 54: "          X "
          text run at (108,-1) width 50: "          X"
          text run at (0,14) width 54: "          X "
          text run at (54,14) width 50: "          X"
      RenderBlock {DIV} at (30,194) size 165x30 [color=#008000] [bgcolor=#008000]
        RenderText {#text} at (0,-1) size 158x32
          text run at (0,-1) width 54: "     X      "
          text run at (54,-1) width 54: "     X      "
          text run at (108,-1) width 50: "     X     "
          text run at (0,14) width 54: "     X      "
          text run at (54,14) width 50: "     X     "
      RenderBlock {DIV} at (30,224) size 165x30 [color=#008000] [bgcolor=#008000]
        RenderText {#text} at (0,-1) size 158x32
          text run at (0,-1) width 114: "XXXXXXXXXXX "
          text run at (114,-1) width 44: "           "
          text run at (0,14) width 48: "            "
          text run at (48,14) width 48: "            "
          text run at (96,14) width 44: "           "
      RenderBlock {P} at (0,270) size 769x20 [color=#C0C0C0]
        RenderText {#text} at (0,0) size 77x19
          text run at (0,0) width 77: "Dummy text."
      RenderBlock {P} at (0,306) size 769x20 [color=#C0C0C0]
        RenderText {#text} at (0,0) size 77x19
          text run at (0,0) width 77: "Dummy text."
      RenderBlock {P} at (0,342) size 769x20 [color=#C0C0C0]
        RenderText {#text} at (0,0) size 77x19
          text run at (0,0) width 77: "Dummy text."
      RenderBlock {P} at (0,378) size 769x20 [color=#C0C0C0]
        RenderText {#text} at (0,0) size 77x19
          text run at (0,0) width 77: "Dummy text."
      RenderBlock {P} at (0,414) size 769x20 [color=#C0C0C0]
        RenderText {#text} at (0,0) size 77x19
          text run at (0,0) width 77: "Dummy text."
      RenderBlock {P} at (0,450) size 769x20 [color=#C0C0C0]
        RenderText {#text} at (0,0) size 77x19
          text run at (0,0) width 77: "Dummy text."
      RenderBlock {P} at (0,486) size 769x20 [color=#C0C0C0]
        RenderText {#text} at (0,0) size 77x19
          text run at (0,0) width 77: "Dummy text."
      RenderBlock {P} at (0,522) size 769x20 [color=#C0C0C0]
        RenderText {#text} at (0,0) size 77x19
          text run at (0,0) width 77: "Dummy text."
      RenderBlock {P} at (0,558) size 769x20 [color=#C0C0C0]
        RenderText {#text} at (0,0) size 77x19
          text run at (0,0) width 77: "Dummy text."
      RenderBlock {P} at (0,594) size 769x20 [color=#C0C0C0]
        RenderText {#text} at (0,0) size 77x19
          text run at (0,0) width 77: "Dummy text."
      RenderBlock {P} at (0,630) size 769x20 [color=#C0C0C0]
        RenderText {#text} at (0,0) size 77x19
          text run at (0,0) width 77: "Dummy text."
      RenderBlock {P} at (0,666) size 769x20 [color=#C0C0C0]
        RenderText {#text} at (0,0) size 77x19
          text run at (0,0) width 77: "Dummy text."
      RenderBlock {P} at (0,702) size 769x20 [color=#C0C0C0]
        RenderText {#text} at (0,0) size 77x19
          text run at (0,0) width 77: "Dummy text."
      RenderBlock {P} at (0,738) size 769x20 [color=#C0C0C0]
        RenderText {#text} at (0,0) size 77x19
          text run at (0,0) width 77: "Dummy text."
      RenderBlock {P} at (0,774) size 769x20 [color=#C0C0C0]
        RenderText {#text} at (0,0) size 77x19
          text run at (0,0) width 77: "Dummy text."
      RenderBlock {P} at (0,810) size 769x20 [color=#C0C0C0]
        RenderText {#text} at (0,0) size 77x19
          text run at (0,0) width 77: "Dummy text."
      RenderBlock {P} at (0,846) size 769x20 [color=#C0C0C0]
        RenderText {#text} at (0,0) size 77x19
          text run at (0,0) width 77: "Dummy text."
      RenderBlock {P} at (0,882) size 769x20 [color=#C0C0C0]
        RenderText {#text} at (0,0) size 77x19
          text run at (0,0) width 77: "Dummy text."
      RenderBlock {P} at (0,918) size 769x20 [color=#C0C0C0]
        RenderText {#text} at (0,0) size 77x19
          text run at (0,0) width 77: "Dummy text."
      RenderBlock {P} at (0,954) size 769x20 [color=#C0C0C0]
        RenderText {#text} at (0,0) size 77x19
          text run at (0,0) width 77: "Dummy text."
      RenderBlock {P} at (0,990) size 769x20 [color=#C0C0C0]
        RenderText {#text} at (0,0) size 77x19
          text run at (0,0) width 77: "Dummy text."
      RenderBlock {P} at (0,1026) size 769x20 [color=#C0C0C0]
        RenderText {#text} at (0,0) size 77x19
          text run at (0,0) width 77: "Dummy text."
      RenderBlock {P} at (0,1062) size 769x20 [color=#C0C0C0]
        RenderText {#text} at (0,0) size 77x19
          text run at (0,0) width 77: "Dummy text."
      RenderBlock {P} at (0,1098) size 769x20 [color=#C0C0C0]
        RenderText {#text} at (0,0) size 77x19
          text run at (0,0) width 77: "Dummy text."
      RenderBlock {P} at (0,1134) size 769x20 [color=#C0C0C0]
        RenderText {#text} at (0,0) size 77x19
          text run at (0,0) width 77: "Dummy text."
      RenderBlock {P} at (0,1170) size 769x20 [color=#C0C0C0]
        RenderText {#text} at (0,0) size 77x19
          text run at (0,0) width 77: "Dummy text."
      RenderBlock {P} at (0,1206) size 769x20 [color=#C0C0C0]
        RenderText {#text} at (0,0) size 77x19
          text run at (0,0) width 77: "Dummy text."
      RenderBlock {P} at (0,1242) size 769x20 [color=#C0C0C0]
        RenderText {#text} at (0,0) size 77x19
          text run at (0,0) width 77: "Dummy text."
      RenderBlock {P} at (0,1278) size 769x20 [color=#C0C0C0]
        RenderText {#text} at (0,0) size 77x19
          text run at (0,0) width 77: "Dummy text."
      RenderBlock {P} at (0,1314) size 769x20 [color=#C0C0C0]
        RenderText {#text} at (0,0) size 77x19
          text run at (0,0) width 77: "Dummy text."
      RenderBlock {P} at (0,1350) size 769x20 [color=#C0C0C0]
        RenderText {#text} at (0,0) size 77x19
          text run at (0,0) width 77: "Dummy text."
      RenderBlock {P} at (0,1386) size 769x20 [color=#C0C0C0]
        RenderText {#text} at (0,0) size 77x19
          text run at (0,0) width 77: "Dummy text."
      RenderBlock {P} at (0,1422) size 769x20 [color=#C0C0C0]
        RenderText {#text} at (0,0) size 77x19
          text run at (0,0) width 77: "Dummy text."
      RenderBlock {P} at (0,1458) size 769x20 [color=#C0C0C0]
        RenderText {#text} at (0,0) size 77x19
          text run at (0,0) width 77: "Dummy text."
      RenderBlock {P} at (0,1494) size 769x20 [color=#C0C0C0]
        RenderText {#text} at (0,0) size 77x19
          text run at (0,0) width 77: "Dummy text."
      RenderBlock {P} at (0,1530) size 769x20 [color=#C0C0C0]
        RenderText {#text} at (0,0) size 77x19
          text run at (0,0) width 77: "Dummy text."
      RenderBlock {P} at (0,1566) size 769x20 [color=#C0C0C0]
        RenderText {#text} at (0,0) size 77x19
          text run at (0,0) width 77: "Dummy text."
      RenderBlock {P} at (0,1602) size 769x20 [color=#C0C0C0]
        RenderText {#text} at (0,0) size 77x19
          text run at (0,0) width 77: "Dummy text."
      RenderBlock {P} at (0,1638) size 769x20 [color=#C0C0C0]
        RenderText {#text} at (0,0) size 77x19
          text run at (0,0) width 77: "Dummy text."
      RenderBlock {P} at (0,1674) size 769x20 [color=#C0C0C0]
        RenderText {#text} at (0,0) size 77x19
          text run at (0,0) width 77: "Dummy text."
      RenderBlock {P} at (0,1710) size 769x20 [color=#C0C0C0]
        RenderText {#text} at (0,0) size 77x19
          text run at (0,0) width 77: "Dummy text."
      RenderBlock {P} at (0,1746) size 769x20 [color=#C0C0C0]
        RenderText {#text} at (0,0) size 77x19
          text run at (0,0) width 77: "Dummy text."
      RenderBlock {P} at (0,1782) size 769x20 [color=#C0C0C0]
        RenderText {#text} at (0,0) size 77x19
          text run at (0,0) width 77: "Dummy text."
      RenderBlock {P} at (0,1818) size 769x20 [color=#C0C0C0]
        RenderText {#text} at (0,0) size 77x19
          text run at (0,0) width 77: "Dummy text."
      RenderBlock {P} at (0,1854) size 769x20 [color=#C0C0C0]
        RenderText {#text} at (0,0) size 77x19
          text run at (0,0) width 77: "Dummy text."
