layer at (0,0) size 800x600
  RenderView at (0,0) size 800x600
layer at (0,0) size 800x108
  RenderBlock {HTML} at (0,0) size 800x108
    RenderBody {BODY} at (8,16) size 784x84
      RenderBlock {P} at (0,0) size 784x20
        RenderText {#text} at (0,0) size 228x19
          text run at (0,0) width 228: "There should be a green block below."
      RenderBlock {DIV} at (0,36) size 160x48 [color=#008000] [bgcolor=#FF0000] [border: (3px solid #000000)]
        RenderBlock {DIV} at (3,3) size 154x42
          RenderText {#text} at (0,-1) size 125x44
            text run at (0,-1) width 57: "  _  _  _   "
            text run at (57,-1) width 53: "  _  _  _  "
            text run at (0,13) width 72: "__ __ __ __ "
            text run at (72,13) width 53: "  _  _  _  "
            text run at (0,27) width 53: "  _  _  _  "
