layer at (0,0) size 800x600
  RenderView at (0,0) size 800x600
layer at (0,0) size 800x94
  RenderBlock {HTML} at (0,0) size 800x94
    RenderBody {BODY} at (8,16) size 784x70
      RenderBlock {P} at (0,0) size 784x20
        RenderText {#text} at (0,0) size 228x19
          text run at (0,0) width 228: "There should be a green block below."
      RenderBlock {DIV} at (0,36) size 160x34 [color=#008000] [bgcolor=#FF0000] [border: (3px solid #000000)]
        RenderBlock {DIV} at (3,3) size 154x28
          RenderText {#text} at (0,-1) size 154x30
            text run at (0,-1) width 51: "  r  r  r   "
            text run at (51,-1) width 56: "rr rr rr rr "
            text run at (107,-1) width 47: "  r  r  r  "
            text run at (0,13) width 51: "  r  r  r   "
            text run at (51,13) width 52: "rr rr rr rr"
