layer at (0,0) size 800x600
  RenderView at (0,0) size 800x600
layer at (0,0) size 800x173
  RenderBlock {HTML} at (0,0) size 800x172
    RenderBody {BODY} at (0,16) size 800x156
      RenderBlock {P} at (0,0) size 800x20
        RenderText {#text} at (0,0) size 220x19
          text run at (0,0) width 220: "There should be no red on this page."
      RenderBlock {DIV} at (0,36) size 165x30 [color=#FFFFFF]
        RenderText {#text} at (0,-1) size 140x32
          text run at (0,-1) width 48: "            "
          text run at (48,-1) width 48: "            "
          text run at (96,-1) width 44: "           "
          text run at (0,14) width 48: "            "
          text run at (48,14) width 50: "          X"
      RenderBlock {DIV} at (0,66) size 165x30 [color=#FFFFFF]
        RenderText {#text} at (0,-1) size 146x32
          text run at (0,-1) width 48: "            "
          text run at (48,-1) width 48: "            "
          text run at (96,-1) width 50: "X          "
          text run at (0,14) width 48: "            "
          text run at (48,14) width 44: "           "
      RenderBlock {DIV} at (0,96) size 165x30 [color=#FFFFFF]
        RenderText {#text} at (0,-1) size 146x32
          text run at (0,-1) width 48: "            "
          text run at (48,-1) width 54: "        X   "
          text run at (102,-1) width 44: "           "
          text run at (0,14) width 48: "            "
          text run at (48,14) width 44: "           "
      RenderBlock {DIV} at (0,126) size 165x30 [color=#FFFFFF]
        RenderText {#text} at (0,-1) size 146x32
          text run at (0,-1) width 48: "            "
          text run at (48,-1) width 48: "            "
          text run at (96,-1) width 50: "  X        "
          text run at (0,14) width 48: "            "
          text run at (48,14) width 44: "           "
