layer at (0,0) size 800x600
  RenderView at (0,0) size 800x600
layer at (0,0) size 800x142
  RenderBlock {HTML} at (0,0) size 800x142
    RenderBody {BODY} at (8,16) size 784x118
      RenderBlock {P} at (0,0) size 784x20
        RenderText {#text} at (0,0) size 445x19
          text run at (0,0) width 445: "There should be a solid single uninterrupted smooth column of blue below."
      RenderBlock {DIV} at (0,36) size 784x82 [color=#000080]
        RenderBlock {DIV} at (0,0) size 784x32
          RenderText {#text} at (0,-2) size 15x36
            text run at (0,-2) width 15: "x"
        RenderBlock {DIV} at (0,32) size 784x18
          RenderText {#text} at (0,-1) size 8x20
            text run at (0,-1) width 8: "x"
        RenderBlock {DIV} at (0,50) size 784x32
          RenderText {#text} at (0,-2) size 15x36
            text run at (0,-2) width 15: "x"
