layer at (0,0) size 800x600
  RenderView at (0,0) size 800x600
layer at (0,0) size 800x186
  RenderBlock {HTML} at (0,0) size 800x186
    RenderBody {BODY} at (8,16) size 784x160
      RenderBlock {P} at (0,0) size 784x20
        RenderText {#text} at (0,0) size 280x19
          text run at (0,0) width 280: "The two boxes below should be the same size."
      RenderBlock {DIV} at (0,36) size 784x124 [color=#000080]
        RenderBlock {P} at (30,0) size 724x57
          RenderText {#text} at (0,1) size 24x55
            text run at (0,1) width 24: "x"
        RenderBlock {P} at (30,67) size 724x57
          RenderText {#text} at (0,1) size 24x55
            text run at (0,1) width 24: "x"
