layer at (0,0) size 800x600
  RenderView at (0,0) size 800x600
layer at (0,0) size 800x600
  RenderBlock {HTML} at (0,0) size 800x600
    RenderBody {BODY} at (8,8) size 784x584
      RenderBlock {P} at (0,0) size 784x20
        RenderText {#text} at (0,0) size 198x19
          text run at (0,0) width 198: "TODO: this test needs a baseline"
      RenderBlock (anonymous) at (0,36) size 784x20
        RenderText {#text} at (0,0) size 34x19
          text run at (0,0) width 34: "FAIL"
