layer at (0,0) size 800x600
  RenderView at (0,0) size 800x600
layer at (0,0) size 800x600
  RenderBlock {HTML} at (0,0) size 800x600
    RenderBody {BODY} at (8,8) size 784x584
      RenderBlock {FORM} at (0,0) size 784x21
        RenderMenuList {SELECT} at (0,2) size 84x18 [bgcolor=#FFFFFF]
          RenderBlock (anonymous) at (0,0) size 84x19
            RenderText at (8,2) size 52x14
              text run at (8,2) width 52: "append cell"
        RenderText {#text} at (84,0) size 51x19
          text run at (84,0) width 51: "   tbody "
        RenderTextControl {INPUT} at (135,1) size 50x20 [bgcolor=#FFFFFF] [border: (2px inset #000000)]
        RenderText {#text} at (185,0) size 40x19
          text run at (185,0) width 40: "   row "
        RenderTextControl {INPUT} at (225,1) size 50x20 [bgcolor=#FFFFFF] [border: (2px inset #000000)]
        RenderText {#text} at (275,0) size 34x19
          text run at (275,0) width 34: "   col "
        RenderTextControl {INPUT} at (309,1) size 50x20 [bgcolor=#FFFFFF] [border: (2px inset #000000)]
        RenderText {#text} at (359,0) size 72x19
          text run at (359,0) width 72: "   row span "
        RenderTextControl {INPUT} at (431,1) size 50x20 [bgcolor=#FFFFFF] [border: (2px inset #000000)]
        RenderText {#text} at (481,0) size 66x19
          text run at (481,0) width 66: "   col span "
        RenderTextControl {INPUT} at (547,1) size 50x20 [bgcolor=#FFFFFF] [border: (2px inset #000000)]
        RenderText {#text} at (597,0) size 20x19
          text run at (597,0) width 20: "     "
        RenderButton {INPUT} at (617,1) size 47x20 [bgcolor=#C0C0C0] [border: (2px outset #C0C0C0)]
          RenderBlock (anonymous) at (8,2) size 31x16
            RenderText at (3,1) size 25x14
              text run at (3,1) width 25: "Do It"
        RenderText {#text} at (0,0) size 0x0
      RenderBlock (anonymous) at (0,37) size 784x20
        RenderBR {BR} at (0,0) size 0x19
      RenderTable {TABLE} at (0,57) size 62x56 [bgcolor=#FFA500] [border: (1px outset #808080)]
        RenderTableSection {TBODY} at (1,1) size 60x54
          RenderTableRow {TR} at (0,2) size 60x24
            RenderTableCell {TD} at (2,2) size 27x24 [border: (1px inset #808080)] [r=0 c=0 rs=1 cs=1]
              RenderText {#text} at (2,2) size 23x19
                text run at (2,2) width 23: "c11"
          RenderTableRow {TR} at (0,28) size 60x24
            RenderTableCell {TD} at (2,28) size 27x24 [border: (1px inset #808080)] [r=1 c=0 rs=1 cs=1]
              RenderText {#text} at (2,2) size 23x19
                text run at (2,2) width 23: "c21"
            RenderTableCell {TD} at (31,28) size 27x24 [border: (1px inset #808080)] [r=1 c=1 rs=1 cs=1]
              RenderText {#text} at (2,2) size 23x19
                text run at (2,2) width 23: "c22"
      RenderBlock (anonymous) at (0,113) size 784x20
        RenderBR {BR} at (0,0) size 0x19
layer at (145,12) size 46x14
  RenderBlock {DIV} at (2,3) size 46x14
    RenderText {#text} at (1,0) size 6x14
      text run at (1,0) width 6: "0"
layer at (235,12) size 46x14
  RenderBlock {DIV} at (2,3) size 46x14
    RenderText {#text} at (1,0) size 6x14
      text run at (1,0) width 6: "0"
layer at (319,12) size 46x14
  RenderBlock {DIV} at (2,3) size 46x14
    RenderText {#text} at (1,0) size 6x14
      text run at (1,0) width 6: "0"
layer at (441,12) size 46x14
  RenderBlock {DIV} at (2,3) size 46x14
    RenderText {#text} at (1,0) size 6x14
      text run at (1,0) width 6: "1"
layer at (557,12) size 46x14
  RenderBlock {DIV} at (2,3) size 46x14
    RenderText {#text} at (1,0) size 6x14
      text run at (1,0) width 6: "1"
