layer at (0,0) size 800x600
  RenderView at (0,0) size 800x600
layer at (0,0) size 800x600
  RenderBlock {HTML} at (0,0) size 800x600
    RenderBody {BODY} at (8,8) size 784x584
      RenderBlock {FORM} at (0,0) size 784x44
        RenderBlock {DIV} at (0,0) size 784x44
          RenderBlock {HR} at (0,0) size 784x2 [border: (1px inset #000000)]
          RenderBlock (anonymous) at (0,10) size 784x24
            RenderText {#text} at (0,1) size 307x19
              text run at (0,1) width 307: "This is a searchable index. Enter search keywords: "
            RenderTextControl {ISINDEX} at (309,2) size 112x20 [bgcolor=#FFFFFF] [border: (2px inset #000000)]
          RenderBlock {HR} at (0,42) size 784x2 [border: (1px inset #000000)]
      RenderBlock {DIV} at (0,60) size 784x44
        RenderBlock {HR} at (0,0) size 784x2 [border: (1px inset #000000)]
        RenderBlock (anonymous) at (0,10) size 784x24
          RenderText {#text} at (0,1) size 307x19
            text run at (0,1) width 307: "This is a searchable index. Enter search keywords: "
          RenderTextControl {ISINDEX} at (309,2) size 112x20 [bgcolor=#FFFFFF] [border: (2px inset #000000)]
        RenderBlock {HR} at (0,42) size 784x2 [border: (1px inset #000000)]
layer at (320,23) size 106x14
  RenderBlock {DIV} at (3,3) size 106x14
layer at (320,83) size 106x14
  RenderBlock {DIV} at (3,3) size 106x14
