layer at (0,0) size 800x600
  RenderView at (0,0) size 800x600
layer at (0,0) size 800x600
  RenderBlock {HTML} at (0,0) size 800x600
    RenderBody {BODY} at (8,8) size 784x584
      RenderBlock {DIV} at (0,0) size 32x544 [border: (1px solid #FF0000)]
        RenderTextControl {INPUT} at (1,1) size 155x22 [bgcolor=#FFFFFF] [border: (2px inset #000000)]
        RenderTextControl {INPUT} at (1,23) size 155x22 [bgcolor=#FFFFFF] [border: (2px inset #000000)]
        RenderText {#text} at (0,0) size 0x0
        RenderImage {IMG} at (1,45) size 27x27 [border: (1px solid #000000)]
        RenderImage {IMG} at (1,72) size 27x27 [border: (1px solid #000000)]
        RenderText {#text} at (0,0) size 0x0
        RenderButton {INPUT} at (1,99) size 50x22 [bgcolor=#C0C0C0] [border: (2px outset #C0C0C0)]
          RenderBlock (anonymous) at (8,2) size 34x18
            RenderText at (3,1) size 28x16
              text run at (3,1) width 28: "input"
        RenderButton {INPUT} at (1,121) size 50x22 [bgcolor=#C0C0C0] [border: (2px outset #C0C0C0)]
          RenderBlock (anonymous) at (8,2) size 34x18
            RenderText at (3,1) size 28x16
              text run at (3,1) width 28: "input"
        RenderText {#text} at (0,0) size 0x0
        RenderButton {BUTTON} at (1,143) size 58x22 [bgcolor=#C0C0C0] [border: (2px outset #C0C0C0)]
          RenderBlock (anonymous) at (8,2) size 42x18
            RenderText {#text} at (3,1) size 36x16
              text run at (3,1) width 36: "button"
        RenderButton {BUTTON} at (1,165) size 58x22 [bgcolor=#C0C0C0] [border: (2px outset #C0C0C0)]
          RenderBlock (anonymous) at (8,2) size 42x18
            RenderText {#text} at (3,1) size 36x16
              text run at (3,1) width 36: "button"
        RenderText {#text} at (0,0) size 0x0
        RenderMenuList {SELECT} at (1,187) size 60x20 [bgcolor=#FFFFFF] [border: (1px solid #000000)]
          RenderBlock (anonymous) at (1,1) size 58x18
            RenderText at (4,1) size 35x16
              text run at (4,1) width 35: "select"
        RenderMenuList {SELECT} at (1,207) size 60x20 [bgcolor=#FFFFFF] [border: (1px solid #000000)]
          RenderBlock (anonymous) at (1,1) size 58x18
            RenderText at (4,1) size 35x16
              text run at (4,1) width 35: "select"
        RenderText {#text} at (0,0) size 0x0
        RenderListBox {SELECT} at (1,227) size 56x69 [bgcolor=#FFFFFF] [border: (1px inset #808080)]
        RenderListBox {SELECT} at (1,296) size 56x69 [bgcolor=#FFFFFF] [border: (1px inset #808080)]
        RenderText {#text} at (0,0) size 0x0
        RenderBlock {INPUT} at (5,368) size 13x13
        RenderBlock {INPUT} at (5,387) size 13x13
        RenderText {#text} at (0,0) size 0x0
        RenderBlock {INPUT} at (6,406) size 13x13
        RenderBlock {INPUT} at (6,422) size 13x13
        RenderText {#text} at (0,0) size 0x0
        RenderPartObject {IFRAME} at (1,435) size 27x27 [border: (1px solid #000000)]
          layer at (0,0) size 25x25
            RenderView at (0,0) size 25x25
          layer at (0,0) size 25x25
            RenderBlock {HTML} at (0,0) size 25x25
              RenderBody {BODY} at (8,8) size 9x9
        RenderPartObject {IFRAME} at (1,462) size 27x27 [border: (1px solid #000000)]
          layer at (0,0) size 25x25
            RenderView at (0,0) size 25x25
          layer at (0,0) size 25x25
            RenderBlock {HTML} at (0,0) size 25x25
              RenderBody {BODY} at (8,8) size 9x9
        RenderText {#text} at (0,0) size 0x0
        RenderPartObject {EMBED} at (1,489) size 27x27 [border: (1px solid #000000)]
        RenderPartObject {EMBED} at (1,516) size 27x27 [border: (1px solid #000000)]
        RenderText {#text} at (0,0) size 0x0
layer at (11,12) size 151x16
  RenderBlock {DIV} at (2,3) size 151x16
layer at (11,34) size 151x16
  RenderBlock {DIV} at (2,3) size 151x16
