layer at (0,0) size 800x600
  RenderView at (0,0) size 800x600
layer at (0,0) size 800x600
  RenderBlock {HTML} at (0,0) size 800x600
    RenderBody {BODY} at (8,8) size 784x584
      RenderBlock {DIV} at (0,0) size 10x45
        RenderText {#text} at (0,0) size 25x19
          text run at (0,0) width 25: "Foo"
        RenderImage {IMG} at (0,20) size 25x25
      RenderBlock {DIV} at (0,45) size 10x40
        RenderText {#text} at (0,0) size 25x19
          text run at (0,0) width 25: "Foo"
        RenderMenuList {SELECT} at (0,20) size 49x20 [bgcolor=#FFFFFF] [border: (1px solid #000000)]
          RenderBlock (anonymous) at (1,1) size 47x18
            RenderText at (4,1) size 24x16
              text run at (4,1) width 24: "One"
      RenderBlock {DIV} at (0,85) size 10x42
        RenderText {#text} at (0,0) size 25x19
          text run at (0,0) width 25: "Foo"
        RenderTextControl {INPUT} at (0,20) size 155x22 [bgcolor=#FFFFFF] [border: (2px inset #000000)]
      RenderBlock {DIV} at (0,127) size 10x45
        RenderImage {IMG} at (0,0) size 25x25
        RenderText {#text} at (0,25) size 25x19
          text run at (0,25) width 25: "Foo"
      RenderBlock {DIV} at (0,172) size 10x40
        RenderMenuList {SELECT} at (0,0) size 49x20 [bgcolor=#FFFFFF] [border: (1px solid #000000)]
          RenderBlock (anonymous) at (1,1) size 47x18
            RenderText at (4,1) size 24x16
              text run at (4,1) width 24: "One"
        RenderText {#text} at (0,20) size 25x19
          text run at (0,20) width 25: "Foo"
      RenderBlock {DIV} at (0,212) size 10x42
        RenderTextControl {INPUT} at (0,0) size 155x22 [bgcolor=#FFFFFF] [border: (2px inset #000000)]
        RenderText {#text} at (0,22) size 25x19
          text run at (0,22) width 25: "Foo"
layer at (10,116) size 151x16
  RenderBlock {DIV} at (2,3) size 151x16
layer at (10,223) size 151x16
  RenderBlock {DIV} at (2,3) size 151x16
