layer at (0,0) size 800x600
  RenderView at (0,0) size 800x600
layer at (0,0) size 800x600
  RenderBlock {HTML} at (0,0) size 800x600
    RenderBody {BODY} at (8,8) size 784x584
      RenderBlock (anonymous) at (0,0) size 784x20
        RenderText {#text} at (0,0) size 291x19
          text run at (0,0) width 291: "The following sets of buttons should not overlap."
      RenderTable {TABLE} at (0,20) size 784x24
        RenderTableSection {TBODY} at (0,0) size 784x24
          RenderTableRow {TR} at (0,1) size 784x22
            RenderTableCell {TD} at (1,1) size 68x22 [r=0 c=0 rs=1 cs=1]
              RenderButton {INPUT} at (1,1) size 66x20 [bgcolor=#C0C0C0] [border: (2px outset #C0C0C0)]
                RenderBlock (anonymous) at (8,2) size 50x16
                  RenderText at (3,1) size 44x14
                    text run at (3,1) width 44: "New Mail"
            RenderTableCell {TD} at (70,1) size 51x22 [r=0 c=1 rs=1 cs=1]
              RenderButton {INPUT} at (1,1) size 49x20 [bgcolor=#C0C0C0] [border: (2px outset #C0C0C0)]
                RenderBlock (anonymous) at (8,2) size 33x16
                  RenderText at (3,1) size 27x14
                    text run at (3,1) width 27: "Reply"
            RenderTableCell {TD} at (122,1) size 68x22 [r=0 c=2 rs=1 cs=1]
              RenderButton {INPUT} at (1,1) size 66x20 [bgcolor=#C0C0C0] [border: (2px outset #C0C0C0)]
                RenderBlock (anonymous) at (8,2) size 50x16
                  RenderText at (3,1) size 44x14
                    text run at (3,1) width 44: "Reply All"
            RenderTableCell {TD} at (191,1) size 592x22 [r=0 c=3 rs=1 cs=1]
              RenderText {#text} at (1,1) size 4x19
                text run at (1,1) width 4: " "
      RenderBlock (anonymous) at (0,44) size 784x40
        RenderBR {BR} at (0,0) size 0x19
        RenderBR {BR} at (0,20) size 0x19
      RenderTable {TABLE} at (0,84) size 784x24
        RenderTableSection {TBODY} at (0,0) size 784x24
          RenderTableRow {TR} at (0,1) size 784x22
            RenderTableCell {TD} at (1,1) size 68x22 [r=0 c=0 rs=1 cs=1]
              RenderButton {INPUT} at (1,1) size 66x20 [bgcolor=#C0C0C0] [border: (2px outset #C0C0C0)]
                RenderBlock (anonymous) at (8,2) size 50x16
                  RenderText at (3,1) size 44x14
                    text run at (3,1) width 44: "New Mail"
            RenderTableCell {TD} at (70,1) size 51x22 [r=0 c=1 rs=1 cs=1]
              RenderButton {INPUT} at (1,1) size 49x20 [bgcolor=#C0C0C0] [border: (2px outset #C0C0C0)]
                RenderBlock (anonymous) at (8,2) size 33x16
                  RenderText at (3,1) size 27x14
                    text run at (3,1) width 27: "Reply"
            RenderTableCell {TD} at (122,1) size 68x22 [r=0 c=2 rs=1 cs=1]
              RenderButton {INPUT} at (1,1) size 66x20 [bgcolor=#C0C0C0] [border: (2px outset #C0C0C0)]
                RenderBlock (anonymous) at (8,2) size 50x16
                  RenderText at (3,1) size 44x14
                    text run at (3,1) width 44: "Reply All"
            RenderTableCell {TD} at (191,1) size 592x22 [r=0 c=3 rs=1 cs=1]
              RenderText {#text} at (1,1) size 4x19
                text run at (1,1) width 4: " "
