layer at (0,0) size 800x600
  RenderView at (0,0) size 800x600
layer at (0,0) size 800x600
  RenderBlock {HTML} at (0,0) size 800x600
    RenderBody {BODY} at (8,8) size 784x584
      RenderBlock (anonymous) at (0,0) size 784x20
        RenderText {#text} at (0,0) size 212x19
          text run at (0,0) width 212: "These textfields should not overlap."
      RenderTable {TABLE} at (0,20) size 784x26
        RenderTableSection {TBODY} at (0,0) size 784x26
          RenderTableRow {TR} at (0,1) size 784x24
            RenderTableCell {TD} at (1,1) size 157x24 [r=0 c=0 rs=1 cs=1]
              RenderTextControl {INPUT} at (1,1) size 155x22 [bgcolor=#FFFFFF] [border: (2px inset #000000)]
                RenderBlock {DIV} at (2,3) size 151x16
                  RenderBlock {DIV} at (0,13) size 0x0
                  RenderBlock {DIV} at (151,13) size 0x0
            RenderTableCell {TD} at (159,1) size 6x24 [r=0 c=1 rs=1 cs=1]
              RenderTextControl {INPUT} at (1,1) size 4x22 [bgcolor=#FFFFFF] [border: (2px inset #000000)]
                RenderBlock {DIV} at (2,3) size 0x16
                  RenderBlock {DIV} at (0,0) size 0x0
                  RenderBlock {DIV} at (0,16) size 0x0
            RenderTableCell {TD} at (166,1) size 6x24 [r=0 c=2 rs=1 cs=1]
              RenderTextControl {INPUT} at (1,1) size 4x22 [bgcolor=#FFFFFF] [border: (2px inset #000000)]
                RenderBlock {DIV} at (2,3) size 0x16
                  RenderBlock {DIV} at (0,0) size 0x0
                  RenderBlock {DIV} at (0,16) size 0x0
            RenderTableCell {TD} at (173,2) size 610x22 [r=0 c=3 rs=1 cs=1]
              RenderText {#text} at (1,1) size 4x19
                text run at (1,1) width 4: " "
      RenderBlock (anonymous) at (0,46) size 784x40
        RenderBR {BR} at (0,0) size 0x19
        RenderBR {BR} at (0,20) size 0x19
      RenderTable {TABLE} at (0,86) size 784x26
        RenderTableSection {TBODY} at (0,0) size 784x26
          RenderTableRow {TR} at (0,1) size 784x24
            RenderTableCell {TD} at (1,1) size 637x24 [r=0 c=0 rs=1 cs=1]
              RenderTextControl {INPUT} at (1,1) size 635x22 [bgcolor=#FFFFFF] [border: (2px inset #000000)]
                RenderBlock {DIV} at (2,3) size 631x16
                  RenderBlock {DIV} at (0,13) size 0x0
                  RenderBlock {DIV} at (631,13) size 0x0
            RenderTableCell {TD} at (639,1) size 6x24 [r=0 c=1 rs=1 cs=1]
              RenderTextControl {INPUT} at (1,1) size 4x22 [bgcolor=#FFFFFF] [border: (2px inset #000000)]
                RenderBlock {DIV} at (2,3) size 0x16
                  RenderBlock {DIV} at (0,0) size 0x0
                  RenderBlock {DIV} at (0,16) size 0x0
            RenderTableCell {TD} at (646,1) size 6x24 [r=0 c=2 rs=1 cs=1]
              RenderTextControl {INPUT} at (1,1) size 4x22 [bgcolor=#FFFFFF] [border: (2px inset #000000)]
                RenderBlock {DIV} at (2,3) size 0x16
                  RenderBlock {DIV} at (0,0) size 0x0
                  RenderBlock {DIV} at (0,16) size 0x0
            RenderTableCell {TD} at (653,2) size 130x22 [r=0 c=3 rs=1 cs=1]
              RenderText {#text} at (1,1) size 4x19
                text run at (1,1) width 4: " "
layer at (12,33) size 151x16
  RenderBlock {DIV} at (0,0) size 151x16
    RenderText {#text} at (1,0) size 53x16
      text run at (1,0) width 53: "New Mail"
layer at (170,33) size 2x16 scrollWidth 35
  RenderBlock {DIV} at (0,0) size 2x16
    RenderText {#text} at (1,0) size 33x16
      text run at (1,0) width 33: "Reply"
layer at (177,33) size 2x16 scrollWidth 54
  RenderBlock {DIV} at (0,0) size 2x16
    RenderText {#text} at (1,0) size 52x16
      text run at (1,0) width 52: "Reply All"
layer at (12,99) size 631x16
  RenderBlock {DIV} at (0,0) size 631x16
    RenderText {#text} at (1,0) size 53x16
      text run at (1,0) width 53: "New Mail"
layer at (650,99) size 2x16 scrollWidth 35
  RenderBlock {DIV} at (0,0) size 2x16
    RenderText {#text} at (1,0) size 33x16
      text run at (1,0) width 33: "Reply"
layer at (657,99) size 2x16 scrollWidth 54
  RenderBlock {DIV} at (0,0) size 2x16
    RenderText {#text} at (1,0) size 52x16
      text run at (1,0) width 52: "Reply All"
