layer at (0,0) size 800x600
  RenderView at (0,0) size 800x600
layer at (0,0) size 800x600
  RenderBlock {HTML} at (0,0) size 800x600
    RenderBody {BODY} at (8,8) size 784x584
      RenderBlock (anonymous) at (0,0) size 784x20
        RenderText {#text} at (0,0) size 241x19
          text run at (0,0) width 241: "The textareas below should not overlap."
      RenderTable {TABLE} at (0,20) size 784x38
        RenderTableSection {TBODY} at (0,0) size 784x38
          RenderTableRow {TR} at (0,1) size 784x36
            RenderTableCell {TD} at (1,1) size 161x36 [r=0 c=0 rs=1 cs=1]
            RenderTableCell {TD} at (163,1) size 6x36 [r=0 c=1 rs=1 cs=1]
            RenderTableCell {TD} at (170,1) size 6x36 [r=0 c=2 rs=1 cs=1]
            RenderTableCell {TD} at (177,8) size 606x22 [r=0 c=3 rs=1 cs=1]
              RenderText {#text} at (1,1) size 4x19
                text run at (1,1) width 4: " "
      RenderBlock (anonymous) at (0,58) size 784x40
        RenderBR {BR} at (0,0) size 0x19
        RenderBR {BR} at (0,20) size 0x19
      RenderTable {TABLE} at (0,98) size 784x38
        RenderTableSection {TBODY} at (0,0) size 784x38
          RenderTableRow {TR} at (0,1) size 784x36
            RenderTableCell {TD} at (1,1) size 231x36 [r=0 c=0 rs=1 cs=1]
            RenderTableCell {TD} at (233,1) size 6x36 [r=0 c=1 rs=1 cs=1]
            RenderTableCell {TD} at (240,1) size 6x36 [r=0 c=2 rs=1 cs=1]
            RenderTableCell {TD} at (247,8) size 536x22 [r=0 c=3 rs=1 cs=1]
              RenderText {#text} at (1,1) size 4x19
                text run at (1,1) width 4: " "
layer at (10,31) size 159x32 clip at (11,32) size 157x30
  RenderTextControl {TEXTAREA} at (1,2) size 159x32 [bgcolor=#FFFFFF] [border: (1px solid #000000)]
    RenderBlock {DIV} at (3,3) size 138x14
      RenderText {#text} at (0,0) size 21x14
        text run at (0,0) width 21: "one"
layer at (172,31) size 4x32 clip at (0,0) size 0x0 scrollWidth 9 scrollHeight 44
  RenderTextControl {TEXTAREA} at (1,2) size 4x32 [bgcolor=#FFFFFF] [border: (1px solid #000000)]
    RenderBlock {DIV} at (3,3) size 0x42
      RenderText {#text} at (0,0) size 7x42
        text run at (0,0) width 7: "t"
        text run at (0,14) width 7: "w"
        text run at (0,28) width 7: "o"
layer at (179,31) size 4x32 clip at (0,0) size 0x0 scrollWidth 9 scrollHeight 72
  RenderTextControl {TEXTAREA} at (1,2) size 4x32 [bgcolor=#FFFFFF] [border: (1px solid #000000)]
    RenderBlock {DIV} at (3,3) size 0x70
      RenderText {#text} at (0,0) size 7x70
        text run at (0,0) width 7: "t"
        text run at (0,14) width 7: "h"
        text run at (0,28) width 7: "r"
        text run at (0,42) width 7: "e"
        text run at (0,56) width 7: "e"
layer at (10,109) size 229x32 clip at (11,110) size 227x30
  RenderTextControl {TEXTAREA} at (1,2) size 229x32 [bgcolor=#FFFFFF] [border: (1px solid #000000)]
    RenderBlock {DIV} at (3,3) size 208x14
      RenderText {#text} at (0,0) size 91x14
        text run at (0,0) width 91: "one two three"
layer at (242,109) size 4x32 clip at (0,0) size 0x0 scrollWidth 9 scrollHeight 44
  RenderTextControl {TEXTAREA} at (1,2) size 4x32 [bgcolor=#FFFFFF] [border: (1px solid #000000)]
    RenderBlock {DIV} at (3,3) size 0x42
      RenderText {#text} at (0,0) size 7x42
        text run at (0,0) width 7: "t"
        text run at (0,14) width 7: "w"
        text run at (0,28) width 7: "o"
layer at (249,109) size 4x32 clip at (0,0) size 0x0 scrollWidth 9 scrollHeight 72
  RenderTextControl {TEXTAREA} at (1,2) size 4x32 [bgcolor=#FFFFFF] [border: (1px solid #000000)]
    RenderBlock {DIV} at (3,3) size 0x70
      RenderText {#text} at (0,0) size 7x70
        text run at (0,0) width 7: "t"
        text run at (0,14) width 7: "h"
        text run at (0,28) width 7: "r"
        text run at (0,42) width 7: "e"
        text run at (0,56) width 7: "e"
