layer at (0,0) size 800x600
  RenderView at (0,0) size 800x600
layer at (0,0) size 800x600
  RenderBlock {HTML} at (0,0) size 800x600
    RenderBody {BODY} at (8,8) size 784x584
      RenderBlock (anonymous) at (0,0) size 784x20
        RenderText {#text} at (0,0) size 274x19
          text run at (0,0) width 274: "The popup buttons below should not overlap."
      RenderTable {TABLE} at (0,20) size 784x24
        RenderTableSection {TBODY} at (0,0) size 784x24
          RenderTableRow {TR} at (0,1) size 784x22
            RenderTableCell {TD} at (1,2) size 50x20 [r=0 c=0 rs=1 cs=1]
              RenderMenuList {SELECT} at (1,1) size 48x18 [bgcolor=#FFFFFF]
                RenderBlock (anonymous) at (0,0) size 48x19
                  RenderText at (8,2) size 17x14
                    text run at (8,2) width 17: "one"
            RenderTableCell {TD} at (52,2) size 2x20 [r=0 c=1 rs=1 cs=1]
              RenderMenuList {SELECT} at (1,1) size 0x18 [bgcolor=#FFFFFF]
                RenderBlock (anonymous) at (0,0) size 31x19
                  RenderText at (8,2) size 17x14
                    text run at (8,2) width 17: "two"
            RenderTableCell {TD} at (55,2) size 2x20 [r=0 c=2 rs=1 cs=1]
              RenderMenuList {SELECT} at (1,1) size 0x18 [bgcolor=#FFFFFF]
                RenderBlock (anonymous) at (0,0) size 31x19
                  RenderText at (8,2) size 24x14
                    text run at (8,2) width 24: "three"
            RenderTableCell {TD} at (58,1) size 725x22 [r=0 c=3 rs=1 cs=1]
              RenderText {#text} at (1,1) size 4x19
                text run at (1,1) width 4: " "
