layer at (0,0) size 800x600
  RenderView at (0,0) size 800x600
layer at (0,0) size 800x112
  RenderBlock {HTML} at (0,0) size 800x112
    RenderBody {BODY} at (8,16) size 784x81
      RenderBlock {P} at (0,0) size 784x20
        RenderText {#text} at (0,0) size 213x19
          text run at (0,0) width 213: "There should be a green bar below:"
      RenderBlock {DIV} at (15,36) size 195x45 [bgcolor=#008000]
        RenderBlock {P} at (0,0) size 195x15 [color=#FFFFFF] [bgcolor=#FFFFFF]
          RenderText {#text} at (0,-1) size 11x17
            text run at (0,-1) width 11: "x "
          RenderInline {SPAN} at (0,0) size 120x17
            RenderText {#text} at (71,-1) size 60x17
              text run at (71,-1) width 60: "xxxx xxxx"
          RenderText {#text} at (131,-1) size 11x17
            text run at (131,-1) width 11: " x"
