layer at (0,0) size 800x600
  RenderView at (0,0) size 800x600
layer at (0,0) size 800x110
  RenderBlock {HTML} at (0,0) size 800x110
    RenderBody {BODY} at (8,16) size 784x86
      RenderBlock {P} at (0,0) size 784x20 [color=#000080]
        RenderText {#text} at (0,0) size 256x19
          text run at (0,0) width 256: "The following two bars should be identical:"
      RenderBlock {DIV} at (30,36) size 75x15
        RenderBlock {P} at (0,0) size 75x15 [color=#00FF00] [bgcolor=#FFFF00]
          RenderInline {SPAN} at (0,0) size 14x17 [color=#FFA500] [bgcolor=#FF0000]
            RenderText {#text} at (0,-1) size 14x17
              text run at (0,-1) width 14: "xx"
          RenderText {#text} at (-46,-1) size 46x17
            text run at (-46,-1) width 18: " xx"
      RenderBlock {DIV} at (0,66) size 784x20
        RenderImage {IMG} at (0,0) size 15x15
        RenderImage {IMG} at (15,0) size 15x15
        RenderImage {IMG} at (30,0) size 15x15
        RenderImage {IMG} at (45,0) size 15x15
        RenderImage {IMG} at (60,0) size 15x15
        RenderImage {IMG} at (75,0) size 15x15
        RenderImage {IMG} at (90,0) size 15x15
        RenderText {#text} at (0,0) size 0x0
