layer at (0,0) size 800x600
  RenderView at (0,0) size 800x600
layer at (0,0) size 800x501
  RenderBlock {HTML} at (0,0) size 800x501
    RenderBody {BODY} at (8,16) size 784x477
      RenderBlock {P} at (0,0) size 784x20
        RenderText {#text} at (0,0) size 239x19
          text run at (0,0) width 239: "There should be a big green box below."
      RenderBlock {DIV} at (0,36) size 306x441 [color=#008000] [bgcolor=#FF0000] [border: (3px solid #000000)]
        RenderImage {IMG} at (3,3) size 50x50
        RenderBlock {P} at (3,18) size 300x45
          RenderText {#text} at (50,-1) size 235x47
            text run at (50,-1) width 200: "xxxxx xxxx xxx xx x xx xxx xxxx "
            text run at (250,-1) width 35: "xxxxx"
            text run at (50,14) width 161: "xxxx xxx xx x xx xxx xxxx "
            text run at (211,14) width 67: "xxxxx xxxx"
            text run at (50,29) width 125: "xxx xx x xx xxx xxxx"
        RenderImage {IMG} at (3,78) size 50x50
        RenderBlock {P} at (3,128) size 300x30
          RenderText {#text} at (0,-1) size 292x32
            text run at (0,-1) width 200: "xxxxx xxxx xxx xx x xx xxx xxxx "
            text run at (200,-1) width 92: "xxxxx xxxx xxx"
            text run at (0,14) width 100: "xx x xx xxx xxxx"
        RenderImage {IMG} at (253,173) size 50x50
        RenderBlock {P} at (3,223) size 300x30
          RenderText {#text} at (0,-1) size 292x32
            text run at (0,-1) width 200: "xxxxx xxxx xxx xx x xx xxx xxxx "
            text run at (200,-1) width 92: "xxxxx xxxx xxx"
            text run at (0,14) width 100: "xx x xx xxx xxxx"
        RenderImage {IMG} at (3,268) size 50x50
        RenderImage {IMG} at (253,268) size 50x50
        RenderBlock {P} at (3,318) size 300x30
          RenderText {#text} at (0,-1) size 292x32
            text run at (0,-1) width 200: "xxxxx xxxx xxx xx x xx xxx xxxx "
            text run at (200,-1) width 92: "xxxxx xxxx xxx"
            text run at (0,14) width 100: "xx x xx xxx xxxx"
        RenderImage {IMG} at (3,363) size 50x50
        RenderImage {IMG} at (253,363) size 50x50
        RenderBlock {P} at (3,363) size 300x60
          RenderText {#text} at (50,-1) size 196x62
            text run at (50,-1) width 196: "xxxxx xxxx xxx xx x xx xxx xxxx"
            text run at (50,14) width 196: "xxxxx xxxx xxx xx x xx xxx xxxx"
            text run at (50,29) width 196: "xxxxx xxxx xxx xx x xx xxx xxxx"
            text run at (50,44) width 196: "xxxxx xxxx xxx xx x xx xxx xxxx"
