layer at (0,0) size 800x600
  RenderView at (0,0) size 800x600
layer at (0,0) size 800x100
  RenderBlock {HTML} at (0,0) size 800x100
    RenderBody {BODY} at (8,16) size 784x76
      RenderBlock {P} at (0,0) size 784x20
        RenderText {#text} at (0,0) size 255x19
          text run at (0,0) width 255: "There should be no red below, only green."
      RenderBlock (floating) {DIV} at (0,36) size 784x20 [color=#008000] [bgcolor=#FF0000]
        RenderText {#text} at (0,0) size 11x19
          text run at (0,0) width 11: "X"
      RenderBlock {DIV} at (0,36) size 16x40 [color=#008000] [bgcolor=#FF0000]
        RenderText {#text} at (0,20) size 11x19
          text run at (0,20) width 11: "X"
