layer at (0,0) size 800x600
  RenderView at (0,0) size 800x600
layer at (0,0) size 800x501
  RenderBlock {HTML} at (0,0) size 800x501
    RenderBody {BODY} at (8,16) size 784x477
      RenderBlock {P} at (0,0) size 784x20
        RenderText {#text} at (0,0) size 314x19
          text run at (0,0) width 314: "There should be a tall green box below, with no red."
      RenderBlock {DIV} at (0,36) size 126x441 [color=#008000] [bgcolor=#FF0000] [border: (3px solid #000000)]
        RenderBlock {P} at (18,18) size 90x15
          RenderText {#text} at (0,-1) size 80x17
            text run at (0,-1) width 80: "x x x xx x x x"
        RenderBlock {P} at (18,48) size 90x45
          RenderImage {IMG} at (0,0) size 45x45 [color=#FF0000]
          RenderText {#text} at (45,-1) size 36x47
            text run at (45,-1) width 29: "x x x"
            text run at (45,14) width 36: "xx x x"
            text run at (45,29) width 7: "x"
        RenderBlock {P} at (18,108) size 90x90
          RenderImage {IMG} at (30,30) size 45x45 [color=#FF0000]
          RenderText {#text} at (75,-1) size 89x92
            text run at (75,-1) width 7: "x"
            text run at (75,14) width 7: "x"
            text run at (75,29) width 7: "x"
            text run at (75,44) width 14: "xx"
            text run at (75,59) width 7: "x"
            text run at (0,74) width 18: "x x"
        RenderBlock {P} at (48,243) size 60x30
          RenderImage {IMG} at (-30,-30) size 45x45 [color=#FF0000]
          RenderText {#text} at (15,-1) size 47x32
            text run at (15,-1) width 29: "x x x"
            text run at (0,14) width 47: "xx x x x"
        RenderBlock {P} at (18,288) size 90x90
          RenderImage {IMG} at (0,0) size 45x45 [color=#FF0000]
          RenderText {#text} at (75,-1) size 89x92
            text run at (75,-1) width 7: "x"
            text run at (75,14) width 7: "x"
            text run at (75,29) width 7: "x"
            text run at (75,44) width 14: "xx"
            text run at (75,59) width 7: "x"
            text run at (0,74) width 18: "x x"
        RenderBlock {P} at (18,393) size 90x30
          RenderImage {IMG} at (0,0) size 45x45 [color=#FF0000]
          RenderText {#text} at (15,-1) size 84x32
            text run at (15,-1) width 69: "x x x xx x x"
            text run at (0,14) width 7: "x"
