layer at (0,0) size 800x600
  RenderView at (0,0) size 800x600
layer at (0,0) size 800x269
  RenderBlock {HTML} at (0,0) size 800x269
    RenderBody {BODY} at (8,16) size 784x238
      RenderBlock {P} at (0,0) size 784x40
        RenderText {#text} at (0,0) size 768x39
          text run at (0,0) width 365: "Change your window size. However the lines wrap, the blue "
          text run at (365,0) width 403: "rectanglues should always have their middles on the same alignment"
          text run at (0,20) width 17: "as "
          text run at (17,20) width 193: "other blue rectangles on the line."
      RenderBlock {P} at (15,56) size 754x182 [color=#0000FF] [bgcolor=#FFFFFF] [border: (1px solid #C0C0C0)]
        RenderText {#text} at (8,41) size 31x17
          text run at (8,41) width 31: "\x{C9}\x{C9}\x{C9} "
        RenderImage {IMG} at (39,36) size 30x30
        RenderText {#text} at (69,41) size 4x17
          text run at (69,41) width 4: " "
        RenderInline {SPAN} at (0,0) size 57x43 [color=#C0C0C0]
          RenderText {#text} at (73,20) size 57x43
            text run at (73,20) width 57: "xxx"
        RenderText {#text} at (130,41) size 4x17
          text run at (130,41) width 4: " "
        RenderImage {IMG} at (134,26) size 50x50
        RenderText {#text} at (184,41) size 35x17
          text run at (184,41) width 4: " "
          text run at (188,41) width 31: "\x{C9}\x{C9}\x{C9} "
        RenderImage {IMG} at (219,46) size 10x10
        RenderText {#text} at (229,41) size 4x17
          text run at (229,41) width 4: " "
        RenderInline {SMALL} at (0,0) size 15x12 [color=#C0C0C0]
          RenderText {#text} at (233,44) size 15x12
            text run at (233,44) width 15: "xxx"
        RenderText {#text} at (248,41) size 4x17
          text run at (248,41) width 4: " "
        RenderImage {IMG} at (252,41) size 20x20
        RenderText {#text} at (272,41) size 35x17
          text run at (272,41) width 4: " "
          text run at (276,41) width 31: "\x{C9}\x{C9}\x{C9} "
        RenderImage {IMG} at (307,19) size 65x65
        RenderText {#text} at (372,41) size 35x17
          text run at (372,41) width 4: " "
          text run at (376,41) width 31: "\x{C9}\x{C9}\x{C9} "
        RenderImage {IMG} at (407,34) size 35x35
        RenderText {#text} at (442,41) size 4x17
          text run at (442,41) width 4: " "
        RenderInline {SPAN} at (0,0) size 42x34 [color=#C0C0C0]
          RenderText {#text} at (446,27) size 42x34
            text run at (446,27) width 42: "xxx"
        RenderText {#text} at (488,41) size 4x17
          text run at (488,41) width 4: " "
        RenderImage {IMG} at (492,26) size 50x50
        RenderText {#text} at (542,41) size 4x17
          text run at (542,41) width 4: " "
        RenderInline {SPAN} at (0,0) size 162x26 [color=#C0C0C0]
          RenderText {#text} at (546,34) size 39x26
            text run at (546,34) width 39: "xxx "
          RenderInline {SPAN} at (0,0) size 84x64
            RenderText {#text} at (585,4) size 84x64
              text run at (585,4) width 84: "xxx"
          RenderText {#text} at (669,34) size 39x26
            text run at (669,34) width 39: " xxx"
        RenderText {#text} at (0,0) size 0x0
        RenderImage {IMG} at (8,104) size 50x50
        RenderText {#text} at (58,119) size 4x17
          text run at (58,119) width 4: " "
        RenderInline {SMALL} at (0,0) size 15x12 [color=#C0C0C0]
          RenderText {#text} at (62,122) size 15x12
            text run at (62,122) width 15: "xxx"
        RenderText {#text} at (77,119) size 4x17
          text run at (77,119) width 4: " "
        RenderImage {IMG} at (81,122) size 15x15
        RenderText {#text} at (96,119) size 4x17
          text run at (96,119) width 4: " "
        RenderInline {BIG} at (0,0) size 27x22 [color=#C0C0C0]
          RenderText {#text} at (100,115) size 27x22
            text run at (100,115) width 27: "xxx"
        RenderText {#text} at (127,119) size 4x17
          text run at (127,119) width 4: " "
        RenderImage {IMG} at (131,84) size 90x90
        RenderText {#text} at (221,119) size 31x17
          text run at (221,119) width 4: " "
          text run at (225,119) width 27: "\x{C9}\x{C9}\x{C9}"
