layer at (0,0) size 800x600
  RenderView at (0,0) size 800x600
layer at (0,0) size 800x327
  RenderBlock {HTML} at (0,0) size 800x327
    RenderBody {BODY} at (8,16) size 784x295
      RenderBlock {P} at (0,0) size 784x20 [color=#000080]
        RenderText {#text} at (0,0) size 206x19
          text run at (0,0) width 206: "There should be no red anywhere."
      RenderBlock {P} at (0,36) size 784x20 [color=#000080]
        RenderText {#text} at (0,0) size 309x19
          text run at (0,0) width 309: "There should be two identical squares after this line:"
      RenderBlock {DIV} at (16,72) size 752x38
        RenderImage {IMG} at (0,0) size 15x15
        RenderBlock {SPAN} at (0,20) size 15x18 [color=#0000FF] [bgcolor=#FF0000]
          RenderText {#text} at (0,0) size 10x17
            text run at (0,0) width 10: "X"
      RenderBlock {P} at (0,126) size 784x20 [color=#000080]
        RenderText {#text} at (0,0) size 309x19
          text run at (0,0) width 309: "There should be two identical squares after this line:"
      RenderBlock {DIV} at (16,162) size 752x133
        RenderImage {IMG} at (0,0) size 64x64
        RenderBlock {SPAN} at (0,69) size 64x64 [color=#0000FF] [bgcolor=#FF0000]
          RenderText {#text} at (0,1) size 46x73
            text run at (0,1) width 46: "X"
