layer at (0,0) size 800x600
  RenderView at (0,0) size 800x600
layer at (0,0) size 800x294
  RenderBlock {HTML} at (0,0) size 800x294
    RenderBody {BODY} at (8,16) size 784x263
      RenderBlock {P} at (0,0) size 784x40
        RenderText {#text} at (0,0) size 765x39
          text run at (0,0) width 365: "Change your window size. However the lines wrap, the blue "
          text run at (365,0) width 400: "rectanglues should always have their tops on the same alignment as"
          text run at (0,20) width 193: "other blue rectangles on the line."
      RenderBlock {P} at (15,56) size 754x207 [color=#0000FF] [bgcolor=#FFFFFF] [border: (1px solid #C0C0C0)]
        RenderText {#text} at (8,41) size 25x17
          text run at (8,41) width 25: "xxx "
        RenderImage {IMG} at (33,41) size 30x30
        RenderText {#text} at (63,41) size 4x17
          text run at (63,41) width 4: " "
        RenderInline {SPAN} at (0,0) size 57x43 [color=#C0C0C0]
          RenderText {#text} at (67,20) size 57x43
            text run at (67,20) width 57: "xxx"
        RenderText {#text} at (124,41) size 4x17
          text run at (124,41) width 4: " "
        RenderImage {IMG} at (128,41) size 50x50
        RenderText {#text} at (178,41) size 4x17
          text run at (178,41) width 4: " "
        RenderInline {BIG} at (0,0) size 27x22 [color=#C0C0C0]
          RenderText {#text} at (182,37) size 27x22
            text run at (182,37) width 27: "xxx"
        RenderText {#text} at (209,41) size 4x17
          text run at (209,41) width 4: " "
        RenderImage {IMG} at (213,41) size 10x10
        RenderText {#text} at (223,41) size 4x17
          text run at (223,41) width 4: " "
        RenderInline {SMALL} at (0,0) size 15x12 [color=#C0C0C0]
          RenderText {#text} at (227,44) size 15x12
            text run at (227,44) width 15: "xxx"
        RenderText {#text} at (242,41) size 4x17
          text run at (242,41) width 4: " "
        RenderImage {IMG} at (246,41) size 20x20
        RenderText {#text} at (266,41) size 29x17
          text run at (266,41) width 4: " "
          text run at (270,41) width 25: "xxx "
        RenderImage {IMG} at (295,41) size 65x65
        RenderText {#text} at (360,41) size 4x17
          text run at (360,41) width 4: " "
        RenderInline {SPAN} at (0,0) size 42x34 [color=#C0C0C0]
          RenderText {#text} at (364,27) size 42x34
            text run at (364,27) width 42: "xxx"
        RenderText {#text} at (406,41) size 4x17
          text run at (406,41) width 4: " "
        RenderImage {IMG} at (410,41) size 35x35
        RenderText {#text} at (445,41) size 29x17
          text run at (445,41) width 4: " "
          text run at (449,41) width 25: "xxx "
        RenderImage {IMG} at (474,41) size 30x30
        RenderText {#text} at (504,41) size 4x17
          text run at (504,41) width 4: " "
        RenderInline {SPAN} at (0,0) size 162x26 [color=#C0C0C0]
          RenderText {#text} at (508,34) size 39x26
            text run at (508,34) width 39: "xxx "
          RenderInline {SPAN} at (0,0) size 84x64
            RenderText {#text} at (547,4) size 84x64
              text run at (547,4) width 84: "xxx"
          RenderText {#text} at (631,34) size 39x26
            text run at (631,34) width 39: " xxx"
        RenderText {#text} at (670,41) size 4x17
          text run at (670,41) width 4: " "
        RenderImage {IMG} at (674,41) size 50x50
        RenderText {#text} at (724,41) size 4x17
          text run at (724,41) width 4: " "
        RenderInline {SMALL} at (0,0) size 15x12 [color=#C0C0C0]
          RenderText {#text} at (728,44) size 15x12
            text run at (728,44) width 15: "xxx"
        RenderText {#text} at (0,0) size 0x0
        RenderImage {IMG} at (8,109) size 15x15
        RenderText {#text} at (23,109) size 4x17
          text run at (23,109) width 4: " "
        RenderInline {BIG} at (0,0) size 27x22 [color=#C0C0C0]
          RenderText {#text} at (27,105) size 27x22
            text run at (27,105) width 27: "xxx"
        RenderText {#text} at (54,109) size 4x17
          text run at (54,109) width 4: " "
        RenderImage {IMG} at (58,109) size 90x90
        RenderText {#text} at (148,109) size 25x17
          text run at (148,109) width 4: " "
          text run at (152,109) width 21: "xxx"
