layer at (0,0) size 800x600
  RenderView at (0,0) size 800x600
layer at (0,0) size 800x280
  RenderBlock {HTML} at (0,0) size 800x280
    RenderBody {BODY} at (8,16) size 784x252
      RenderBlock {P} at (0,0) size 784x20
        RenderText {#text} at (0,0) size 253x19
          text run at (0,0) width 253: "The two blocks below should be identical:"
      RenderBlock {DIV} at (12,36) size 126x78 [color=#00FFFF] [bgcolor=#008080] [border: (3px solid #000080)]
        RenderText {#text} at (27,25) size 86x27
          text run at (27,25) width 86: "X X X X"
      RenderBlock {PRE} at (12,126) size 126x126 [color=#00FFFF] [bgcolor=#008080] [border: (3px solid #000080)]
        RenderText {#text} at (3,2) size 52x123
          text run at (3,2) width 30: "     "
          text run at (33,2) width 0: " "
          text run at (3,26) width 52: " X X "
          text run at (55,26) width 0: " "
          text run at (3,50) width 30: "     "
          text run at (33,50) width 0: " "
          text run at (3,74) width 52: " X X "
          text run at (55,74) width 0: " "
          text run at (3,98) width 30: "     "
