layer at (0,0) size 800x600
  RenderView at (0,0) size 800x600
layer at (0,0) size 800x297
  RenderBlock {HTML} at (0,0) size 800x297
    RenderBody {BODY} at (8,16) size 784x273
      RenderBlock {P} at (0,0) size 784x20
        RenderText {#text} at (0,0) size 300x19
          text run at (0,0) width 300: "There should be a green block with no red below."
      RenderBlock {DIV} at (15,36) size 90x237 [color=#008000] [bgcolor=#FF0000]
        RenderBlock {DIV} at (0,0) size 90x33
          RenderImage {IMG} at (0,0) size 30x30
          RenderInline {SPAN} at (0,0) size 10x17
            RenderText {#text} at (30,-1) size 10x17
              text run at (30,-1) width 10: "X"
          RenderText {#text} at (40,17) size 10x17
            text run at (40,17) width 10: "X"
        RenderBlock {DIV} at (0,33) size 90x35
          RenderImage {IMG} at (0,0) size 30x30
          RenderInline {SPAN} at (0,0) size 32x34
            RenderInline {SPAN} at (0,0) size 10x17
              RenderText {#text} at (30,2) size 10x17
                text run at (30,2) width 10: "X"
            RenderText {#text} at (40,3) size 22x34
              text run at (40,3) width 22: "X"
        RenderBlock {DIV} at (0,68) size 90x30
          RenderImage {IMG} at (0,0) size 30x30
          RenderText {#text} at (30,5) size 10x17
            text run at (30,5) width 10: "X"
        RenderBlock {DIV} at (0,98) size 90x35
          RenderImage {IMG} at (0,0) size 30x30
          RenderInline {SPAN} at (0,0) size 32x34
            RenderInline {SPAN} at (0,0) size 10x17
              RenderText {#text} at (30,19) size 10x17
                text run at (30,19) width 10: "X"
            RenderText {#text} at (40,3) size 22x34
              text run at (40,3) width 22: "X"
        RenderBlock {DIV} at (0,133) size 90x36
          RenderImage {IMG} at (0,0) size 30x30
          RenderInline {SPAN} at (0,0) size 32x34
            RenderInline {SPAN} at (0,0) size 10x17
              RenderText {#text} at (30,20) size 10x17
                text run at (30,20) width 10: "X"
            RenderText {#text} at (40,3) size 22x34
              text run at (40,3) width 22: "X"
        RenderBlock {DIV} at (0,169) size 90x35
          RenderImage {IMG} at (0,0) size 30x30
          RenderInline {SPAN} at (0,0) size 32x34
            RenderInline {SPAN} at (0,0) size 10x17
              RenderText {#text} at (30,17) size 10x17
                text run at (30,17) width 10: "X"
            RenderText {#text} at (40,3) size 22x34
              text run at (40,3) width 22: "X"
        RenderBlock {DIV} at (0,204) size 90x33
          RenderImage {IMG} at (0,0) size 30x30
          RenderInline {SPAN} at (0,0) size 10x17
            RenderText {#text} at (30,7) size 10x17
              text run at (30,7) width 10: "X"
          RenderText {#text} at (40,17) size 10x17
            text run at (40,17) width 10: "X"
