layer at (0,0) size 800x600
  RenderView at (0,0) size 800x600
layer at (0,0) size 800x96
  RenderBlock {HTML} at (0,0) size 800x96
    RenderBody {BODY} at (8,16) size 784x72
      RenderBlock {P} at (0,0) size 784x20
        RenderText {#text} at (0,0) size 341x19
          text run at (0,0) width 341: "There should be no red below, only green lines and dots."
      RenderBlock {DIV} at (0,36) size 200x36 [color=#008000]
        RenderText {#text} at (0,0) size 14x12
          text run at (0,0) width 14: "z z "
        RenderInline {EM} at (0,0) size 80x12 [color=#FF0000]
          RenderText {#text} at (14,0) size 80x12
            text run at (14,0) width 80: "x x x x x x x x x x "
        RenderText {#text} at (0,0) size 0x0
        RenderInline {SPAN} at (0,0) size 199x48 [border: (10px solid #00FF00)]
          RenderText {#text} at (0,0) size 0x0
          RenderInline {EM} at (0,0) size 199x24 [color=#FF0000]
            RenderText {#text} at (114,0) size 199x24
              text run at (114,0) width 80: "x x x x x x x x x x "
              text run at (194,0) width 5: "x"
              text run at (0,12) width 16: "x x "
          RenderText {#text} at (16,12) size 72x12
            text run at (16,12) width 72: "y y y y y y y y y "
        RenderText {#text} at (108,12) size 199x24
          text run at (108,12) width 91: "y y y y y y y y y y z z"
          text run at (0,24) width 11: "z z"
