layer at (0,0) size 800x600
  RenderView at (0,0) size 800x600
layer at (0,0) size 800x300
  RenderBlock {HTML} at (0,0) size 800x300
    RenderBody {BODY} at (8,16) size 784x276
      RenderBlock {P} at (0,0) size 784x20
        RenderText {#text} at (0,0) size 359x19
          text run at (0,0) width 359: "There should be a tall solid unbroken column of blue below."
      RenderBlock {DIV} at (0,36) size 432x24 [color=#0000FF]
        RenderText {#text} at (0,-1) size 18x27
          text run at (0,-1) width 18: " x"
      RenderBlock {DIV} at (0,60) size 432x24 [color=#0000FF]
        RenderText {#text} at (24,-1) size 12x27
          text run at (24,-1) width 12: "x"
      RenderBlock {DIV} at (0,84) size 432x24 [color=#0000FF]
        RenderText {#text} at (24,-1) size 12x27
          text run at (24,-1) width 12: "x"
      RenderBlock {DIV} at (0,108) size 432x24 [color=#0000FF]
        RenderText {#text} at (24,-1) size 12x27
          text run at (24,-1) width 12: "x"
      RenderBlock {DIV} at (0,132) size 432x24 [color=#0000FF]
        RenderText {#text} at (24,-1) size 12x27
          text run at (24,-1) width 12: "x"
      RenderBlock {DIV} at (0,156) size 432x24 [color=#0000FF]
        RenderText {#text} at (24,-1) size 12x27
          text run at (24,-1) width 12: "x"
      RenderBlock {DIV} at (0,180) size 432x24 [color=#0000FF]
        RenderText {#text} at (24,-1) size 12x27
          text run at (24,-1) width 12: "x"
      RenderBlock {DIV} at (0,204) size 432x24 [color=#0000FF]
        RenderText {#text} at (13,-1) size 12x27
          text run at (13,-1) width 12: "x"
      RenderBlock {DIV} at (0,228) size 432x24 [color=#0000FF]
        RenderText {#text} at (24,-1) size 12x27
          text run at (24,-1) width 12: "x"
      RenderBlock {DIV} at (0,252) size 432x24 [color=#0000FF]
        RenderText {#text} at (0,-1) size 18x27
          text run at (0,-1) width 18: " x"
