layer at (0,0) size 800x600
  RenderView at (0,0) size 800x600
layer at (0,0) size 800x156
  RenderBlock {HTML} at (0,0) size 800x156
    RenderBody {BODY} at (8,16) size 784x132
      RenderBlock {P} at (0,0) size 784x20
        RenderText {#text} at (0,0) size 265x19
          text run at (0,0) width 265: "There should be a single green block below."
      RenderBlock {DIV} at (0,36) size 231x96 [color=#008000] [bgcolor=#FF0000] [border: (3px solid #000000)]
        RenderBlock {P} at (3,3) size 225x45
          RenderText {#text} at (0,-1) size 53x47
            text run at (0,-1) width 41: "x  x   x"
            text run at (41,-1) width 0: " "
            text run at (0,14) width 53: " x    x   x"
            text run at (53,14) width 0: " "
            text run at (0,29) width 42: "    x   x"
        RenderBlock {P} at (3,48) size 225x15
          RenderText {#text} at (0,-1) size 84x17
            text run at (0,-1) width 11: "x "
            text run at (11,-1) width 11: "x "
            text run at (22,-1) width 11: "x "
            text run at (33,-1) width 11: "x "
            text run at (44,-1) width 11: "x "
            text run at (55,-1) width 11: "x "
            text run at (66,-1) width 11: "x "
            text run at (77,-1) width 7: "x"
        RenderBlock {P} at (3,63) size 225x30
          RenderText {#text} at (0,-1) size 41x32
            text run at (0,-1) width 41: "x  x   x"
            text run at (41,-1) width 0: " "
            text run at (0,14) width 27: " x    "
          RenderInline {SPAN} at (0,0) size 40x17
            RenderText {#text} at (27,14) size 40x17
              text run at (27,14) width 11: "x "
              text run at (38,14) width 11: "x "
              text run at (49,14) width 11: "x "
              text run at (60,14) width 7: "x"
