layer at (0,0) size 800x600
  RenderView at (0,0) size 800x600
layer at (0,0) size 800x142
  RenderBlock {HTML} at (0,0) size 800x142
    RenderBody {BODY} at (8,8) size 784x126
      RenderBlock {P} at (0,0) size 784x20
        RenderText {#text} at (0,0) size 217x19
          text run at (0,0) width 217: "There should be a green box below."
      RenderBlock {DIV} at (0,20) size 326x106 [color=#008000] [bgcolor=#FF0000] [border: (3px solid #000000)]
        RenderBlock {P} at (3,3) size 320x20
          RenderText {#text} at (0,-1) size 97x12
            text run at (0,-1) width 97: "Xx xx x. (x.x. XX) x x "
          RenderInline {SPAN} at (0,0) size 12x12
            RenderText {#text} at (97,-1) size 12x12
              text run at (97,-1) width 12: "Xx"
          RenderText {#text} at (109,-1) size 18x12
            text run at (109,-1) width 18: "xxx "
          RenderInline {SPAN} at (0,0) size 15x12
            RenderText {#text} at (127,-1) size 15x12
              text run at (127,-1) width 15: "xxx"
          RenderText {#text} at (142,-1) size 97x12
            text run at (142,-1) width 3: " "
            text run at (145,-1) width 94: "Pp pp p. (p.p. PP) p p "
          RenderInline {SPAN} at (0,0) size 11x12
            RenderText {#text} at (239,-1) size 11x12
              text run at (239,-1) width 11: "Pp"
          RenderText {#text} at (250,-1) size 18x12
            text run at (250,-1) width 18: "ppp "
          RenderInline {SPAN} at (0,0) size 15x12
            RenderText {#text} at (268,-1) size 15x12
              text run at (268,-1) width 15: "ppp"
          RenderText {#text} at (283,-1) size 317x22
            text run at (283,-1) width 3: " "
            text run at (286,-1) width 31: "\x{C9}\x{E9} \x{E9}\x{E9} \x{E9}."
            text run at (0,9) width 52: "(\x{E9}.\x{E9}. \x{C9}\x{C9}) \x{E9} \x{E9} "
          RenderInline {SPAN} at (0,0) size 10x12
            RenderText {#text} at (52,9) size 10x12
              text run at (52,9) width 10: "\x{C9}\x{E9}"
          RenderText {#text} at (62,9) size 15x12
            text run at (62,9) width 15: "\x{E9}\x{E9}\x{E9} "
          RenderInline {SPAN} at (0,0) size 12x12
            RenderText {#text} at (77,9) size 12x12
              text run at (77,9) width 12: "\x{E9}\x{E9}\x{E9}"
          RenderText {#text} at (0,0) size 0x0
        RenderBlock {P} at (3,23) size 320x20
          RenderText {#text} at (0,-1) size 97x12
            text run at (0,-1) width 97: "Xx xx x. (x.x. XX) x x "
          RenderInline {SPAN} at (0,0) size 12x12
            RenderText {#text} at (97,-1) size 12x12
              text run at (97,-1) width 12: "Xx"
          RenderText {#text} at (109,-1) size 18x12
            text run at (109,-1) width 18: "xxx "
          RenderInline {SPAN} at (0,0) size 15x12
            RenderText {#text} at (127,-1) size 15x12
              text run at (127,-1) width 15: "xxx"
          RenderText {#text} at (142,-1) size 97x12
            text run at (142,-1) width 3: " "
            text run at (145,-1) width 94: "Pp pp p. (p.p. PP) p p "
          RenderInline {SPAN} at (0,0) size 11x12
            RenderText {#text} at (239,-1) size 11x12
              text run at (239,-1) width 11: "Pp"
          RenderText {#text} at (250,-1) size 18x12
            text run at (250,-1) width 18: "ppp "
          RenderInline {SPAN} at (0,0) size 15x12
            RenderText {#text} at (268,-1) size 15x12
              text run at (268,-1) width 15: "ppp"
          RenderText {#text} at (283,-1) size 317x22
            text run at (283,-1) width 3: " "
            text run at (286,-1) width 31: "\x{C9}\x{E9} \x{E9}\x{E9} \x{E9}."
            text run at (0,9) width 52: "(\x{E9}.\x{E9}. \x{C9}\x{C9}) \x{E9} \x{E9} "
          RenderInline {SPAN} at (0,0) size 10x12
            RenderText {#text} at (52,9) size 10x12
              text run at (52,9) width 10: "\x{C9}\x{E9}"
          RenderText {#text} at (62,9) size 15x12
            text run at (62,9) width 15: "\x{E9}\x{E9}\x{E9} "
          RenderInline {SPAN} at (0,0) size 12x12
            RenderText {#text} at (77,9) size 12x12
              text run at (77,9) width 12: "\x{E9}\x{E9}\x{E9}"
          RenderText {#text} at (0,0) size 0x0
        RenderBlock {P} at (3,43) size 320x20
          RenderText {#text} at (0,-1) size 109x12
            text run at (0,-1) width 109: "Xx Xx X. (X.X. XX) X X "
          RenderInline {SPAN} at (0,0) size 12x12
            RenderText {#text} at (109,-1) size 12x12
              text run at (109,-1) width 12: "Xx"
          RenderText {#text} at (121,-1) size 18x12
            text run at (121,-1) width 18: "xxx "
          RenderInline {SPAN} at (0,0) size 15x12
            RenderText {#text} at (139,-1) size 15x12
              text run at (139,-1) width 15: "xxx"
          RenderText {#text} at (154,-1) size 103x12
            text run at (154,-1) width 3: " "
            text run at (157,-1) width 100: "Pp Pp P. (P.P. PP) P P "
          RenderInline {SPAN} at (0,0) size 11x12
            RenderText {#text} at (257,-1) size 11x12
              text run at (257,-1) width 11: "Pp"
          RenderText {#text} at (268,-1) size 18x12
            text run at (268,-1) width 18: "ppp "
          RenderInline {SPAN} at (0,0) size 15x12
            RenderText {#text} at (286,-1) size 15x12
              text run at (286,-1) width 15: "ppp"
          RenderText {#text} at (301,-1) size 314x22
            text run at (301,-1) width 3: " "
            text run at (304,-1) width 10: "\x{C9}\x{E9}"
            text run at (0,9) width 85: "\x{C9}\x{E9} \x{C9}. (\x{C9}.\x{C9}. \x{C9}\x{C9}) \x{C9} \x{C9} "
          RenderInline {SPAN} at (0,0) size 10x12
            RenderText {#text} at (85,9) size 10x12
              text run at (85,9) width 10: "\x{C9}\x{E9}"
          RenderText {#text} at (95,9) size 15x12
            text run at (95,9) width 15: "\x{E9}\x{E9}\x{E9} "
          RenderInline {SPAN} at (0,0) size 12x12
            RenderText {#text} at (110,9) size 12x12
              text run at (110,9) width 12: "\x{E9}\x{E9}\x{E9}"
          RenderText {#text} at (0,0) size 0x0
        RenderBlock {P} at (3,63) size 320x20
          RenderText {#text} at (0,-1) size 113x12
            text run at (0,-1) width 113: "XX XX X. (X.X. XX) X X "
          RenderInline {SPAN} at (0,0) size 12x12
            RenderText {#text} at (113,-1) size 12x12
              text run at (113,-1) width 12: "Xx"
          RenderText {#text} at (125,-1) size 24x12
            text run at (125,-1) width 24: "XXX "
          RenderInline {SPAN} at (0,0) size 15x12
            RenderText {#text} at (149,-1) size 15x12
              text run at (149,-1) width 15: "xxx"
          RenderText {#text} at (164,-1) size 105x12
            text run at (164,-1) width 3: " "
            text run at (167,-1) width 102: "PP PP P. (P.P. PP) P P "
          RenderInline {SPAN} at (0,0) size 11x12
            RenderText {#text} at (269,-1) size 11x12
              text run at (269,-1) width 11: "Pp"
          RenderText {#text} at (280,-1) size 21x12
            text run at (280,-1) width 21: "PPP "
          RenderInline {SPAN} at (0,0) size 15x12
            RenderText {#text} at (301,-1) size 15x12
              text run at (301,-1) width 15: "ppp"
          RenderText {#text} at (0,9) size 102x12
            text run at (0,9) width 102: "\x{C9}\x{C9} \x{C9}\x{C9} \x{C9}. (\x{C9}.\x{C9}. \x{C9}\x{C9}) \x{C9} \x{C9} "
          RenderInline {SPAN} at (0,0) size 10x12
            RenderText {#text} at (102,9) size 10x12
              text run at (102,9) width 10: "\x{C9}\x{E9}"
          RenderText {#text} at (112,9) size 21x12
            text run at (112,9) width 21: "\x{C9}\x{C9}\x{C9} "
          RenderInline {SPAN} at (0,0) size 12x12
            RenderText {#text} at (133,9) size 12x12
              text run at (133,9) width 12: "\x{E9}\x{E9}\x{E9}"
          RenderText {#text} at (0,0) size 0x0
        RenderBlock {P} at (3,83) size 320x20
          RenderText {#text} at (0,-1) size 91x12
            text run at (0,-1) width 91: "xx xx x. (x.x. xx) x x "
          RenderInline {SPAN} at (0,0) size 12x12
            RenderText {#text} at (91,-1) size 12x12
              text run at (91,-1) width 12: "Xx"
          RenderText {#text} at (103,-1) size 18x12
            text run at (103,-1) width 18: "xxx "
          RenderInline {SPAN} at (0,0) size 15x12
            RenderText {#text} at (121,-1) size 15x12
              text run at (121,-1) width 15: "xxx"
          RenderText {#text} at (136,-1) size 94x12
            text run at (136,-1) width 3: " "
            text run at (139,-1) width 91: "pp pp p. (p.p. pp) p p "
          RenderInline {SPAN} at (0,0) size 11x12
            RenderText {#text} at (230,-1) size 11x12
              text run at (230,-1) width 11: "Pp"
          RenderText {#text} at (241,-1) size 18x12
            text run at (241,-1) width 18: "ppp "
          RenderInline {SPAN} at (0,0) size 15x12
            RenderText {#text} at (259,-1) size 15x12
              text run at (259,-1) width 15: "ppp"
          RenderText {#text} at (274,-1) size 306x22
            text run at (274,-1) width 3: " "
            text run at (277,-1) width 29: "\x{E9}\x{E9} \x{E9}\x{E9} \x{E9}."
            text run at (0,9) width 48: "(\x{E9}.\x{E9}. \x{E9}\x{E9}) \x{E9} \x{E9} "
          RenderInline {SPAN} at (0,0) size 10x12
            RenderText {#text} at (48,9) size 10x12
              text run at (48,9) width 10: "\x{C9}\x{E9}"
          RenderText {#text} at (58,9) size 15x12
            text run at (58,9) width 15: "\x{E9}\x{E9}\x{E9} "
          RenderInline {SPAN} at (0,0) size 12x12
            RenderText {#text} at (73,9) size 12x12
              text run at (73,9) width 12: "\x{E9}\x{E9}\x{E9}"
          RenderText {#text} at (0,0) size 0x0
