layer at (0,0) size 800x600
  RenderView at (0,0) size 800x600
layer at (0,0) size 800x600
  RenderBlock {HTML} at (0,0) size 800x600
    RenderFrameSet {FRAMESET} at (0,0) size 800x600
      RenderFrame {FRAME} at (0,0) size 800x534
        layer at (0,0) size 785x1515
          RenderView at (0,0) size 785x534
        layer at (0,0) size 785x1515
          RenderBlock {HTML} at (0,0) size 785x1515
            RenderBody {BODY} at (8,8) size 769x1475
              RenderBlock (anonymous) at (0,0) size 769x222
                RenderText {#text} at (0,0) size 769x147
                  text run at (0,0) width 760: "This is test page that we navigate to as part of testing various"
                  text run at (0,37) width 224: "navigation styles. "
                  text run at (224,37) width 545: "It includes a form so that we can test saving"
                  text run at (0,74) width 724: "and restoring of form data, and it needs to be long enough"
                  text run at (0,111) width 690: "that we can test saving and restoring of scroll position. "
                RenderBR {BR} at (690,139) size 0x0
                RenderBR {BR} at (0,148) size 0x36
                RenderBR {BR} at (0,185) size 0x36
              RenderBlock {HR} at (0,238) size 769x2 [border: (1px inset #000000)]
              RenderBlock {FORM} at (0,256) size 769x426
                RenderButton {INPUT} at (0,0) size 107x20 [bgcolor=#C0C0C0] [border: (2px outset #C0C0C0)]
                  RenderBlock (anonymous) at (8,2) size 91x16
                    RenderText at (3,1) size 85x14
                      text run at (3,1) width 85: "Submit with POST"
                RenderBR {BR} at (107,14) size 0x0
                RenderButton {INPUT} at (0,20) size 209x20 [bgcolor=#C0C0C0] [border: (2px outset #C0C0C0)]
                  RenderBlock (anonymous) at (8,2) size 193x16
                    RenderText at (3,1) size 187x14
                      text run at (3,1) width 187: "Submit with POST followed by a redirect"
                RenderBR {BR} at (209,34) size 0x0
                RenderText {#text} at (0,40) size 366x36
                  text run at (0,40) width 366: "Here are some form elements"
                RenderTextControl {INPUT} at (366,54) size 110x20 [bgcolor=#FFFFFF] [border: (2px inset #000000)]
                RenderBR {BR} at (476,68) size 0x0
                RenderText {#text} at (0,77) size 326x36
                  text run at (0,77) width 326: "that we can use for testing"
                RenderTextControl {INPUT} at (326,91) size 110x20 [bgcolor=#FFFFFF] [border: (2px inset #000000)]
                RenderBR {BR} at (436,105) size 0x0
                RenderBlock {INPUT} at (5,129) size 12x13
                RenderText {#text} at (20,114) size 73x36
                  text run at (20,114) width 73: " Male"
                RenderBR {BR} at (93,142) size 0x0
                RenderBlock {INPUT} at (5,166) size 12x13
                RenderText {#text} at (20,151) size 100x36
                  text run at (20,151) width 100: " Female"
                RenderBR {BR} at (120,179) size 0x0
                RenderBlock {INPUT} at (4,204) size 12x12
                RenderText {#text} at (19,188) size 129x36
                  text run at (19,188) width 129: " option #1"
                RenderBR {BR} at (148,216) size 0x0
                RenderBlock {INPUT} at (4,241) size 12x12
                RenderText {#text} at (19,225) size 129x36
                  text run at (19,225) width 129: " option #2"
                RenderBR {BR} at (148,253) size 0x0
                RenderMenuList {SELECT} at (0,262) size 220x18 [bgcolor=#FFFFFF]
                  RenderBlock (anonymous) at (0,0) size 220x19
                    RenderText at (8,2) size 56x14
                      text run at (8,2) width 56: "Initial Value"
                RenderBR {BR} at (220,275) size 0x0
                RenderText {#text} at (0,0) size 0x0
              RenderBlock {HR} at (0,714) size 769x2 [border: (1px inset #000000)]
              RenderBlock {P} at (0,748) size 769x37
                RenderText {#text} at (0,0) size 62x36
                  text run at (0,0) width 62: "Now"
              RenderBlock {P} at (0,817) size 769x37
                RenderText {#text} at (0,0) size 64x36
                  text run at (0,0) width 64: "some"
              RenderBlock {P} at (0,886) size 769x37
                RenderText {#text} at (0,0) size 62x36
                  text run at (0,0) width 62: "filler"
              RenderBlock {P} at (0,955) size 769x37
                RenderText {#text} at (0,0) size 27x36
                  text run at (0,0) width 27: "so"
              RenderBlock {P} at (0,1024) size 769x37
                RenderText {#text} at (0,0) size 38x36
                  text run at (0,0) width 38: "the"
              RenderBlock {P} at (0,1093) size 769x37
                RenderText {#text} at (0,0) size 46x36
                  text run at (0,0) width 46: "doc"
              RenderBlock {P} at (0,1162) size 769x37
                RenderText {#text} at (0,0) size 20x36
                  text run at (0,0) width 20: "is"
              RenderBlock {P} at (0,1231) size 769x37
                RenderText {#text} at (0,0) size 55x36
                  text run at (0,0) width 55: "long"
              RenderBlock {P} at (0,1300) size 769x37
                RenderText {#text} at (0,0) size 90x36
                  text run at (0,0) width 90: "enough"
              RenderBlock {P} at (0,1369) size 769x37
                RenderText {#text} at (0,0) size 111x36
                  text run at (0,0) width 111: "to scroll."
              RenderBlock {P} at (0,1438) size 769x37
                RenderInline {A} at (0,0) size 518x36
                  RenderText {#text} at (0,0) size 518x36
                    text run at (0,0) width 518: "This is an anchor point named \"anchor1\"."
        layer at (376,321) size 106x14 scrollWidth 132
          RenderBlock {DIV} at (2,3) size 106x14
            RenderText {#text} at (1,0) size 130x14
              text run at (1,0) width 130: "Initial text before user input"
        layer at (336,358) size 106x14
          RenderBlock {DIV} at (2,3) size 106x14
        layer at (8,545) size 229x144 clip at (9,546) size 227x142
          RenderTextControl {TEXTAREA} at (0,281) size 229x144 [bgcolor=#FFFFFF] [border: (1px solid #000000)]
            RenderBlock {DIV} at (3,3) size 208x42
              RenderText {#text} at (0,0) size 208x28
                text run at (0,0) width 203: "More initial text before user"
                text run at (203,0) width 5: " "
                text run at (0,14) width 42: "input."
                text run at (42,14) width 0: " "
              RenderBR {BR} at (0,28) size 0x14
      RenderFrame {FRAME} at (0,540) size 800x60
        layer at (0,0) size 785x90
          RenderView at (0,0) size 785x60
        layer at (0,0) size 785x90
          RenderBlock {HTML} at (0,0) size 785x90
            RenderBody {BODY} at (8,8) size 769x74
              RenderText {#text} at (0,0) size 704x73
                text run at (0,0) width 704: "This is just a minimal page that we navigate to as part of"
                text run at (0,37) width 268: "testing back/forward."
              RenderText {#text} at (0,0) size 0x0
              RenderText {#text} at (0,0) size 0x0

============== Back Forward List ==============
        http://127.0.0.1:8000/navigation/redirect302-frames.html  **nav target**
curr->  http://127.0.0.1:8000/navigation/resources/frameset.pl?frameURL=redirect302.pl  **nav target**
            http://127.0.0.1:8000/navigation/resources/otherpage.html (in frame "footer")
            http://127.0.0.1:8000/navigation/resources/redirect302.pl (in frame "main")
===============================================
