layer at (0,0) size 800x600
  RenderView at (0,0) size 800x600
layer at (0,0) size 800x600
  RenderBlock {HTML} at (0,0) size 800x600
    RenderBody {BODY} at (8,8) size 784x584
      RenderBlock {DIV} at (0,0) size 784x59 [color=#FF0000]
        RenderText {#text} at (0,1) size 30x57
          text run at (0,1) width 30: "Z"
layer at (8,8) size 36x59
  RenderBlock (positioned) {SPAN} at (8,8) size 36x59 [color=#008000]
    RenderText {#text} at (0,1) size 36x57
      text run at (0,1) width 36: "Y"
