layer at (0,0) size 800x600
  RenderView at (0,0) size 800x600
layer at (0,0) size 800x236
  RenderBlock {HTML} at (0,0) size 800x236
    RenderBody {BODY} at (8,8) size 784x196
      RenderBlock (anonymous) at (0,0) size 784x20
        RenderInline {P} at (0,0) size 240x18 [color=#FFFFFF] [bgcolor=#FF0000]
          RenderText {#text} at (0,0) size 240x18
            text run at (0,0) width 240: "Ahem_font_required_for_this_test."
        RenderText {#text} at (0,0) size 0x0
      RenderBlock {P} at (0,36) size 784x20
        RenderText {#text} at (0,0) size 279x19
          text run at (0,0) width 279: "The following two boxes should look identical."
      RenderBlock {DIV} at (32,88) size 38x38 [bgcolor=#FF0000] [border: (3px solid #000000)]
        RenderBlock (floating) {DIV} at (20,3) size 15x32 [color=#008000]
          RenderText {#text} at (0,-2) size 15x36
            text run at (0,-2) width 15: "x"
      RenderBlock {DIV} at (32,158) size 38x38 [bgcolor=#FF0000] [border: (3px solid #000000)]
        RenderBlock (floating) {DIV} at (20,3) size 15x32 [color=#008000]
          RenderText {#text} at (0,-2) size 15x36
            text run at (0,-2) width 15: "x"
