layer at (0,0) size 800x600
  RenderView at (0,0) size 800x600
layer at (0,0) size 800x248
  RenderBlock {HTML} at (0,0) size 800x248
    RenderBody {BODY} at (8,16) size 784x216 [color=#0000FF]
      RenderBlock {P} at (0,0) size 784x37
        RenderText {#text} at (0,13) size 463x19
          text run at (0,13) width 463: "There should be a solid blue line to the right of every occurance of the word \""
        RenderInline {SPAN} at (0,0) size 139x36 [border: (2px solid #0000FF) none]
          RenderText {#text} at (463,0) size 137x36
            text run at (463,0) width 137: "THERE \x{2799}"
        RenderText {#text} at (602,13) size 9x19
          text run at (602,13) width 9: "\"."
      RenderTable {TABLE} at (0,53) size 296x127
        RenderTableSection {TBODY} at (0,0) size 296x127
          RenderTableRow {TR} at (0,2) size 296x39
            RenderTableCell {TD} at (2,2) size 292x39 [border: none (2px solid #0000FF) none] [r=0 c=0 rs=1 cs=2]
              RenderText {#text} at (152,1) size 137x36
                text run at (152,1) width 137: "THERE \x{2799}"
          RenderTableRow {TR} at (0,43) size 296x82
            RenderTableCell {TD} at (2,64) size 141x39 [border: none (2px solid #0000FF) none] [r=1 c=0 rs=1 cs=1]
              RenderText {#text} at (1,1) size 137x36
                text run at (1,1) width 137: "THERE \x{2799}"
            RenderTableCell {TD} at (145,43) size 149x82 [border: none (2px solid #0000FF) none] [r=1 c=1 rs=1 cs=1]
              RenderBlock (anonymous) at (1,1) size 145x37
                RenderText {#text} at (13,0) size 132x36
                  text run at (13,0) width 132: "THERE \x{2798}"
              RenderTable {TABLE} at (1,38) size 145x43
                RenderTableSection {TBODY} at (0,0) size 145x43
                  RenderTableRow {TR} at (0,2) size 145x39
                    RenderTableCell {TD} at (2,2) size 141x39 [border: none (2px solid #0000FF) none] [r=0 c=0 rs=1 cs=1]
                      RenderText {#text} at (1,1) size 137x36
                        text run at (1,1) width 137: "THERE \x{2799}"
      RenderBlock {P} at (0,196) size 784x20
        RenderText {#text} at (0,0) size 318x19
          text run at (0,0) width 318: "There should be 3 short lines and 2 long lines in total."
