layer at (0,0) size 800x600
  RenderView at (0,0) size 800x600
layer at (0,0) size 800x600
  RenderBlock {HTML} at (0,0) size 800x600
    RenderBody {BODY} at (8,8) size 784x584
      RenderBlock {P} at (0,0) size 784x40
        RenderText {#text} at (0,0) size 783x39
          text run at (0,0) width 783: "This tests for a bug where delete would crash if a node just after the selection to delete is removed in a DOMNodeRemoved event"
          text run at (0,20) width 297: "handler for the last node in the selection to delete."
      RenderBlock {DIV} at (0,56) size 784x20
        RenderText {#text} at (0,0) size 20x19
          text run at (0,0) width 20: "foo"
        RenderInline {SPAN} at (0,0) size 7x19
          RenderText {#text} at (20,0) size 7x19
            text run at (20,0) width 7: "x"
        RenderInline {SPAN} at (0,0) size 7x19
          RenderText {#text} at (27,0) size 7x19
            text run at (27,0) width 7: "y"
