layer at (0,0) size 800x600
  RenderView at (0,0) size 800x600
layer at (0,0) size 800x600
  RenderBlock {HTML} at (0,0) size 800x600
    RenderBody {BODY} at (8,8) size 784x584
      RenderText {#text} at (0,0) size 213x19
        text run at (0,0) width 213: "This is a test for multiple ruby runs. "
      RenderBR {BR} at (213,15) size 0x0
      RenderBR {BR} at (0,20) size 0x19
      RenderText {#text} at (0,52) size 222x19
        text run at (0,52) width 222: "\x{FF23}\x{FF33}\x{FF33}\x{FF13}\x{FF0F}\x{FF28}\x{FF34}\x{FF2D}\x{FF2C}\x{FF15}\x{306E}\x{30EB}\x{30D3}\x{306F}"
      RenderRuby (inline) {RUBY} at (0,0) size 52x19
        RenderRubyRun (anonymous) at (222,40) size 16x32
          RenderRubyText {RT} at (0,0) size 16x12
            RenderText {#text} at (3,0) size 9x12
              text run at (3,0) width 9: "\x{306B}"
          RenderRubyBase (anonymous) at (0,12) size 16x20
            RenderText {#text} at (0,0) size 16x19
              text run at (0,0) width 16: "\x{65E5}"
        RenderRubyRun (anonymous) at (238,40) size 20x32
          RenderRubyText {RT} at (0,0) size 20x12
            RenderText {#text} at (0,0) size 20x12
              text run at (0,0) width 20: "\x{307B}\x{3093}"
          RenderRubyBase (anonymous) at (0,12) size 20x20
            RenderText {#text} at (2,0) size 16x19
              text run at (2,0) width 16: "\x{672C}"
        RenderRubyRun (anonymous) at (258,40) size 16x32
          RenderRubyText {RT} at (0,0) size 16x12
            RenderText {#text} at (3,0) size 9x12
              text run at (3,0) width 9: "\x{3054}"
          RenderRubyBase (anonymous) at (0,12) size 16x20
            RenderText {#text} at (0,0) size 16x19
              text run at (0,0) width 16: "\x{8A9E}"
      RenderText {#text} at (274,52) size 160x19
        text run at (274,52) width 160: "\x{306B}\x{3088}\x{304F}\x{4F7F}\x{308F}\x{308C}\x{3066}\x{3044}\x{307E}\x{3059}\x{3002}"
      RenderText {#text} at (0,0) size 0x0
