layer at (0,0) size 800x600
  RenderView at (0,0) size 800x600
layer at (0,0) size 800x600
  RenderBlock {HTML} at (0,0) size 800x600
    RenderBody {BODY} at (8,8) size 784x576
      RenderBlock {P} at (0,0) size 784x40
        RenderText {#text} at (0,0) size 784x39
          text run at (0,0) width 784: "This tests for a crash when triple-click/deleting the content in a list item that is at the end of the document, when there is a div with -"
          text run at (0,20) width 250: "webkit-user-select:none after the list item."
      RenderBlock {DIV} at (0,56) size 784x143
        RenderBlock {UL} at (0,0) size 784x143
          RenderListItem {LI} at (40,0) size 744x20
            RenderListMarker at (-18,0) size 7x19: bullet
            RenderText {#text} at (0,0) size 26x19
              text run at (0,0) width 26: "One"
          RenderListItem {LI} at (40,20) size 744x20
            RenderListMarker at (-18,0) size 7x19: bullet
            RenderBR {BR} at (0,0) size 0x19
          RenderBlock (anonymous) at (40,40) size 744x103
            RenderInline {SPAN} at (0,0) size 76x15
              RenderImage {IMG} at (0,0) size 76x103
caret: position 0 of child 0 {BR} of child 1 {LI} of child 0 {UL} of child 2 {DIV} of child 1 {BODY} of child 0 {HTML} of document
