layer at (0,0) size 800x600
  RenderView at (0,0) size 800x600
layer at (0,0) size 800x600
  RenderBlock {HTML} at (0,0) size 800x600
    RenderBody {BODY} at (8,8) size 784x584
      RenderBlock {P} at (0,0) size 784x40
        RenderText {#text} at (0,0) size 762x39
          text run at (0,0) width 762: "This test deletes the contents of a list, then it performs another delete, which should remove the empty list item. There should be"
          text run at (0,20) width 139: "two paragraphs below."
      RenderBlock {DIV} at (0,56) size 784x40
        RenderText {#text} at (0,0) size 96x19
          text run at (0,0) width 96: "Paragraph One."
        RenderBR {BR} at (96,15) size 0x0
        RenderText {#text} at (0,20) size 98x19
          text run at (0,20) width 98: "Paragraph Two."
caret: position 14 of child 0 {#text} of child 2 {DIV} of child 1 {BODY} of child 0 {HTML} of document
