layer at (0,0) size 800x2117
  RenderView at (0,0) size 800x600
layer at (0,0) size 800x2117
  RenderBlock {HTML} at (0,0) size 800x2117
    RenderBody {BODY} at (8,16) size 784x2082
      RenderBlock {P} at (0,0) size 784x20
        RenderInline {B} at (0,0) size 489x19
          RenderText {#text} at (0,0) size 489x19
            text run at (0,0) width 489: "Should not fail to scroll when frame's overflow is hidden . See bug 655542."
        RenderText {#text} at (0,0) size 0x0
      RenderBlock {DIV} at (0,36) size 784x2000
        RenderInline {A} at (0,0) size 62x19 [color=#0000EE]
          RenderText {#text} at (0,0) size 62x19
            text run at (0,0) width 62: "Click here"
        RenderText {#text} at (0,0) size 0x0
      RenderBlock {H2} at (0,2055) size 784x27
        RenderText {#text} at (0,0) size 118x26
          text run at (0,0) width 118: "Test Passed"
scrolled to 0,1517
