layer at (0,0) size 800x600
  RenderView at (0,0) size 800x600
layer at (0,0) size 800x36
  RenderBlock {HTML} at (0,0) size 800x36
    RenderBody {BODY} at (8,8) size 784x20
      RenderText {#text} at (0,0) size 0x0
      RenderText {#text} at (0,0) size 0x0
      RenderText {#text} at (0,0) size 0x0
layer at (8,8) size 100x20
  RenderButton {BUTTON} at (0,0) size 100x20 [bgcolor=#C0C0C0] [border: (2px outset #C0C0C0)]
    RenderBlock (anonymous) at (8,2) size 84x16
      RenderText {#text} at (19,1) size 45x14
        text run at (19,1) width 45: "Click Me "
layer at (90,25) size 21x14
  RenderBlock (positioned) {DIV} at (82,17) size 21x14
    RenderText {#text} at (0,0) size 21x14
      text run at (0,0) width 21: "Now"
