layer at (0,0) size 800x600
  RenderView at (0,0) size 800x600
layer at (0,0) size 800x600
  RenderBlock {HTML} at (0,0) size 800x600
    RenderBody {BODY} at (8,8) size 784x584
      RenderBlock {P} at (0,0) size 784x20
        RenderText {#text} at (0,0) size 513x19
          text run at (0,0) width 232: "This tests for an infinite loop on Paste. "
          text run at (232,0) width 281: "You should see 'Hello: ' and then an input field."
      RenderBlock {DIV} at (0,36) size 784x22
        RenderText {#text} at (0,1) size 32x19
          text run at (0,1) width 32: "Hello"
        RenderTextControl {INPUT} at (32,0) size 155x22 [bgcolor=#FFFFFF] [border: (2px inset #000000)]
        RenderText {#text} at (187,1) size 3x19
          text run at (187,1) width 3: ":"
layer at (42,47) size 151x16
  RenderBlock {DIV} at (2,3) size 151x16
caret: position 1 of child 1 {INPUT} of child 2 {DIV} of child 1 {BODY} of child 0 {HTML} of document
