layer at (0,0) size 800x600
  RenderView at (0,0) size 800x600
layer at (0,0) size 800x600
  RenderBlock {HTML} at (0,0) size 800x600
    RenderBody {BODY} at (8,8) size 784x584
      RenderBlock {DIV} at (0,0) size 784x188
        RenderBlock {DIV} at (0,0) size 784x152
          RenderBlock {P} at (0,0) size 784x20
            RenderText {#text} at (0,0) size 584x19
              text run at (0,0) width 584: "This tests pasting a blockquote into a blockquote. Nothing below should be double-blockquoted."
          RenderBlock {BLOCKQUOTE} at (40,36) size 704x80
            RenderText {#text} at (0,0) size 22x19
              text run at (0,0) width 22: "one"
            RenderBR {BR} at (22,15) size 0x0
            RenderText {#text} at (0,20) size 23x19
              text run at (0,20) width 23: "two"
            RenderBR {BR} at (23,35) size 0x0
            RenderText {#text} at (0,40) size 30x19
              text run at (0,40) width 30: "three"
            RenderBR {BR} at (30,55) size 0x0
            RenderText {#text} at (0,60) size 23x19
              text run at (0,60) width 23: "two"
          RenderBlock (anonymous) at (0,132) size 784x0
          RenderBlock {BLOCKQUOTE} at (40,132) size 704x20
            RenderBR {BR} at (0,0) size 0x19
        RenderBlock (anonymous) at (0,168) size 784x20
          RenderBR {BR} at (0,0) size 0x19
caret: position 3 of child 6 {#text} of child 3 {BLOCKQUOTE} of child 1 {DIV} of child 1 {DIV} of child 1 {BODY} of child 0 {HTML} of document
